Java HotSpot(TM) 64-Bit Server VM (25.162-b12) for linux-amd64 JRE (1.8.0_162-b12), built on Dec 19 2017 21:15:48 by "java_re" with gcc 4.3.0 20080428 (Red Hat 4.3.0-8)
Memory: 4k page, physical 24687792k(23324608k free), swap 4249596k(4249596k free)
CommandLine flags: -XX:CompileThreshold=100000 -XX:+HeapDumpOnOutOfMemoryError -XX:HeapDumpPath=/var/log/elster/eportal/heapdumps -XX:InitialHeapSize=6442450944 -XX:+ManagementServer -XX:MaxHeapSize=6442450944 -XX:MaxMetaspaceSize=2147483648 -XX:OnOutOfMemoryError="/elster/produkte/java/jdk_elsterportal/bin/jstack" -F -l 9559 > "/var/log/elster/eportal/heapdumps/stacktrace_9559.txt" -XX:ParallelGCThreads=12 -XX:+PrintGC -XX:+PrintGCDateStamps -XX:+PrintGCTimeStamps -XX:ReservedCodeCacheSize=2147483648 -XX:+UseCompressedClassPointers -XX:+UseCompressedOops -XX:+UseG1GC 
2018-03-27T11:45:50.721+0200: 3.995: [GC pause (G1 Evacuation Pause) (young) 306M->24M(6144M), 0.0803651 secs]
2018-03-27T11:45:51.907+0200: 5.180: [GC pause (G1 Evacuation Pause) (young) 304M->42M(6144M), 0.0861315 secs]
2018-03-27T11:45:52.560+0200: 5.834: [GC pause (G1 Evacuation Pause) (young) 308M->58M(6144M), 0.0429970 secs]
2018-03-27T11:45:53.205+0200: 6.478: [GC pause (G1 Evacuation Pause) (young) 324M->54M(6144M), 0.0447997 secs]
2018-03-27T11:45:54.032+0200: 7.306: [GC pause (G1 Evacuation Pause) (young) 398M->69M(6144M), 0.1139143 secs]
2018-03-27T11:45:55.970+0200: 9.243: [GC pause (Metadata GC Threshold) (young) (initial-mark) 517M->73M(6144M), 0.1120999 secs]
2018-03-27T11:45:56.082+0200: 9.356: [GC concurrent-root-region-scan-start]
2018-03-27T11:45:56.100+0200: 9.374: [GC concurrent-root-region-scan-end, 0.0181444 secs]
2018-03-27T11:45:56.100+0200: 9.374: [GC concurrent-mark-start]
2018-03-27T11:45:56.136+0200: 9.409: [GC concurrent-mark-end, 0.0353587 secs]
2018-03-27T11:45:56.136+0200: 9.410: [GC remark, 0.0158827 secs]
2018-03-27T11:45:56.153+0200: 9.427: [GC cleanup 75M->71M(6144M), 0.0120948 secs]
2018-03-27T11:45:56.165+0200: 9.439: [GC concurrent-cleanup-start]
2018-03-27T11:45:56.165+0200: 9.439: [GC concurrent-cleanup-end, 0.0000240 secs]
2018-03-27T11:45:58.656+0200: 11.929: [GC pause (Metadata GC Threshold) (young) (initial-mark) 463M->53M(6144M), 0.0456445 secs]
2018-03-27T11:45:58.701+0200: 11.975: [GC concurrent-root-region-scan-start]
2018-03-27T11:45:58.711+0200: 11.985: [GC concurrent-root-region-scan-end, 0.0094691 secs]
2018-03-27T11:45:58.711+0200: 11.985: [GC concurrent-mark-start]
2018-03-27T11:45:58.723+0200: 11.997: [GC concurrent-mark-end, 0.0123622 secs]
2018-03-27T11:45:58.724+0200: 11.998: [GC remark, 0.0139197 secs]
2018-03-27T11:45:58.739+0200: 12.012: [GC cleanup 57M->57M(6144M), 0.0080765 secs]
2018-03-27T11:46:00.563+0200: 13.837: [GC pause (Metadata GC Threshold) (young) (initial-mark) 451M->61M(6144M), 0.0456500 secs]
2018-03-27T11:46:00.609+0200: 13.883: [GC concurrent-root-region-scan-start]
2018-03-27T11:46:00.621+0200: 13.894: [GC concurrent-root-region-scan-end, 0.0118858 secs]
2018-03-27T11:46:00.621+0200: 13.894: [GC concurrent-mark-start]
2018-03-27T11:46:00.634+0200: 13.907: [GC concurrent-mark-end, 0.0129595 secs]
2018-03-27T11:46:00.634+0200: 13.908: [GC remark, 0.0118445 secs]
2018-03-27T11:46:00.647+0200: 13.921: [GC cleanup 62M->62M(6144M), 0.0056311 secs]
2018-03-27T11:46:09.933+0200: 23.207: [GC pause (Metadata GC Threshold) (young) (initial-mark) 1659M->122M(6144M), 0.0976098 secs]
2018-03-27T11:46:10.031+0200: 23.304: [GC concurrent-root-region-scan-start]
2018-03-27T11:46:10.069+0200: 23.343: [GC concurrent-root-region-scan-end, 0.0381700 secs]
2018-03-27T11:46:10.069+0200: 23.343: [GC concurrent-mark-start]
2018-03-27T11:46:10.088+0200: 23.362: [GC concurrent-mark-end, 0.0191325 secs]
2018-03-27T11:46:10.089+0200: 23.362: [GC remark, 0.0287140 secs]
2018-03-27T11:46:10.118+0200: 23.392: [GC cleanup 126M->126M(6144M), 0.0085597 secs]
2018-03-27T11:46:11.646+0200: 24.920: [GC pause (Metadata GC Threshold) (young) (initial-mark) 260M->124M(6144M), 0.0615877 secs]
2018-03-27T11:46:11.708+0200: 24.982: [GC concurrent-root-region-scan-start]
2018-03-27T11:46:11.746+0200: 25.020: [GC concurrent-root-region-scan-end, 0.0378730 secs]
2018-03-27T11:46:11.746+0200: 25.020: [GC concurrent-mark-start]
2018-03-27T11:46:11.767+0200: 25.041: [GC concurrent-mark-end, 0.0210935 secs]
2018-03-27T11:46:11.767+0200: 25.041: [GC remark, 0.0349634 secs]
2018-03-27T11:46:11.805+0200: 25.079: [GC cleanup 128M->128M(6144M), 0.0092507 secs]
2018-03-27T11:46:14.431+0200: 27.704: [GC pause (Metadata GC Threshold) (young) (initial-mark) 333M->143M(6144M), 0.0903391 secs]
2018-03-27T11:46:14.521+0200: 27.795: [GC concurrent-root-region-scan-start]
2018-03-27T11:46:14.543+0200: 27.817: [GC concurrent-root-region-scan-end, 0.0223663 secs]
2018-03-27T11:46:14.543+0200: 27.817: [GC concurrent-mark-start]
2018-03-27T11:46:14.648+0200: 27.922: [GC concurrent-mark-end, 0.1047576 secs]
2018-03-27T11:46:14.648+0200: 27.922: [GC remark, 0.0386983 secs]
2018-03-27T11:46:14.688+0200: 27.962: [GC cleanup 149M->149M(6144M), 0.0141076 secs]
2018-03-27T11:46:18.076+0200: 31.349: [GC pause (Metadata GC Threshold) (young) (initial-mark) 334M->160M(6144M), 0.0538261 secs]
2018-03-27T11:46:18.130+0200: 31.403: [GC concurrent-root-region-scan-start]
2018-03-27T11:46:18.160+0200: 31.434: [GC concurrent-root-region-scan-end, 0.0305791 secs]
2018-03-27T11:46:18.160+0200: 31.434: [GC concurrent-mark-start]
2018-03-27T11:46:18.276+0200: 31.549: [GC concurrent-mark-end, 0.1153100 secs]
2018-03-27T11:46:18.276+0200: 31.550: [GC remark, 0.0804481 secs]
2018-03-27T11:46:18.358+0200: 31.631: [GC cleanup 166M->166M(6144M), 0.0195000 secs]
2018-03-27T11:46:25.067+0200: 38.341: [GC pause (Metadata GC Threshold) (young) (initial-mark) 554M->185M(6144M), 0.0867219 secs]
2018-03-27T11:46:25.154+0200: 38.428: [GC concurrent-root-region-scan-start]
2018-03-27T11:46:25.200+0200: 38.473: [GC concurrent-root-region-scan-end, 0.0457621 secs]
2018-03-27T11:46:25.200+0200: 38.473: [GC concurrent-mark-start]
2018-03-27T11:46:25.305+0200: 38.578: [GC concurrent-mark-end, 0.1048822 secs]
2018-03-27T11:46:25.305+0200: 38.579: [GC remark, 0.0688473 secs]
2018-03-27T11:46:25.376+0200: 38.650: [GC cleanup 191M->191M(6144M), 0.0148856 secs]
2018-03-27T11:46:36.028+0200: 49.302: [GC pause (Metadata GC Threshold) (young) (initial-mark) 700M->225M(6144M), 0.0866908 secs]
2018-03-27T11:46:36.115+0200: 49.389: [GC concurrent-root-region-scan-start]
2018-03-27T11:46:36.190+0200: 49.463: [GC concurrent-root-region-scan-end, 0.0745567 secs]
2018-03-27T11:46:36.190+0200: 49.463: [GC concurrent-mark-start]
2018-03-27T11:46:36.278+0200: 49.552: [GC concurrent-mark-end, 0.0885601 secs]
2018-03-27T11:46:36.279+0200: 49.553: [GC remark, 0.0863083 secs]
2018-03-27T11:46:36.367+0200: 49.640: [GC cleanup 233M->233M(6144M), 0.0059818 secs]
2018-03-27T11:46:55.629+0200: 68.903: [GC pause (Metadata GC Threshold) (young) (initial-mark) 974M->280M(6144M), 0.1458765 secs]
2018-03-27T11:46:55.775+0200: 69.049: [Full GC (Metadata GC Threshold)
2018-03-27T11:46:55.775+0200: 69.049: [GC concurrent-root-region-scan-start]
2018-03-27T11:46:55.784+0200: 69.058: [GC concurrent-root-region-scan-end, 0.0088502 secs]
2018-03-27T11:46:55.784+0200: 69.058: [GC concurrent-mark-start] 280M->104M(6144M), 1.1494859 secs]
2018-03-27T11:46:56.926+0200: 70.199: [GC concurrent-mark-abort]
2018-03-27T11:47:18.510+0200: 91.784: [GC pause (G1 Evacuation Pause) (young) 2066M->205M(6144M), 0.2635080 secs]
2018-03-27T11:47:20.056+0200: 93.330: [GC pause (G1 Evacuation Pause) (young) 565M->202M(6144M), 0.2024827 secs]
2018-03-27T11:47:24.934+0200: 98.207: [GC pause (G1 Evacuation Pause) (young) 1600M->213M(6144M), 0.0553846 secs]
2018-03-27T11:47:32.206+0200: 105.480: [GC pause (G1 Evacuation Pause) (young) 1993M->235M(6144M), 0.0437769 secs]
2018-03-27T11:47:39.843+0200: 113.117: [GC pause (G1 Evacuation Pause) (young) 2521M->389M(6144M), 0.3101909 secs]
2018-03-27T11:47:41.018+0200: 114.291: [GC pause (G1 Evacuation Pause) (young) 501M->255M(6144M), 0.0601343 secs]
2018-03-27T11:47:50.183+0200: 123.457: [GC pause (G1 Evacuation Pause) (young) 1947M->318M(6144M), 0.1088506 secs]
2018-03-27T11:48:18.312+0200: 151.586: [GC pause (Metadata GC Threshold) (young) (initial-mark) 1748M->388M(6144M), 0.1601748 secs]
2018-03-27T11:48:18.473+0200: 151.746: [Full GC (Metadata GC Threshold)
2018-03-27T11:48:18.473+0200: 151.746: [GC concurrent-root-region-scan-start]
2018-03-27T11:48:18.485+0200: 151.759: [GC concurrent-root-region-scan-end, 0.0127824 secs]
2018-03-27T11:48:18.485+0200: 151.759: [GC concurrent-mark-start] 388M->222M(6144M), 1.6090864 secs]
2018-03-27T11:48:20.083+0200: 153.356: [GC concurrent-mark-abort]
2018-03-27T11:49:04.657+0200: 197.931: [GC pause (Metadata GC Threshold) (young) (initial-mark) 2134M->371M(6144M), 0.1637450 secs]
2018-03-27T11:49:04.821+0200: 198.095: [Full GC (Metadata GC Threshold)
2018-03-27T11:49:04.821+0200: 198.095: [GC concurrent-root-region-scan-start]
2018-03-27T11:49:04.837+0200: 198.111: [GC concurrent-root-region-scan-end, 0.0158067 secs]
2018-03-27T11:49:04.837+0200: 198.111: [GC concurrent-mark-start] 371M->219M(6144M), 1.5350471 secs]
2018-03-27T11:49:06.358+0200: 199.631: [GC concurrent-mark-abort]
2018-03-27T11:49:14.845+0200: 208.119: [GC pause (G1 Evacuation Pause) (young) 2393M->256M(6144M), 0.0495860 secs]
2018-03-27T11:49:22.950+0200: 216.224: [GC pause (G1 Evacuation Pause) (young) 2752M->282M(6144M), 0.0612634 secs]
2018-03-27T12:11:54.031+0200: 1567.305: [GC pause (G1 Evacuation Pause) (young) 3412M->318M(6144M), 0.0881071 secs]
2018-03-27T12:49:07.739+0200: 3801.013: [GC pause (G1 Evacuation Pause) (young) 3904M->323M(6144M), 0.0958006 secs]
2018-03-27T13:05:02.483+0200: 4755.757: [GC pause (G1 Evacuation Pause) (young) 3905M->363M(6144M), 0.1565394 secs]
2018-03-27T13:08:25.886+0200: 4959.160: [GC pause (G1 Evacuation Pause) (young) 3910M->412M(6144M), 0.1486073 secs]
2018-03-27T13:08:35.067+0200: 4968.340: [GC pause (G1 Evacuation Pause) (young) 3904M->410M(6144M), 0.1232261 secs]
2018-03-27T13:08:45.578+0200: 4978.852: [GC pause (G1 Evacuation Pause) (young) 3919M->422M(6144M), 0.1176643 secs]
2018-03-27T13:09:31.683+0200: 5024.956: [GC pause (G1 Evacuation Pause) (young) 3036M->431M(6144M), 0.1423720 secs]
2018-03-27T13:11:16.580+0200: 5129.854: [GC pause (GCLocker Initiated GC) (young) 3541M->474M(6144M), 0.1538282 secs]
2018-03-27T13:11:39.667+0200: 5152.941: [GC pause (G1 Evacuation Pause) (young) 3932M->462M(6144M), 0.1526625 secs]
2018-03-27T13:13:22.050+0200: 5255.323: [GC pause (G1 Evacuation Pause) (young) 3937M->505M(6144M), 0.1897602 secs]
2018-03-27T13:13:34.381+0200: 5267.654: [GC pause (G1 Evacuation Pause) (young) 3933M->508M(6144M), 0.1446004 secs]
2018-03-27T13:13:41.469+0200: 5274.742: [GC pause (G1 Evacuation Pause) (young) 3452M->517M(6144M), 0.1599761 secs]
2018-03-27T13:13:48.844+0200: 5282.118: [GC pause (G1 Evacuation Pause) (young) 4001M->514M(6144M), 0.1205930 secs]
2018-03-27T13:15:36.278+0200: 5389.552: [GC pause (G1 Evacuation Pause) (young) 4005M->520M(6144M), 0.1346101 secs]
2018-03-27T13:16:28.095+0200: 5441.369: [GC pause (G1 Evacuation Pause) (young) 4002M->534M(6144M), 0.1644767 secs]
2018-03-27T13:19:02.476+0200: 5595.750: [GC pause (G1 Evacuation Pause) (young) 4002M->529M(6144M), 0.1575671 secs]
2018-03-27T13:29:42.694+0200: 6235.968: [GC pause (GCLocker Initiated GC) (young) 4001M->531M(6144M), 0.1592850 secs]
2018-03-27T13:30:25.368+0200: 6278.642: [GC pause (G1 Evacuation Pause) (young) 4006M->583M(6144M), 0.1888992 secs]
2018-03-27T13:30:39.277+0200: 6292.550: [GC pause (G1 Evacuation Pause) (young) 4027M->620M(6144M), 0.1592895 secs]
2018-03-27T13:30:53.253+0200: 6306.527: [GC pause (GCLocker Initiated GC) (young) 4083M->665M(6144M), 0.1555038 secs]
2018-03-27T13:31:07.703+0200: 6320.977: [GC pause (G1 Evacuation Pause) (young) 4097M->711M(6144M), 0.1366288 secs]
2018-03-27T13:31:16.033+0200: 6329.307: [GC pause (G1 Evacuation Pause) (young) 4125M->722M(6144M), 0.1970595 secs]
2018-03-27T13:31:27.503+0200: 6340.776: [GC pause (G1 Evacuation Pause) (young) 4160M->751M(6144M), 0.1560515 secs]
2018-03-27T13:31:41.809+0200: 6355.083: [GC pause (G1 Evacuation Pause) (young) 4208M->789M(6144M), 0.1462078 secs]
2018-03-27T13:31:49.270+0200: 6362.544: [GC pause (G1 Evacuation Pause) (young) 4203M->852M(6144M), 0.1367291 secs]
2018-03-27T13:31:54.550+0200: 6367.824: [GC pause (G1 Evacuation Pause) (young) 4256M->873M(6144M), 0.1638621 secs]
2018-03-27T13:31:58.393+0200: 6371.667: [GC pause (G1 Evacuation Pause) (young) 4305M->881M(6144M), 0.1413520 secs]
2018-03-27T13:32:03.120+0200: 6376.394: [GC pause (G1 Evacuation Pause) (young) 4343M->884M(6144M), 0.1183869 secs]
2018-03-27T13:32:07.607+0200: 6380.881: [GC pause (G1 Evacuation Pause) (young) 4344M->886M(6144M), 0.1069735 secs]
2018-03-27T13:32:14.146+0200: 6387.420: [GC pause (G1 Evacuation Pause) (young) 4344M->902M(6144M), 0.1309119 secs]
2018-03-27T13:32:21.130+0200: 6394.404: [GC pause (G1 Evacuation Pause) (young) 4344M->916M(6144M), 0.1286299 secs]
2018-03-27T13:32:27.588+0200: 6400.862: [GC pause (G1 Evacuation Pause) (young) 4380M->923M(6144M), 0.1237587 secs]
2018-03-27T13:32:33.697+0200: 6406.971: [GC pause (G1 Evacuation Pause) (young) 4379M->925M(6144M), 0.1142250 secs]
2018-03-27T13:32:48.168+0200: 6421.442: [GC pause (G1 Evacuation Pause) (young) 4384M->964M(6144M), 0.1300982 secs]
2018-03-27T13:32:54.715+0200: 6427.989: [GC pause (G1 Evacuation Pause) (young) 4380M->989M(6144M), 0.1461310 secs]
2018-03-27T13:32:58.781+0200: 6432.054: [GC pause (G1 Evacuation Pause) (young) 4410M->996M(6144M), 0.1600874 secs]
2018-03-27T13:33:04.930+0200: 6438.203: [GC pause (G1 Evacuation Pause) (young) 4451M->1004M(6144M), 0.1250688 secs]
2018-03-27T13:33:10.060+0200: 6443.334: [GC pause (G1 Evacuation Pause) (young) 4448M->1007M(6144M), 0.1503025 secs]
2018-03-27T13:33:15.029+0200: 6448.303: [GC pause (GCLocker Initiated GC) (young) 4106M->1017M(6144M), 0.2166589 secs]
2018-03-27T13:33:17.803+0200: 6451.077: [GC pause (GCLocker Initiated GC) (young) 5599M->1025M(6144M), 0.0451873 secs]
2018-03-27T13:33:22.871+0200: 6456.145: [GC pause (G1 Evacuation Pause) (young) 4804M->1032M(6144M), 0.0440291 secs]
2018-03-27T13:33:29.283+0200: 6462.556: [GC pause (GCLocker Initiated GC) (young) 4674M->1038M(6144M), 0.0357414 secs]
2018-03-27T13:33:40.527+0200: 6473.801: [GC pause (G1 Evacuation Pause) (young) 4674M->1050M(6144M), 0.0505496 secs]
2018-03-27T13:33:49.002+0200: 6482.275: [GC pause (G1 Evacuation Pause) (young) 4674M->1057M(6144M), 0.0426573 secs]
2018-03-27T13:33:57.890+0200: 6491.163: [GC pause (G1 Evacuation Pause) (young) 4675M->1062M(6144M), 0.0495634 secs]
2018-03-27T13:34:06.525+0200: 6499.798: [GC pause (G1 Evacuation Pause) (young) 4674M->1065M(6144M), 0.0492570 secs]
2018-03-27T13:34:15.517+0200: 6508.791: [GC pause (G1 Evacuation Pause) (young) 4673M->1069M(6144M), 0.0625474 secs]
2018-03-27T13:34:24.865+0200: 6518.139: [GC pause (G1 Evacuation Pause) (young) 4673M->1072M(6144M), 0.0523816 secs]
2018-03-27T13:34:32.270+0200: 6525.544: [GC pause (G1 Evacuation Pause) (young) 4680M->1074M(6144M), 0.0510364 secs]
2018-03-27T13:34:41.109+0200: 6534.383: [GC pause (G1 Evacuation Pause) (young) 4690M->1082M(6144M), 0.0647868 secs]
2018-03-27T13:34:41.483+0200: 6534.756: [GC pause (GCLocker Initiated GC) (young) 1950M->1079M(6144M), 0.0754821 secs]
2018-03-27T13:34:42.871+0200: 6536.145: [GC pause (G1 Evacuation Pause) (young) 4351M->1081M(6144M), 0.0489112 secs]
2018-03-27T13:34:49.674+0200: 6542.948: [GC pause (G1 Evacuation Pause) (young) 4859M->1095M(6144M), 0.0434556 secs]
2018-03-27T13:34:58.633+0200: 6551.907: [GC pause (G1 Evacuation Pause) (young) 4739M->1123M(6144M), 0.0389704 secs]
2018-03-27T13:35:04.355+0200: 6557.629: [GC pause (G1 Evacuation Pause) (young) 4739M->1126M(6144M), 0.0395947 secs]
2018-03-27T13:35:09.830+0200: 6563.103: [GC pause (G1 Evacuation Pause) (young) 4738M->1127M(6144M), 0.0455386 secs]
2018-03-27T13:35:17.489+0200: 6570.762: [GC pause (G1 Evacuation Pause) (young) 4745M->1130M(6144M), 0.0458902 secs]
2018-03-27T13:35:25.243+0200: 6578.517: [GC pause (GCLocker Initiated GC) (young) 4742M->1141M(6144M), 0.0507117 secs]
2018-03-27T13:35:31.764+0200: 6585.038: [GC pause (GCLocker Initiated GC) (young) 4739M->1147M(6144M), 0.0702668 secs]
2018-03-27T13:35:38.816+0200: 6592.090: [GC pause (G1 Evacuation Pause) (young) 4738M->1149M(6144M), 0.0687095 secs]
2018-03-27T13:35:44.382+0200: 6597.656: [GC pause (GCLocker Initiated GC) (young) 4747M->1164M(6144M), 0.0758248 secs]
2018-03-27T13:35:48.973+0200: 6602.247: [GC pause (G1 Evacuation Pause) (young) 4738M->1168M(6144M), 0.0724887 secs]
2018-03-27T13:35:53.319+0200: 6606.592: [GC pause (GCLocker Initiated GC) (young) 4745M->1175M(6144M), 0.0655806 secs]
2018-03-27T13:35:57.707+0200: 6610.980: [GC pause (G1 Evacuation Pause) (young) 4739M->1182M(6144M), 0.0717492 secs]
2018-03-27T13:36:01.042+0200: 6614.316: [GC pause (G1 Evacuation Pause) (young) 4738M->1197M(6144M), 0.0760297 secs]
2018-03-27T13:36:04.557+0200: 6617.831: [GC pause (G1 Evacuation Pause) (young) 4741M->1210M(6144M), 0.0773475 secs]
2018-03-27T13:36:07.376+0200: 6620.650: [GC pause (G1 Evacuation Pause) (young) 4742M->1220M(6144M), 0.0814082 secs]
2018-03-27T13:36:11.372+0200: 6624.646: [GC pause (GCLocker Initiated GC) (young) 4748M->1229M(6144M), 0.0876021 secs]
2018-03-27T13:36:14.511+0200: 6627.784: [GC pause (GCLocker Initiated GC) (young) 4757M->1238M(6144M), 0.0836336 secs]
2018-03-27T13:36:17.473+0200: 6630.746: [GC pause (GCLocker Initiated GC) (young) 4787M->1249M(6144M), 0.0768428 secs]
2018-03-27T13:36:21.875+0200: 6635.149: [GC pause (GCLocker Initiated GC) (young) 4801M->1257M(6144M), 0.0708640 secs]
2018-03-27T13:36:26.323+0200: 6639.597: [GC pause (G1 Evacuation Pause) (young) 4805M->1257M(6144M), 0.0756806 secs]
2018-03-27T13:36:32.338+0200: 6645.612: [GC pause (G1 Evacuation Pause) (young) 4811M->1287M(6144M), 0.0827010 secs]
2018-03-27T13:36:36.786+0200: 6650.059: [GC pause (G1 Evacuation Pause) (young) 4821M->1314M(6144M), 0.0843049 secs]
2018-03-27T13:36:40.133+0200: 6653.407: [GC pause (G1 Evacuation Pause) (young) 4828M->1307M(6144M), 0.0846482 secs]
2018-03-27T13:36:43.869+0200: 6657.143: [GC pause (G1 Evacuation Pause) (young) 4835M->1312M(6144M), 0.0828186 secs]
2018-03-27T13:36:47.404+0200: 6660.678: [GC pause (G1 Evacuation Pause) (young) 4844M->1317M(6144M), 0.0940158 secs]
2018-03-27T13:36:52.346+0200: 6665.620: [GC pause (G1 Evacuation Pause) (young) 4860M->1326M(6144M), 0.0855382 secs]
2018-03-27T13:36:58.979+0200: 6672.253: [GC pause (GCLocker Initiated GC) (young) 4871M->1333M(6144M), 0.0836743 secs]
2018-03-27T13:37:04.680+0200: 6677.954: [GC pause (G1 Evacuation Pause) (young) 4881M->1343M(6144M), 0.0757117 secs]
2018-03-27T13:37:10.025+0200: 6683.299: [GC pause (G1 Evacuation Pause) (young) 4899M->1354M(6144M), 0.0858959 secs]
2018-03-27T13:37:15.726+0200: 6689.000: [GC pause (GCLocker Initiated GC) (young) 4919M->1370M(6144M), 0.0814146 secs]
2018-03-27T13:37:20.383+0200: 6693.657: [GC pause (G1 Evacuation Pause) (young) 4939M->1400M(6144M), 0.0751509 secs]
2018-03-27T13:37:24.563+0200: 6697.837: [GC pause (G1 Evacuation Pause) (young) 4413M->1412M(6144M), 0.0794133 secs]
2018-03-27T13:37:26.081+0200: 6699.354: [GC pause (G1 Humongous Allocation) (young) (initial-mark) 5317M->1419M(6144M), 0.0482069 secs]
2018-03-27T13:37:26.129+0200: 6699.403: [GC concurrent-root-region-scan-start]
2018-03-27T13:37:26.144+0200: 6699.418: [GC concurrent-root-region-scan-end, 0.0149496 secs]
2018-03-27T13:37:26.144+0200: 6699.418: [GC concurrent-mark-start]
2018-03-27T13:37:27.755+0200: 6701.029: [GC concurrent-mark-end, 1.6112464 secs]
2018-03-27T13:37:27.762+0200: 6701.035: [GC remark, 0.1966497 secs]
2018-03-27T13:37:27.970+0200: 6701.244: [GC cleanup 2864M->2862M(6144M), 0.0565758 secs]
2018-03-27T13:37:28.028+0200: 6701.302: [GC concurrent-cleanup-start]
2018-03-27T13:37:28.028+0200: 6701.302: [GC concurrent-cleanup-end, 0.0000470 secs]
2018-03-27T13:37:31.247+0200: 6704.521: [GC pause (GCLocker Initiated GC) (young) 5115M->1423M(6144M), 0.0470340 secs]
2018-03-27T13:37:37.617+0200: 6710.891: [GC pause (G1 Evacuation Pause) (young) 5075M->1439M(6144M), 0.0352961 secs]
2018-03-27T13:37:43.273+0200: 6716.547: [GC pause (G1 Evacuation Pause) (young) 5075M->1443M(6144M), 0.0370310 secs]
2018-03-27T13:37:49.464+0200: 6722.738: [GC pause (G1 Evacuation Pause) (young) 5075M->1446M(6144M), 0.0379936 secs]
2018-03-27T13:37:55.264+0200: 6728.537: [GC pause (G1 Evacuation Pause) (young) 5076M->1449M(6144M), 0.0403057 secs]
2018-03-27T13:38:01.343+0200: 6734.617: [GC pause (G1 Evacuation Pause) (young) 5075M->1453M(6144M), 0.0386724 secs]
2018-03-27T13:38:06.809+0200: 6740.082: [GC pause (G1 Evacuation Pause) (young) 5075M->1456M(6144M), 0.0451478 secs]
2018-03-27T13:38:12.435+0200: 6745.708: [GC pause (G1 Evacuation Pause) (young) 5081M->1492M(6144M), 0.0609804 secs]
2018-03-27T13:38:16.810+0200: 6750.084: [GC pause (G1 Evacuation Pause) (young) 5076M->1502M(6144M), 0.0535972 secs]
2018-03-27T13:38:20.609+0200: 6753.883: [GC pause (G1 Evacuation Pause) (young) 5076M->1510M(6144M), 0.0563617 secs]
2018-03-27T13:38:24.842+0200: 6758.116: [GC pause (G1 Evacuation Pause) (young) 5076M->1509M(6144M), 0.0552261 secs]
2018-03-27T13:38:29.008+0200: 6762.282: [GC pause (GCLocker Initiated GC) (young) 5076M->1511M(6144M), 0.0604766 secs]
2018-03-27T13:38:33.477+0200: 6766.751: [GC pause (G1 Evacuation Pause) (young) 5075M->1515M(6144M), 0.0590026 secs]
2018-03-27T13:38:38.113+0200: 6771.387: [GC pause (G1 Evacuation Pause) (young) 5075M->1513M(6144M), 0.0702637 secs]
2018-03-27T13:38:41.670+0200: 6774.944: [GC pause (GCLocker Initiated GC) (young) 5079M->1538M(6144M), 0.0738773 secs]
2018-03-27T13:38:44.006+0200: 6777.280: [GC pause (GCLocker Initiated GC) (young) 5083M->1547M(6144M), 0.0724516 secs]
2018-03-27T13:38:46.783+0200: 6780.056: [GC pause (GCLocker Initiated GC) (young) 5095M->1558M(6144M), 0.0805170 secs]
2018-03-27T13:38:49.736+0200: 6783.009: [GC pause (G1 Evacuation Pause) (young) 5092M->1561M(6144M), 0.0717249 secs]
2018-03-27T13:38:52.810+0200: 6786.084: [GC pause (G1 Evacuation Pause) (young) 5097M->1559M(6144M), 0.0938856 secs]
2018-03-27T13:38:56.154+0200: 6789.428: [GC pause (G1 Evacuation Pause) (young) 5101M->1570M(6144M), 0.0781007 secs]
2018-03-27T13:38:59.638+0200: 6792.912: [GC pause (GCLocker Initiated GC) (young) 5105M->1569M(6144M), 0.0720286 secs]
2018-03-27T13:39:05.206+0200: 6798.480: [GC pause (G1 Evacuation Pause) (young) 5107M->1572M(6144M), 0.0774988 secs]
2018-03-27T13:39:10.329+0200: 6803.603: [GC pause (G1 Evacuation Pause) (young) 5128M->1577M(6144M), 0.0793068 secs]
2018-03-27T13:39:16.005+0200: 6809.278: [GC pause (G1 Evacuation Pause) (young) 5143M->1598M(6144M), 0.0827254 secs]
2018-03-27T13:39:20.479+0200: 6813.752: [GC pause (G1 Evacuation Pause) (young) 5162M->1612M(6144M), 0.0815857 secs]
2018-03-27T13:39:24.997+0200: 6818.271: [GC pause (GCLocker Initiated GC) (young) 5177M->1616M(6144M), 0.0796573 secs]
2018-03-27T13:39:28.220+0200: 6821.494: [GC pause (G1 Evacuation Pause) (young) 5180M->1618M(6144M), 0.0619341 secs]
2018-03-27T13:39:32.232+0200: 6825.505: [GC pause (G1 Evacuation Pause) (young) 5182M->1623M(6144M), 0.0647291 secs]
2018-03-27T13:39:38.053+0200: 6831.327: [GC pause (G1 Evacuation Pause) (young) 5187M->1628M(6144M), 0.0914165 secs]
2018-03-27T13:39:43.089+0200: 6836.363: [GC pause (G1 Evacuation Pause) (young) 5194M->1630M(6144M), 0.0710544 secs]
2018-03-27T13:39:49.173+0200: 6842.446: [GC pause (G1 Evacuation Pause) (young) 5210M->1640M(6144M), 0.0744389 secs]
2018-03-27T13:39:55.542+0200: 6848.816: [GC pause (G1 Evacuation Pause) (young) 5242M->1649M(6144M), 0.0779362 secs]
2018-03-27T13:40:00.721+0200: 6853.994: [GC pause (G1 Evacuation Pause) (young) 5233M->1654M(6144M), 0.0698692 secs]
2018-03-27T13:40:06.941+0200: 6860.215: [GC pause (G1 Evacuation Pause) (young) 5242M->1660M(6144M), 0.0671049 secs]
2018-03-27T13:40:12.344+0200: 6865.618: [GC pause (GCLocker Initiated GC) (young) 5252M->1668M(6144M), 0.0627226 secs]
2018-03-27T13:40:15.726+0200: 6869.000: [GC pause (G1 Evacuation Pause) (young) 5259M->1675M(6144M), 0.0607736 secs]
2018-03-27T13:40:22.026+0200: 6875.300: [GC pause (GCLocker Initiated GC) (young) 5267M->1676M(6144M), 0.0572708 secs]
2018-03-27T13:40:28.481+0200: 6881.755: [GC pause (G1 Evacuation Pause) (young) 5273M->1681M(6144M), 0.0560973 secs]
2018-03-27T13:40:33.587+0200: 6886.861: [GC pause (G1 Evacuation Pause) (young) 5275M->1688M(6144M), 0.0536466 secs]
2018-03-27T13:40:39.544+0200: 6892.818: [GC pause (G1 Evacuation Pause) (young) 5288M->1694M(6144M), 0.0518031 secs]
2018-03-27T13:40:45.448+0200: 6898.722: [GC pause (GCLocker Initiated GC) (young) 5304M->1702M(6144M), 0.0670557 secs]
2018-03-27T13:40:50.317+0200: 6903.591: [GC pause (G1 Evacuation Pause) (young) 5324M->1703M(6144M), 0.0559775 secs]
2018-03-27T13:40:54.986+0200: 6908.260: [GC pause (G1 Evacuation Pause) (young) 5311M->1705M(6144M), 0.0494479 secs]
2018-03-27T13:40:59.037+0200: 6912.311: [GC pause (GCLocker Initiated GC) (young) 5324M->1708M(6144M), 0.0743590 secs]
2018-03-27T13:41:04.113+0200: 6917.387: [GC pause (G1 Evacuation Pause) (young) 5318M->1717M(6144M), 0.0495946 secs]
2018-03-27T13:41:10.193+0200: 6923.466: [GC pause (G1 Evacuation Pause) (young) 5323M->1718M(6144M), 0.0460643 secs]
2018-03-27T13:41:15.381+0200: 6928.655: [GC pause (G1 Evacuation Pause) (young) 5328M->1725M(6144M), 0.0738840 secs]
2018-03-27T13:41:19.496+0200: 6932.770: [GC pause (G1 Evacuation Pause) (young) 5331M->1725M(6144M), 0.0451238 secs]
2018-03-27T13:41:24.364+0200: 6937.638: [GC pause (G1 Evacuation Pause) (young) 5333M->1729M(6144M), 0.0491407 secs]
2018-03-27T13:41:28.572+0200: 6941.845: [GC pause (G1 Evacuation Pause) (young) 5337M->1733M(6144M), 0.0456016 secs]
2018-03-27T13:41:34.344+0200: 6947.617: [GC pause (GCLocker Initiated GC) (young) 5344M->1737M(6144M), 0.0473780 secs]
2018-03-27T13:41:39.071+0200: 6952.344: [GC pause (G1 Evacuation Pause) (young) 5345M->1743M(6144M), 0.0640057 secs]
2018-03-27T13:41:42.133+0200: 6955.407: [GC pause (GCLocker Initiated GC) (young) 5349M->1749M(6144M), 0.0447334 secs]
2018-03-27T13:41:46.924+0200: 6960.198: [GC pause (G1 Evacuation Pause) (young) 5353M->1753M(6144M), 0.0559626 secs]
2018-03-27T13:41:52.608+0200: 6965.881: [GC pause (G1 Evacuation Pause) (young) 5357M->1753M(6144M), 0.0466357 secs]
2018-03-27T13:41:58.359+0200: 6971.633: [GC pause (G1 Evacuation Pause) (young) 5359M->1758M(6144M), 0.0721286 secs]
2018-03-27T13:42:00.347+0200: 6973.620: [GC pause (G1 Evacuation Pause) (young) 3628M->1762M(6144M), 0.0512963 secs]
2018-03-27T13:42:00.593+0200: 6973.867: [GC pause (G1 Evacuation Pause) (young) 2042M->1762M(6144M), 0.0388921 secs]
2018-03-27T13:42:00.858+0200: 6974.131: [GC pause (G1 Evacuation Pause) (young) 2042M->1762M(6144M), 0.0198187 secs]
2018-03-27T13:42:04.827+0200: 6978.101: [GC pause (GCLocker Initiated GC) (young) 5442M->1765M(6144M), 0.0301854 secs]
2018-03-27T13:42:09.255+0200: 6982.529: [GC pause (G1 Evacuation Pause) (young) 5417M->1774M(6144M), 0.0286819 secs]
2018-03-27T13:42:14.582+0200: 6987.855: [GC pause (G1 Evacuation Pause) (young) 5416M->1774M(6144M), 0.0427569 secs]
2018-03-27T13:42:19.946+0200: 6993.220: [GC pause (G1 Evacuation Pause) (young) 5416M->1776M(6144M), 0.0342142 secs]
2018-03-27T13:42:24.404+0200: 6997.678: [GC pause (GCLocker Initiated GC) (young) 5435M->1782M(6144M), 0.0513450 secs]
2018-03-27T13:42:29.169+0200: 7002.442: [GC pause (G1 Evacuation Pause) (young) 5416M->1786M(6144M), 0.0572671 secs]
2018-03-27T13:42:33.986+0200: 7007.260: [GC pause (G1 Evacuation Pause) (young) 5416M->1791M(6144M), 0.0475042 secs]
2018-03-27T13:42:38.118+0200: 7011.391: [GC pause (G1 Evacuation Pause) (young) 5417M->1792M(6144M), 0.0446959 secs]
2018-03-27T13:42:43.064+0200: 7016.338: [GC pause (G1 Evacuation Pause) (young) 5416M->1798M(6144M), 0.0544884 secs]
2018-03-27T13:42:49.105+0200: 7022.378: [GC pause (G1 Evacuation Pause) (young) 5416M->1797M(6144M), 0.0394193 secs]
2018-03-27T13:42:53.696+0200: 7026.970: [GC pause (GCLocker Initiated GC) (young) 5419M->1824M(6144M), 0.0434979 secs]
2018-03-27T13:42:59.126+0200: 7032.400: [GC pause (G1 Evacuation Pause) (young) 5416M->1800M(6144M), 0.0516486 secs]
2018-03-27T13:43:03.947+0200: 7037.221: [GC pause (G1 Evacuation Pause) (young) 5418M->1806M(6144M), 0.0553092 secs]
2018-03-27T13:43:09.077+0200: 7042.351: [GC pause (G1 Evacuation Pause) (young) 5420M->1806M(6144M), 0.0463313 secs]
2018-03-27T13:43:12.894+0200: 7046.167: [GC pause (G1 Evacuation Pause) (young) 5420M->1809M(6144M), 0.0429523 secs]
2018-03-27T13:43:18.841+0200: 7052.115: [GC pause (G1 Evacuation Pause) (young) 5421M->1812M(6144M), 0.0455781 secs]
2018-03-27T13:43:23.681+0200: 7056.955: [GC pause (G1 Evacuation Pause) (young) 5422M->1814M(6144M), 0.0451637 secs]
2018-03-27T13:43:28.172+0200: 7061.446: [GC pause (G1 Evacuation Pause) (young) 5424M->1817M(6144M), 0.0456847 secs]
2018-03-27T13:43:33.283+0200: 7066.557: [GC pause (G1 Evacuation Pause) (young) 5429M->1822M(6144M), 0.0417879 secs]
2018-03-27T13:43:37.618+0200: 7070.892: [GC pause (G1 Evacuation Pause) (young) 5430M->1826M(6144M), 0.0490436 secs]
2018-03-27T13:43:42.147+0200: 7075.420: [GC pause (G1 Evacuation Pause) (young) 5434M->1830M(6144M), 0.0414459 secs]
2018-03-27T13:43:47.337+0200: 7080.611: [GC pause (GCLocker Initiated GC) (young) 5440M->1844M(6144M), 0.0542487 secs]
2018-03-27T13:43:52.089+0200: 7085.362: [GC pause (G1 Evacuation Pause) (young) 5436M->1847M(6144M), 0.0486648 secs]
2018-03-27T13:43:57.358+0200: 7090.632: [GC pause (GCLocker Initiated GC) (young) 5437M->1849M(6144M), 0.0599150 secs]
2018-03-27T13:44:02.109+0200: 7095.382: [GC pause (G1 Evacuation Pause) (young) 5435M->1848M(6144M), 0.0781978 secs]
2018-03-27T13:44:06.608+0200: 7099.881: [GC pause (GCLocker Initiated GC) (young) 5442M->1850M(6144M), 0.0492885 secs]
2018-03-27T13:44:11.594+0200: 7104.867: [GC pause (G1 Evacuation Pause) (young) 5460M->1855M(6144M), 0.0850230 secs]
2018-03-27T13:44:16.014+0200: 7109.288: [GC pause (G1 Evacuation Pause) (young) 5437M->1859M(6144M), 0.0598412 secs]
2018-03-27T13:44:20.389+0200: 7113.663: [GC pause (G1 Evacuation Pause) (young) 5445M->1863M(6144M), 0.0527694 secs]
2018-03-27T13:44:21.054+0200: 7114.328: [GC pause (G1 Evacuation Pause) (young) 3894M->1862M(6144M), 0.0540825 secs]
2018-03-27T13:44:21.194+0200: 7114.468: [GC pause (G1 Evacuation Pause) (young) 2230M->1862M(6144M), 0.0467580 secs]
2018-03-27T13:44:21.367+0200: 7114.641: [GC pause (GCLocker Initiated GC) (young) 2156M->1862M(6144M), 0.0227678 secs]
2018-03-27T13:44:23.394+0200: 7116.668: [GC pause (G1 Evacuation Pause) (young)-- 5870M->4043M(6144M), 0.7120371 secs]
2018-03-27T13:44:25.146+0200: 7118.419: [GC pause (G1 Evacuation Pause) (young) (initial-mark) 5509M->4055M(6144M), 0.0452329 secs]
2018-03-27T13:44:25.191+0200: 7118.465: [GC concurrent-root-region-scan-start]
2018-03-27T13:44:25.231+0200: 7118.504: [GC concurrent-root-region-scan-end, 0.0394773 secs]
2018-03-27T13:44:25.231+0200: 7118.505: [GC concurrent-mark-start]
2018-03-27T13:44:26.638+0200: 7119.912: [GC pause (G1 Evacuation Pause) (young) 5509M->4062M(6144M), 0.0208128 secs]
2018-03-27T13:44:27.376+0200: 7120.650: [GC concurrent-mark-end, 2.1454511 secs]
2018-03-27T13:44:27.379+0200: 7120.652: [GC remark, 0.1686474 secs]
2018-03-27T13:44:27.551+0200: 7120.825: [GC cleanup 4712M->4624M(6144M), 0.0146170 secs]
2018-03-27T13:44:27.566+0200: 7120.840: [GC concurrent-cleanup-start]
2018-03-27T13:44:27.566+0200: 7120.840: [GC concurrent-cleanup-end, 0.0002128 secs]
2018-03-27T13:44:28.560+0200: 7121.834: [GC pause (G1 Evacuation Pause) (young) 5418M->3979M(6144M), 0.0286915 secs]
2018-03-27T13:44:28.844+0200: 7122.118: [GC pause (G1 Evacuation Pause) (mixed) 4261M->3459M(6144M), 0.0246943 secs]
2018-03-27T13:44:29.302+0200: 7122.576: [GC pause (G1 Evacuation Pause) (mixed) 3739M->2844M(6144M), 0.0269089 secs]
2018-03-27T13:44:29.517+0200: 7122.791: [GC pause (GCLocker Initiated GC) (mixed) 3124M->2231M(6144M), 0.0462402 secs]
2018-03-27T13:44:29.756+0200: 7123.030: [GC pause (GCLocker Initiated GC) (mixed) 2520M->1713M(6144M), 0.0699139 secs]
2018-03-27T13:44:30.016+0200: 7123.290: [GC pause (G1 Evacuation Pause) (mixed) 1993M->1671M(6144M), 0.0700869 secs]
2018-03-27T13:44:30.284+0200: 7123.557: [GC pause (G1 Evacuation Pause) (young) 1949M->1672M(6144M), 0.0439117 secs]
2018-03-27T13:44:30.482+0200: 7123.756: [GC pause (G1 Evacuation Pause) (young) 1950M->1670M(6144M), 0.0337513 secs]
2018-03-27T13:44:30.744+0200: 7124.017: [GC pause (GCLocker Initiated GC) (young) 1960M->1672M(6144M), 0.0222391 secs]
2018-03-27T13:44:31.096+0200: 7124.369: [GC pause (G1 Evacuation Pause) (young) 1950M->1671M(6144M), 0.0362521 secs]
2018-03-27T13:44:31.478+0200: 7124.752: [GC pause (GCLocker Initiated GC) (young) 1960M->1675M(6144M), 0.0252618 secs]
2018-03-27T13:44:31.914+0200: 7125.188: [GC pause (G1 Evacuation Pause) (young) 1953M->1674M(6144M), 0.0220199 secs]
2018-03-27T13:44:33.421+0200: 7126.695: [GC pause (G1 Evacuation Pause) (young) 2768M->1681M(6144M), 0.0462828 secs]
2018-03-27T13:44:37.840+0200: 7131.114: [GC pause (G1 Evacuation Pause) (young) 5464M->1690M(6144M), 0.0784947 secs]
2018-03-27T13:44:42.133+0200: 7135.406: [GC pause (G1 Evacuation Pause) (young) 5332M->1695M(6144M), 0.0330712 secs]
2018-03-27T13:44:46.798+0200: 7140.071: [GC pause (GCLocker Initiated GC) (young) 5337M->1699M(6144M), 0.0333604 secs]
2018-03-27T13:44:50.474+0200: 7143.747: [GC pause (G1 Evacuation Pause) (young) 5337M->1707M(6144M), 0.0434818 secs]
2018-03-27T13:44:53.477+0200: 7146.751: [GC pause (G1 Evacuation Pause) (young) 5339M->1710M(6144M), 0.0381109 secs]
2018-03-27T13:44:56.749+0200: 7150.023: [GC pause (G1 Evacuation Pause) (young) 5340M->1715M(6144M), 0.0395136 secs]
2018-03-27T13:45:00.877+0200: 7154.151: [GC pause (GCLocker Initiated GC) (young) 5341M->1724M(6144M), 0.0403807 secs]
2018-03-27T13:45:05.013+0200: 7158.287: [GC pause (GCLocker Initiated GC) (young) 5348M->1725M(6144M), 0.0453013 secs]
2018-03-27T13:45:08.603+0200: 7161.877: [GC pause (G1 Evacuation Pause) (young) 5341M->1727M(6144M), 0.0479284 secs]
2018-03-27T13:45:12.315+0200: 7165.589: [GC pause (G1 Evacuation Pause) (young) 5341M->1730M(6144M), 0.0454914 secs]
2018-03-27T13:45:16.760+0200: 7170.034: [GC pause (GCLocker Initiated GC) (young) 5348M->1729M(6144M), 0.0465722 secs]
2018-03-27T13:45:21.877+0200: 7175.151: [GC pause (G1 Evacuation Pause) (young) 5341M->1732M(6144M), 0.0483094 secs]
2018-03-27T13:45:26.504+0200: 7179.778: [GC pause (G1 Evacuation Pause) (young) 5340M->1737M(6144M), 0.0563835 secs]
2018-03-27T13:45:30.457+0200: 7183.731: [GC pause (GCLocker Initiated GC) (young) 5344M->1736M(6144M), 0.0526127 secs]
2018-03-27T13:45:34.849+0200: 7188.123: [GC pause (G1 Evacuation Pause) (young) 5342M->1739M(6144M), 0.0470317 secs]
2018-03-27T13:45:37.929+0200: 7191.202: [GC pause (GCLocker Initiated GC) (young) 5357M->1743M(6144M), 0.0633058 secs]
2018-03-27T13:45:40.489+0200: 7193.762: [GC pause (G1 Evacuation Pause) (young) 5353M->1744M(6144M), 0.0552719 secs]
2018-03-27T13:45:44.469+0200: 7197.743: [GC pause (G1 Evacuation Pause) (young) 5356M->1747M(6144M), 0.0530998 secs]
2018-03-27T13:45:48.602+0200: 7201.875: [GC pause (G1 Evacuation Pause) (young) 5359M->1749M(6144M), 0.0483656 secs]
2018-03-27T13:45:53.151+0200: 7206.425: [GC pause (G1 Evacuation Pause) (young) 5361M->1749M(6144M), 0.0450198 secs]
2018-03-27T13:45:57.268+0200: 7210.542: [GC pause (GCLocker Initiated GC) (young) 5366M->1754M(6144M), 0.0642168 secs]
2018-03-27T13:46:01.206+0200: 7214.480: [GC pause (G1 Evacuation Pause) (young) 5370M->1757M(6144M), 0.0502357 secs]
2018-03-27T13:46:06.402+0200: 7219.676: [GC pause (G1 Evacuation Pause) (young) 5375M->1760M(6144M), 0.0440331 secs]
2018-03-27T13:46:11.097+0200: 7224.371: [GC pause (G1 Evacuation Pause) (young) 5380M->1766M(6144M), 0.0408363 secs]
2018-03-27T13:46:15.499+0200: 7228.772: [GC pause (G1 Evacuation Pause) (young) 5382M->1765M(6144M), 0.0523747 secs]
2018-03-27T13:46:19.040+0200: 7232.314: [GC pause (G1 Evacuation Pause) (young) 5385M->1768M(6144M), 0.0424401 secs]
2018-03-27T13:46:23.464+0200: 7236.737: [GC pause (G1 Evacuation Pause) (young) 5386M->1783M(6144M), 0.0483891 secs]
2018-03-27T13:46:26.937+0200: 7240.211: [GC pause (GCLocker Initiated GC) (young) 5397M->1787M(6144M), 0.0729900 secs]
2018-03-27T13:46:30.133+0200: 7243.407: [GC pause (G1 Evacuation Pause) (young) 5391M->1789M(6144M), 0.0512144 secs]
2018-03-27T13:46:33.051+0200: 7246.325: [GC pause (G1 Evacuation Pause) (young) 5393M->1793M(6144M), 0.0503717 secs]
2018-03-27T13:46:36.826+0200: 7250.100: [GC pause (G1 Evacuation Pause) (young) 5395M->1795M(6144M), 0.0497923 secs]
2018-03-27T13:46:40.593+0200: 7253.866: [GC pause (G1 Evacuation Pause) (young) 5399M->1797M(6144M), 0.0505207 secs]
2018-03-27T13:46:45.245+0200: 7258.519: [GC pause (G1 Evacuation Pause) (young) 5401M->1800M(6144M), 0.0508297 secs]
2018-03-27T13:46:49.205+0200: 7262.479: [GC pause (G1 Evacuation Pause) (young) 5404M->1802M(6144M), 0.0506574 secs]
2018-03-27T13:46:52.037+0200: 7265.311: [GC pause (G1 Evacuation Pause) (young) 5406M->1807M(6144M), 0.0495754 secs]
2018-03-27T13:46:55.423+0200: 7268.697: [GC pause (G1 Evacuation Pause) (young) 5409M->1807M(6144M), 0.0671810 secs]
2018-03-27T13:46:58.973+0200: 7272.247: [GC pause (G1 Evacuation Pause) (young) 5411M->1809M(6144M), 0.0528837 secs]
2018-03-27T13:47:03.657+0200: 7276.931: [GC pause (GCLocker Initiated GC) (young) 5414M->1815M(6144M), 0.0504048 secs]
2018-03-27T13:47:07.473+0200: 7280.747: [GC pause (GCLocker Initiated GC) (young) 5417M->1817M(6144M), 0.0542684 secs]
2018-03-27T13:47:11.752+0200: 7285.026: [GC pause (G1 Evacuation Pause) (young) 5419M->1817M(6144M), 0.0523499 secs]
2018-03-27T13:47:15.921+0200: 7289.194: [GC pause (G1 Evacuation Pause) (young) 5421M->1821M(6144M), 0.0561232 secs]
2018-03-27T13:47:19.726+0200: 7293.000: [GC pause (GCLocker Initiated GC) (young) 5425M->1823M(6144M), 0.0446073 secs]
2018-03-27T13:47:23.265+0200: 7296.539: [GC pause (G1 Evacuation Pause) (young) 5437M->1837M(6144M), 0.0504497 secs]
2018-03-27T13:47:26.369+0200: 7299.643: [GC pause (G1 Evacuation Pause) (young) 5450M->1838M(6144M), 0.0560125 secs]
2018-03-27T13:47:30.373+0200: 7303.647: [GC pause (GCLocker Initiated GC) (young) 5456M->1845M(6144M), 0.0457412 secs]
2018-03-27T13:47:35.005+0200: 7308.279: [GC pause (G1 Evacuation Pause) (young) 5449M->1842M(6144M), 0.0425664 secs]
2018-03-27T13:47:39.521+0200: 7312.795: [GC pause (G1 Evacuation Pause) (young) 5458M->1848M(6144M), 0.0427031 secs]
2018-03-27T13:47:43.923+0200: 7317.196: [GC pause (GCLocker Initiated GC) (young) 5460M->1849M(6144M), 0.0498601 secs]
2018-03-27T13:47:47.492+0200: 7320.766: [GC pause (GCLocker Initiated GC) (young) 5457M->1853M(6144M), 0.0473383 secs]
2018-03-27T13:47:51.425+0200: 7324.699: [GC pause (G1 Evacuation Pause) (young) 5453M->1859M(6144M), 0.0545630 secs]
2018-03-27T13:47:54.478+0200: 7327.752: [GC pause (G1 Evacuation Pause) (young) 5453M->1860M(6144M), 0.0492473 secs]
2018-03-27T13:47:58.395+0200: 7331.669: [GC pause (GCLocker Initiated GC) (young) 5456M->1861M(6144M), 0.0383852 secs]
2018-03-27T13:48:02.358+0200: 7335.632: [GC pause (G1 Evacuation Pause) (young) 5457M->1867M(6144M), 0.0478656 secs]
2018-03-27T13:48:06.227+0200: 7339.501: [GC pause (G1 Evacuation Pause) (young) 5451M->1867M(6144M), 0.0640500 secs]
2018-03-27T13:48:10.244+0200: 7343.518: [GC pause (G1 Evacuation Pause) (young) 5453M->1869M(6144M), 0.0598422 secs]
2018-03-27T13:48:14.337+0200: 7347.611: [GC pause (G1 Evacuation Pause) (young) 5457M->1870M(6144M), 0.0463516 secs]
2018-03-27T13:48:19.049+0200: 7352.323: [GC pause (G1 Evacuation Pause) (young) 5454M->1875M(6144M), 0.0567097 secs]
2018-03-27T13:48:23.096+0200: 7356.370: [GC pause (GCLocker Initiated GC) (young) 5457M->1880M(6144M), 0.0428603 secs]
2018-03-27T13:48:27.231+0200: 7360.505: [GC pause (GCLocker Initiated GC) (young) 5460M->1880M(6144M), 0.0434929 secs]
2018-03-27T13:48:30.913+0200: 7364.187: [GC pause (G1 Evacuation Pause) (young) 5454M->1884M(6144M), 0.0465100 secs]
2018-03-27T13:48:34.293+0200: 7367.567: [GC pause (G1 Evacuation Pause) (young) 5452M->1884M(6144M), 0.0467086 secs]
2018-03-27T13:48:37.884+0200: 7371.158: [GC pause (G1 Evacuation Pause) (young) 5469M->1890M(6144M), 0.0466161 secs]
2018-03-27T13:48:42.461+0200: 7375.735: [GC pause (G1 Evacuation Pause) (young) 5450M->1891M(6144M), 0.0514661 secs]
2018-03-27T13:48:46.926+0200: 7380.200: [GC pause (GCLocker Initiated GC) (young) 5450M->1895M(6144M), 0.0473244 secs]
2018-03-27T13:48:50.299+0200: 7383.572: [GC pause (G1 Evacuation Pause) (young) 5449M->1899M(6144M), 0.0398163 secs]
2018-03-27T13:48:54.154+0200: 7387.428: [GC pause (GCLocker Initiated GC) (young) 5455M->1899M(6144M), 0.0413191 secs]
2018-03-27T13:48:58.509+0200: 7391.783: [GC pause (G1 Evacuation Pause) (young) 5453M->1897M(6144M), 0.0420994 secs]
2018-03-27T13:49:01.712+0200: 7394.985: [GC pause (GCLocker Initiated GC) (young) 5507M->1902M(6144M), 0.0410181 secs]
2018-03-27T13:49:04.900+0200: 7398.174: [GC pause (G1 Evacuation Pause) (young) 5454M->1906M(6144M), 0.0458752 secs]
2018-03-27T13:49:07.639+0200: 7400.912: [GC pause (G1 Evacuation Pause) (young) 5452M->1907M(6144M), 0.0414936 secs]
2018-03-27T13:49:11.646+0200: 7404.919: [GC pause (G1 Evacuation Pause) (young) 5453M->1911M(6144M), 0.0435545 secs]
2018-03-27T13:49:15.431+0200: 7408.704: [GC pause (G1 Evacuation Pause) (young) 5451M->1911M(6144M), 0.0399734 secs]
2018-03-27T13:49:19.767+0200: 7413.040: [GC pause (GCLocker Initiated GC) (young) 5458M->1914M(6144M), 0.0490121 secs]
2018-03-27T13:49:24.064+0200: 7417.338: [GC pause (G1 Evacuation Pause) (young) 5456M->1913M(6144M), 0.0680587 secs]
2018-03-27T13:49:25.941+0200: 7419.215: [GC pause (G1 Evacuation Pause) (young) 4617M->1917M(6144M), 0.0638245 secs]
2018-03-27T13:49:26.938+0200: 7420.212: [GC pause (G1 Humongous Allocation) (young) (initial-mark) 4606M->1921M(6144M), 0.0510157 secs]
2018-03-27T13:49:26.989+0200: 7420.263: [GC concurrent-root-region-scan-start]
2018-03-27T13:49:27.025+0200: 7420.298: [GC concurrent-root-region-scan-end, 0.0354053 secs]
2018-03-27T13:49:27.025+0200: 7420.298: [GC concurrent-mark-start]
2018-03-27T13:49:29.077+0200: 7422.351: [GC concurrent-mark-end, 2.0526872 secs]
2018-03-27T13:49:29.079+0200: 7422.353: [GC remark, 0.1926038 secs]
2018-03-27T13:49:29.275+0200: 7422.549: [GC cleanup 5075M->5075M(6144M), 0.0166292 secs]
2018-03-27T13:49:30.162+0200: 7423.436: [GC pause (G1 Evacuation Pause) (young) 5874M->1929M(6144M), 0.0637102 secs]
2018-03-27T13:49:30.430+0200: 7423.704: [GC pause (G1 Evacuation Pause) (mixed) 2191M->1767M(6144M), 0.0848500 secs]
2018-03-27T13:49:30.694+0200: 7423.968: [GC pause (G1 Evacuation Pause) (young) 2045M->1764M(6144M), 0.0479316 secs]
2018-03-27T13:49:30.897+0200: 7424.171: [GC pause (G1 Evacuation Pause) (young) 2044M->1767M(6144M), 0.0243118 secs]
2018-03-27T13:49:31.099+0200: 7424.373: [GC pause (G1 Evacuation Pause) (young) 2045M->1766M(6144M), 0.0211054 secs]
2018-03-27T13:49:31.333+0200: 7424.607: [GC pause (G1 Evacuation Pause) (young) 2044M->1769M(6144M), 0.0284461 secs]
2018-03-27T13:49:33.323+0200: 7426.596: [GC pause (GCLocker Initiated GC) (young) 4404M->1771M(6144M), 0.0272192 secs]
2018-03-27T13:49:37.467+0200: 7430.740: [GC pause (G1 Evacuation Pause) (young) 5425M->1779M(6144M), 0.0343806 secs]
2018-03-27T13:49:41.366+0200: 7434.640: [GC pause (G1 Evacuation Pause) (young) 5432M->1786M(6144M), 0.0342893 secs]
2018-03-27T13:49:45.782+0200: 7439.055: [GC pause (G1 Evacuation Pause) (young) 5424M->1790M(6144M), 0.0554880 secs]
2018-03-27T13:49:49.478+0200: 7442.752: [GC pause (G1 Evacuation Pause) (young) 5424M->1795M(6144M), 0.0438343 secs]
2018-03-27T13:49:53.196+0200: 7446.470: [GC pause (G1 Evacuation Pause) (young) 5425M->1798M(6144M), 0.0422024 secs]
2018-03-27T13:49:56.761+0200: 7450.035: [GC pause (GCLocker Initiated GC) (young) 5434M->1802M(6144M), 0.0404584 secs]
2018-03-27T13:50:00.156+0200: 7453.429: [GC pause (G1 Evacuation Pause) (young) 5424M->1811M(6144M), 0.0385033 secs]
2018-03-27T13:50:03.769+0200: 7457.043: [GC pause (G1 Evacuation Pause) (young) 5425M->1813M(6144M), 0.0423900 secs]
2018-03-27T13:50:07.640+0200: 7460.914: [GC pause (G1 Evacuation Pause) (young) 5429M->1813M(6144M), 0.0679580 secs]
2018-03-27T13:50:10.730+0200: 7464.004: [GC pause (G1 Evacuation Pause) (young) 5433M->1818M(6144M), 0.0757904 secs]
2018-03-27T13:50:14.255+0200: 7467.529: [GC pause (G1 Evacuation Pause) (young) 5434M->1823M(6144M), 0.0461965 secs]
2018-03-27T13:50:17.220+0200: 7470.494: [GC pause (GCLocker Initiated GC) (young) 5451M->1823M(6144M), 0.0457197 secs]
2018-03-27T13:50:21.456+0200: 7474.730: [GC pause (GCLocker Initiated GC) (young) 5437M->1827M(6144M), 0.0604685 secs]
2018-03-27T13:50:25.249+0200: 7478.523: [GC pause (G1 Evacuation Pause) (young) 5435M->1828M(6144M), 0.0408845 secs]
2018-03-27T13:50:28.828+0200: 7482.101: [GC pause (G1 Evacuation Pause) (young) 5434M->1829M(6144M), 0.0440235 secs]
2018-03-27T13:50:32.165+0200: 7485.439: [GC pause (G1 Evacuation Pause) (young) 5435M->1832M(6144M), 0.0470325 secs]
2018-03-27T13:50:35.843+0200: 7489.116: [GC pause (G1 Evacuation Pause) (young) 5438M->1835M(6144M), 0.0484148 secs]
2018-03-27T13:50:39.746+0200: 7493.020: [GC pause (GCLocker Initiated GC) (young) 5442M->1836M(6144M), 0.0414050 secs]
2018-03-27T13:50:43.607+0200: 7496.881: [GC pause (GCLocker Initiated GC) (young) 5449M->1839M(6144M), 0.0584259 secs]
2018-03-27T13:50:47.109+0200: 7500.383: [GC pause (GCLocker Initiated GC) (young) 5457M->1839M(6144M), 0.0437053 secs]
2018-03-27T13:50:50.926+0200: 7504.200: [GC pause (GCLocker Initiated GC) (young) 5455M->1841M(6144M), 0.0543766 secs]
2018-03-27T13:50:54.844+0200: 7508.118: [GC pause (G1 Evacuation Pause) (young) 5451M->1844M(6144M), 0.0479818 secs]
2018-03-27T13:50:58.309+0200: 7511.583: [GC pause (G1 Evacuation Pause) (young) 5456M->1849M(6144M), 0.0479233 secs]
2018-03-27T13:51:01.299+0200: 7514.572: [GC pause (GCLocker Initiated GC) (young) 5452M->1850M(6144M), 0.0474911 secs]
2018-03-27T13:51:04.485+0200: 7517.759: [GC pause (GCLocker Initiated GC) (young) 5454M->1854M(6144M), 0.0506875 secs]
2018-03-27T13:51:07.605+0200: 7520.878: [GC pause (GCLocker Initiated GC) (young) 5455M->1858M(6144M), 0.0395321 secs]
2018-03-27T13:51:10.863+0200: 7524.136: [GC pause (G1 Evacuation Pause) (young) 5454M->1863M(6144M), 0.0491296 secs]
2018-03-27T13:51:14.102+0200: 7527.376: [GC pause (GCLocker Initiated GC) (young) 5453M->1862M(6144M), 0.0452548 secs]
2018-03-27T13:51:17.555+0200: 7530.829: [GC pause (GCLocker Initiated GC) (young) 5455M->1870M(6144M), 0.0460252 secs]
2018-03-27T13:51:20.548+0200: 7533.822: [GC pause (G1 Evacuation Pause) (young) 5448M->1874M(6144M), 0.0417413 secs]
2018-03-27T13:51:23.956+0200: 7537.230: [GC pause (GCLocker Initiated GC) (young) 5448M->1879M(6144M), 0.0438056 secs]
2018-03-27T13:51:26.755+0200: 7540.028: [GC pause (G1 Evacuation Pause) (young) 5445M->1879M(6144M), 0.0401785 secs]
2018-03-27T13:51:30.061+0200: 7543.335: [GC pause (G1 Evacuation Pause) (young) 5447M->1881M(6144M), 0.0424208 secs]
2018-03-27T13:51:33.322+0200: 7546.596: [GC pause (G1 Evacuation Pause) (young) 5447M->1880M(6144M), 0.0390184 secs]
2018-03-27T13:51:36.273+0200: 7549.547: [GC pause (GCLocker Initiated GC) (young) 5448M->1882M(6144M), 0.0426615 secs]
2018-03-27T13:51:40.013+0200: 7553.287: [GC pause (G1 Evacuation Pause) (young) 5446M->1885M(6144M), 0.0407489 secs]
2018-03-27T13:51:43.228+0200: 7556.502: [GC pause (G1 Evacuation Pause) (young) 5447M->1900M(6144M), 0.0491801 secs]
2018-03-27T13:51:45.682+0200: 7558.956: [GC pause (G1 Evacuation Pause) (young) 5436M->1905M(6144M), 0.0506200 secs]
2018-03-27T13:51:48.196+0200: 7561.469: [GC pause (G1 Evacuation Pause) (young) 5433M->1906M(6144M), 0.0464115 secs]
2018-03-27T13:51:51.169+0200: 7564.443: [GC pause (GCLocker Initiated GC) (young) 5456M->1907M(6144M), 0.0526083 secs]
2018-03-27T13:51:54.884+0200: 7568.157: [GC pause (G1 Evacuation Pause) (young) 5435M->1910M(6144M), 0.0504385 secs]
2018-03-27T13:51:57.355+0200: 7570.628: [GC pause (GCLocker Initiated GC) (young) 5441M->1914M(6144M), 0.0541437 secs]
2018-03-27T13:51:59.641+0200: 7572.915: [GC pause (GCLocker Initiated GC) (young) 5440M->1923M(6144M), 0.0487089 secs]
2018-03-27T13:52:02.789+0200: 7576.063: [GC pause (G1 Evacuation Pause) (young) 5432M->1924M(6144M), 0.0498413 secs]
2018-03-27T13:52:05.756+0200: 7579.030: [GC pause (G1 Evacuation Pause) (young) 5434M->1925M(6144M), 0.0562659 secs]
2018-03-27T13:52:08.963+0200: 7582.237: [GC pause (GCLocker Initiated GC) (young) 5447M->1926M(6144M), 0.0595730 secs]
2018-03-27T13:52:11.375+0200: 7584.649: [GC pause (GCLocker Initiated GC) (young) 5446M->1931M(6144M), 0.0439756 secs]
2018-03-27T13:52:14.150+0200: 7587.424: [GC pause (G1 Evacuation Pause) (young) 5443M->1934M(6144M), 0.0461344 secs]
2018-03-27T13:52:17.193+0200: 7590.467: [GC pause (G1 Evacuation Pause) (young) 5456M->1938M(6144M), 0.0540238 secs]
2018-03-27T13:52:19.553+0200: 7592.827: [GC pause (G1 Evacuation Pause) (young) 5436M->1942M(6144M), 0.0507280 secs]
2018-03-27T13:52:21.734+0200: 7595.008: [GC pause (G1 Evacuation Pause) (young) 5434M->1944M(6144M), 0.0484936 secs]
2018-03-27T13:52:24.098+0200: 7597.372: [GC pause (GCLocker Initiated GC) (young) 5436M->1947M(6144M), 0.0498164 secs]
2018-03-27T13:52:26.706+0200: 7599.980: [GC pause (G1 Evacuation Pause) (young) 5452M->1957M(6144M), 0.0673178 secs]
2018-03-27T13:52:29.821+0200: 7603.095: [GC pause (G1 Evacuation Pause) (young) 5453M->1961M(6144M), 0.0592110 secs]
2018-03-27T13:52:32.575+0200: 7605.849: [GC pause (G1 Evacuation Pause) (young) 5451M->1964M(6144M), 0.0382392 secs]
2018-03-27T13:52:35.128+0200: 7608.401: [GC pause (G1 Evacuation Pause) (young) 5488M->1969M(6144M), 0.0543387 secs]
2018-03-27T13:52:37.864+0200: 7611.138: [GC pause (G1 Evacuation Pause) (young) 5451M->1970M(6144M), 0.0411840 secs]
2018-03-27T13:52:41.487+0200: 7614.760: [GC pause (GCLocker Initiated GC) (young) 5457M->1974M(6144M), 0.0705737 secs]
2018-03-27T13:52:44.503+0200: 7617.776: [GC pause (G1 Evacuation Pause) (young) 5461M->1982M(6144M), 0.0468184 secs]
2018-03-27T13:52:47.054+0200: 7620.327: [GC pause (G1 Evacuation Pause) (young) 5457M->1988M(6144M), 0.0457613 secs]
2018-03-27T13:52:49.607+0200: 7622.881: [GC pause (GCLocker Initiated GC) (young) 5468M->1990M(6144M), 0.0424334 secs]
2018-03-27T13:52:51.742+0200: 7625.016: [GC pause (G1 Evacuation Pause) (young) 5444M->1995M(6144M), 0.0451589 secs]
2018-03-27T13:52:54.433+0200: 7627.707: [GC pause (G1 Evacuation Pause) (young) 5441M->1992M(6144M), 0.0407036 secs]
2018-03-27T13:52:57.599+0200: 7630.872: [GC pause (G1 Evacuation Pause) (young) 5446M->1994M(6144M), 0.0486463 secs]
2018-03-27T13:53:00.465+0200: 7633.739: [GC pause (G1 Evacuation Pause) (young) 5448M->2000M(6144M), 0.0530240 secs]
2018-03-27T13:53:03.494+0200: 7636.767: [GC pause (GCLocker Initiated GC) (young) 5446M->2002M(6144M), 0.0745987 secs]
2018-03-27T13:53:06.297+0200: 7639.571: [GC pause (G1 Evacuation Pause) (young) 5446M->2006M(6144M), 0.0422711 secs]
2018-03-27T13:53:08.713+0200: 7641.986: [GC pause (G1 Evacuation Pause) (young) 5444M->2004M(6144M), 0.0374970 secs]
2018-03-27T13:53:11.911+0200: 7645.185: [GC pause (GCLocker Initiated GC) (young) 5449M->2009M(6144M), 0.0543791 secs]
2018-03-27T13:53:15.231+0200: 7648.505: [GC pause (GCLocker Initiated GC) (young) 5448M->2009M(6144M), 0.0471738 secs]
2018-03-27T13:53:18.262+0200: 7651.536: [GC pause (GCLocker Initiated GC) (young) 5449M->2011M(6144M), 0.0387750 secs]
2018-03-27T13:53:20.441+0200: 7653.715: [GC pause (G1 Evacuation Pause) (young) 5449M->2017M(6144M), 0.0427848 secs]
2018-03-27T13:53:23.211+0200: 7656.485: [GC pause (G1 Evacuation Pause) (young) 5443M->2021M(6144M), 0.0414276 secs]
2018-03-27T13:53:25.673+0200: 7658.947: [GC pause (G1 Evacuation Pause) (young) 5442M->2019M(6144M), 0.0507477 secs]
2018-03-27T13:53:28.969+0200: 7662.243: [GC pause (GCLocker Initiated GC) (young) 5459M->2022M(6144M), 0.0458313 secs]
2018-03-27T13:53:32.060+0200: 7665.333: [GC pause (G1 Evacuation Pause) (young) 5448M->2022M(6144M), 0.0454130 secs]
2018-03-27T13:53:34.852+0200: 7668.125: [GC pause (G1 Evacuation Pause) (young) 5452M->2023M(6144M), 0.0431913 secs]
2018-03-27T13:53:38.137+0200: 7671.410: [GC pause (G1 Evacuation Pause) (young) 5455M->2029M(6144M), 0.0402641 secs]
2018-03-27T13:53:41.229+0200: 7674.503: [GC pause (G1 Evacuation Pause) (young) 5451M->2030M(6144M), 0.0658368 secs]
2018-03-27T13:53:44.662+0200: 7677.935: [GC pause (G1 Evacuation Pause) (young) 5449M->2031M(6144M), 0.0427826 secs]
2018-03-27T13:53:47.431+0200: 7680.705: [GC pause (G1 Evacuation Pause) (young) 5451M->2033M(6144M), 0.0459366 secs]
2018-03-27T13:53:50.433+0200: 7683.707: [GC pause (G1 Evacuation Pause) (young) 5451M->2035M(6144M), 0.0439278 secs]
2018-03-27T13:53:53.448+0200: 7686.721: [GC pause (G1 Evacuation Pause) (young) 5453M->2041M(6144M), 0.0402618 secs]
2018-03-27T13:53:56.657+0200: 7689.930: [GC pause (G1 Evacuation Pause) (young) 5449M->2041M(6144M), 0.0410686 secs]
2018-03-27T13:53:59.785+0200: 7693.059: [GC pause (G1 Evacuation Pause) (young) 5453M->2045M(6144M), 0.0398923 secs]
2018-03-27T13:54:02.925+0200: 7696.199: [GC pause (G1 Evacuation Pause) (young) 5456M->2048M(6144M), 0.0655232 secs]
2018-03-27T13:54:05.181+0200: 7698.455: [GC pause (G1 Evacuation Pause) (young) 5452M->2050M(6144M), 0.0458975 secs]
2018-03-27T13:54:08.087+0200: 7701.361: [GC pause (G1 Evacuation Pause) (young) 5452M->2053M(6144M), 0.0487335 secs]
2018-03-27T13:54:11.160+0200: 7704.434: [GC pause (G1 Evacuation Pause) (young) 5455M->2056M(6144M), 0.0567897 secs]
2018-03-27T13:54:13.853+0200: 7707.126: [GC pause (G1 Evacuation Pause) (young) 5456M->2061M(6144M), 0.0454107 secs]
2018-03-27T13:54:17.369+0200: 7710.643: [GC pause (G1 Evacuation Pause) (young) 5452M->2063M(6144M), 0.0463805 secs]
2018-03-27T13:54:20.634+0200: 7713.908: [GC pause (G1 Evacuation Pause) (young) 5451M->2067M(6144M), 0.0466596 secs]
2018-03-27T13:54:23.378+0200: 7716.651: [GC pause (G1 Evacuation Pause) (young) 5454M->2068M(6144M), 0.0446787 secs]
2018-03-27T13:54:27.115+0200: 7720.389: [GC pause (G1 Evacuation Pause) (young) 5450M->2070M(6144M), 0.0459351 secs]
2018-03-27T13:54:29.827+0200: 7723.100: [GC pause (G1 Evacuation Pause) (young) 5450M->2070M(6144M), 0.0464764 secs]
2018-03-27T13:54:32.853+0200: 7726.126: [GC pause (G1 Evacuation Pause) (young) 5454M->2070M(6144M), 0.0425535 secs]
2018-03-27T13:54:35.648+0200: 7728.921: [GC pause (G1 Evacuation Pause) (young) 5474M->2073M(6144M), 0.0462569 secs]
2018-03-27T13:54:39.330+0200: 7732.604: [GC pause (G1 Evacuation Pause) (young) 5455M->2081M(6144M), 0.0411138 secs]
2018-03-27T13:54:43.021+0200: 7736.294: [GC pause (G1 Evacuation Pause) (young) 5449M->2081M(6144M), 0.0433166 secs]
2018-03-27T13:54:45.889+0200: 7739.163: [GC pause (G1 Evacuation Pause) (young) 5452M->2080M(6144M), 0.0440799 secs]
2018-03-27T13:54:48.625+0200: 7741.899: [GC pause (G1 Evacuation Pause) (young) 5456M->2083M(6144M), 0.0398347 secs]
2018-03-27T13:54:51.048+0200: 7744.322: [GC pause (GCLocker Initiated GC) (young) 5459M->2084M(6144M), 0.0392735 secs]
2018-03-27T13:54:54.413+0200: 7747.687: [GC pause (G1 Evacuation Pause) (young) 5454M->2087M(6144M), 0.0425632 secs]
2018-03-27T13:54:57.375+0200: 7750.649: [GC pause (G1 Evacuation Pause) (young) 5455M->2090M(6144M), 0.0408342 secs]
2018-03-27T13:55:00.424+0200: 7753.697: [GC pause (GCLocker Initiated GC) (young) 5468M->2090M(6144M), 0.0420047 secs]
2018-03-27T13:55:03.588+0200: 7756.862: [GC pause (G1 Evacuation Pause) (young) 5457M->2094M(6144M), 0.0445934 secs]
2018-03-27T13:55:06.465+0200: 7759.739: [GC pause (G1 Evacuation Pause) (young) 5458M->2099M(6144M), 0.0549352 secs]
2018-03-27T13:55:09.267+0200: 7762.540: [GC pause (G1 Evacuation Pause) (young) 5457M->2105M(6144M), 0.0467305 secs]
2018-03-27T13:55:12.464+0200: 7765.738: [GC pause (GCLocker Initiated GC) (young) 5453M->2110M(6144M), 0.0478595 secs]
2018-03-27T13:55:15.586+0200: 7768.859: [GC pause (G1 Evacuation Pause) (young) 5448M->2107M(6144M), 0.0598210 secs]
2018-03-27T13:55:19.211+0200: 7772.484: [GC pause (G1 Evacuation Pause) (young) 5455M->2114M(6144M), 0.0438610 secs]
2018-03-27T13:55:20.219+0200: 7773.493: [GC pause (G1 Evacuation Pause) (young) 3621M->2118M(6144M), 0.0487179 secs]
2018-03-27T13:55:20.352+0200: 7773.626: [GC pause (G1 Evacuation Pause) (young) 2392M->2124M(6144M), 0.0359658 secs]
2018-03-27T13:55:20.476+0200: 7773.750: [GC pause (GCLocker Initiated GC) (young) 2482M->2124M(6144M), 0.0387475 secs]
2018-03-27T13:55:20.638+0200: 7773.912: [GC pause (G1 Evacuation Pause) (young) 2478M->2126M(6144M), 0.0351003 secs]
2018-03-27T13:55:21.363+0200: 7774.637: [GC pause (G1 Evacuation Pause) (young) 4104M->2126M(6144M), 0.0388194 secs]
2018-03-27T13:55:22.094+0200: 7775.368: [GC pause (G1 Humongous Allocation) (young) (initial-mark) 4349M->2129M(6144M), 0.0453145 secs]
2018-03-27T13:55:22.139+0200: 7775.413: [GC concurrent-root-region-scan-start]
2018-03-27T13:55:22.169+0200: 7775.443: [GC concurrent-root-region-scan-end, 0.0300418 secs]
2018-03-27T13:55:22.169+0200: 7775.443: [GC concurrent-mark-start]
2018-03-27T13:55:24.352+0200: 7777.625: [GC concurrent-mark-end, 2.1822034 secs]
2018-03-27T13:55:24.354+0200: 7777.628: [GC remark, 0.1449269 secs]
2018-03-27T13:55:24.505+0200: 7777.779: [GC cleanup 4281M->4278M(6144M), 0.0171726 secs]
2018-03-27T13:55:24.523+0200: 7777.797: [GC concurrent-cleanup-start]
2018-03-27T13:55:24.523+0200: 7777.797: [GC concurrent-cleanup-end, 0.0000651 secs]
2018-03-27T13:55:25.797+0200: 7779.071: [GC pause (GCLocker Initiated GC) (young) 5552M->2136M(6144M), 0.0544044 secs]
2018-03-27T13:55:26.066+0200: 7779.339: [GC pause (G1 Evacuation Pause) (mixed) 2402M->1869M(6144M), 0.1449510 secs]
2018-03-27T13:55:26.426+0200: 7779.700: [GC pause (GCLocker Initiated GC) (young) 2150M->1871M(6144M), 0.0502034 secs]
2018-03-27T13:55:26.708+0200: 7779.982: [GC pause (G1 Evacuation Pause) (young) 2149M->1871M(6144M), 0.0223134 secs]
2018-03-27T13:55:26.849+0200: 7780.123: [GC pause (G1 Evacuation Pause) (young) 2149M->1873M(6144M), 0.0341401 secs]
2018-03-27T13:55:27.048+0200: 7780.322: [GC pause (GCLocker Initiated GC) (young) 2155M->1875M(6144M), 0.0235148 secs]
2018-03-27T13:55:27.237+0200: 7780.511: [GC pause (G1 Evacuation Pause) (young) 2153M->1879M(6144M), 0.0249700 secs]
2018-03-27T13:55:27.460+0200: 7780.734: [GC pause (GCLocker Initiated GC) (young) 2153M->1874M(6144M), 0.0208073 secs]
2018-03-27T13:55:27.693+0200: 7780.967: [GC pause (G1 Evacuation Pause) (young) 2164M->1876M(6144M), 0.0301510 secs]
2018-03-27T13:55:29.631+0200: 7782.905: [GC pause (G1 Evacuation Pause) (young) 3780M->1882M(6144M), 0.0536508 secs]
2018-03-27T13:55:29.856+0200: 7783.130: [GC pause (G1 Evacuation Pause) (young) 2164M->1881M(6144M), 0.0337308 secs]
2018-03-27T13:55:31.883+0200: 7785.157: [GC pause (GCLocker Initiated GC) (young) 4278M->1880M(6144M), 0.0344299 secs]
2018-03-27T13:55:35.119+0200: 7788.393: [GC pause (G1 Evacuation Pause) (young) 5420M->1889M(6144M), 0.0361538 secs]
2018-03-27T13:55:38.636+0200: 7791.910: [GC pause (G1 Evacuation Pause) (young) 5439M->1898M(6144M), 0.0370704 secs]
2018-03-27T13:55:41.737+0200: 7795.010: [GC pause (G1 Evacuation Pause) (young) 4614M->1902M(6144M), 0.0400775 secs]
2018-03-27T13:55:45.471+0200: 7798.745: [GC pause (G1 Evacuation Pause) (young) 5468M->1907M(6144M), 0.0336118 secs]
2018-03-27T13:55:48.741+0200: 7802.014: [GC pause (G1 Evacuation Pause) (young) 5478M->1915M(6144M), 0.0278215 secs]
2018-03-27T13:55:52.562+0200: 7805.836: [GC pause (G1 Evacuation Pause) (young) 5485M->1921M(6144M), 0.0422521 secs]
2018-03-27T13:55:56.357+0200: 7809.631: [GC pause (G1 Evacuation Pause) (young) 5481M->1922M(6144M), 0.0316027 secs]
2018-03-27T13:55:59.136+0200: 7812.410: [GC pause (G1 Evacuation Pause) (young) 5478M->1929M(6144M), 0.0356264 secs]
2018-03-27T13:56:02.649+0200: 7815.923: [GC pause (GCLocker Initiated GC) (young) 5480M->1933M(6144M), 0.0337942 secs]
2018-03-27T13:56:06.322+0200: 7819.596: [GC pause (G1 Evacuation Pause) (young) 5469M->1936M(6144M), 0.0522924 secs]
2018-03-27T13:56:09.731+0200: 7823.005: [GC pause (G1 Evacuation Pause) (young) 5464M->1939M(6144M), 0.0623277 secs]
2018-03-27T13:56:13.235+0200: 7826.508: [GC pause (GCLocker Initiated GC) (young) 5465M->1939M(6144M), 0.0458519 secs]
2018-03-27T13:56:15.875+0200: 7829.149: [GC pause (G1 Evacuation Pause) (young) 5463M->1941M(6144M), 0.0363200 secs]
2018-03-27T13:56:19.283+0200: 7832.557: [GC pause (G1 Evacuation Pause) (young) 5461M->1944M(6144M), 0.0389983 secs]
2018-03-27T13:56:22.617+0200: 7835.891: [GC pause (G1 Evacuation Pause) (young) 5456M->1945M(6144M), 0.0405011 secs]
2018-03-27T13:56:26.872+0200: 7840.146: [GC pause (G1 Evacuation Pause) (young) 5457M->1948M(6144M), 0.0416531 secs]
2018-03-27T13:56:29.991+0200: 7843.265: [GC pause (G1 Evacuation Pause) (young) 5452M->1949M(6144M), 0.0621858 secs]
2018-03-27T13:56:33.964+0200: 7847.238: [GC pause (G1 Evacuation Pause) (young) 5455M->1951M(6144M), 0.0438230 secs]
2018-03-27T13:56:37.799+0200: 7851.073: [GC pause (G1 Evacuation Pause) (young) 5451M->1955M(6144M), 0.0527300 secs]
2018-03-27T13:56:41.615+0200: 7854.889: [GC pause (G1 Evacuation Pause) (young) 5453M->1953M(6144M), 0.0406303 secs]
2018-03-27T13:56:45.606+0200: 7858.879: [GC pause (GCLocker Initiated GC) (young) 5466M->1956M(6144M), 0.0413792 secs]
2018-03-27T13:56:49.124+0200: 7862.398: [GC pause (G1 Evacuation Pause) (young) 5454M->1959M(6144M), 0.0441904 secs]
2018-03-27T13:56:52.284+0200: 7865.558: [GC pause (G1 Evacuation Pause) (young) 5453M->1961M(6144M), 0.0385891 secs]
2018-03-27T13:56:55.632+0200: 7868.906: [GC pause (G1 Evacuation Pause) (young) 5457M->1961M(6144M), 0.0416159 secs]
2018-03-27T13:56:59.413+0200: 7872.687: [GC pause (G1 Evacuation Pause) (young) 5461M->1965M(6144M), 0.0389184 secs]
2018-03-27T13:57:02.570+0200: 7875.843: [GC pause (GCLocker Initiated GC) (young) 5463M->1965M(6144M), 0.0416089 secs]
2018-03-27T13:57:06.175+0200: 7879.449: [GC pause (G1 Evacuation Pause) (young) 5459M->1969M(6144M), 0.0390019 secs]
2018-03-27T13:57:09.413+0200: 7882.687: [GC pause (G1 Evacuation Pause) (young) 5457M->1972M(6144M), 0.0641161 secs]
2018-03-27T13:57:13.761+0200: 7887.035: [GC pause (G1 Evacuation Pause) (young) 5458M->1974M(6144M), 0.0829930 secs]
2018-03-27T13:57:17.225+0200: 7890.499: [GC pause (G1 Evacuation Pause) (young) 5458M->1978M(6144M), 0.0404430 secs]
2018-03-27T13:57:20.867+0200: 7894.141: [GC pause (G1 Evacuation Pause) (young) 5456M->1978M(6144M), 0.0415511 secs]
2018-03-27T13:57:24.610+0200: 7897.884: [GC pause (G1 Evacuation Pause) (young) 5462M->1981M(6144M), 0.0418180 secs]
2018-03-27T13:57:28.087+0200: 7901.361: [GC pause (G1 Evacuation Pause) (young) 5459M->1981M(6144M), 0.0393452 secs]
2018-03-27T13:57:31.275+0200: 7904.549: [GC pause (GCLocker Initiated GC) (young) 5488M->1982M(6144M), 0.0416745 secs]
2018-03-27T13:57:34.017+0200: 7907.291: [GC pause (GCLocker Initiated GC) (young) 5462M->1985M(6144M), 0.0387223 secs]
2018-03-27T13:57:37.064+0200: 7910.338: [GC pause (G1 Evacuation Pause) (young) 5463M->1987M(6144M), 0.0497624 secs]
2018-03-27T13:57:39.868+0200: 7913.142: [GC pause (G1 Evacuation Pause) (young) 5463M->1991M(6144M), 0.0404203 secs]
2018-03-27T13:57:42.120+0200: 7915.393: [GC pause (G1 Evacuation Pause) (young) 5461M->1994M(6144M), 0.0404751 secs]
2018-03-27T13:57:45.430+0200: 7918.704: [GC pause (G1 Evacuation Pause) (young) 5458M->1999M(6144M), 0.0399449 secs]
2018-03-27T13:57:48.799+0200: 7922.073: [GC pause (G1 Evacuation Pause) (young) 5453M->2001M(6144M), 0.0568688 secs]
2018-03-27T13:57:52.491+0200: 7925.764: [GC pause (G1 Evacuation Pause) (young) 5453M->2003M(6144M), 0.0431694 secs]
2018-03-27T13:57:55.951+0200: 7929.225: [GC pause (G1 Evacuation Pause) (young) 5453M->2003M(6144M), 0.0439511 secs]
2018-03-27T13:57:59.007+0200: 7932.281: [GC pause (GCLocker Initiated GC) (young) 5456M->2007M(6144M), 0.0412815 secs]
2018-03-27T13:58:01.732+0200: 7935.006: [GC pause (G1 Evacuation Pause) (young) 5453M->2011M(6144M), 0.0412290 secs]
2018-03-27T13:58:05.383+0200: 7938.657: [GC pause (G1 Evacuation Pause) (young) 5455M->2011M(6144M), 0.0432422 secs]
2018-03-27T13:58:08.819+0200: 7942.092: [GC pause (G1 Evacuation Pause) (young) 5457M->2017M(6144M), 0.0601525 secs]
2018-03-27T13:58:11.030+0200: 7944.304: [GC pause (G1 Evacuation Pause) (young) 5453M->2016M(6144M), 0.0475107 secs]
2018-03-27T13:58:14.027+0200: 7947.300: [GC pause (G1 Evacuation Pause) (young) 5454M->2019M(6144M), 0.0457654 secs]
2018-03-27T13:58:16.691+0200: 7949.964: [GC pause (G1 Evacuation Pause) (young) 5455M->2022M(6144M), 0.0450680 secs]
2018-03-27T13:58:19.351+0200: 7952.624: [GC pause (G1 Evacuation Pause) (young) 5454M->2023M(6144M), 0.0544704 secs]
2018-03-27T13:58:22.381+0200: 7955.655: [GC pause (G1 Evacuation Pause) (young) 5457M->2028M(6144M), 0.0496220 secs]
2018-03-27T13:58:25.686+0200: 7958.960: [GC pause (G1 Evacuation Pause) (young) 5452M->2028M(6144M), 0.0417279 secs]
2018-03-27T13:58:29.053+0200: 7962.327: [GC pause (G1 Evacuation Pause) (young) 5454M->2031M(6144M), 0.0594243 secs]
2018-03-27T13:58:32.082+0200: 7965.356: [GC pause (G1 Evacuation Pause) (young) 5455M->2031M(6144M), 0.0388256 secs]
2018-03-27T13:58:35.205+0200: 7968.479: [GC pause (G1 Evacuation Pause) (young) 5458M->2037M(6144M), 0.0378108 secs]
2018-03-27T13:58:38.303+0200: 7971.576: [GC pause (GCLocker Initiated GC) (young) 5519M->2039M(6144M), 0.0411056 secs]
2018-03-27T13:58:40.337+0200: 7973.611: [GC pause (GCLocker Initiated GC) (young) 5454M->2040M(6144M), 0.0395511 secs]
2018-03-27T13:58:43.326+0200: 7976.600: [GC pause (GCLocker Initiated GC) (young) 5457M->2043M(6144M), 0.0398239 secs]
2018-03-27T13:58:46.405+0200: 7979.678: [GC pause (G1 Evacuation Pause) (young) 5455M->2043M(6144M), 0.0485057 secs]
2018-03-27T13:58:50.240+0200: 7983.514: [GC pause (G1 Evacuation Pause) (young) 5457M->2044M(6144M), 0.0406087 secs]
2018-03-27T13:58:52.934+0200: 7986.208: [GC pause (GCLocker Initiated GC) (young) 5463M->2050M(6144M), 0.0399699 secs]
2018-03-27T13:58:55.702+0200: 7988.976: [GC pause (G1 Evacuation Pause) (young) 5458M->2048M(6144M), 0.0399104 secs]
2018-03-27T13:58:58.536+0200: 7991.810: [GC pause (GCLocker Initiated GC) (young) 5461M->2052M(6144M), 0.0425347 secs]
2018-03-27T13:59:01.499+0200: 7994.773: [GC pause (G1 Evacuation Pause) (young) 5458M->2055M(6144M), 0.0598654 secs]
2018-03-27T13:59:04.467+0200: 7997.741: [GC pause (G1 Evacuation Pause) (young) 5459M->2054M(6144M), 0.0395452 secs]
2018-03-27T13:59:07.182+0200: 8000.456: [GC pause (G1 Evacuation Pause) (young) 5464M->2057M(6144M), 0.0384311 secs]
2018-03-27T13:59:10.792+0200: 8004.066: [GC pause (G1 Evacuation Pause) (young) 5461M->2062M(6144M), 0.0404674 secs]
2018-03-27T13:59:13.757+0200: 8007.031: [GC pause (G1 Evacuation Pause) (young) 5460M->2062M(6144M), 0.0497299 secs]
2018-03-27T13:59:16.981+0200: 8010.255: [GC pause (G1 Evacuation Pause) (young) 5465M->2065M(6144M), 0.0476632 secs]
2018-03-27T13:59:20.555+0200: 8013.829: [GC pause (G1 Evacuation Pause) (young) 5459M->2066M(6144M), 0.0384472 secs]
2018-03-27T13:59:24.239+0200: 8017.513: [GC pause (GCLocker Initiated GC) (young) 5472M->2069M(6144M), 0.0545274 secs]
2018-03-27T13:59:26.712+0200: 8019.986: [GC pause (G1 Evacuation Pause) (young) 5459M->2071M(6144M), 0.0385411 secs]
2018-03-27T13:59:29.761+0200: 8023.035: [GC pause (GCLocker Initiated GC) (young) 5487M->2073M(6144M), 0.0468311 secs]
2018-03-27T13:59:32.915+0200: 8026.188: [GC pause (G1 Evacuation Pause) (young) 5459M->2074M(6144M), 0.0389175 secs]
2018-03-27T13:59:36.433+0200: 8029.707: [GC pause (G1 Evacuation Pause) (young) 5458M->2077M(6144M), 0.0399792 secs]
2018-03-27T13:59:39.872+0200: 8033.146: [GC pause (G1 Evacuation Pause) (young) 5467M->2078M(6144M), 0.0409354 secs]
2018-03-27T13:59:42.482+0200: 8035.756: [GC pause (G1 Evacuation Pause) (young) 5460M->2081M(6144M), 0.0447993 secs]
2018-03-27T13:59:46.120+0200: 8039.393: [GC pause (G1 Evacuation Pause) (young) 5457M->2084M(6144M), 0.0505416 secs]
2018-03-27T13:59:48.612+0200: 8041.885: [GC pause (GCLocker Initiated GC) (young) 5463M->2088M(6144M), 0.0430613 secs]
2018-03-27T13:59:51.894+0200: 8045.167: [GC pause (G1 Evacuation Pause) (young) 5456M->2089M(6144M), 0.0381792 secs]
2018-03-27T13:59:54.339+0200: 8047.612: [GC pause (G1 Evacuation Pause) (young) 5455M->2092M(6144M), 0.0399232 secs]
2018-03-27T13:59:57.455+0200: 8050.728: [GC pause (G1 Evacuation Pause) (young) 5456M->2091M(6144M), 0.0394667 secs]
2018-03-27T14:00:00.514+0200: 8053.788: [GC pause (G1 Evacuation Pause) (young) 5461M->2097M(6144M), 0.0537172 secs]
2018-03-27T14:00:03.393+0200: 8056.667: [GC pause (G1 Evacuation Pause) (young) 5457M->2097M(6144M), 0.0672059 secs]
2018-03-27T14:00:06.522+0200: 8059.795: [GC pause (GCLocker Initiated GC) (young) 5485M->2101M(6144M), 0.0599149 secs]
2018-03-27T14:00:09.918+0200: 8063.191: [GC pause (G1 Evacuation Pause) (young) 5476M->2103M(6144M), 0.0513545 secs]
2018-03-27T14:00:13.475+0200: 8066.749: [GC pause (G1 Evacuation Pause) (young) 5459M->2107M(6144M), 0.0487668 secs]
2018-03-27T14:00:16.445+0200: 8069.719: [GC pause (G1 Evacuation Pause) (young) 5457M->2108M(6144M), 0.0438373 secs]
2018-03-27T14:00:20.367+0200: 8073.641: [GC pause (G1 Evacuation Pause) (young) 5459M->2111M(6144M), 0.0461836 secs]
2018-03-27T14:00:23.878+0200: 8077.152: [GC pause (G1 Evacuation Pause) (young) 5459M->2110M(6144M), 0.0389464 secs]
2018-03-27T14:00:26.612+0200: 8079.886: [GC pause (G1 Evacuation Pause) (young) 5460M->2116M(6144M), 0.0357379 secs]
2018-03-27T14:00:29.741+0200: 8083.015: [GC pause (G1 Evacuation Pause) (young) 5456M->2117M(6144M), 0.0382541 secs]
2018-03-27T14:00:33.183+0200: 8086.457: [GC pause (G1 Evacuation Pause) (young) 5459M->2121M(6144M), 0.0430678 secs]
2018-03-27T14:00:35.334+0200: 8088.608: [GC pause (G1 Evacuation Pause) (young) 5457M->2124M(6144M), 0.0448511 secs]
2018-03-27T14:00:38.712+0200: 8091.986: [GC pause (G1 Evacuation Pause) (young) 5454M->2127M(6144M), 0.0523354 secs]
2018-03-27T14:00:41.557+0200: 8094.830: [GC pause (G1 Evacuation Pause) (young) 5456M->2130M(6144M), 0.0386260 secs]
2018-03-27T14:00:44.649+0200: 8097.923: [GC pause (G1 Evacuation Pause) (young) 5452M->2135M(6144M), 0.0394638 secs]
2018-03-27T14:00:46.222+0200: 8099.496: [GC pause (G1 Evacuation Pause) (young) 4602M->2130M(6144M), 0.0506483 secs]
2018-03-27T14:00:48.733+0200: 8102.007: [GC pause (G1 Evacuation Pause) (young) 5496M->2136M(6144M), 0.0390475 secs]
2018-03-27T14:00:51.951+0200: 8105.225: [GC pause (GCLocker Initiated GC) (young) 5492M->2145M(6144M), 0.0298097 secs]
2018-03-27T14:00:54.590+0200: 8107.864: [GC pause (G1 Evacuation Pause) (young) 5491M->2152M(6144M), 0.0314899 secs]
2018-03-27T14:00:57.217+0200: 8110.491: [GC pause (G1 Evacuation Pause) (young) 5474M->2150M(6144M), 0.0337901 secs]
2018-03-27T14:01:00.451+0200: 8113.725: [GC pause (GCLocker Initiated GC) (young) 5479M->2156M(6144M), 0.0355690 secs]
2018-03-27T14:01:03.473+0200: 8116.747: [GC pause (G1 Evacuation Pause) (young) 5470M->2160M(6144M), 0.0395798 secs]
2018-03-27T14:01:06.421+0200: 8119.695: [GC pause (G1 Evacuation Pause) (young) 5466M->2165M(6144M), 0.0414917 secs]
2018-03-27T14:01:09.244+0200: 8122.517: [GC pause (G1 Evacuation Pause) (young) 5463M->2169M(6144M), 0.0483982 secs]
2018-03-27T14:01:11.794+0200: 8125.068: [GC pause (G1 Evacuation Pause) (young) 5459M->2169M(6144M), 0.0386719 secs]
2018-03-27T14:01:15.101+0200: 8128.375: [GC pause (G1 Evacuation Pause) (young) 5459M->2172M(6144M), 0.0425312 secs]
2018-03-27T14:01:18.342+0200: 8131.616: [GC pause (G1 Evacuation Pause) (young) 5454M->2173M(6144M), 0.0408136 secs]
2018-03-27T14:01:21.437+0200: 8134.711: [GC pause (G1 Evacuation Pause) (young) 5455M->2176M(6144M), 0.0444313 secs]
2018-03-27T14:01:24.765+0200: 8138.039: [GC pause (G1 Evacuation Pause) (young) 5450M->2178M(6144M), 0.0420833 secs]
2018-03-27T14:01:27.278+0200: 8140.552: [GC pause (G1 Evacuation Pause) (young) 5450M->2184M(6144M), 0.0664393 secs]
2018-03-27T14:01:30.845+0200: 8144.118: [GC pause (GCLocker Initiated GC) (young) 5446M->2186M(6144M), 0.0561416 secs]
2018-03-27T14:01:33.748+0200: 8147.021: [GC pause (GCLocker Initiated GC) (young) 5447M->2191M(6144M), 0.0461845 secs]
2018-03-27T14:01:36.370+0200: 8149.644: [GC pause (G1 Evacuation Pause) (young) 5443M->2196M(6144M), 0.0496756 secs]
2018-03-27T14:01:39.301+0200: 8152.575: [GC pause (G1 Evacuation Pause) (young) 5440M->2193M(6144M), 0.0434875 secs]
2018-03-27T14:01:41.905+0200: 8155.179: [GC pause (G1 Evacuation Pause) (young) 5447M->2200M(6144M), 0.0498700 secs]
2018-03-27T14:01:44.165+0200: 8157.438: [GC pause (G1 Evacuation Pause) (young) 5444M->2198M(6144M), 0.0419261 secs]
2018-03-27T14:01:47.262+0200: 8160.536: [GC pause (G1 Evacuation Pause) (young) 5446M->2200M(6144M), 0.0455966 secs]
2018-03-27T14:01:50.030+0200: 8163.304: [GC pause (GCLocker Initiated GC) (young) 5454M->2203M(6144M), 0.0482077 secs]
2018-03-27T14:01:53.153+0200: 8166.427: [GC pause (G1 Evacuation Pause) (young) 5456M->2208M(6144M), 0.0518372 secs]
2018-03-27T14:01:55.106+0200: 8168.379: [GC pause (G1 Evacuation Pause) (young) 5454M->2210M(6144M), 0.0472525 secs]
2018-03-27T14:01:57.559+0200: 8170.832: [GC pause (G1 Evacuation Pause) (young) 5454M->2213M(6144M), 0.0602230 secs]
2018-03-27T14:02:00.763+0200: 8174.037: [GC pause (G1 Evacuation Pause) (young) 5455M->2217M(6144M), 0.0432090 secs]
2018-03-27T14:02:03.612+0200: 8176.886: [GC pause (G1 Evacuation Pause) (young) 5455M->2216M(6144M), 0.0381463 secs]
2018-03-27T14:02:06.377+0200: 8179.651: [GC pause (G1 Evacuation Pause) (young) 5456M->2219M(6144M), 0.0455037 secs]
2018-03-27T14:02:09.479+0200: 8182.753: [GC pause (G1 Evacuation Pause) (young) 5457M->2222M(6144M), 0.0485853 secs]
2018-03-27T14:02:12.584+0200: 8185.857: [GC pause (G1 Evacuation Pause) (young) 5460M->2225M(6144M), 0.0544325 secs]
2018-03-27T14:02:15.362+0200: 8188.636: [GC pause (G1 Evacuation Pause) (young) 5463M->2236M(6144M), 0.0399196 secs]
2018-03-27T14:02:18.344+0200: 8191.617: [GC pause (GCLocker Initiated GC) (young) 5462M->2235M(6144M), 0.0458109 secs]
2018-03-27T14:02:20.916+0200: 8194.190: [GC pause (G1 Evacuation Pause) (young) 5459M->2240M(6144M), 0.0413425 secs]
2018-03-27T14:02:23.837+0200: 8197.110: [GC pause (G1 Evacuation Pause) (young) 5458M->2241M(6144M), 0.0394124 secs]
2018-03-27T14:02:26.767+0200: 8200.041: [GC pause (G1 Evacuation Pause) (young) 5457M->2243M(6144M), 0.0473709 secs]
2018-03-27T14:02:30.192+0200: 8203.466: [GC pause (G1 Evacuation Pause) (young) 5457M->2245M(6144M), 0.0450274 secs]
2018-03-27T14:02:33.469+0200: 8206.743: [GC pause (G1 Evacuation Pause) (young) 5457M->2246M(6144M), 0.0453311 secs]
2018-03-27T14:02:36.846+0200: 8210.120: [GC pause (G1 Evacuation Pause) (young) 5456M->2251M(6144M), 0.0434736 secs]
2018-03-27T14:02:40.483+0200: 8213.757: [GC pause (G1 Evacuation Pause) (young) 5455M->2253M(6144M), 0.0441418 secs]
2018-03-27T14:02:43.291+0200: 8216.565: [GC pause (G1 Evacuation Pause) (young) 5455M->2253M(6144M), 0.0427228 secs]
2018-03-27T14:02:46.279+0200: 8219.553: [GC pause (G1 Evacuation Pause) (young) 5457M->2257M(6144M), 0.0402122 secs]
2018-03-27T14:02:49.713+0200: 8222.987: [GC pause (G1 Evacuation Pause) (young) 5455M->2261M(6144M), 0.0457837 secs]
2018-03-27T14:02:53.017+0200: 8226.291: [GC pause (G1 Evacuation Pause) (young) 5451M->2261M(6144M), 0.0426246 secs]
2018-03-27T14:02:56.786+0200: 8230.060: [GC pause (GCLocker Initiated GC) (young) 5491M->2262M(6144M), 0.0391670 secs]
2018-03-27T14:02:59.625+0200: 8232.899: [GC pause (G1 Evacuation Pause) (young) 5458M->2265M(6144M), 0.0412423 secs]
2018-03-27T14:03:02.309+0200: 8235.582: [GC pause (G1 Evacuation Pause) (young) 5457M->2266M(6144M), 0.0433948 secs]
2018-03-27T14:03:05.738+0200: 8239.012: [GC pause (GCLocker Initiated GC) (young) 5463M->2273M(6144M), 0.0409718 secs]
2018-03-27T14:03:08.659+0200: 8241.932: [GC pause (G1 Evacuation Pause) (young) 5457M->2272M(6144M), 0.0371847 secs]
2018-03-27T14:03:12.381+0200: 8245.655: [GC pause (G1 Evacuation Pause) (young) 5462M->2275M(6144M), 0.0369588 secs]
2018-03-27T14:03:14.576+0200: 8247.849: [GC pause (GCLocker Initiated GC) (young) 5461M->2279M(6144M), 0.0362749 secs]
2018-03-27T14:03:17.126+0200: 8250.399: [GC pause (G1 Evacuation Pause) (young) 5457M->2281M(6144M), 0.0414522 secs]
2018-03-27T14:03:19.820+0200: 8253.094: [GC pause (GCLocker Initiated GC) (young) 5503M->2285M(6144M), 0.0417384 secs]
2018-03-27T14:03:22.487+0200: 8255.761: [GC pause (GCLocker Initiated GC) (young) 5456M->2285M(6144M), 0.0408714 secs]
2018-03-27T14:03:24.699+0200: 8257.972: [GC pause (G1 Evacuation Pause) (young) 5459M->2288M(6144M), 0.0481502 secs]
2018-03-27T14:03:27.653+0200: 8260.927: [GC pause (G1 Evacuation Pause) (young) 5456M->2289M(6144M), 0.0451236 secs]
2018-03-27T14:03:29.963+0200: 8263.237: [GC pause (G1 Evacuation Pause) (young) 5459M->2292M(6144M), 0.0687456 secs]
2018-03-27T14:03:33.107+0200: 8266.381: [GC pause (GCLocker Initiated GC) (young) 5468M->2295M(6144M), 0.0485990 secs]
2018-03-27T14:03:35.560+0200: 8268.833: [GC pause (G1 Evacuation Pause) (young) 5457M->2294M(6144M), 0.0442627 secs]
2018-03-27T14:03:38.535+0200: 8271.808: [GC pause (G1 Evacuation Pause) (young) 5458M->2299M(6144M), 0.0413651 secs]
2018-03-27T14:03:40.892+0200: 8274.165: [GC pause (G1 Evacuation Pause) (young) 5457M->2303M(6144M), 0.0386315 secs]
2018-03-27T14:03:43.480+0200: 8276.753: [GC pause (G1 Evacuation Pause) (young) 5455M->2302M(6144M), 0.0425586 secs]
2018-03-27T14:03:45.762+0200: 8279.036: [GC pause (G1 Evacuation Pause) (young) 5460M->2302M(6144M), 0.0398146 secs]
2018-03-27T14:03:48.473+0200: 8281.747: [GC pause (G1 Evacuation Pause) (young) 5462M->2308M(6144M), 0.0405671 secs]
2018-03-27T14:03:51.205+0200: 8284.479: [GC pause (G1 Evacuation Pause) (young) 5456M->2308M(6144M), 0.0372152 secs]
2018-03-27T14:03:53.431+0200: 8286.705: [GC pause (G1 Evacuation Pause) (young) 5458M->2310M(6144M), 0.0441864 secs]
2018-03-27T14:03:56.367+0200: 8289.641: [GC pause (G1 Evacuation Pause) (young) 5458M->2314M(6144M), 0.0385659 secs]
2018-03-27T14:03:58.826+0200: 8292.100: [GC pause (G1 Evacuation Pause) (young) 5460M->2317M(6144M), 0.0413634 secs]
2018-03-27T14:04:01.529+0200: 8294.803: [GC pause (G1 Evacuation Pause) (young) 5459M->2318M(6144M), 0.0467193 secs]
2018-03-27T14:04:04.741+0200: 8298.014: [GC pause (G1 Evacuation Pause) (young) 5458M->2317M(6144M), 0.0382208 secs]
2018-03-27T14:04:07.614+0200: 8300.887: [GC pause (G1 Evacuation Pause) (young) 5463M->2323M(6144M), 0.0434520 secs]
2018-03-27T14:04:09.869+0200: 8303.143: [GC pause (G1 Evacuation Pause) (young) 5459M->2323M(6144M), 0.0465984 secs]
2018-03-27T14:04:12.651+0200: 8305.924: [GC pause (G1 Evacuation Pause) (young) 5461M->2325M(6144M), 0.0368879 secs]
2018-03-27T14:04:15.186+0200: 8308.460: [GC pause (G1 Evacuation Pause) (young) 5463M->2328M(6144M), 0.0478221 secs]
2018-03-27T14:04:18.084+0200: 8311.358: [GC pause (G1 Evacuation Pause) (young) 5464M->2330M(6144M), 0.0622894 secs]
2018-03-27T14:04:20.797+0200: 8314.071: [GC pause (G1 Evacuation Pause) (young) 5462M->2338M(6144M), 0.0470697 secs]
2018-03-27T14:04:23.289+0200: 8316.563: [GC pause (G1 Evacuation Pause) (young) 5456M->2336M(6144M), 0.0432637 secs]
2018-03-27T14:04:25.773+0200: 8319.046: [GC pause (G1 Evacuation Pause) (young) 5460M->2339M(6144M), 0.0431744 secs]
2018-03-27T14:04:28.501+0200: 8321.775: [GC pause (G1 Evacuation Pause) (young) 5461M->2340M(6144M), 0.0465627 secs]
2018-03-27T14:04:31.425+0200: 8324.699: [GC pause (G1 Evacuation Pause) (young) 5460M->2340M(6144M), 0.0413153 secs]
2018-03-27T14:04:34.577+0200: 8327.851: [GC pause (G1 Evacuation Pause) (young) 5462M->2345M(6144M), 0.0431580 secs]
2018-03-27T14:04:36.963+0200: 8330.236: [GC pause (G1 Evacuation Pause) (young) 5461M->2345M(6144M), 0.0406821 secs]
2018-03-27T14:04:39.897+0200: 8333.171: [GC pause (G1 Evacuation Pause) (young) 5463M->2348M(6144M), 0.0429620 secs]
2018-03-27T14:04:42.390+0200: 8335.663: [GC pause (G1 Evacuation Pause) (young) 5460M->2350M(6144M), 0.0381329 secs]
2018-03-27T14:04:44.817+0200: 8338.091: [GC pause (G1 Evacuation Pause) (young) 5460M->2351M(6144M), 0.0371163 secs]
2018-03-27T14:04:47.844+0200: 8341.118: [GC pause (G1 Evacuation Pause) (young) 5463M->2351M(6144M), 0.0384674 secs]
2018-03-27T14:04:50.068+0200: 8343.342: [GC pause (G1 Evacuation Pause) (young) 5465M->2359M(6144M), 0.0387515 secs]
2018-03-27T14:04:52.455+0200: 8345.729: [GC pause (G1 Evacuation Pause) (young) 5459M->2369M(6144M), 0.0469169 secs]
2018-03-27T14:04:55.459+0200: 8348.733: [GC pause (G1 Evacuation Pause) (young) 5451M->2380M(6144M), 0.0609777 secs]
2018-03-27T14:04:58.103+0200: 8351.376: [GC pause (G1 Evacuation Pause) (young) 5440M->2400M(6144M), 0.0560835 secs]
2018-03-27T14:05:00.715+0200: 8353.989: [GC pause (G1 Evacuation Pause) (young) 5422M->2364M(6144M), 0.0375348 secs]
2018-03-27T14:05:03.863+0200: 8357.136: [GC pause (G1 Evacuation Pause) (young) 5460M->2366M(6144M), 0.0435402 secs]
2018-03-27T14:05:07.349+0200: 8360.622: [GC pause (G1 Evacuation Pause) (young) 5460M->2366M(6144M), 0.0426646 secs]
2018-03-27T14:05:09.606+0200: 8362.880: [GC pause (G1 Evacuation Pause) (young) 5462M->2370M(6144M), 0.0499225 secs]
2018-03-27T14:05:12.987+0200: 8366.260: [GC pause (G1 Evacuation Pause) (young) 5460M->2373M(6144M), 0.0459506 secs]
2018-03-27T14:05:16.046+0200: 8369.320: [GC pause (G1 Evacuation Pause) (young) 5461M->2375M(6144M), 0.0425803 secs]
2018-03-27T14:05:19.238+0200: 8372.512: [GC pause (G1 Evacuation Pause) (young) 5461M->2378M(6144M), 0.0386347 secs]
2018-03-27T14:05:22.501+0200: 8375.775: [GC pause (GCLocker Initiated GC) (young) 5466M->2379M(6144M), 0.0408456 secs]
2018-03-27T14:05:25.056+0200: 8378.330: [GC pause (G1 Evacuation Pause) (young) 5463M->2385M(6144M), 0.0389230 secs]
2018-03-27T14:05:27.083+0200: 8380.357: [GC pause (G1 Evacuation Pause) (young) 5459M->2383M(6144M), 0.0387752 secs]
2018-03-27T14:05:30.004+0200: 8383.278: [GC pause (G1 Evacuation Pause) (young) 5465M->2387M(6144M), 0.0402615 secs]
2018-03-27T14:05:32.688+0200: 8385.962: [GC pause (GCLocker Initiated GC) (young) 5465M->2392M(6144M), 0.0489251 secs]
2018-03-27T14:05:35.521+0200: 8388.795: [GC pause (G1 Evacuation Pause) (young) 5462M->2391M(6144M), 0.0453688 secs]
2018-03-27T14:05:38.036+0200: 8391.310: [GC pause (G1 Evacuation Pause) (young) 5461M->2394M(6144M), 0.0419702 secs]
2018-03-27T14:05:40.744+0200: 8394.017: [GC pause (G1 Evacuation Pause) (young) 5464M->2397M(6144M), 0.0419195 secs]
2018-03-27T14:05:42.884+0200: 8396.157: [GC pause (G1 Evacuation Pause) (young) 5461M->2398M(6144M), 0.0427414 secs]
2018-03-27T14:05:45.435+0200: 8398.709: [GC pause (G1 Evacuation Pause) (young) 5460M->2403M(6144M), 0.0432161 secs]
2018-03-27T14:05:48.228+0200: 8401.501: [GC pause (G1 Evacuation Pause) (young) 5459M->2407M(6144M), 0.0493764 secs]
2018-03-27T14:05:51.410+0200: 8404.684: [GC pause (G1 Evacuation Pause) (young) 5457M->2405M(6144M), 0.0733289 secs]
2018-03-27T14:05:53.729+0200: 8407.002: [GC pause (GCLocker Initiated GC) (young) 5467M->2409M(6144M), 0.0479072 secs]
2018-03-27T14:05:56.370+0200: 8409.644: [GC pause (G1 Evacuation Pause) (young) 5459M->2410M(6144M), 0.0456451 secs]
2018-03-27T14:05:59.034+0200: 8412.307: [GC pause (G1 Evacuation Pause) (young) 5458M->2412M(6144M), 0.0546424 secs]
2018-03-27T14:06:02.297+0200: 8415.570: [GC pause (G1 Evacuation Pause) (young) 5458M->2415M(6144M), 0.0396144 secs]
2018-03-27T14:06:04.785+0200: 8418.059: [GC pause (GCLocker Initiated GC) (young) 5462M->2422M(6144M), 0.0559306 secs]
2018-03-27T14:06:06.679+0200: 8419.953: [GC pause (G1 Evacuation Pause) (young) 5452M->2426M(6144M), 0.0579390 secs]
2018-03-27T14:06:09.100+0200: 8422.373: [GC pause (G1 Evacuation Pause) (young) 5454M->2431M(6144M), 0.0472851 secs]
2018-03-27T14:06:11.224+0200: 8424.498: [GC pause (G1 Evacuation Pause) (young) 5449M->2432M(6144M), 0.0460603 secs]
2018-03-27T14:06:13.531+0200: 8426.804: [GC pause (G1 Evacuation Pause) (young) 5450M->2434M(6144M), 0.0474134 secs]
2018-03-27T14:06:15.641+0200: 8428.915: [GC pause (G1 Evacuation Pause) (young) 5450M->2439M(6144M), 0.0385405 secs]
2018-03-27T14:06:17.911+0200: 8431.184: [GC pause (G1 Evacuation Pause) (young) 5449M->2440M(6144M), 0.0405065 secs]
2018-03-27T14:06:20.365+0200: 8433.639: [GC pause (G1 Evacuation Pause) (young) 5472M->2441M(6144M), 0.0491807 secs]
2018-03-27T14:06:23.342+0200: 8436.616: [GC pause (G1 Evacuation Pause) (young) 5451M->2443M(6144M), 0.0474373 secs]
2018-03-27T14:06:26.191+0200: 8439.465: [GC pause (G1 Evacuation Pause) (young) 5451M->2444M(6144M), 0.0551257 secs]
2018-03-27T14:06:29.029+0200: 8442.303: [GC pause (G1 Evacuation Pause) (young) 5454M->2445M(6144M), 0.0482877 secs]
2018-03-27T14:06:32.472+0200: 8445.746: [GC pause (GCLocker Initiated GC) (young) 5454M->2447M(6144M), 0.0513508 secs]
2018-03-27T14:06:35.129+0200: 8448.403: [GC pause (G1 Evacuation Pause) (young) 5453M->2453M(6144M), 0.0428878 secs]
2018-03-27T14:06:37.266+0200: 8450.540: [GC pause (GCLocker Initiated GC) (young) 5457M->2454M(6144M), 0.0399674 secs]
2018-03-27T14:06:40.219+0200: 8453.492: [GC pause (G1 Evacuation Pause) (young) 5452M->2455M(6144M), 0.0494878 secs]
2018-03-27T14:06:43.113+0200: 8456.387: [GC pause (GCLocker Initiated GC) (young) 5456M->2460M(6144M), 0.0410186 secs]
2018-03-27T14:06:45.705+0200: 8458.979: [GC pause (G1 Evacuation Pause) (young) 5460M->2468M(6144M), 0.0364817 secs]
2018-03-27T14:06:48.138+0200: 8461.411: [GC pause (G1 Evacuation Pause) (young) 5458M->2468M(6144M), 0.0358602 secs]
2018-03-27T14:06:50.935+0200: 8464.208: [GC pause (G1 Evacuation Pause) (young) 5460M->2471M(6144M), 0.0392171 secs]
2018-03-27T14:06:54.574+0200: 8467.848: [GC pause (GCLocker Initiated GC) (young) 5471M->2473M(6144M), 0.0606849 secs]
2018-03-27T14:06:57.803+0200: 8471.076: [GC pause (GCLocker Initiated GC) (young) 5467M->2477M(6144M), 0.0411726 secs]
2018-03-27T14:07:01.269+0200: 8474.543: [GC pause (G1 Evacuation Pause) (young) 5461M->2480M(6144M), 0.0376282 secs]
2018-03-27T14:07:03.858+0200: 8477.132: [GC pause (G1 Evacuation Pause) (young) 5458M->2481M(6144M), 0.0387482 secs]
2018-03-27T14:07:06.939+0200: 8480.213: [GC pause (G1 Evacuation Pause) (young) 5461M->2484M(6144M), 0.0356398 secs]
2018-03-27T14:07:10.058+0200: 8483.331: [GC pause (G1 Evacuation Pause) (young) 5462M->2485M(6144M), 0.0443514 secs]
2018-03-27T14:07:13.336+0200: 8486.610: [GC pause (G1 Evacuation Pause) (young) 5461M->2487M(6144M), 0.0385239 secs]
2018-03-27T14:07:15.486+0200: 8488.760: [GC pause (G1 Evacuation Pause) (young) 5467M->2489M(6144M), 0.0414612 secs]
2018-03-27T14:07:17.658+0200: 8490.931: [GC pause (G1 Evacuation Pause) (young) 5466M->2491M(6144M), 0.0414964 secs]
2018-03-27T14:07:20.806+0200: 8494.079: [GC pause (G1 Evacuation Pause) (young) 5463M->2493M(6144M), 0.0384464 secs]
2018-03-27T14:07:23.645+0200: 8496.919: [GC pause (GCLocker Initiated GC) (young) 5463M->2493M(6144M), 0.0647489 secs]
2018-03-27T14:07:26.661+0200: 8499.935: [GC pause (G1 Evacuation Pause) (young) 5465M->2497M(6144M), 0.0422691 secs]
2018-03-27T14:07:29.933+0200: 8503.207: [GC pause (G1 Evacuation Pause) (young) 5463M->2498M(6144M), 0.0443658 secs]
2018-03-27T14:07:32.461+0200: 8505.735: [GC pause (G1 Evacuation Pause) (young) 5462M->2504M(6144M), 0.0497111 secs]
2018-03-27T14:07:35.242+0200: 8508.516: [GC pause (G1 Evacuation Pause) (young) 5458M->2502M(6144M), 0.0376631 secs]
2018-03-27T14:07:37.787+0200: 8511.061: [GC pause (G1 Evacuation Pause) (young) 5464M->2507M(6144M), 0.0488340 secs]
2018-03-27T14:07:40.058+0200: 8513.331: [GC pause (G1 Evacuation Pause) (young) 5459M->2507M(6144M), 0.0408948 secs]
2018-03-27T14:07:42.147+0200: 8515.421: [GC pause (G1 Evacuation Pause) (young) 5463M->2511M(6144M), 0.0411559 secs]
2018-03-27T14:07:45.076+0200: 8518.350: [GC pause (GCLocker Initiated GC) (young) 5465M->2511M(6144M), 0.0392183 secs]
2018-03-27T14:07:47.621+0200: 8520.895: [GC pause (G1 Evacuation Pause) (young) 5465M->2520M(6144M), 0.0367152 secs]
2018-03-27T14:07:50.042+0200: 8523.316: [GC pause (G1 Evacuation Pause) (young) 5456M->2518M(6144M), 0.0395308 secs]
2018-03-27T14:07:52.404+0200: 8525.678: [GC pause (G1 Evacuation Pause) (young) 5466M->2519M(6144M), 0.0394117 secs]
2018-03-27T14:07:55.032+0200: 8528.306: [GC pause (G1 Evacuation Pause) (young) 5461M->2528M(6144M), 0.0524329 secs]
2018-03-27T14:07:57.329+0200: 8530.602: [GC pause (G1 Evacuation Pause) (young) 5456M->2526M(6144M), 0.0396834 secs]
2018-03-27T14:07:59.626+0200: 8532.900: [GC pause (GCLocker Initiated GC) (young) 5461M->2530M(6144M), 0.0652194 secs]
2018-03-27T14:08:02.153+0200: 8535.426: [GC pause (GCLocker Initiated GC) (young) 5459M->2531M(6144M), 0.0515997 secs]
2018-03-27T14:08:05.029+0200: 8538.303: [GC pause (G1 Evacuation Pause) (young) 5457M->2534M(6144M), 0.0457576 secs]
2018-03-27T14:08:07.599+0200: 8540.873: [GC pause (G1 Evacuation Pause) (young) 5460M->2538M(6144M), 0.0570989 secs]
2018-03-27T14:08:10.129+0200: 8543.403: [GC pause (G1 Evacuation Pause) (young) 5458M->2540M(6144M), 0.0472735 secs]
2018-03-27T14:08:12.638+0200: 8545.912: [GC pause (GCLocker Initiated GC) (young) 5464M->2543M(6144M), 0.0688191 secs]
2018-03-27T14:08:15.094+0200: 8548.368: [GC pause (G1 Evacuation Pause) (young) 5453M->2543M(6144M), 0.0481537 secs]
2018-03-27T14:08:17.945+0200: 8551.219: [GC pause (G1 Evacuation Pause) (young) 5462M->2547M(6144M), 0.0467354 secs]
2018-03-27T14:08:20.801+0200: 8554.075: [GC pause (G1 Evacuation Pause) (young) 5453M->2551M(6144M), 0.0533042 secs]
2018-03-27T14:08:23.299+0200: 8556.573: [GC pause (G1 Evacuation Pause) (young) 5455M->2549M(6144M), 0.0383433 secs]
2018-03-27T14:08:26.947+0200: 8560.221: [GC pause (G1 Evacuation Pause) (young) 5455M->2552M(6144M), 0.0383437 secs]
2018-03-27T14:08:29.341+0200: 8562.615: [GC pause (G1 Evacuation Pause) (young) 5456M->2554M(6144M), 0.0392439 secs]
2018-03-27T14:08:31.776+0200: 8565.050: [GC pause (G1 Evacuation Pause) (young) 5456M->2555M(6144M), 0.0449851 secs]
2018-03-27T14:08:34.410+0200: 8567.684: [GC pause (G1 Evacuation Pause) (young) 5460M->2560M(6144M), 0.0385918 secs]
2018-03-27T14:08:36.717+0200: 8569.991: [GC pause (G1 Evacuation Pause) (young) 5456M->2564M(6144M), 0.0349540 secs]
2018-03-27T14:08:39.133+0200: 8572.407: [GC pause (G1 Evacuation Pause) (young) 5456M->2565M(6144M), 0.0497277 secs]
2018-03-27T14:08:42.154+0200: 8575.428: [GC pause (G1 Evacuation Pause) (young) 5459M->2565M(6144M), 0.0413432 secs]
2018-03-27T14:08:44.812+0200: 8578.086: [GC pause (GCLocker Initiated GC) (young) 5465M->2569M(6144M), 0.0795649 secs]
2018-03-27T14:08:47.879+0200: 8581.152: [GC pause (G1 Evacuation Pause) (young) 5461M->2569M(6144M), 0.0418410 secs]
2018-03-27T14:08:50.463+0200: 8583.737: [GC pause (G1 Evacuation Pause) (young) 5463M->2574M(6144M), 0.0455345 secs]
2018-03-27T14:08:52.982+0200: 8586.256: [GC pause (G1 Evacuation Pause) (young) 5460M->2575M(6144M), 0.0441525 secs]
2018-03-27T14:08:55.829+0200: 8589.102: [GC pause (G1 Evacuation Pause) (young) 5463M->2578M(6144M), 0.0400887 secs]
2018-03-27T14:08:58.510+0200: 8591.784: [GC pause (G1 Evacuation Pause) (young) 5460M->2580M(6144M), 0.0374088 secs]
2018-03-27T14:09:01.425+0200: 8594.699: [GC pause (G1 Evacuation Pause) (young) 5460M->2583M(6144M), 0.0429561 secs]
2018-03-27T14:09:03.943+0200: 8597.217: [GC pause (GCLocker Initiated GC) (young) 5476M->2592M(6144M), 0.0465490 secs]
2018-03-27T14:09:06.375+0200: 8599.648: [GC pause (GCLocker Initiated GC) (young) 5473M->2592M(6144M), 0.0423116 secs]
2018-03-27T14:09:08.424+0200: 8601.697: [GC pause (G1 Evacuation Pause) (young) 5454M->2594M(6144M), 0.0421216 secs]
2018-03-27T14:09:11.706+0200: 8604.979: [GC pause (G1 Evacuation Pause) (young) 5454M->2600M(6144M), 0.0436048 secs]
2018-03-27T14:09:14.285+0200: 8607.559: [GC pause (G1 Evacuation Pause) (young) 5450M->2597M(6144M), 0.0403433 secs]
2018-03-27T14:09:16.964+0200: 8610.238: [GC pause (G1 Evacuation Pause) (young) 5457M->2600M(6144M), 0.0403607 secs]
2018-03-27T14:09:19.398+0200: 8612.672: [GC pause (GCLocker Initiated GC) (young) 5460M->2603M(6144M), 0.0441498 secs]
2018-03-27T14:09:21.508+0200: 8614.782: [GC pause (GCLocker Initiated GC) (young) 5471M->2607M(6144M), 0.0455137 secs]
2018-03-27T14:09:23.287+0200: 8616.561: [GC pause (G1 Evacuation Pause) (young) 5455M->2611M(6144M), 0.0454050 secs]
2018-03-27T14:09:25.347+0200: 8618.621: [GC pause (G1 Evacuation Pause) (young) 5452M->2614M(6144M), 0.0426617 secs]
2018-03-27T14:09:27.497+0200: 8620.771: [GC pause (G1 Evacuation Pause) (young) 5452M->2614M(6144M), 0.0467087 secs]
2018-03-27T14:09:30.513+0200: 8623.787: [GC pause (GCLocker Initiated GC) (young) 5455M->2616M(6144M), 0.0503730 secs]
2018-03-27T14:09:33.186+0200: 8626.460: [GC pause (GCLocker Initiated GC) (young) 5459M->2620M(6144M), 0.0406842 secs]
2018-03-27T14:09:35.354+0200: 8628.627: [GC pause (GCLocker Initiated GC) (young) 5470M->2626M(6144M), 0.0521337 secs]
2018-03-27T14:09:37.334+0200: 8630.608: [GC pause (G1 Evacuation Pause) (young) 5450M->2629M(6144M), 0.0472203 secs]
2018-03-27T14:09:39.563+0200: 8632.837: [GC pause (G1 Evacuation Pause) (young) 5451M->2629M(6144M), 0.0437614 secs]
2018-03-27T14:09:41.738+0200: 8635.012: [GC pause (G1 Evacuation Pause) (young) 5457M->2633M(6144M), 0.0531465 secs]
2018-03-27T14:09:44.454+0200: 8637.727: [GC pause (GCLocker Initiated GC) (young) 5463M->2637M(6144M), 0.0394477 secs]
2018-03-27T14:09:46.615+0200: 8639.889: [GC pause (G1 Evacuation Pause) (young) 5457M->2638M(6144M), 0.0526513 secs]
2018-03-27T14:09:48.977+0200: 8642.251: [GC pause (G1 Evacuation Pause) (young) 5456M->2638M(6144M), 0.0385261 secs]
2018-03-27T14:09:51.281+0200: 8644.555: [GC pause (GCLocker Initiated GC) (young) 5471M->2643M(6144M), 0.0400831 secs]
2018-03-27T14:09:53.996+0200: 8647.270: [GC pause (G1 Evacuation Pause) (young) 5455M->2642M(6144M), 0.0451346 secs]
2018-03-27T14:09:56.023+0200: 8649.297: [GC pause (G1 Evacuation Pause) (young) 5458M->2645M(6144M), 0.0474639 secs]
2018-03-27T14:09:58.726+0200: 8652.000: [GC pause (GCLocker Initiated GC) (young) 5458M->2650M(6144M), 0.0385758 secs]
2018-03-27T14:10:00.889+0200: 8654.163: [GC pause (G1 Evacuation Pause) (young) 5456M->2654M(6144M), 0.0398391 secs]
2018-03-27T14:10:03.650+0200: 8656.924: [GC pause (G1 Evacuation Pause) (young) 5454M->2653M(6144M), 0.0401977 secs]
2018-03-27T14:10:06.218+0200: 8659.492: [GC pause (G1 Evacuation Pause) (young) 5459M->2656M(6144M), 0.0412748 secs]
2018-03-27T14:10:09.287+0200: 8662.561: [GC pause (G1 Evacuation Pause) (young) 5462M->2657M(6144M), 0.0400128 secs]
2018-03-27T14:10:11.828+0200: 8665.102: [GC pause (G1 Evacuation Pause) (young) 5461M->2661M(6144M), 0.0403470 secs]
2018-03-27T14:10:14.823+0200: 8668.097: [GC pause (G1 Evacuation Pause) (young) 5461M->2662M(6144M), 0.0516146 secs]
2018-03-27T14:10:17.262+0200: 8670.535: [GC pause (G1 Evacuation Pause) (young) 5464M->2664M(6144M), 0.0390817 secs]
2018-03-27T14:10:19.861+0200: 8673.135: [GC pause (G1 Evacuation Pause) (young) 5464M->2667M(6144M), 0.0393776 secs]
2018-03-27T14:10:22.972+0200: 8676.246: [GC pause (G1 Evacuation Pause) (young) 5463M->2666M(6144M), 0.0384339 secs]
2018-03-27T14:10:25.761+0200: 8679.035: [GC pause (G1 Evacuation Pause) (young) 5465M->2667M(6144M), 0.0394650 secs]
2018-03-27T14:10:28.183+0200: 8681.456: [GC pause (G1 Evacuation Pause) (young) 5469M->2671M(6144M), 0.0381012 secs]
2018-03-27T14:10:31.138+0200: 8684.412: [GC pause (GCLocker Initiated GC) (young) 5468M->2676M(6144M), 0.0371820 secs]
2018-03-27T14:10:33.954+0200: 8687.227: [GC pause (G1 Evacuation Pause) (young) 5460M->2678M(6144M), 0.0398930 secs]
2018-03-27T14:10:36.390+0200: 8689.663: [GC pause (G1 Evacuation Pause) (young) 5460M->2680M(6144M), 0.0444351 secs]
2018-03-27T14:10:38.626+0200: 8691.900: [GC pause (G1 Evacuation Pause) (young) 5460M->2680M(6144M), 0.0421953 secs]
2018-03-27T14:10:41.442+0200: 8694.715: [GC pause (G1 Evacuation Pause) (young) 5463M->2686M(6144M), 0.0475015 secs]
2018-03-27T14:10:43.726+0200: 8696.999: [GC pause (G1 Evacuation Pause) (young) 5463M->2690M(6144M), 0.0485867 secs]
2018-03-27T14:10:46.061+0200: 8699.334: [GC pause (G1 Evacuation Pause) (young) 5458M->2693M(6144M), 0.0464787 secs]
2018-03-27T14:10:49.115+0200: 8702.389: [GC pause (G1 Evacuation Pause) (young) 5463M->2694M(6144M), 0.0531209 secs]
2018-03-27T14:10:51.914+0200: 8705.187: [GC pause (G1 Evacuation Pause) (young) 5460M->2695M(6144M), 0.0370507 secs]
2018-03-27T14:10:54.870+0200: 8708.144: [GC pause (G1 Evacuation Pause) (young) 5459M->2695M(6144M), 0.0364034 secs]
2018-03-27T14:10:57.195+0200: 8710.469: [GC pause (G1 Evacuation Pause) (young) 5463M->2698M(6144M), 0.0380450 secs]
2018-03-27T14:10:59.762+0200: 8713.035: [GC pause (G1 Evacuation Pause) (young) 5458M->2701M(6144M), 0.0517526 secs]
2018-03-27T14:11:01.690+0200: 8714.964: [GC pause (G1 Evacuation Pause) (young) 5459M->2702M(6144M), 0.0425674 secs]
2018-03-27T14:11:04.192+0200: 8717.466: [GC pause (G1 Evacuation Pause) (young) 5458M->2704M(6144M), 0.0385695 secs]
2018-03-27T14:11:06.456+0200: 8719.729: [GC pause (G1 Evacuation Pause) (young) 5458M->2705M(6144M), 0.0377244 secs]
2018-03-27T14:11:08.621+0200: 8721.895: [GC pause (G1 Evacuation Pause) (young) 5461M->2715M(6144M), 0.0386156 secs]
2018-03-27T14:11:10.961+0200: 8724.235: [GC pause (G1 Evacuation Pause) (young) 5453M->2716M(6144M), 0.0415036 secs]
2018-03-27T14:11:13.348+0200: 8726.622: [GC pause (G1 Evacuation Pause) (young) 5456M->2717M(6144M), 0.0365085 secs]
2018-03-27T14:11:15.133+0200: 8728.407: [GC pause (G1 Evacuation Pause) (young) 5456M->2716M(6144M), 0.0395123 secs]
2018-03-27T14:11:17.252+0200: 8730.526: [GC pause (G1 Evacuation Pause) (young) 5458M->2722M(6144M), 0.0473685 secs]
2018-03-27T14:11:19.037+0200: 8732.311: [GC pause (G1 Evacuation Pause) (young) 5458M->2723M(6144M), 0.0434494 secs]
2018-03-27T14:11:20.800+0200: 8734.074: [GC pause (G1 Evacuation Pause) (young) 5459M->2724M(6144M), 0.0395364 secs]
2018-03-27T14:11:23.130+0200: 8736.404: [GC pause (G1 Evacuation Pause) (young) 5480M->2727M(6144M), 0.0443265 secs]
2018-03-27T14:11:25.299+0200: 8738.572: [GC pause (G1 Evacuation Pause) (young) 5461M->2727M(6144M), 0.0409615 secs]
2018-03-27T14:11:27.372+0200: 8740.646: [GC pause (G1 Evacuation Pause) (young) 5463M->2735M(6144M), 0.0397805 secs]
2018-03-27T14:11:29.718+0200: 8742.992: [GC pause (G1 Evacuation Pause) (young) 5457M->2735M(6144M), 0.0359848 secs]
2018-03-27T14:11:32.122+0200: 8745.396: [GC pause (G1 Evacuation Pause) (young) 5459M->2735M(6144M), 0.0524971 secs]
2018-03-27T14:11:34.647+0200: 8747.921: [GC pause (G1 Evacuation Pause) (young) 5461M->2737M(6144M), 0.0403939 secs]
2018-03-27T14:11:37.218+0200: 8750.492: [GC pause (G1 Evacuation Pause) (young) 5461M->2734M(6144M), 0.0341430 secs]
2018-03-27T14:11:39.601+0200: 8752.874: [GC pause (G1 Evacuation Pause) (young) 5468M->2735M(6144M), 0.0336515 secs]
2018-03-27T14:11:41.662+0200: 8754.936: [GC pause (G1 Evacuation Pause) (young) 5465M->2737M(6144M), 0.0340540 secs]
2018-03-27T14:11:44.557+0200: 8757.831: [GC pause (G1 Evacuation Pause) (young) 5467M->2742M(6144M), 0.0416082 secs]
2018-03-27T14:11:46.738+0200: 8760.012: [GC pause (GCLocker Initiated GC) (young) 5464M->2746M(6144M), 0.0574055 secs]
2018-03-27T14:11:49.393+0200: 8762.667: [GC pause (G1 Evacuation Pause) (young) 5464M->2749M(6144M), 0.0378004 secs]
2018-03-27T14:11:51.776+0200: 8765.050: [GC pause (G1 Evacuation Pause) (young) 5461M->2750M(6144M), 0.0440965 secs]
2018-03-27T14:11:54.191+0200: 8767.465: [GC pause (G1 Evacuation Pause) (young) 5460M->2753M(6144M), 0.0377335 secs]
2018-03-27T14:11:56.496+0200: 8769.769: [GC pause (G1 Evacuation Pause) (young) 5462M->2754M(6144M), 0.0428957 secs]
2018-03-27T14:11:58.810+0200: 8772.084: [GC pause (GCLocker Initiated GC) (young) 5465M->2755M(6144M), 0.0377692 secs]
2018-03-27T14:12:01.519+0200: 8774.793: [GC pause (G1 Evacuation Pause) (young) 5463M->2756M(6144M), 0.0437007 secs]
2018-03-27T14:12:04.449+0200: 8777.723: [GC pause (G1 Evacuation Pause) (young) 5466M->2762M(6144M), 0.0567673 secs]
2018-03-27T14:12:06.429+0200: 8779.703: [GC pause (G1 Evacuation Pause) (young) 5462M->2767M(6144M), 0.0609281 secs]
2018-03-27T14:12:08.424+0200: 8781.698: [GC pause (G1 Evacuation Pause) (young) 5457M->2767M(6144M), 0.0446567 secs]
2018-03-27T14:12:10.376+0200: 8783.650: [GC pause (G1 Evacuation Pause) (young) 5459M->2770M(6144M), 0.0631116 secs]
2018-03-27T14:12:12.375+0200: 8785.648: [GC pause (G1 Evacuation Pause) (young) 5456M->2776M(6144M), 0.0472361 secs]
2018-03-27T14:12:14.339+0200: 8787.613: [GC pause (G1 Evacuation Pause) (young) 5452M->2774M(6144M), 0.0528894 secs]
2018-03-27T14:12:15.987+0200: 8789.260: [GC pause (G1 Evacuation Pause) (young) 5460M->2777M(6144M), 0.0516581 secs]
2018-03-27T14:12:17.934+0200: 8791.208: [GC pause (G1 Evacuation Pause) (young) 5455M->2779M(6144M), 0.0425184 secs]
2018-03-27T14:12:20.121+0200: 8793.395: [GC pause (G1 Evacuation Pause) (young) 5479M->2783M(6144M), 0.0529645 secs]
2018-03-27T14:12:22.553+0200: 8795.827: [GC pause (G1 Evacuation Pause) (young) 5458M->2781M(6144M), 0.0430945 secs]
2018-03-27T14:12:24.825+0200: 8798.098: [GC pause (G1 Evacuation Pause) (young) 5461M->2779M(6144M), 0.0510675 secs]
2018-03-27T14:12:27.197+0200: 8800.471: [GC pause (G1 Evacuation Pause) (young) 5465M->2783M(6144M), 0.0373170 secs]
2018-03-27T14:12:29.967+0200: 8803.241: [GC pause (G1 Evacuation Pause) (young) 5459M->2785M(6144M), 0.0650108 secs]
2018-03-27T14:12:32.569+0200: 8805.843: [GC pause (G1 Evacuation Pause) (young) 5463M->2791M(6144M), 0.0379630 secs]
2018-03-27T14:12:34.799+0200: 8808.072: [GC pause (G1 Evacuation Pause) (young) 5460M->2793M(6144M), 0.0401230 secs]
2018-03-27T14:12:36.874+0200: 8810.148: [GC pause (G1 Evacuation Pause) (young) 5457M->2792M(6144M), 0.0406527 secs]
2018-03-27T14:12:39.281+0200: 8812.555: [GC pause (G1 Evacuation Pause) (young) 5462M->2794M(6144M), 0.0444948 secs]
2018-03-27T14:12:41.910+0200: 8815.183: [GC pause (GCLocker Initiated GC) (young) 5466M->2798M(6144M), 0.0369136 secs]
2018-03-27T14:12:44.653+0200: 8817.927: [GC pause (G1 Evacuation Pause) (young) 5466M->2801M(6144M), 0.0384141 secs]
2018-03-27T14:12:47.309+0200: 8820.582: [GC pause (G1 Evacuation Pause) (young) 5467M->2802M(6144M), 0.0357949 secs]
2018-03-27T14:12:47.593+0200: 8820.867: [GC pause (G1 Humongous Allocation) (young) (initial-mark) 3241M->2807M(6144M), 0.0496319 secs]
2018-03-27T14:12:47.643+0200: 8820.917: [GC concurrent-root-region-scan-start]
2018-03-27T14:12:47.688+0200: 8820.962: [GC concurrent-root-region-scan-end, 0.0452665 secs]
2018-03-27T14:12:47.688+0200: 8820.962: [GC concurrent-mark-start]
2018-03-27T14:12:50.151+0200: 8823.425: [GC concurrent-mark-end, 2.4628125 secs]
2018-03-27T14:12:50.154+0200: 8823.427: [GC remark, 0.2278181 secs]
2018-03-27T14:12:50.385+0200: 8823.658: [GC cleanup 5470M->5466M(6144M), 0.0186892 secs]
2018-03-27T14:12:50.404+0200: 8823.678: [GC concurrent-cleanup-start]
2018-03-27T14:12:50.404+0200: 8823.678: [GC concurrent-cleanup-end, 0.0000412 secs]
2018-03-27T14:12:50.411+0200: 8823.684: [GC pause (G1 Evacuation Pause) (young) 5468M->2801M(6144M), 0.0450463 secs]
2018-03-27T14:12:50.638+0200: 8823.912: [GC pause (G1 Evacuation Pause) (mixed) 3049M->2335M(6144M), 0.1451095 secs]
2018-03-27T14:12:50.954+0200: 8824.228: [GC pause (G1 Evacuation Pause) (mixed) 2611M->2155M(6144M), 0.1330148 secs]
2018-03-27T14:12:51.232+0200: 8824.506: [GC pause (G1 Evacuation Pause) (mixed) 2437M->2038M(6144M), 0.1424492 secs]
2018-03-27T14:12:51.530+0200: 8824.804: [GC pause (G1 Evacuation Pause) (young) 2320M->2039M(6144M), 0.0548233 secs]
2018-03-27T14:12:51.728+0200: 8825.001: [GC pause (GCLocker Initiated GC) (young) 2337M->2041M(6144M), 0.0227558 secs]
2018-03-27T14:12:51.887+0200: 8825.161: [GC pause (GCLocker Initiated GC) (young) 2326M->2042M(6144M), 0.0235714 secs]
2018-03-27T14:12:52.107+0200: 8825.381: [GC pause (G1 Evacuation Pause) (young) 2320M->2040M(6144M), 0.0374049 secs]
2018-03-27T14:12:52.370+0200: 8825.644: [GC pause (G1 Evacuation Pause) (young) 2320M->2041M(6144M), 0.0628319 secs]
2018-03-27T14:12:52.653+0200: 8825.927: [GC pause (G1 Evacuation Pause) (young) 2321M->2043M(6144M), 0.0219620 secs]
2018-03-27T14:12:52.844+0200: 8826.118: [GC pause (GCLocker Initiated GC) (young) 2327M->2044M(6144M), 0.0232540 secs]
2018-03-27T14:12:53.064+0200: 8826.338: [GC pause (G1 Evacuation Pause) (young) 2320M->2044M(6144M), 0.0294035 secs]
2018-03-27T14:12:53.319+0200: 8826.592: [GC pause (G1 Evacuation Pause) (young) 2326M->2043M(6144M), 0.0208641 secs]
2018-03-27T14:12:53.627+0200: 8826.901: [GC pause (G1 Evacuation Pause) (young) 2325M->2046M(6144M), 0.0416934 secs]
2018-03-27T14:12:53.905+0200: 8827.179: [GC pause (GCLocker Initiated GC) (young) 2326M->2045M(6144M), 0.0237573 secs]
2018-03-27T14:12:54.190+0200: 8827.464: [GC pause (G1 Evacuation Pause) (young) 2325M->2047M(6144M), 0.0216603 secs]
2018-03-27T14:12:54.372+0200: 8827.646: [GC pause (G1 Evacuation Pause) (young) 2331M->2046M(6144M), 0.0246276 secs]
2018-03-27T14:12:54.626+0200: 8827.899: [GC pause (GCLocker Initiated GC) (young) 2333M->2050M(6144M), 0.0250255 secs]
2018-03-27T14:12:54.816+0200: 8828.089: [GC pause (G1 Evacuation Pause) (young) 2332M->2050M(6144M), 0.0253679 secs]
2018-03-27T14:12:57.386+0200: 8830.660: [GC pause (G1 Evacuation Pause) (young) 4930M->2055M(6144M), 0.0277127 secs]
2018-03-27T14:13:00.791+0200: 8834.065: [GC pause (G1 Evacuation Pause) (young) 5451M->2063M(6144M), 0.0300540 secs]
2018-03-27T14:13:04.154+0200: 8837.428: [GC pause (G1 Evacuation Pause) (young) 5465M->2066M(6144M), 0.0281403 secs]
2018-03-27T14:13:07.357+0200: 8840.631: [GC pause (G1 Evacuation Pause) (young) 5474M->2071M(6144M), 0.0350447 secs]
2018-03-27T14:13:10.676+0200: 8843.950: [GC pause (G1 Evacuation Pause) (young) 5483M->2076M(6144M), 0.0448521 secs]
2018-03-27T14:13:13.692+0200: 8846.966: [GC pause (G1 Evacuation Pause) (young) 5483M->2079M(6144M), 0.0338929 secs]
2018-03-27T14:13:16.954+0200: 8850.227: [GC pause (G1 Evacuation Pause) (young) 5475M->2084M(6144M), 0.0346125 secs]
2018-03-27T14:13:19.925+0200: 8853.198: [GC pause (G1 Evacuation Pause) (young) 5472M->2086M(6144M), 0.0362858 secs]
2018-03-27T14:13:23.166+0200: 8856.440: [GC pause (G1 Evacuation Pause) (young) 5470M->2088M(6144M), 0.0399811 secs]
2018-03-27T14:13:26.061+0200: 8859.335: [GC pause (G1 Evacuation Pause) (young) 5468M->2091M(6144M), 0.0363218 secs]
2018-03-27T14:13:28.977+0200: 8862.250: [GC pause (G1 Evacuation Pause) (young) 5488M->2094M(6144M), 0.0657033 secs]
2018-03-27T14:13:32.306+0200: 8865.579: [GC pause (G1 Evacuation Pause) (young) 5466M->2096M(6144M), 0.0381692 secs]
2018-03-27T14:13:34.948+0200: 8868.221: [GC pause (GCLocker Initiated GC) (young) 5465M->2100M(6144M), 0.0388329 secs]
2018-03-27T14:13:37.889+0200: 8871.163: [GC pause (G1 Evacuation Pause) (young) 5460M->2101M(6144M), 0.0393635 secs]
2018-03-27T14:13:41.247+0200: 8874.521: [GC pause (G1 Evacuation Pause) (young) 5455M->2102M(6144M), 0.0414383 secs]
2018-03-27T14:13:44.501+0200: 8877.775: [GC pause (G1 Evacuation Pause) (young) 5456M->2103M(6144M), 0.0478690 secs]
2018-03-27T14:13:47.534+0200: 8880.808: [GC pause (G1 Evacuation Pause) (young) 5457M->2108M(6144M), 0.0440905 secs]
2018-03-27T14:13:49.975+0200: 8883.248: [GC pause (GCLocker Initiated GC) (young) 5455M->2109M(6144M), 0.0483677 secs]
2018-03-27T14:13:53.543+0200: 8886.816: [GC pause (G1 Evacuation Pause) (young) 5457M->2114M(6144M), 0.0683562 secs]
2018-03-27T14:13:56.602+0200: 8889.875: [GC pause (G1 Evacuation Pause) (young) 5454M->2119M(6144M), 0.0475290 secs]
2018-03-27T14:13:59.425+0200: 8892.699: [GC pause (G1 Evacuation Pause) (young) 5453M->2117M(6144M), 0.0431236 secs]
2018-03-27T14:14:02.203+0200: 8895.476: [GC pause (G1 Evacuation Pause) (young) 5458M->2122M(6144M), 0.0460507 secs]
2018-03-27T14:14:05.014+0200: 8898.288: [GC pause (GCLocker Initiated GC) (young) 5456M->2125M(6144M), 0.0493559 secs]
2018-03-27T14:14:08.126+0200: 8901.399: [GC pause (G1 Evacuation Pause) (young) 5455M->2126M(6144M), 0.0420112 secs]
2018-03-27T14:14:10.455+0200: 8903.729: [GC pause (G1 Evacuation Pause) (young) 5454M->2131M(6144M), 0.0489935 secs]
2018-03-27T14:14:13.159+0200: 8906.432: [GC pause (G1 Evacuation Pause) (young) 5453M->2134M(6144M), 0.0619820 secs]
2018-03-27T14:14:15.864+0200: 8909.138: [GC pause (G1 Evacuation Pause) (young) 5454M->2136M(6144M), 0.0474689 secs]
2018-03-27T14:14:19.136+0200: 8912.410: [GC pause (GCLocker Initiated GC) (young) 5452M->2139M(6144M), 0.0395092 secs]
2018-03-27T14:14:22.098+0200: 8915.371: [GC pause (GCLocker Initiated GC) (young) 5454M->2142M(6144M), 0.0629974 secs]
2018-03-27T14:14:25.256+0200: 8918.530: [GC pause (G1 Evacuation Pause) (young) 5454M->2145M(6144M), 0.0444445 secs]
2018-03-27T14:14:27.721+0200: 8920.995: [GC pause (G1 Evacuation Pause) (young) 5451M->2146M(6144M), 0.0472630 secs]
2018-03-27T14:14:31.202+0200: 8924.476: [GC pause (G1 Evacuation Pause) (young) 5450M->2146M(6144M), 0.0431626 secs]
2018-03-27T14:14:34.816+0200: 8928.090: [GC pause (G1 Evacuation Pause) (young) 5454M->2147M(6144M), 0.0760231 secs]
2018-03-27T14:14:38.092+0200: 8931.366: [GC pause (G1 Evacuation Pause) (young) 5457M->2149M(6144M), 0.0393929 secs]
2018-03-27T14:14:41.718+0200: 8934.991: [GC pause (G1 Evacuation Pause) (young) 5458M->2153M(6144M), 0.0409229 secs]
2018-03-27T14:14:44.464+0200: 8937.738: [GC pause (G1 Evacuation Pause) (young) 5455M->2153M(6144M), 0.0417058 secs]
2018-03-27T14:14:48.473+0200: 8941.747: [GC pause (G1 Evacuation Pause) (young) 5457M->2156M(6144M), 0.0406304 secs]
2018-03-27T14:14:51.454+0200: 8944.728: [GC pause (G1 Evacuation Pause) (young) 5458M->2157M(6144M), 0.0427674 secs]
2018-03-27T14:14:54.884+0200: 8948.158: [GC pause (GCLocker Initiated GC) (young) 5465M->2165M(6144M), 0.0450300 secs]
2018-03-27T14:14:57.877+0200: 8951.151: [GC pause (G1 Evacuation Pause) (young) 5457M->2166M(6144M), 0.0408387 secs]
2018-03-27T14:15:00.578+0200: 8953.852: [GC pause (GCLocker Initiated GC) (young) 5497M->2166M(6144M), 0.0376173 secs]
2018-03-27T14:15:03.983+0200: 8957.257: [GC pause (G1 Evacuation Pause) (young) 5460M->2168M(6144M), 0.0397438 secs]
2018-03-27T14:15:06.719+0200: 8959.993: [GC pause (G1 Evacuation Pause) (young) 5460M->2173M(6144M), 0.0442015 secs]
2018-03-27T14:15:10.006+0200: 8963.280: [GC pause (G1 Evacuation Pause) (young) 5459M->2173M(6144M), 0.0539977 secs]
2018-03-27T14:15:13.138+0200: 8966.412: [GC pause (G1 Evacuation Pause) (young) 5461M->2178M(6144M), 0.0430757 secs]
2018-03-27T14:15:14.315+0200: 8967.588: [GC pause (G1 Evacuation Pause) (young) 3226M->2181M(6144M), 0.0689409 secs]
2018-03-27T14:15:14.585+0200: 8967.859: [GC pause (G1 Evacuation Pause) (young) 2459M->2186M(6144M), 0.0405663 secs]
2018-03-27T14:15:14.825+0200: 8968.099: [GC pause (G1 Evacuation Pause) (young) 2470M->2187M(6144M), 0.0233638 secs]
2018-03-27T14:15:17.219+0200: 8970.492: [GC pause (G1 Evacuation Pause) (young) 4935M->2188M(6144M), 0.0470411 secs]
2018-03-27T14:15:20.031+0200: 8973.305: [GC pause (GCLocker Initiated GC) (young) 5425M->2196M(6144M), 0.0274926 secs]
2018-03-27T14:15:22.427+0200: 8975.701: [GC pause (GCLocker Initiated GC) (young) 5429M->2204M(6144M), 0.0425370 secs]
2018-03-27T14:15:26.268+0200: 8979.541: [GC pause (G1 Evacuation Pause) (young) 5438M->2205M(6144M), 0.0339396 secs]
2018-03-27T14:15:29.205+0200: 8982.479: [GC pause (G1 Evacuation Pause) (young) 5455M->2209M(6144M), 0.0566337 secs]
2018-03-27T14:15:33.057+0200: 8986.331: [GC pause (G1 Evacuation Pause) (young) 5465M->2217M(6144M), 0.0380348 secs]
2018-03-27T14:15:36.014+0200: 8989.288: [GC pause (G1 Evacuation Pause) (young) 5469M->2219M(6144M), 0.0396719 secs]
2018-03-27T14:15:39.429+0200: 8992.702: [GC pause (GCLocker Initiated GC) (young) 5468M->2218M(6144M), 0.0419677 secs]
2018-03-27T14:15:43.142+0200: 8996.415: [GC pause (G1 Evacuation Pause) (young) 5470M->2222M(6144M), 0.0355800 secs]
2018-03-27T14:15:46.152+0200: 8999.426: [GC pause (G1 Evacuation Pause) (young) 5466M->2223M(6144M), 0.0380531 secs]
2018-03-27T14:15:49.206+0200: 9002.480: [GC pause (G1 Evacuation Pause) (young) 5463M->2226M(6144M), 0.0355460 secs]
2018-03-27T14:15:51.896+0200: 9005.169: [GC pause (G1 Evacuation Pause) (young) 5462M->2227M(6144M), 0.0334129 secs]
2018-03-27T14:15:55.110+0200: 9008.383: [GC pause (G1 Evacuation Pause) (young) 5462M->2225M(6144M), 0.0546273 secs]
2018-03-27T14:15:57.515+0200: 9010.788: [GC pause (G1 Evacuation Pause) (young) 5465M->2228M(6144M), 0.0457732 secs]
2018-03-27T14:16:01.010+0200: 9014.284: [GC pause (GCLocker Initiated GC) (young) 5465M->2232M(6144M), 0.0447066 secs]
2018-03-27T14:16:04.653+0200: 9017.927: [GC pause (GCLocker Initiated GC) (young) 5476M->2232M(6144M), 0.0402514 secs]
2018-03-27T14:16:08.038+0200: 9021.312: [GC pause (GCLocker Initiated GC) (young) 5466M->2237M(6144M), 0.0540526 secs]
2018-03-27T14:16:10.511+0200: 9023.785: [GC pause (G1 Evacuation Pause) (young) 5457M->2237M(6144M), 0.0558639 secs]
2018-03-27T14:16:13.089+0200: 9026.363: [GC pause (G1 Evacuation Pause) (young) 5464M->2238M(6144M), 0.0454141 secs]
2018-03-27T14:16:15.532+0200: 9028.806: [GC pause (G1 Evacuation Pause) (young) 5460M->2243M(6144M), 0.0641882 secs]
2018-03-27T14:16:18.951+0200: 9032.225: [GC pause (G1 Evacuation Pause) (young) 5459M->2241M(6144M), 0.0396381 secs]
2018-03-27T14:16:21.549+0200: 9034.823: [GC pause (G1 Evacuation Pause) (young) 5463M->2246M(6144M), 0.0403307 secs]
2018-03-27T14:16:24.312+0200: 9037.586: [GC pause (G1 Evacuation Pause) (young) 5464M->2250M(6144M), 0.0404483 secs]
2018-03-27T14:16:27.386+0200: 9040.659: [GC pause (G1 Evacuation Pause) (young) 5458M->2255M(6144M), 0.0389715 secs]
2018-03-27T14:16:30.314+0200: 9043.587: [GC pause (G1 Evacuation Pause) (young) 5455M->2257M(6144M), 0.0455836 secs]
2018-03-27T14:16:33.711+0200: 9046.985: [GC pause (G1 Evacuation Pause) (young) 5455M->2262M(6144M), 0.0453549 secs]
2018-03-27T14:16:36.206+0200: 9049.480: [GC pause (G1 Evacuation Pause) (young) 5456M->2259M(6144M), 0.0429392 secs]
2018-03-27T14:16:38.993+0200: 9052.266: [GC pause (G1 Evacuation Pause) (young) 5457M->2262M(6144M), 0.0585394 secs]
2018-03-27T14:16:42.070+0200: 9055.344: [GC pause (G1 Evacuation Pause) (young) 5454M->2266M(6144M), 0.0442102 secs]
2018-03-27T14:16:44.381+0200: 9057.655: [GC pause (G1 Evacuation Pause) (young) 5452M->2266M(6144M), 0.0403520 secs]
2018-03-27T14:16:47.084+0200: 9060.358: [GC pause (G1 Evacuation Pause) (young) 5454M->2271M(6144M), 0.0386375 secs]
2018-03-27T14:16:50.674+0200: 9063.948: [GC pause (G1 Evacuation Pause) (young) 5453M->2270M(6144M), 0.0448412 secs]
2018-03-27T14:16:53.585+0200: 9066.859: [GC pause (GCLocker Initiated GC) (young) 5459M->2272M(6144M), 0.0425015 secs]
2018-03-27T14:16:56.336+0200: 9069.610: [GC pause (G1 Evacuation Pause) (young) 5454M->2277M(6144M), 0.0400617 secs]
2018-03-27T14:16:58.926+0200: 9072.200: [GC pause (G1 Evacuation Pause) (young) 5455M->2280M(6144M), 0.0396593 secs]
2018-03-27T14:17:01.944+0200: 9075.218: [GC pause (G1 Evacuation Pause) (young) 5452M->2280M(6144M), 0.0471035 secs]
2018-03-27T14:17:04.687+0200: 9077.961: [GC pause (G1 Evacuation Pause) (young) 5454M->2283M(6144M), 0.0450678 secs]
2018-03-27T14:17:07.273+0200: 9080.547: [GC pause (GCLocker Initiated GC) (young) 5461M->2284M(6144M), 0.0411629 secs]
2018-03-27T14:17:10.040+0200: 9083.314: [GC pause (G1 Evacuation Pause) (young) 5460M->2287M(6144M), 0.0520076 secs]
2018-03-27T14:17:12.685+0200: 9085.959: [GC pause (GCLocker Initiated GC) (young) 5466M->2289M(6144M), 0.0399674 secs]
2018-03-27T14:17:15.361+0200: 9088.635: [GC pause (G1 Evacuation Pause) (young) 5460M->2291M(6144M), 0.0398399 secs]
2018-03-27T14:17:18.325+0200: 9091.599: [GC pause (G1 Evacuation Pause) (young) 5463M->2294M(6144M), 0.0488147 secs]
2018-03-27T14:17:21.123+0200: 9094.397: [GC pause (GCLocker Initiated GC) (young) 5463M->2297M(6144M), 0.0712808 secs]
2018-03-27T14:17:23.993+0200: 9097.266: [GC pause (G1 Evacuation Pause) (young) 5461M->2301M(6144M), 0.0480246 secs]
2018-03-27T14:17:26.597+0200: 9099.871: [GC pause (G1 Evacuation Pause) (young) 5459M->2300M(6144M), 0.0394991 secs]
2018-03-27T14:17:29.689+0200: 9102.963: [GC pause (G1 Evacuation Pause) (young) 5462M->2303M(6144M), 0.0603902 secs]
2018-03-27T14:17:32.510+0200: 9105.784: [GC pause (G1 Evacuation Pause) (young) 5461M->2305M(6144M), 0.0405056 secs]
2018-03-27T14:17:34.794+0200: 9108.067: [GC pause (G1 Evacuation Pause) (young) 5461M->2309M(6144M), 0.0389499 secs]
2018-03-27T14:17:36.519+0200: 9109.793: [GC pause (G1 Evacuation Pause) (young) 5461M->2316M(6144M), 0.0415317 secs]
2018-03-27T14:17:39.409+0200: 9112.683: [GC pause (G1 Evacuation Pause) (young) 5458M->2311M(6144M), 0.0377659 secs]
2018-03-27T14:17:41.881+0200: 9115.155: [GC pause (G1 Evacuation Pause) (young) 5464M->2317M(6144M), 0.0444820 secs]
2018-03-27T14:17:44.629+0200: 9117.903: [GC pause (G1 Evacuation Pause) (young) 5459M->2315M(6144M), 0.0382068 secs]
2018-03-27T14:17:46.846+0200: 9120.120: [GC pause (G1 Evacuation Pause) (young) 5463M->2316M(6144M), 0.0395807 secs]
2018-03-27T14:17:49.218+0200: 9122.492: [GC pause (G1 Evacuation Pause) (young) 5463M->2317M(6144M), 0.0400755 secs]
2018-03-27T14:17:52.161+0200: 9125.434: [GC pause (G1 Evacuation Pause) (young) 5461M->2320M(6144M), 0.0391819 secs]
2018-03-27T14:17:54.770+0200: 9128.044: [GC pause (G1 Evacuation Pause) (young) 5462M->2324M(6144M), 0.0394593 secs]
2018-03-27T14:17:57.696+0200: 9130.970: [GC pause (G1 Evacuation Pause) (young) 5460M->2325M(6144M), 0.0375111 secs]
2018-03-27T14:18:00.869+0200: 9134.143: [GC pause (G1 Evacuation Pause) (young) 5463M->2330M(6144M), 0.0374022 secs]
2018-03-27T14:18:03.920+0200: 9137.194: [GC pause (G1 Evacuation Pause) (young) 5458M->2332M(6144M), 0.0517836 secs]
2018-03-27T14:18:06.417+0200: 9139.691: [GC pause (G1 Evacuation Pause) (young) 5458M->2332M(6144M), 0.0468094 secs]
2018-03-27T14:18:09.233+0200: 9142.507: [GC pause (G1 Evacuation Pause) (young) 5460M->2336M(6144M), 0.0435420 secs]
2018-03-27T14:18:11.749+0200: 9145.023: [GC pause (G1 Evacuation Pause) (young) 5458M->2338M(6144M), 0.0615892 secs]
2018-03-27T14:18:14.254+0200: 9147.528: [GC pause (G1 Evacuation Pause) (young) 5459M->2343M(6144M), 0.0501159 secs]
2018-03-27T14:18:16.854+0200: 9150.127: [GC pause (GCLocker Initiated GC) (young) 5466M->2341M(6144M), 0.0440350 secs]
2018-03-27T14:18:20.004+0200: 9153.278: [GC pause (G1 Evacuation Pause) (young) 5461M->2343M(6144M), 0.0446162 secs]
2018-03-27T14:18:22.378+0200: 9155.652: [GC pause (G1 Evacuation Pause) (young) 5457M->2345M(6144M), 0.0383528 secs]
2018-03-27T14:18:25.195+0200: 9158.469: [GC pause (GCLocker Initiated GC) (young) 5457M->2345M(6144M), 0.0377418 secs]
2018-03-27T14:18:28.501+0200: 9161.775: [GC pause (G1 Evacuation Pause) (young) 5463M->2348M(6144M), 0.0417425 secs]
2018-03-27T14:18:31.755+0200: 9165.029: [GC pause (G1 Evacuation Pause) (young) 5460M->2350M(6144M), 0.0385596 secs]
2018-03-27T14:18:34.863+0200: 9168.137: [GC pause (G1 Evacuation Pause) (young) 5462M->2358M(6144M), 0.0375168 secs]
2018-03-27T14:18:37.033+0200: 9170.307: [GC pause (G1 Evacuation Pause) (young) 5456M->2358M(6144M), 0.0376274 secs]
2018-03-27T14:18:39.401+0200: 9172.675: [GC pause (G1 Evacuation Pause) (young) 5458M->2361M(6144M), 0.0414653 secs]
2018-03-27T14:18:41.884+0200: 9175.157: [GC pause (G1 Evacuation Pause) (young) 5455M->2364M(6144M), 0.0468668 secs]
2018-03-27T14:18:43.467+0200: 9176.741: [GC pause (G1 Evacuation Pause) (young) 5454M->2368M(6144M), 0.0417322 secs]
2018-03-27T14:18:45.659+0200: 9178.933: [GC pause (G1 Evacuation Pause) (young) 5452M->2366M(6144M), 0.0387724 secs]
2018-03-27T14:18:47.544+0200: 9180.818: [GC pause (G1 Evacuation Pause) (young) 5456M->2371M(6144M), 0.0392022 secs]
2018-03-27T14:18:49.390+0200: 9182.664: [GC pause (G1 Evacuation Pause) (young) 5481M->2379M(6144M), 0.0550896 secs]
2018-03-27T14:18:51.602+0200: 9184.876: [GC pause (G1 Evacuation Pause) (young) 5449M->2373M(6144M), 0.0505551 secs]
2018-03-27T14:18:53.782+0200: 9187.056: [GC pause (G1 Evacuation Pause) (young) 5455M->2373M(6144M), 0.0374220 secs]
2018-03-27T14:18:55.920+0200: 9189.194: [GC pause (GCLocker Initiated GC) (young) 5461M->2376M(6144M), 0.0384541 secs]
2018-03-27T14:18:58.694+0200: 9191.968: [GC pause (G1 Evacuation Pause) (young) 5454M->2383M(6144M), 0.0409350 secs]
2018-03-27T14:19:01.231+0200: 9194.505: [GC pause (GCLocker Initiated GC) (young) 5449M->2376M(6144M), 0.0365269 secs]
2018-03-27T14:19:03.361+0200: 9196.635: [GC pause (G1 Evacuation Pause) (young) 5460M->2382M(6144M), 0.0380472 secs]
2018-03-27T14:19:05.974+0200: 9199.248: [GC pause (GCLocker Initiated GC) (young) 5472M->2380M(6144M), 0.0531396 secs]
2018-03-27T14:19:08.258+0200: 9201.531: [GC pause (G1 Evacuation Pause) (young) 5460M->2389M(6144M), 0.0400650 secs]
2018-03-27T14:19:10.941+0200: 9204.215: [GC pause (G1 Evacuation Pause) (young) 5457M->2389M(6144M), 0.0441943 secs]
2018-03-27T14:19:14.152+0200: 9207.426: [GC pause (G1 Evacuation Pause) (young) 5459M->2391M(6144M), 0.0380563 secs]
2018-03-27T14:19:16.039+0200: 9209.312: [GC pause (GCLocker Initiated GC) (young) 5494M->2395M(6144M), 0.0396415 secs]
2018-03-27T14:19:18.366+0200: 9211.640: [GC pause (GCLocker Initiated GC) (young) 5485M->2407M(6144M), 0.0406290 secs]
2018-03-27T14:19:20.213+0200: 9213.486: [GC pause (G1 Evacuation Pause) (young) 5445M->2398M(6144M), 0.0377954 secs]
2018-03-27T14:19:22.522+0200: 9215.796: [GC pause (G1 Evacuation Pause) (young) 5458M->2398M(6144M), 0.0370084 secs]
2018-03-27T14:19:24.376+0200: 9217.650: [GC pause (GCLocker Initiated GC) (young) 5461M->2403M(6144M), 0.0383199 secs]
2018-03-27T14:19:26.542+0200: 9219.816: [GC pause (G1 Evacuation Pause) (young) 5455M->2411M(6144M), 0.0515530 secs]
2018-03-27T14:19:28.591+0200: 9221.864: [GC pause (G1 Evacuation Pause) (young) 5449M->2410M(6144M), 0.0454168 secs]
2018-03-27T14:19:30.690+0200: 9223.964: [GC pause (G1 Evacuation Pause) (young) 5452M->2415M(6144M), 0.0431830 secs]
2018-03-27T14:19:32.436+0200: 9225.710: [GC pause (G1 Evacuation Pause) (young) 5457M->2419M(6144M), 0.0409553 secs]
2018-03-27T14:19:34.452+0200: 9227.726: [GC pause (GCLocker Initiated GC) (young) 5453M->2416M(6144M), 0.0401358 secs]
2018-03-27T14:19:36.424+0200: 9229.698: [GC pause (G1 Evacuation Pause) (young) 5456M->2423M(6144M), 0.0411765 secs]
2018-03-27T14:19:38.850+0200: 9232.123: [GC pause (G1 Evacuation Pause) (young) 5471M->2421M(6144M), 0.0480319 secs]
2018-03-27T14:19:40.968+0200: 9234.242: [GC pause (G1 Evacuation Pause) (young) 5455M->2422M(6144M), 0.0399483 secs]
2018-03-27T14:19:43.777+0200: 9237.051: [GC pause (G1 Evacuation Pause) (young) 5456M->2425M(6144M), 0.0455123 secs]
2018-03-27T14:19:46.345+0200: 9239.619: [GC pause (G1 Evacuation Pause) (young) 5457M->2428M(6144M), 0.0451421 secs]
2018-03-27T14:19:48.498+0200: 9241.771: [GC pause (G1 Evacuation Pause) (young) 5474M->2432M(6144M), 0.0486193 secs]
2018-03-27T14:19:50.636+0200: 9243.910: [GC pause (G1 Evacuation Pause) (young) 5456M->2431M(6144M), 0.0359100 secs]
2018-03-27T14:19:53.635+0200: 9246.909: [GC pause (G1 Evacuation Pause) (young) 5461M->2437M(6144M), 0.0399407 secs]
2018-03-27T14:19:56.045+0200: 9249.318: [GC pause (G1 Evacuation Pause) (young) 5457M->2443M(6144M), 0.0401426 secs]
2018-03-27T14:19:57.905+0200: 9251.178: [GC pause (G1 Evacuation Pause) (young) 5475M->2443M(6144M), 0.0448747 secs]
2018-03-27T14:19:59.986+0200: 9253.259: [GC pause (G1 Evacuation Pause) (young) 5459M->2450M(6144M), 0.0400955 secs]
2018-03-27T14:20:02.962+0200: 9256.235: [GC pause (GCLocker Initiated GC) (young) 5470M->2448M(6144M), 0.0570782 secs]
2018-03-27T14:20:05.425+0200: 9258.698: [GC pause (G1 Evacuation Pause) (young) 5468M->2453M(6144M), 0.0520321 secs]
2018-03-27T14:20:08.113+0200: 9261.386: [GC pause (G1 Evacuation Pause) (young) 5455M->2454M(6144M), 0.0640521 secs]
2018-03-27T14:20:10.273+0200: 9263.546: [GC pause (G1 Evacuation Pause) (young) 5460M->2456M(6144M), 0.0432484 secs]
2018-03-27T14:20:12.513+0200: 9265.787: [GC pause (G1 Evacuation Pause) (young) 5456M->2460M(6144M), 0.0381250 secs]
2018-03-27T14:20:14.896+0200: 9268.170: [GC pause (G1 Evacuation Pause) (young) 5458M->2458M(6144M), 0.0395427 secs]
2018-03-27T14:20:17.539+0200: 9270.812: [GC pause (G1 Evacuation Pause) (young) 5460M->2461M(6144M), 0.0371866 secs]
2018-03-27T14:20:19.740+0200: 9273.013: [GC pause (GCLocker Initiated GC) (young) 5463M->2464M(6144M), 0.0366818 secs]
2018-03-27T14:20:21.669+0200: 9274.943: [GC pause (G1 Evacuation Pause) (young) 5458M->2464M(6144M), 0.0428091 secs]
2018-03-27T14:20:24.355+0200: 9277.629: [GC pause (G1 Evacuation Pause) (young) 5460M->2470M(6144M), 0.0520726 secs]
2018-03-27T14:20:26.931+0200: 9280.205: [GC pause (G1 Evacuation Pause) (young) 5460M->2470M(6144M), 0.0388210 secs]
2018-03-27T14:20:29.157+0200: 9282.431: [GC pause (G1 Evacuation Pause) (young) 5458M->2474M(6144M), 0.0479285 secs]
2018-03-27T14:20:31.550+0200: 9284.824: [GC pause (G1 Evacuation Pause) (young) 5456M->2476M(6144M), 0.0488155 secs]
2018-03-27T14:20:33.722+0200: 9286.996: [GC pause (G1 Evacuation Pause) (young) 5465M->2480M(6144M), 0.0424603 secs]
2018-03-27T14:20:36.325+0200: 9289.598: [GC pause (G1 Evacuation Pause) (young) 5456M->2480M(6144M), 0.0421232 secs]
2018-03-27T14:20:38.860+0200: 9292.134: [GC pause (G1 Evacuation Pause) (young) 5460M->2480M(6144M), 0.0584611 secs]
2018-03-27T14:20:41.236+0200: 9294.509: [GC pause (GCLocker Initiated GC) (young) 5465M->2483M(6144M), 0.0410524 secs]
2018-03-27T14:20:43.721+0200: 9296.995: [GC pause (G1 Evacuation Pause) (young) 5459M->2485M(6144M), 0.0381824 secs]
2018-03-27T14:20:45.958+0200: 9299.232: [GC pause (GCLocker Initiated GC) (young) 5472M->2489M(6144M), 0.0374519 secs]
2018-03-27T14:20:48.007+0200: 9301.280: [GC pause (G1 Evacuation Pause) (young) 5460M->2493M(6144M), 0.0475461 secs]
2018-03-27T14:20:50.673+0200: 9303.947: [GC pause (G1 Evacuation Pause) (young) 5458M->2494M(6144M), 0.0382433 secs]
2018-03-27T14:20:53.034+0200: 9306.308: [GC pause (G1 Evacuation Pause) (young) 5458M->2496M(6144M), 0.0392939 secs]
2018-03-27T14:20:55.434+0200: 9308.707: [GC pause (G1 Evacuation Pause) (young) 5456M->2496M(6144M), 0.0644470 secs]
2018-03-27T14:20:58.333+0200: 9311.607: [GC pause (G1 Evacuation Pause) (young) 5458M->2500M(6144M), 0.0374497 secs]
2018-03-27T14:21:00.847+0200: 9314.121: [GC pause (G1 Evacuation Pause) (young) 5458M->2503M(6144M), 0.0377036 secs]
2018-03-27T14:21:02.821+0200: 9316.095: [GC pause (GCLocker Initiated GC) (young) 5463M->2502M(6144M), 0.0624459 secs]
2018-03-27T14:21:05.206+0200: 9318.480: [GC pause (G1 Evacuation Pause) (young) 5460M->2505M(6144M), 0.0524615 secs]
2018-03-27T14:21:07.608+0200: 9320.882: [GC pause (G1 Evacuation Pause) (young) 5457M->2506M(6144M), 0.0380210 secs]
2018-03-27T14:21:09.824+0200: 9323.098: [GC pause (G1 Evacuation Pause) (young) 5458M->2510M(6144M), 0.0583864 secs]
2018-03-27T14:21:12.243+0200: 9325.517: [GC pause (G1 Evacuation Pause) (young) 5456M->2512M(6144M), 0.0353241 secs]
2018-03-27T14:21:14.402+0200: 9327.676: [GC pause (GCLocker Initiated GC) (young) 5461M->2516M(6144M), 0.0447714 secs]
2018-03-27T14:21:16.650+0200: 9329.923: [GC pause (G1 Evacuation Pause) (young) 5456M->2515M(6144M), 0.0382346 secs]
2018-03-27T14:21:18.898+0200: 9332.171: [GC pause (G1 Evacuation Pause) (young) 5461M->2519M(6144M), 0.0378167 secs]
2018-03-27T14:21:21.194+0200: 9334.468: [GC pause (G1 Evacuation Pause) (young) 5459M->2519M(6144M), 0.0429663 secs]
2018-03-27T14:21:23.450+0200: 9336.724: [GC pause (GCLocker Initiated GC) (young) 5465M->2522M(6144M), 0.0408002 secs]
2018-03-27T14:21:25.249+0200: 9338.522: [GC pause (GCLocker Initiated GC) (young) 5469M->2528M(6144M), 0.0406121 secs]
2018-03-27T14:21:27.701+0200: 9340.975: [GC pause (G1 Evacuation Pause) (young) 5458M->2526M(6144M), 0.0366529 secs]
2018-03-27T14:21:29.754+0200: 9343.028: [GC pause (G1 Evacuation Pause) (young) 5464M->2530M(6144M), 0.0351041 secs]
2018-03-27T14:21:32.246+0200: 9345.520: [GC pause (G1 Evacuation Pause) (young) 5458M->2531M(6144M), 0.0400495 secs]
2018-03-27T14:21:34.301+0200: 9347.575: [GC pause (G1 Evacuation Pause) (young) 5461M->2531M(6144M), 0.0385345 secs]
2018-03-27T14:21:36.110+0200: 9349.384: [GC pause (G1 Evacuation Pause) (young) 5465M->2537M(6144M), 0.0369469 secs]
2018-03-27T14:21:38.421+0200: 9351.695: [GC pause (G1 Evacuation Pause) (young) 5461M->2537M(6144M), 0.0353870 secs]
2018-03-27T14:21:40.739+0200: 9354.012: [GC pause (G1 Evacuation Pause) (young) 5463M->2540M(6144M), 0.0377635 secs]
2018-03-27T14:21:43.276+0200: 9356.550: [GC pause (G1 Evacuation Pause) (young) 5460M->2541M(6144M), 0.0370303 secs]
2018-03-27T14:21:46.261+0200: 9359.535: [GC pause (G1 Evacuation Pause) (young) 5463M->2543M(6144M), 0.0359411 secs]
2018-03-27T14:21:48.376+0200: 9361.650: [GC pause (G1 Evacuation Pause) (young) 5461M->2545M(6144M), 0.0371013 secs]
2018-03-27T14:21:50.530+0200: 9363.803: [GC pause (G1 Evacuation Pause) (young) 5465M->2547M(6144M), 0.0410254 secs]
2018-03-27T14:21:52.747+0200: 9366.021: [GC pause (G1 Evacuation Pause) (young) 5472M->2551M(6144M), 0.0394409 secs]
2018-03-27T14:21:54.961+0200: 9368.235: [GC pause (G1 Evacuation Pause) (young) 5463M->2551M(6144M), 0.0363481 secs]
2018-03-27T14:21:56.599+0200: 9369.873: [GC pause (G1 Evacuation Pause) (young) 5465M->2556M(6144M), 0.0352643 secs]
2018-03-27T14:21:58.634+0200: 9371.908: [GC pause (G1 Evacuation Pause) (young) 5460M->2553M(6144M), 0.0374521 secs]
2018-03-27T14:22:00.677+0200: 9373.951: [GC pause (G1 Evacuation Pause) (young) 5463M->2557M(6144M), 0.0350703 secs]
2018-03-27T14:22:03.235+0200: 9376.508: [GC pause (G1 Evacuation Pause) (young) 5465M->2561M(6144M), 0.0429954 secs]
2018-03-27T14:22:05.578+0200: 9378.852: [GC pause (G1 Evacuation Pause) (young) 5464M->2562M(6144M), 0.0650030 secs]
2018-03-27T14:22:07.510+0200: 9380.783: [GC pause (G1 Evacuation Pause) (young) 5466M->2564M(6144M), 0.0465031 secs]
2018-03-27T14:22:10.080+0200: 9383.354: [GC pause (G1 Evacuation Pause) (young) 5466M->2569M(6144M), 0.0424979 secs]
2018-03-27T14:22:12.665+0200: 9385.939: [GC pause (G1 Evacuation Pause) (young) 5467M->2571M(6144M), 0.0446186 secs]
2018-03-27T14:22:14.505+0200: 9387.779: [GC pause (G1 Evacuation Pause) (young) 5478M->2573M(6144M), 0.0499088 secs]
2018-03-27T14:22:16.425+0200: 9389.699: [GC pause (G1 Evacuation Pause) (young) 5465M->2576M(6144M), 0.0436455 secs]
2018-03-27T14:22:18.442+0200: 9391.716: [GC pause (G1 Evacuation Pause) (young) 5462M->2582M(6144M), 0.0479568 secs]
2018-03-27T14:22:20.187+0200: 9393.461: [GC pause (G1 Evacuation Pause) (young) 5465M->2587M(6144M), 0.0442096 secs]
2018-03-27T14:22:22.529+0200: 9395.803: [GC pause (G1 Evacuation Pause) (young) 5455M->2584M(6144M), 0.0439847 secs]
2018-03-27T14:22:24.653+0200: 9397.927: [GC pause (G1 Evacuation Pause) (young) 5460M->2588M(6144M), 0.0462413 secs]
2018-03-27T14:22:26.985+0200: 9400.259: [GC pause (G1 Evacuation Pause) (young) 5458M->2588M(6144M), 0.0365104 secs]
2018-03-27T14:22:29.049+0200: 9402.323: [GC pause (G1 Evacuation Pause) (young) 5460M->2591M(6144M), 0.0391214 secs]
2018-03-27T14:22:31.702+0200: 9404.976: [GC pause (G1 Evacuation Pause) (young) 5461M->2592M(6144M), 0.0378961 secs]
2018-03-27T14:22:33.591+0200: 9406.865: [GC pause (GCLocker Initiated GC) (young) 5461M->2594M(6144M), 0.0395090 secs]
2018-03-27T14:22:35.708+0200: 9408.981: [GC pause (G1 Evacuation Pause) (young) 5460M->2594M(6144M), 0.0414285 secs]
2018-03-27T14:22:38.244+0200: 9411.518: [GC pause (G1 Evacuation Pause) (young) 5462M->2599M(6144M), 0.0458354 secs]
2018-03-27T14:22:41.089+0200: 9414.363: [GC pause (G1 Evacuation Pause) (young) 5461M->2599M(6144M), 0.0368493 secs]
2018-03-27T14:22:42.957+0200: 9416.231: [GC pause (G1 Evacuation Pause) (young) 5463M->2603M(6144M), 0.0384902 secs]
2018-03-27T14:22:45.226+0200: 9418.500: [GC pause (G1 Evacuation Pause) (young) 5461M->2603M(6144M), 0.0408113 secs]
2018-03-27T14:22:47.950+0200: 9421.224: [GC pause (G1 Evacuation Pause) (young) 5463M->2605M(6144M), 0.0443331 secs]
2018-03-27T14:22:50.073+0200: 9423.347: [GC pause (G1 Evacuation Pause) (young) 5461M->2607M(6144M), 0.0431382 secs]
2018-03-27T14:22:52.865+0200: 9426.139: [GC pause (G1 Evacuation Pause) (young) 5465M->2612M(6144M), 0.0383778 secs]
2018-03-27T14:22:54.656+0200: 9427.930: [GC pause (G1 Evacuation Pause) (young) 5462M->2613M(6144M), 0.0483650 secs]
2018-03-27T14:22:56.530+0200: 9429.804: [GC pause (G1 Evacuation Pause) (young) 5465M->2615M(6144M), 0.0500950 secs]
2018-03-27T14:22:59.512+0200: 9432.786: [GC pause (GCLocker Initiated GC) (young) 5466M->2619M(6144M), 0.0425818 secs]
2018-03-27T14:23:01.761+0200: 9435.035: [GC pause (GCLocker Initiated GC) (young) 5478M->2619M(6144M), 0.0381206 secs]
2018-03-27T14:23:03.589+0200: 9436.863: [GC pause (G1 Evacuation Pause) (young) 5483M->2623M(6144M), 0.0424468 secs]
2018-03-27T14:23:05.792+0200: 9439.065: [GC pause (G1 Evacuation Pause) (young) 5463M->2622M(6144M), 0.0437467 secs]
2018-03-27T14:23:07.935+0200: 9441.209: [GC pause (GCLocker Initiated GC) (young) 5464M->2630M(6144M), 0.0383789 secs]
2018-03-27T14:23:10.274+0200: 9443.548: [GC pause (G1 Evacuation Pause) (young) 5459M->2627M(6144M), 0.0381887 secs]
2018-03-27T14:23:12.229+0200: 9445.502: [GC pause (G1 Evacuation Pause) (young) 5461M->2632M(6144M), 0.0371095 secs]
2018-03-27T14:23:14.663+0200: 9447.936: [GC pause (GCLocker Initiated GC) (young) 5487M->2635M(6144M), 0.0470034 secs]
2018-03-27T14:23:16.903+0200: 9450.176: [GC pause (GCLocker Initiated GC) (young) 5469M->2636M(6144M), 0.0541521 secs]
2018-03-27T14:23:18.942+0200: 9452.215: [GC pause (G1 Evacuation Pause) (young) 5463M->2641M(6144M), 0.0391276 secs]
2018-03-27T14:23:21.590+0200: 9454.864: [GC pause (G1 Evacuation Pause) (young) 5464M->2642M(6144M), 0.0527162 secs]
2018-03-27T14:23:24.184+0200: 9457.458: [GC pause (GCLocker Initiated GC) (young) 5465M->2643M(6144M), 0.0541286 secs]
2018-03-27T14:23:26.516+0200: 9459.790: [GC pause (G1 Evacuation Pause) (young) 5457M->2644M(6144M), 0.0403531 secs]
2018-03-27T14:23:29.118+0200: 9462.391: [GC pause (G1 Evacuation Pause) (young) 5460M->2647M(6144M), 0.0421530 secs]
2018-03-27T14:23:31.303+0200: 9464.577: [GC pause (G1 Evacuation Pause) (young) 5461M->2649M(6144M), 0.0480517 secs]
2018-03-27T14:23:33.710+0200: 9466.984: [GC pause (G1 Evacuation Pause) (young) 5459M->2650M(6144M), 0.0559069 secs]
2018-03-27T14:23:36.108+0200: 9469.381: [GC pause (G1 Evacuation Pause) (young) 5462M->2649M(6144M), 0.0447470 secs]
2018-03-27T14:23:38.574+0200: 9471.848: [GC pause (G1 Evacuation Pause) (young) 5463M->2654M(6144M), 0.0442962 secs]
2018-03-27T14:23:40.613+0200: 9473.887: [GC pause (G1 Evacuation Pause) (young) 5462M->2658M(6144M), 0.0447272 secs]
2018-03-27T14:23:43.551+0200: 9476.824: [GC pause (G1 Evacuation Pause) (young) 5460M->2656M(6144M), 0.0351446 secs]
2018-03-27T14:23:45.797+0200: 9479.071: [GC pause (GCLocker Initiated GC) (young) 5478M->2662M(6144M), 0.0374209 secs]
2018-03-27T14:23:48.087+0200: 9481.361: [GC pause (G1 Evacuation Pause) (young) 5460M->2665M(6144M), 0.0461299 secs]
2018-03-27T14:23:50.782+0200: 9484.056: [GC pause (G1 Evacuation Pause) (young) 5461M->2664M(6144M), 0.0390081 secs]
2018-03-27T14:23:53.453+0200: 9486.727: [GC pause (G1 Evacuation Pause) (young) 5462M->2667M(6144M), 0.0453028 secs]
2018-03-27T14:23:55.850+0200: 9489.124: [GC pause (G1 Evacuation Pause) (young) 5463M->2668M(6144M), 0.0481740 secs]
2018-03-27T14:23:58.072+0200: 9491.346: [GC pause (G1 Evacuation Pause) (young) 5463M->2671M(6144M), 0.0374358 secs]
2018-03-27T14:24:00.049+0200: 9493.323: [GC pause (G1 Evacuation Pause) (young) 5463M->2675M(6144M), 0.0414019 secs]
2018-03-27T14:24:02.688+0200: 9495.962: [GC pause (G1 Evacuation Pause) (young) 5461M->2676M(6144M), 0.0733843 secs]
2018-03-27T14:24:05.974+0200: 9499.247: [GC pause (G1 Evacuation Pause) (young) 5471M->2675M(6144M), 0.0710428 secs]
2018-03-27T14:24:08.211+0200: 9501.485: [GC pause (G1 Evacuation Pause) (young) 5463M->2680M(6144M), 0.0381512 secs]
2018-03-27T14:24:10.222+0200: 9503.496: [GC pause (G1 Evacuation Pause) (young) 5462M->2687M(6144M), 0.0659060 secs]
2018-03-27T14:24:12.332+0200: 9505.605: [GC pause (G1 Evacuation Pause) (young) 5464M->2686M(6144M), 0.0505278 secs]
2018-03-27T14:24:14.474+0200: 9507.748: [GC pause (G1 Evacuation Pause) (young) 5458M->2686M(6144M), 0.0410772 secs]
2018-03-27T14:24:16.996+0200: 9510.270: [GC pause (G1 Evacuation Pause) (young) 5478M->2686M(6144M), 0.0527907 secs]
2018-03-27T14:24:19.208+0200: 9512.482: [GC pause (G1 Evacuation Pause) (young) 5462M->2689M(6144M), 0.0651715 secs]
2018-03-27T14:24:22.122+0200: 9515.395: [GC pause (G1 Evacuation Pause) (young) 5463M->2689M(6144M), 0.0551935 secs]
2018-03-27T14:24:24.790+0200: 9518.064: [GC pause (G1 Evacuation Pause) (young) 5465M->2694M(6144M), 0.0399664 secs]
2018-03-27T14:24:27.304+0200: 9520.578: [GC pause (G1 Evacuation Pause) (young) 5464M->2694M(6144M), 0.0455045 secs]
2018-03-27T14:24:29.221+0200: 9522.495: [GC pause (G1 Evacuation Pause) (young) 5484M->2697M(6144M), 0.0473095 secs]
2018-03-27T14:24:31.160+0200: 9524.434: [GC pause (G1 Evacuation Pause) (young) 5463M->2699M(6144M), 0.0406774 secs]
2018-03-27T14:24:32.995+0200: 9526.269: [GC pause (G1 Evacuation Pause) (young) 5463M->2702M(6144M), 0.0559004 secs]
2018-03-27T14:24:35.583+0200: 9528.856: [GC pause (G1 Evacuation Pause) (young) 5460M->2703M(6144M), 0.0372499 secs]
2018-03-27T14:24:37.647+0200: 9530.920: [GC pause (G1 Evacuation Pause) (young) 5470M->2705M(6144M), 0.0378664 secs]
2018-03-27T14:24:39.613+0200: 9532.887: [GC pause (G1 Evacuation Pause) (young) 5463M->2709M(6144M), 0.0449678 secs]
2018-03-27T14:24:42.074+0200: 9535.348: [GC pause (GCLocker Initiated GC) (young) 5493M->2709M(6144M), 0.0342095 secs]
2018-03-27T14:24:43.694+0200: 9536.968: [GC pause (G1 Evacuation Pause) (young) 5463M->2712M(6144M), 0.0358599 secs]
2018-03-27T14:24:45.897+0200: 9539.171: [GC pause (G1 Evacuation Pause) (young) 5460M->2715M(6144M), 0.0405987 secs]
2018-03-27T14:24:48.288+0200: 9541.562: [GC pause (G1 Evacuation Pause) (young) 5461M->2713M(6144M), 0.0615924 secs]
2018-03-27T14:24:50.150+0200: 9543.424: [GC pause (G1 Evacuation Pause) (young) 5461M->2720M(6144M), 0.0399701 secs]
2018-03-27T14:24:52.112+0200: 9545.385: [GC pause (G1 Evacuation Pause) (young) 5458M->2719M(6144M), 0.0355589 secs]
2018-03-27T14:24:54.017+0200: 9547.291: [GC pause (GCLocker Initiated GC) (young) 5466M->2720M(6144M), 0.0355100 secs]
2018-03-27T14:24:55.704+0200: 9548.978: [GC pause (G1 Evacuation Pause) (young) 5462M->2723M(6144M), 0.0379076 secs]
2018-03-27T14:24:57.595+0200: 9550.868: [GC pause (G1 Evacuation Pause) (young) 5463M->2721M(6144M), 0.0352715 secs]
2018-03-27T14:24:59.577+0200: 9552.850: [GC pause (G1 Evacuation Pause) (young) 5467M->2727M(6144M), 0.0437034 secs]
2018-03-27T14:25:01.608+0200: 9554.882: [GC pause (G1 Evacuation Pause) (young) 5463M->2727M(6144M), 0.0338356 secs]
2018-03-27T14:25:03.513+0200: 9556.787: [GC pause (G1 Evacuation Pause) (young) 5465M->2732M(6144M), 0.0585790 secs]
2018-03-27T14:25:05.756+0200: 9559.030: [GC pause (G1 Evacuation Pause) (young) 5465M->2734M(6144M), 0.0390238 secs]
2018-03-27T14:25:08.015+0200: 9561.289: [GC pause (G1 Evacuation Pause) (young) 5481M->2741M(6144M), 0.0612828 secs]
2018-03-27T14:25:09.145+0200: 9562.419: [GC pause (G1 Humongous Allocation) (young) (initial-mark) 4440M->2768M(6144M), 0.0598908 secs]
2018-03-27T14:25:09.205+0200: 9562.479: [GC concurrent-root-region-scan-start]
2018-03-27T14:25:09.268+0200: 9562.542: [GC concurrent-root-region-scan-end, 0.0623457 secs]
2018-03-27T14:25:09.268+0200: 9562.542: [GC concurrent-mark-start]
2018-03-27T14:25:10.988+0200: 9564.262: [GC pause (GCLocker Initiated GC) (young) 5523M->2758M(6144M), 0.0537047 secs]
2018-03-27T14:25:12.040+0200: 9565.314: [GC concurrent-mark-end, 2.7725512 secs]
2018-03-27T14:25:12.044+0200: 9565.318: [GC remark, 0.1824681 secs]
2018-03-27T14:25:12.230+0200: 9565.503: [GC cleanup 3966M->3965M(6144M), 0.0251592 secs]
2018-03-27T14:25:12.255+0200: 9565.529: [GC concurrent-cleanup-start]
2018-03-27T14:25:12.255+0200: 9565.529: [GC concurrent-cleanup-end, 0.0000378 secs]
2018-03-27T14:25:13.112+0200: 9566.386: [GC pause (G1 Evacuation Pause) (young) 5457M->2748M(6144M), 0.0364712 secs]
2018-03-27T14:25:13.365+0200: 9566.639: [GC pause (G1 Evacuation Pause) (mixed) 2994M->2282M(6144M), 0.1158827 secs]
2018-03-27T14:25:13.718+0200: 9566.992: [GC pause (G1 Evacuation Pause) (mixed) 2592M->2135M(6144M), 0.1344820 secs]
2018-03-27T14:25:14.017+0200: 9567.291: [GC pause (G1 Evacuation Pause) (young) 2422M->2139M(6144M), 0.0442865 secs]
2018-03-27T14:25:14.179+0200: 9567.452: [GC pause (G1 Evacuation Pause) (young) 2417M->2137M(6144M), 0.0237891 secs]
2018-03-27T14:25:14.312+0200: 9567.586: [GC pause (G1 Evacuation Pause) (young) 2415M->2136M(6144M), 0.0223368 secs]
2018-03-27T14:25:14.471+0200: 9567.745: [GC pause (G1 Evacuation Pause) (young) 2414M->2137M(6144M), 0.0230586 secs]
2018-03-27T14:25:14.637+0200: 9567.911: [GC pause (G1 Evacuation Pause) (young) 2415M->2136M(6144M), 0.0231707 secs]
2018-03-27T14:25:14.866+0200: 9568.139: [GC pause (G1 Evacuation Pause) (young) 2418M->2136M(6144M), 0.0248398 secs]
2018-03-27T14:25:15.249+0200: 9568.523: [GC pause (G1 Evacuation Pause) (young) 2418M->2137M(6144M), 0.0229626 secs]
2018-03-27T14:25:15.450+0200: 9568.724: [GC pause (G1 Evacuation Pause) (young) 2417M->2138M(6144M), 0.0393639 secs]
2018-03-27T14:25:15.644+0200: 9568.918: [GC pause (G1 Evacuation Pause) (young) 2418M->2138M(6144M), 0.0221546 secs]
2018-03-27T14:25:15.835+0200: 9569.109: [GC pause (G1 Evacuation Pause) (young) 2418M->2137M(6144M), 0.0219549 secs]
2018-03-27T14:25:16.155+0200: 9569.429: [GC pause (G1 Evacuation Pause) (young) 2417M->2138M(6144M), 0.0239420 secs]
2018-03-27T14:25:16.447+0200: 9569.720: [GC pause (G1 Evacuation Pause) (young) 2418M->2138M(6144M), 0.0249584 secs]
2018-03-27T14:25:16.717+0200: 9569.991: [GC pause (G1 Evacuation Pause) (young) 2422M->2140M(6144M), 0.0384085 secs]
2018-03-27T14:25:17.059+0200: 9570.333: [GC pause (G1 Evacuation Pause) (young) 2428M->2149M(6144M), 0.0248080 secs]
2018-03-27T14:25:17.268+0200: 9570.542: [GC pause (G1 Evacuation Pause) (young) 2433M->2147M(6144M), 0.0489629 secs]
2018-03-27T14:25:17.552+0200: 9570.826: [GC pause (G1 Evacuation Pause) (young) 2435M->2151M(6144M), 0.0214516 secs]
2018-03-27T14:25:17.726+0200: 9570.999: [GC pause (G1 Evacuation Pause) (young) 2435M->2151M(6144M), 0.0204125 secs]
2018-03-27T14:25:17.906+0200: 9571.180: [GC pause (G1 Evacuation Pause) (young) 2435M->2152M(6144M), 0.0225098 secs]
2018-03-27T14:25:18.119+0200: 9571.393: [GC pause (G1 Evacuation Pause) (young) 2436M->2151M(6144M), 0.0198120 secs]
2018-03-27T14:25:18.448+0200: 9571.722: [GC pause (G1 Evacuation Pause) (young) 2437M->2153M(6144M), 0.0316237 secs]
2018-03-27T14:25:21.380+0200: 9574.654: [GC pause (G1 Evacuation Pause) (young) 4745M->2157M(6144M), 0.0541377 secs]
2018-03-27T14:25:23.809+0200: 9577.083: [GC pause (GCLocker Initiated GC) (young) 5499M->2165M(6144M), 0.0708081 secs]
2018-03-27T14:25:26.157+0200: 9579.431: [GC pause (GCLocker Initiated GC) (young) 5491M->2172M(6144M), 0.0459926 secs]
2018-03-27T14:25:28.590+0200: 9581.863: [GC pause (GCLocker Initiated GC) (young) 5499M->2177M(6144M), 0.0447540 secs]
2018-03-27T14:25:29.001+0200: 9582.275: [GC pause (G1 Evacuation Pause) (young) 2848M->2187M(6144M), 0.0362399 secs]
2018-03-27T14:25:29.282+0200: 9582.555: [GC pause (G1 Evacuation Pause) (young) 2467M->2186M(6144M), 0.0289213 secs]
2018-03-27T14:25:29.515+0200: 9582.789: [GC pause (GCLocker Initiated GC) (young) 2466M->2190M(6144M), 0.0367940 secs]
2018-03-27T14:25:32.713+0200: 9585.986: [GC pause (G1 Evacuation Pause) (young) 5518M->2189M(6144M), 0.0404421 secs]
2018-03-27T14:25:32.969+0200: 9586.243: [GC pause (G1 Evacuation Pause) (young) 2463M->2191M(6144M), 0.0317979 secs]
2018-03-27T14:25:33.314+0200: 9586.588: [GC pause (G1 Evacuation Pause) (young) 2469M->2190M(6144M), 0.0251300 secs]
2018-03-27T14:25:33.582+0200: 9586.856: [GC pause (GCLocker Initiated GC) (young) 2468M->2191M(6144M), 0.0247507 secs]
2018-03-27T14:25:34.075+0200: 9587.349: [GC pause (G1 Evacuation Pause) (young) 2737M->2191M(6144M), 0.0263963 secs]
2018-03-27T14:25:35.036+0200: 9588.310: [GC pause (GCLocker Initiated GC) (young) 3188M->2191M(6144M), 0.0365422 secs]
2018-03-27T14:25:36.755+0200: 9590.029: [GC pause (G1 Evacuation Pause) (young) 3783M->2193M(6144M), 0.0387690 secs]
2018-03-27T14:25:38.783+0200: 9592.056: [GC pause (G1 Evacuation Pause) (young) 4547M->2200M(6144M), 0.0402678 secs]
2018-03-27T14:25:40.971+0200: 9594.244: [GC pause (G1 Evacuation Pause) (young) 5458M->2204M(6144M), 0.0417940 secs]
2018-03-27T14:25:43.577+0200: 9596.851: [GC pause (G1 Evacuation Pause) (young) 5470M->2208M(6144M), 0.0385886 secs]
2018-03-27T14:25:45.358+0200: 9598.632: [GC pause (GCLocker Initiated GC) (young) 5494M->2210M(6144M), 0.0312177 secs]
2018-03-27T14:25:48.049+0200: 9601.323: [GC pause (G1 Evacuation Pause) (young) 5481M->2213M(6144M), 0.0401603 secs]
2018-03-27T14:25:50.241+0200: 9603.515: [GC pause (G1 Evacuation Pause) (young) 5473M->2230M(6144M), 0.0395981 secs]
2018-03-27T14:25:52.649+0200: 9605.922: [GC pause (G1 Evacuation Pause) (young) 5456M->2236M(6144M), 0.0413615 secs]
2018-03-27T14:25:54.500+0200: 9607.774: [GC pause (G1 Evacuation Pause) (young) 5450M->2242M(6144M), 0.0513394 secs]
2018-03-27T14:25:56.665+0200: 9609.939: [GC pause (G1 Evacuation Pause) (young) 5448M->2246M(6144M), 0.0447907 secs]
2018-03-27T14:25:58.896+0200: 9612.169: [GC pause (G1 Evacuation Pause) (young) 5446M->2246M(6144M), 0.0429517 secs]
2018-03-27T14:26:00.841+0200: 9614.115: [GC pause (GCLocker Initiated GC) (young) 5446M->2250M(6144M), 0.0419754 secs]
2018-03-27T14:26:03.183+0200: 9616.457: [GC pause (G1 Evacuation Pause) (young) 5440M->2253M(6144M), 0.0608823 secs]
2018-03-27T14:26:05.297+0200: 9618.571: [GC pause (G1 Evacuation Pause) (young) 5439M->2252M(6144M), 0.0613156 secs]
2018-03-27T14:26:07.708+0200: 9620.982: [GC pause (G1 Evacuation Pause) (young) 5442M->2254M(6144M), 0.0747353 secs]
2018-03-27T14:26:10.274+0200: 9623.548: [GC pause (G1 Evacuation Pause) (young) 5440M->2254M(6144M), 0.0555053 secs]
2018-03-27T14:26:13.304+0200: 9626.578: [GC pause (G1 Evacuation Pause) (young) 5438M->2256M(6144M), 0.0458700 secs]
2018-03-27T14:26:15.802+0200: 9629.076: [GC pause (GCLocker Initiated GC) (young) 5445M->2263M(6144M), 0.0482442 secs]
2018-03-27T14:26:17.660+0200: 9630.933: [GC pause (G1 Evacuation Pause) (young) 5435M->2264M(6144M), 0.0505294 secs]
2018-03-27T14:26:20.561+0200: 9633.834: [GC pause (G1 Evacuation Pause) (young) 5438M->2269M(6144M), 0.0598833 secs]
2018-03-27T14:26:23.293+0200: 9636.567: [GC pause (G1 Evacuation Pause) (young) 5435M->2268M(6144M), 0.0487436 secs]
2018-03-27T14:26:26.181+0200: 9639.455: [GC pause (G1 Evacuation Pause) (young) 5452M->2277M(6144M), 0.0664574 secs]
2018-03-27T14:26:26.554+0200: 9639.828: [GC pause (G1 Evacuation Pause) (young) 3476M->2286M(6144M), 0.0603522 secs]
2018-03-27T14:26:26.778+0200: 9640.051: [GC pause (G1 Evacuation Pause) (young) 2602M->2288M(6144M), 0.0402123 secs]
2018-03-27T14:26:26.899+0200: 9640.173: [GC pause (G1 Evacuation Pause) (young) 2662M->2287M(6144M), 0.0366229 secs]
2018-03-27T14:26:27.023+0200: 9640.297: [GC pause (G1 Evacuation Pause) (young) 2657M->2288M(6144M), 0.0356675 secs]
2018-03-27T14:26:27.144+0200: 9640.418: [GC pause (G1 Evacuation Pause) (young) 2654M->2289M(6144M), 0.0376532 secs]
2018-03-27T14:26:27.889+0200: 9641.163: [GC pause (GCLocker Initiated GC) (young) (initial-mark) 4078M->2293M(6144M), 0.0504652 secs]
2018-03-27T14:26:27.940+0200: 9641.214: [GC concurrent-root-region-scan-start]
2018-03-27T14:26:27.961+0200: 9641.234: [GC concurrent-root-region-scan-end, 0.0206869 secs]
2018-03-27T14:26:27.961+0200: 9641.234: [GC concurrent-mark-start]
2018-03-27T14:26:29.793+0200: 9643.067: [GC pause (G1 Evacuation Pause) (young) 5762M->2298M(6144M), 0.0469056 secs]
2018-03-27T14:26:30.928+0200: 9644.202: [GC concurrent-mark-end, 2.9676579 secs]
2018-03-27T14:26:30.935+0200: 9644.209: [GC remark, 0.1459642 secs]
2018-03-27T14:26:31.084+0200: 9644.357: [GC cleanup 3662M->3641M(6144M), 0.0322583 secs]
2018-03-27T14:26:31.116+0200: 9644.390: [GC concurrent-cleanup-start]
2018-03-27T14:26:31.116+0200: 9644.390: [GC concurrent-cleanup-end, 0.0000600 secs]
2018-03-27T14:26:32.410+0200: 9645.684: [GC pause (G1 Evacuation Pause) (young) 5465M->2281M(6144M), 0.0308663 secs]
2018-03-27T14:26:32.622+0200: 9645.896: [GC pause (G1 Evacuation Pause) (mixed) 2547M->2151M(6144M), 0.1167864 secs]
2018-03-27T14:26:32.887+0200: 9646.160: [GC pause (G1 Evacuation Pause) (young) 2431M->2152M(6144M), 0.0637252 secs]
2018-03-27T14:26:33.054+0200: 9646.328: [GC pause (G1 Evacuation Pause) (young) 2432M->2153M(6144M), 0.0273267 secs]
2018-03-27T14:26:33.177+0200: 9646.451: [GC pause (G1 Evacuation Pause) (young) 2431M->2152M(6144M), 0.0221462 secs]
2018-03-27T14:26:33.278+0200: 9646.552: [GC pause (G1 Evacuation Pause) (young) 2432M->2155M(6144M), 0.0228740 secs]
2018-03-27T14:26:33.408+0200: 9646.682: [GC pause (G1 Evacuation Pause) (young) 2431M->2155M(6144M), 0.0294573 secs]
2018-03-27T14:26:36.054+0200: 9649.327: [GC pause (G1 Evacuation Pause) (young) 5448M->2159M(6144M), 0.0296229 secs]
2018-03-27T14:26:38.676+0200: 9651.950: [GC pause (G1 Evacuation Pause) (young) 5461M->2163M(6144M), 0.0310512 secs]
2018-03-27T14:26:41.448+0200: 9654.722: [GC pause (G1 Evacuation Pause) (young) 5471M->2167M(6144M), 0.0478000 secs]
2018-03-27T14:26:44.442+0200: 9657.715: [GC pause (G1 Evacuation Pause) (young) 5479M->2173M(6144M), 0.0333570 secs]
2018-03-27T14:26:47.634+0200: 9660.908: [GC pause (G1 Evacuation Pause) (young) 5475M->2177M(6144M), 0.0345147 secs]
2018-03-27T14:26:50.369+0200: 9663.643: [GC pause (G1 Evacuation Pause) (young) 5471M->2179M(6144M), 0.0342329 secs]
2018-03-27T14:26:52.646+0200: 9665.919: [GC pause (G1 Evacuation Pause) (young) 5476M->2185M(6144M), 0.0388172 secs]
2018-03-27T14:26:55.560+0200: 9668.834: [GC pause (GCLocker Initiated GC) (young) 5465M->2185M(6144M), 0.0395288 secs]
2018-03-27T14:26:58.162+0200: 9671.435: [GC pause (G1 Evacuation Pause) (young) 5469M->2190M(6144M), 0.0376873 secs]
2018-03-27T14:27:00.802+0200: 9674.075: [GC pause (G1 Evacuation Pause) (young) 5466M->2193M(6144M), 0.0366700 secs]
2018-03-27T14:27:02.929+0200: 9676.203: [GC pause (GCLocker Initiated GC) (young) 5466M->2195M(6144M), 0.0382360 secs]
2018-03-27T14:27:05.711+0200: 9678.984: [GC pause (G1 Evacuation Pause) (young) 5461M->2195M(6144M), 0.0424478 secs]
2018-03-27T14:27:08.279+0200: 9681.553: [GC pause (G1 Evacuation Pause) (young) 5468M->2198M(6144M), 0.0422342 secs]
2018-03-27T14:27:11.067+0200: 9684.340: [GC pause (G1 Evacuation Pause) (young) 5460M->2198M(6144M), 0.0417356 secs]
2018-03-27T14:27:13.306+0200: 9686.580: [GC pause (GCLocker Initiated GC) (young) 5474M->2202M(6144M), 0.0453568 secs]
2018-03-27T14:27:15.882+0200: 9689.155: [GC pause (GCLocker Initiated GC) (young) 5473M->2200M(6144M), 0.0386382 secs]
2018-03-27T14:27:18.368+0200: 9691.642: [GC pause (G1 Evacuation Pause) (young) 5460M->2205M(6144M), 0.0383837 secs]
2018-03-27T14:27:20.512+0200: 9693.786: [GC pause (G1 Evacuation Pause) (young) 5457M->2206M(6144M), 0.0585526 secs]
2018-03-27T14:27:23.372+0200: 9696.646: [GC pause (G1 Evacuation Pause) (young) 5460M->2207M(6144M), 0.0432939 secs]
2018-03-27T14:27:26.074+0200: 9699.347: [GC pause (GCLocker Initiated GC) (young) 5466M->2212M(6144M), 0.0433590 secs]
2018-03-27T14:27:28.693+0200: 9701.967: [GC pause (G1 Evacuation Pause) (young) 5458M->2214M(6144M), 0.0465518 secs]
2018-03-27T14:27:30.935+0200: 9704.209: [GC pause (G1 Evacuation Pause) (young) 5461M->2217M(6144M), 0.0463323 secs]
2018-03-27T14:27:33.663+0200: 9706.937: [GC pause (G1 Evacuation Pause) (young) 5462M->2218M(6144M), 0.0427730 secs]
2018-03-27T14:27:36.054+0200: 9709.328: [GC pause (G1 Evacuation Pause) (young) 5466M->2254M(6144M), 0.0557519 secs]
2018-03-27T14:27:38.457+0200: 9711.730: [GC pause (G1 Evacuation Pause) (young) 5426M->2265M(6144M), 0.0560478 secs]
2018-03-27T14:27:40.597+0200: 9713.871: [GC pause (GCLocker Initiated GC) (young) 5419M->2256M(6144M), 0.0516407 secs]
2018-03-27T14:27:43.209+0200: 9716.483: [GC pause (G1 Evacuation Pause) (young) 5426M->2274M(6144M), 0.0560872 secs]
2018-03-27T14:27:45.435+0200: 9718.709: [GC pause (G1 Evacuation Pause) (young) 5414M->2273M(6144M), 0.0572357 secs]
2018-03-27T14:27:47.658+0200: 9720.932: [GC pause (G1 Evacuation Pause) (young) 5415M->2277M(6144M), 0.0549590 secs]
2018-03-27T14:27:49.667+0200: 9722.940: [GC pause (GCLocker Initiated GC) (young) 5419M->2282M(6144M), 0.0620178 secs]
2018-03-27T14:27:52.200+0200: 9725.474: [GC pause (GCLocker Initiated GC) (young) 5411M->2282M(6144M), 0.0641458 secs]
2018-03-27T14:27:54.485+0200: 9727.758: [GC pause (G1 Evacuation Pause) (young) 5416M->2286M(6144M), 0.0553928 secs]
2018-03-27T14:27:57.030+0200: 9730.304: [GC pause (G1 Evacuation Pause) (young) 5432M->2288M(6144M), 0.0717912 secs]
2018-03-27T14:27:59.238+0200: 9732.512: [GC pause (G1 Evacuation Pause) (young) 5414M->2292M(6144M), 0.0558196 secs]
2018-03-27T14:28:01.570+0200: 9734.844: [GC pause (GCLocker Initiated GC) (young) 5419M->2292M(6144M), 0.0566798 secs]
2018-03-27T14:28:03.891+0200: 9737.164: [GC pause (G1 Evacuation Pause) (young) 5419M->2297M(6144M), 0.0565776 secs]
2018-03-27T14:28:06.203+0200: 9739.476: [GC pause (G1 Evacuation Pause) (young) 5409M->2296M(6144M), 0.0766876 secs]
2018-03-27T14:28:08.193+0200: 9741.467: [GC pause (G1 Evacuation Pause) (young) 5414M->2300M(6144M), 0.0624025 secs]
2018-03-27T14:28:09.766+0200: 9743.040: [GC pause (G1 Evacuation Pause) (young) 5410M->2301M(6144M), 0.0740474 secs]
2018-03-27T14:28:11.741+0200: 9745.015: [GC pause (GCLocker Initiated GC) (young) 5445M->2311M(6144M), 0.0657218 secs]
2018-03-27T14:28:14.177+0200: 9747.450: [GC pause (G1 Evacuation Pause) (young) 5445M->2321M(6144M), 0.0503977 secs]
2018-03-27T14:28:16.188+0200: 9749.461: [GC pause (G1 Evacuation Pause) (young) 5451M->2325M(6144M), 0.0556120 secs]
2018-03-27T14:28:17.549+0200: 9750.823: [GC pause (GCLocker Initiated GC) (young) 5485M->2338M(6144M), 0.0471170 secs]
2018-03-27T14:28:18.922+0200: 9752.196: [GC pause (G1 Evacuation Pause) (young) 5458M->2342M(6144M), 0.0463720 secs]
2018-03-27T14:28:20.979+0200: 9754.252: [GC pause (G1 Evacuation Pause) (young) 5458M->2345M(6144M), 0.0468362 secs]
2018-03-27T14:28:23.332+0200: 9756.606: [GC pause (G1 Evacuation Pause) (young) 5457M->2347M(6144M), 0.0381043 secs]
2018-03-27T14:28:25.335+0200: 9758.609: [GC pause (G1 Evacuation Pause) (young) 5457M->2352M(6144M), 0.0427479 secs]
2018-03-27T14:28:27.686+0200: 9760.960: [GC pause (G1 Evacuation Pause) (young) 5456M->2354M(6144M), 0.0441704 secs]
2018-03-27T14:28:30.412+0200: 9763.686: [GC pause (G1 Evacuation Pause) (young) 5454M->2358M(6144M), 0.0440487 secs]
2018-03-27T14:28:32.497+0200: 9765.771: [GC pause (G1 Evacuation Pause) (young) 5456M->2357M(6144M), 0.0449348 secs]
2018-03-27T14:28:34.446+0200: 9767.719: [GC pause (G1 Evacuation Pause) (young) 5457M->2362M(6144M), 0.0443591 secs]
2018-03-27T14:28:37.014+0200: 9770.287: [GC pause (G1 Evacuation Pause) (young) 5456M->2366M(6144M), 0.0460547 secs]
2018-03-27T14:28:39.705+0200: 9772.979: [GC pause (G1 Evacuation Pause) (young) 5456M->2368M(6144M), 0.0633296 secs]
2018-03-27T14:28:42.844+0200: 9776.118: [GC pause (GCLocker Initiated GC) (young) 5458M->2370M(6144M), 0.0423842 secs]
2018-03-27T14:28:45.176+0200: 9778.450: [GC pause (G1 Evacuation Pause) (young) 5456M->2373M(6144M), 0.0428295 secs]
2018-03-27T14:28:47.311+0200: 9780.584: [GC pause (G1 Evacuation Pause) (young) 5453M->2377M(6144M), 0.0398449 secs]
2018-03-27T14:28:49.592+0200: 9782.866: [GC pause (GCLocker Initiated GC) (young) 5475M->2381M(6144M), 0.0425387 secs]
2018-03-27T14:28:52.763+0200: 9786.037: [GC pause (G1 Evacuation Pause) (young) 5453M->2381M(6144M), 0.0418635 secs]
2018-03-27T14:28:55.065+0200: 9788.339: [GC pause (G1 Evacuation Pause) (young) 5453M->2381M(6144M), 0.0451000 secs]
2018-03-27T14:28:57.675+0200: 9790.949: [GC pause (GCLocker Initiated GC) (young) 5460M->2384M(6144M), 0.0409701 secs]
2018-03-27T14:28:59.732+0200: 9793.006: [GC pause (G1 Evacuation Pause) (young) 5454M->2383M(6144M), 0.0421981 secs]
2018-03-27T14:29:02.764+0200: 9796.038: [GC pause (G1 Evacuation Pause) (young) 5459M->2386M(6144M), 0.0400429 secs]
2018-03-27T14:29:05.242+0200: 9798.515: [GC pause (G1 Evacuation Pause) (young) 5462M->2390M(6144M), 0.0364796 secs]
2018-03-27T14:29:08.520+0200: 9801.794: [GC pause (G1 Evacuation Pause) (young) 5462M->2391M(6144M), 0.0412708 secs]
2018-03-27T14:29:11.163+0200: 9804.437: [GC pause (G1 Evacuation Pause) (young) 5461M->2395M(6144M), 0.0592706 secs]
2018-03-27T14:29:14.395+0200: 9807.668: [GC pause (G1 Evacuation Pause) (young) 5459M->2394M(6144M), 0.0371628 secs]
2018-03-27T14:29:16.588+0200: 9809.862: [GC pause (G1 Evacuation Pause) (young) 5460M->2397M(6144M), 0.0417844 secs]
2018-03-27T14:29:18.982+0200: 9812.256: [GC pause (G1 Evacuation Pause) (young) 5461M->2399M(6144M), 0.0383923 secs]
2018-03-27T14:29:21.745+0200: 9815.018: [GC pause (G1 Evacuation Pause) (young) 5461M->2403M(6144M), 0.0382360 secs]
2018-03-27T14:29:24.149+0200: 9817.422: [GC pause (GCLocker Initiated GC) (young) 5463M->2404M(6144M), 0.0345447 secs]
2018-03-27T14:29:27.465+0200: 9820.739: [GC pause (G1 Evacuation Pause) (young) 5464M->2411M(6144M), 0.0382166 secs]
2018-03-27T14:29:29.688+0200: 9822.961: [GC pause (G1 Evacuation Pause) (young) 5457M->2414M(6144M), 0.0630635 secs]
2018-03-27T14:29:32.374+0200: 9825.648: [GC pause (G1 Evacuation Pause) (young) 5458M->2415M(6144M), 0.0363850 secs]
2018-03-27T14:29:34.923+0200: 9828.197: [GC pause (G1 Evacuation Pause) (young) 5459M->2414M(6144M), 0.0432762 secs]
2018-03-27T14:29:37.346+0200: 9830.620: [GC pause (G1 Evacuation Pause) (young) 5460M->2418M(6144M), 0.0389401 secs]
2018-03-27T14:29:39.462+0200: 9832.735: [GC pause (G1 Evacuation Pause) (young) 5462M->2421M(6144M), 0.0406988 secs]
2018-03-27T14:29:42.061+0200: 9835.335: [GC pause (G1 Evacuation Pause) (young) 5459M->2421M(6144M), 0.0560042 secs]
2018-03-27T14:29:44.393+0200: 9837.667: [GC pause (GCLocker Initiated GC) (young) 5473M->2428M(6144M), 0.0534300 secs]
2018-03-27T14:29:46.296+0200: 9839.570: [GC pause (G1 Evacuation Pause) (young) 5456M->2428M(6144M), 0.0381069 secs]
2018-03-27T14:29:48.580+0200: 9841.853: [GC pause (G1 Evacuation Pause) (young) 5467M->2430M(6144M), 0.0399918 secs]
2018-03-27T14:29:50.885+0200: 9844.159: [GC pause (G1 Evacuation Pause) (young) 5458M->2432M(6144M), 0.0644116 secs]
2018-03-27T14:29:53.211+0200: 9846.484: [GC pause (G1 Evacuation Pause) (young) 5458M->2434M(6144M), 0.0532477 secs]
2018-03-27T14:29:55.198+0200: 9848.472: [GC pause (G1 Evacuation Pause) (young) 5461M->2438M(6144M), 0.0447624 secs]
2018-03-27T14:29:58.457+0200: 9851.731: [GC pause (G1 Evacuation Pause) (young) 5460M->2437M(6144M), 0.0416544 secs]
2018-03-27T14:30:00.536+0200: 9853.809: [GC pause (GCLocker Initiated GC) (young) 5469M->2439M(6144M), 0.0397409 secs]
2018-03-27T14:30:02.828+0200: 9856.102: [GC pause (G1 Evacuation Pause) (young) 5459M->2441M(6144M), 0.0395602 secs]
2018-03-27T14:30:05.298+0200: 9858.571: [GC pause (G1 Evacuation Pause) (young) 5459M->2442M(6144M), 0.0379881 secs]
2018-03-27T14:30:07.870+0200: 9861.144: [GC pause (G1 Evacuation Pause) (young) 5462M->2444M(6144M), 0.0462930 secs]
2018-03-27T14:30:09.743+0200: 9863.016: [GC pause (G1 Evacuation Pause) (young) 5464M->2446M(6144M), 0.0444307 secs]
2018-03-27T14:30:11.988+0200: 9865.261: [GC pause (G1 Evacuation Pause) (young) 5464M->2449M(6144M), 0.0396797 secs]
2018-03-27T14:30:14.342+0200: 9867.616: [GC pause (GCLocker Initiated GC) (young) 5495M->2456M(6144M), 0.0469589 secs]
2018-03-27T14:30:16.646+0200: 9869.919: [GC pause (G1 Evacuation Pause) (young) 5460M->2459M(6144M), 0.0426789 secs]
2018-03-27T14:30:19.262+0200: 9872.536: [GC pause (G1 Evacuation Pause) (young) 5459M->2458M(6144M), 0.0461552 secs]
2018-03-27T14:30:21.851+0200: 9875.125: [GC pause (G1 Evacuation Pause) (young) 5460M->2464M(6144M), 0.0479771 secs]
2018-03-27T14:30:24.522+0200: 9877.796: [GC pause (G1 Evacuation Pause) (young) 5460M->2462M(6144M), 0.0422533 secs]
2018-03-27T14:30:26.874+0200: 9880.148: [GC pause (G1 Evacuation Pause) (young) 5464M->2464M(6144M), 0.0622976 secs]
2018-03-27T14:30:29.385+0200: 9882.658: [GC pause (G1 Evacuation Pause) (young) 5464M->2469M(6144M), 0.0434376 secs]
2018-03-27T14:30:31.636+0200: 9884.910: [GC pause (G1 Evacuation Pause) (young) 5459M->2471M(6144M), 0.0450664 secs]
2018-03-27T14:30:34.434+0200: 9887.707: [GC pause (G1 Evacuation Pause) (young) 5459M->2474M(6144M), 0.0426509 secs]
2018-03-27T14:30:36.919+0200: 9890.192: [GC pause (G1 Evacuation Pause) (young) 5460M->2477M(6144M), 0.0647219 secs]
2018-03-27T14:30:39.273+0200: 9892.547: [GC pause (G1 Evacuation Pause) (young) 5457M->2478M(6144M), 0.0465105 secs]
2018-03-27T14:30:41.698+0200: 9894.972: [GC pause (G1 Evacuation Pause) (young) 5460M->2480M(6144M), 0.0474777 secs]
2018-03-27T14:30:44.412+0200: 9897.686: [GC pause (GCLocker Initiated GC) (young) 5461M->2482M(6144M), 0.0504172 secs]
2018-03-27T14:30:46.513+0200: 9899.787: [GC pause (G1 Evacuation Pause) (young) 5460M->2482M(6144M), 0.0459839 secs]
2018-03-27T14:30:48.989+0200: 9902.263: [GC pause (G1 Evacuation Pause) (young) 5462M->2487M(6144M), 0.0452527 secs]
2018-03-27T14:30:50.869+0200: 9904.143: [GC pause (G1 Evacuation Pause) (young) 5466M->2489M(6144M), 0.0386341 secs]
2018-03-27T14:30:52.873+0200: 9906.147: [GC pause (G1 Evacuation Pause) (young) 5469M->2490M(6144M), 0.0384119 secs]
2018-03-27T14:30:55.474+0200: 9908.747: [GC pause (G1 Evacuation Pause) (young) 5458M->2496M(6144M), 0.0349030 secs]
2018-03-27T14:30:57.802+0200: 9911.075: [GC pause (G1 Evacuation Pause) (young) 5458M->2494M(6144M), 0.0407168 secs]
2018-03-27T14:31:00.445+0200: 9913.719: [GC pause (G1 Evacuation Pause) (young) 5462M->2500M(6144M), 0.0401182 secs]
2018-03-27T14:31:02.269+0200: 9915.543: [GC pause (GCLocker Initiated GC) (young) 5487M->2499M(6144M), 0.0372480 secs]
2018-03-27T14:31:05.116+0200: 9918.390: [GC pause (G1 Evacuation Pause) (young) 5463M->2503M(6144M), 0.0543652 secs]
2018-03-27T14:31:07.129+0200: 9920.403: [GC pause (G1 Evacuation Pause) (young) 5461M->2502M(6144M), 0.0657262 secs]
2018-03-27T14:31:10.185+0200: 9923.459: [GC pause (G1 Evacuation Pause) (young) 5462M->2508M(6144M), 0.0416569 secs]
2018-03-27T14:31:12.798+0200: 9926.072: [GC pause (GCLocker Initiated GC) (young) 5464M->2506M(6144M), 0.0352326 secs]
2018-03-27T14:31:14.616+0200: 9927.890: [GC pause (GCLocker Initiated GC) (young) 5462M->2510M(6144M), 0.0591053 secs]
2018-03-27T14:31:17.095+0200: 9930.369: [GC pause (GCLocker Initiated GC) (young) 5462M->2510M(6144M), 0.0405742 secs]
2018-03-27T14:31:19.540+0200: 9932.814: [GC pause (G1 Evacuation Pause) (young) 5464M->2513M(6144M), 0.0421621 secs]
2018-03-27T14:31:21.531+0200: 9934.804: [GC pause (G1 Evacuation Pause) (young) 5461M->2516M(6144M), 0.0397496 secs]
2018-03-27T14:31:23.996+0200: 9937.270: [GC pause (G1 Evacuation Pause) (young) 5462M->2516M(6144M), 0.0395701 secs]
2018-03-27T14:31:26.696+0200: 9939.970: [GC pause (G1 Evacuation Pause) (young) 5464M->2520M(6144M), 0.0395263 secs]
2018-03-27T14:31:29.147+0200: 9942.420: [GC pause (G1 Evacuation Pause) (young) 5462M->2521M(6144M), 0.0335901 secs]
2018-03-27T14:31:31.509+0200: 9944.783: [GC pause (G1 Evacuation Pause) (young) 5461M->2523M(6144M), 0.0672136 secs]
2018-03-27T14:31:33.987+0200: 9947.261: [GC pause (GCLocker Initiated GC) (young) 5462M->2524M(6144M), 0.0382324 secs]
2018-03-27T14:31:36.282+0200: 9949.556: [GC pause (G1 Evacuation Pause) (young) 5464M->2526M(6144M), 0.0513762 secs]
2018-03-27T14:31:38.417+0200: 9951.691: [GC pause (G1 Evacuation Pause) (young) 5464M->2530M(6144M), 0.0673485 secs]
2018-03-27T14:31:41.367+0200: 9954.641: [GC pause (G1 Evacuation Pause) (young) 5462M->2532M(6144M), 0.0411183 secs]
2018-03-27T14:31:43.633+0200: 9956.906: [GC pause (G1 Evacuation Pause) (young) 5462M->2534M(6144M), 0.0354215 secs]
2018-03-27T14:31:46.272+0200: 9959.546: [GC pause (G1 Evacuation Pause) (young) 5462M->2536M(6144M), 0.0352600 secs]
2018-03-27T14:31:48.554+0200: 9961.828: [GC pause (GCLocker Initiated GC) (young) 5463M->2538M(6144M), 0.0390136 secs]
2018-03-27T14:31:51.059+0200: 9964.332: [GC pause (G1 Evacuation Pause) (young) 5469M->2541M(6144M), 0.0379555 secs]
2018-03-27T14:31:53.331+0200: 9966.605: [GC pause (G1 Evacuation Pause) (young) 5461M->2543M(6144M), 0.0390882 secs]
2018-03-27T14:31:55.765+0200: 9969.039: [GC pause (G1 Evacuation Pause) (young) 5461M->2543M(6144M), 0.0364296 secs]
2018-03-27T14:31:58.438+0200: 9971.712: [GC pause (G1 Evacuation Pause) (young) 5463M->2546M(6144M), 0.0521918 secs]
2018-03-27T14:32:01.072+0200: 9974.345: [GC pause (GCLocker Initiated GC) (young) 5467M->2546M(6144M), 0.0403037 secs]
2018-03-27T14:32:03.423+0200: 9976.697: [GC pause (GCLocker Initiated GC) (young) 5467M->2551M(6144M), 0.0498923 secs]
2018-03-27T14:32:05.506+0200: 9978.779: [GC pause (G1 Evacuation Pause) (young) 5465M->2553M(6144M), 0.0375011 secs]
2018-03-27T14:32:08.181+0200: 9981.455: [GC pause (G1 Evacuation Pause) (young) 5465M->2554M(6144M), 0.0350975 secs]
2018-03-27T14:32:09.888+0200: 9983.162: [GC pause (G1 Evacuation Pause) (young) 5464M->2556M(6144M), 0.0511782 secs]
2018-03-27T14:32:12.227+0200: 9985.501: [GC pause (GCLocker Initiated GC) (young) 5465M->2559M(6144M), 0.0401988 secs]
2018-03-27T14:32:14.188+0200: 9987.462: [GC pause (GCLocker Initiated GC) (young) 5463M->2562M(6144M), 0.0500711 secs]
2018-03-27T14:32:16.685+0200: 9989.958: [GC pause (G1 Evacuation Pause) (young) 5462M->2564M(6144M), 0.0427526 secs]
2018-03-27T14:32:18.997+0200: 9992.271: [GC pause (G1 Evacuation Pause) (young) 5462M->2562M(6144M), 0.0453203 secs]
2018-03-27T14:32:21.252+0200: 9994.526: [GC pause (G1 Evacuation Pause) (young) 5462M->2568M(6144M), 0.0441898 secs]
2018-03-27T14:32:23.214+0200: 9996.487: [GC pause (G1 Evacuation Pause) (young) 5462M->2569M(6144M), 0.0442517 secs]
2018-03-27T14:32:25.190+0200: 9998.463: [GC pause (G1 Evacuation Pause) (young) 5461M->2574M(6144M), 0.0426472 secs]
2018-03-27T14:32:27.993+0200: 10001.266: [GC pause (G1 Evacuation Pause) (young) 5460M->2575M(6144M), 0.0395606 secs]
2018-03-27T14:32:30.385+0200: 10003.658: [GC pause (G1 Evacuation Pause) (young) 5459M->2578M(6144M), 0.0408837 secs]
2018-03-27T14:32:32.793+0200: 10006.067: [GC pause (G1 Evacuation Pause) (young) 5460M->2579M(6144M), 0.0453783 secs]
2018-03-27T14:32:35.102+0200: 10008.376: [GC pause (G1 Evacuation Pause) (young) 5463M->2582M(6144M), 0.0659178 secs]
2018-03-27T14:32:37.526+0200: 10010.799: [GC pause (G1 Evacuation Pause) (young) 5460M->2581M(6144M), 0.0452222 secs]
2018-03-27T14:32:40.026+0200: 10013.300: [GC pause (G1 Evacuation Pause) (young) 5461M->2587M(6144M), 0.0429393 secs]
2018-03-27T14:32:42.250+0200: 10015.524: [GC pause (G1 Evacuation Pause) (young) 5457M->2587M(6144M), 0.0488977 secs]
2018-03-27T14:32:44.746+0200: 10018.020: [GC pause (G1 Evacuation Pause) (young) 5463M->2591M(6144M), 0.0407483 secs]
2018-03-27T14:32:47.226+0200: 10020.499: [GC pause (GCLocker Initiated GC) (young) 5465M->2591M(6144M), 0.0480657 secs]
2018-03-27T14:32:49.362+0200: 10022.636: [GC pause (G1 Evacuation Pause) (young) 5459M->2596M(6144M), 0.0430761 secs]
2018-03-27T14:32:51.520+0200: 10024.794: [GC pause (G1 Evacuation Pause) (young) 5458M->2593M(6144M), 0.0534766 secs]
2018-03-27T14:32:53.577+0200: 10026.851: [GC pause (G1 Evacuation Pause) (young) 5463M->2597M(6144M), 0.0415019 secs]
2018-03-27T14:32:55.695+0200: 10028.969: [GC pause (G1 Evacuation Pause) (young) 5461M->2598M(6144M), 0.0389072 secs]
2018-03-27T14:32:57.256+0200: 10030.530: [GC pause (G1 Evacuation Pause) (young) 5462M->2603M(6144M), 0.0388257 secs]
2018-03-27T14:32:59.764+0200: 10033.038: [GC pause (G1 Evacuation Pause) (young) 5467M->2607M(6144M), 0.0546425 secs]
2018-03-27T14:33:02.133+0200: 10035.407: [GC pause (G1 Evacuation Pause) (young) 5459M->2604M(6144M), 0.0382615 secs]
2018-03-27T14:33:04.424+0200: 10037.698: [GC pause (G1 Evacuation Pause) (young) 5462M->2608M(6144M), 0.0398538 secs]
2018-03-27T14:33:06.394+0200: 10039.668: [GC pause (GCLocker Initiated GC) (young) 5487M->2610M(6144M), 0.0427939 secs]
2018-03-27T14:33:08.803+0200: 10042.077: [GC pause (G1 Evacuation Pause) (young) 5462M->2609M(6144M), 0.0346792 secs]
2018-03-27T14:33:11.184+0200: 10044.458: [GC pause (G1 Evacuation Pause) (young) 5465M->2615M(6144M), 0.0401411 secs]
2018-03-27T14:33:13.167+0200: 10046.441: [GC pause (G1 Evacuation Pause) (young) 5461M->2615M(6144M), 0.0374286 secs]
2018-03-27T14:33:15.361+0200: 10048.634: [GC pause (G1 Evacuation Pause) (young) 5472M->2616M(6144M), 0.0400989 secs]
2018-03-27T14:33:17.969+0200: 10051.243: [GC pause (G1 Evacuation Pause) (young) 5466M->2618M(6144M), 0.0369705 secs]
2018-03-27T14:33:20.069+0200: 10053.343: [GC pause (G1 Evacuation Pause) (young) 5466M->2621M(6144M), 0.0379757 secs]
2018-03-27T14:33:22.738+0200: 10056.012: [GC pause (G1 Evacuation Pause) (young) 5467M->2626M(6144M), 0.0370571 secs]
2018-03-27T14:33:24.499+0200: 10057.773: [GC pause (G1 Evacuation Pause) (young) 5462M->2631M(6144M), 0.0357753 secs]
2018-03-27T14:33:25.961+0200: 10059.235: [GC pause (G1 Evacuation Pause) (young) 5464M->2628M(6144M), 0.0385143 secs]
2018-03-27T14:33:28.168+0200: 10061.442: [GC pause (GCLocker Initiated GC) (young) 5464M->2630M(6144M), 0.0486626 secs]
2018-03-27T14:33:29.936+0200: 10063.210: [GC pause (G1 Evacuation Pause) (young) 5462M->2635M(6144M), 0.0387544 secs]
2018-03-27T14:33:31.769+0200: 10065.043: [GC pause (GCLocker Initiated GC) (young) 5469M->2633M(6144M), 0.0364748 secs]
2018-03-27T14:33:34.639+0200: 10067.912: [GC pause (GCLocker Initiated GC) (young) 5481M->2638M(6144M), 0.0365417 secs]
2018-03-27T14:33:37.048+0200: 10070.322: [GC pause (G1 Evacuation Pause) (young) 5462M->2645M(6144M), 0.0411796 secs]
2018-03-27T14:33:39.350+0200: 10072.623: [GC pause (G1 Evacuation Pause) (young) 5459M->2643M(6144M), 0.0457021 secs]
2018-03-27T14:33:41.149+0200: 10074.423: [GC pause (G1 Evacuation Pause) (young) 5463M->2647M(6144M), 0.0377716 secs]
2018-03-27T14:33:43.676+0200: 10076.950: [GC pause (G1 Evacuation Pause) (young) 5459M->2647M(6144M), 0.0411216 secs]
2018-03-27T14:33:45.465+0200: 10078.738: [GC pause (GCLocker Initiated GC) (young) 5491M->2649M(6144M), 0.0440803 secs]
2018-03-27T14:33:48.337+0200: 10081.611: [GC pause (G1 Evacuation Pause) (young) 5461M->2652M(6144M), 0.0461736 secs]
2018-03-27T14:33:50.673+0200: 10083.947: [GC pause (G1 Evacuation Pause) (young) 5458M->2653M(6144M), 0.0351612 secs]
2018-03-27T14:33:52.647+0200: 10085.921: [GC pause (G1 Evacuation Pause) (young) 5463M->2656M(6144M), 0.0356496 secs]
2018-03-27T14:33:54.490+0200: 10087.763: [GC pause (G1 Evacuation Pause) (young) 5458M->2660M(6144M), 0.0379137 secs]
2018-03-27T14:33:56.916+0200: 10090.190: [GC pause (G1 Evacuation Pause) (young) 5460M->2659M(6144M), 0.0424450 secs]
2018-03-27T14:33:59.326+0200: 10092.600: [GC pause (G1 Evacuation Pause) (young) 5461M->2664M(6144M), 0.0373837 secs]
2018-03-27T14:34:01.148+0200: 10094.422: [GC pause (GCLocker Initiated GC) (young) 5464M->2666M(6144M), 0.0381854 secs]
2018-03-27T14:34:03.070+0200: 10096.344: [GC pause (G1 Evacuation Pause) (young) 5460M->2668M(6144M), 0.0418764 secs]
2018-03-27T14:34:04.982+0200: 10098.255: [GC pause (G1 Evacuation Pause) (young) 5460M->2669M(6144M), 0.0379378 secs]
2018-03-27T14:34:06.818+0200: 10100.091: [GC pause (G1 Evacuation Pause) (young) 5459M->2673M(6144M), 0.0436597 secs]
2018-03-27T14:34:08.572+0200: 10101.846: [GC pause (G1 Evacuation Pause) (young) 5462M->2676M(6144M), 0.0420887 secs]
2018-03-27T14:34:10.427+0200: 10103.700: [GC pause (GCLocker Initiated GC) (young) 5456M->2676M(6144M), 0.0519945 secs]
2018-03-27T14:34:12.679+0200: 10105.953: [GC pause (G1 Evacuation Pause) (young) 5462M->2677M(6144M), 0.0603887 secs]
2018-03-27T14:34:14.953+0200: 10108.227: [GC pause (G1 Evacuation Pause) (young) 5461M->2684M(6144M), 0.0387788 secs]
2018-03-27T14:34:16.977+0200: 10110.251: [GC pause (G1 Evacuation Pause) (young) 5458M->2686M(6144M), 0.0370471 secs]
2018-03-27T14:34:18.702+0200: 10111.976: [GC pause (G1 Evacuation Pause) (young) 5458M->2686M(6144M), 0.0374416 secs]
2018-03-27T14:34:20.760+0200: 10114.034: [GC pause (G1 Evacuation Pause) (young) 5459M->2692M(6144M), 0.0377812 secs]
2018-03-27T14:34:23.074+0200: 10116.348: [GC pause (G1 Evacuation Pause) (young) 5454M->2688M(6144M), 0.0401017 secs]
2018-03-27T14:34:25.116+0200: 10118.390: [GC pause (G1 Evacuation Pause) (young) 5464M->2693M(6144M), 0.0384893 secs]
2018-03-27T14:34:27.292+0200: 10120.566: [GC pause (G1 Evacuation Pause) (young) 5461M->2697M(6144M), 0.0386988 secs]
2018-03-27T14:34:29.737+0200: 10123.011: [GC pause (G1 Evacuation Pause) (young) 5461M->2699M(6144M), 0.0389882 secs]
2018-03-27T14:34:32.210+0200: 10125.484: [GC pause (G1 Evacuation Pause) (young) 5461M->2705M(6144M), 0.0470100 secs]
2018-03-27T14:34:34.656+0200: 10127.929: [GC pause (GCLocker Initiated GC) (young) 5455M->2704M(6144M), 0.0409245 secs]
2018-03-27T14:34:37.164+0200: 10130.437: [GC pause (GCLocker Initiated GC) (young) 5464M->2704M(6144M), 0.0412695 secs]
2018-03-27T14:34:39.329+0200: 10132.603: [GC pause (G1 Evacuation Pause) (young) 5462M->2708M(6144M), 0.0392534 secs]
2018-03-27T14:34:41.834+0200: 10135.108: [GC pause (G1 Evacuation Pause) (young) 5460M->2709M(6144M), 0.0472505 secs]
2018-03-27T14:34:44.590+0200: 10137.863: [GC pause (G1 Evacuation Pause) (young) 5463M->2709M(6144M), 0.0564493 secs]
2018-03-27T14:34:45.839+0200: 10139.113: [GC pause (G1 Evacuation Pause) (young) 5463M->2716M(6144M), 0.0405648 secs]
2018-03-27T14:34:48.215+0200: 10141.489: [GC pause (G1 Evacuation Pause) (young) 5460M->2718M(6144M), 0.0432277 secs]
2018-03-27T14:34:50.652+0200: 10143.926: [GC pause (G1 Evacuation Pause) (young) 5460M->2716M(6144M), 0.0494943 secs]
2018-03-27T14:34:52.949+0200: 10146.223: [GC pause (G1 Evacuation Pause) (young) 5464M->2726M(6144M), 0.0448846 secs]
2018-03-27T14:34:54.913+0200: 10148.187: [GC pause (G1 Evacuation Pause) (young) 5456M->2727M(6144M), 0.0477451 secs]
2018-03-27T14:34:56.686+0200: 10149.960: [GC pause (G1 Evacuation Pause) (young) 5455M->2733M(6144M), 0.0467355 secs]
2018-03-27T14:34:58.481+0200: 10151.754: [GC pause (G1 Evacuation Pause) (young) 5455M->2736M(6144M), 0.0526512 secs]
2018-03-27T14:35:00.342+0200: 10153.616: [GC pause (G1 Evacuation Pause) (young) 5452M->2745M(6144M), 0.0411123 secs]
2018-03-27T14:35:02.026+0200: 10155.300: [GC pause (G1 Evacuation Pause) (young) 5445M->2749M(6144M), 0.0485159 secs]
2018-03-27T14:35:03.614+0200: 10156.888: [GC pause (GCLocker Initiated GC) (young) 5448M->2752M(6144M), 0.0504454 secs]
2018-03-27T14:35:05.030+0200: 10158.304: [GC pause (G1 Evacuation Pause) (young) 5440M->2756M(6144M), 0.0504290 secs]
2018-03-27T14:35:06.657+0200: 10159.931: [GC pause (GCLocker Initiated GC) (young) 5444M->2765M(6144M), 0.0507736 secs]
2018-03-27T14:35:08.069+0200: 10161.343: [GC pause (G1 Evacuation Pause) (young) 5435M->2767M(6144M), 0.0490270 secs]
2018-03-27T14:35:09.939+0200: 10163.213: [GC pause (GCLocker Initiated GC) (young) 5462M->2787M(6144M), 0.0581875 secs]
2018-03-27T14:35:11.680+0200: 10164.954: [GC pause (GCLocker Initiated GC) (young) 5433M->2798M(6144M), 0.0620332 secs]
2018-03-27T14:35:13.187+0200: 10166.461: [GC pause (G1 Evacuation Pause) (young) 5410M->2799M(6144M), 0.0688725 secs]
2018-03-27T14:35:14.953+0200: 10168.227: [GC pause (G1 Evacuation Pause) (young) 5429M->2804M(6144M), 0.0687390 secs]
2018-03-27T14:35:16.797+0200: 10170.071: [GC pause (G1 Evacuation Pause) (young) 5406M->2800M(6144M), 0.0567646 secs]
2018-03-27T14:35:18.482+0200: 10171.756: [GC pause (G1 Evacuation Pause) (young) 5416M->2804M(6144M), 0.0533039 secs]
2018-03-27T14:35:20.227+0200: 10173.500: [GC pause (G1 Evacuation Pause) (young) 5416M->2772M(6144M), 0.0788981 secs]
2018-03-27T14:35:22.246+0200: 10175.520: [GC pause (G1 Evacuation Pause) (young) 5452M->2777M(6144M), 0.0418245 secs]
2018-03-27T14:35:23.903+0200: 10177.176: [GC pause (G1 Evacuation Pause) (young) 5459M->2782M(6144M), 0.0423732 secs]
2018-03-27T14:35:25.860+0200: 10179.133: [GC pause (G1 Evacuation Pause) (young) 5452M->2783M(6144M), 0.0459617 secs]
2018-03-27T14:35:27.832+0200: 10181.106: [GC pause (G1 Evacuation Pause) (young) 5453M->2782M(6144M), 0.0405776 secs]
2018-03-27T14:35:29.849+0200: 10183.122: [GC pause (G1 Evacuation Pause) (young) 5456M->2786M(6144M), 0.0386600 secs]
2018-03-27T14:35:32.606+0200: 10185.880: [GC pause (G1 Evacuation Pause) (young) 5456M->2788M(6144M), 0.0416165 secs]
2018-03-27T14:35:35.099+0200: 10188.373: [GC pause (G1 Evacuation Pause) (young) 5460M->2793M(6144M), 0.0558538 secs]
2018-03-27T14:35:37.523+0200: 10190.797: [GC pause (G1 Evacuation Pause) (young) 5459M->2796M(6144M), 0.0637571 secs]
2018-03-27T14:35:39.990+0200: 10193.264: [GC pause (G1 Evacuation Pause) (young) 5464M->2801M(6144M), 0.0368646 secs]
2018-03-27T14:35:42.122+0200: 10195.396: [GC pause (G1 Evacuation Pause) (young) 5461M->2802M(6144M), 0.0421278 secs]
2018-03-27T14:35:44.306+0200: 10197.580: [GC pause (G1 Evacuation Pause) (young) 5466M->2806M(6144M), 0.0408068 secs]
2018-03-27T14:35:46.168+0200: 10199.442: [GC pause (G1 Evacuation Pause) (young) 5464M->2806M(6144M), 0.0350241 secs]
2018-03-27T14:35:47.758+0200: 10201.031: [GC pause (G1 Evacuation Pause) (young) 5466M->2810M(6144M), 0.0368329 secs]
2018-03-27T14:35:49.547+0200: 10202.821: [GC pause (G1 Evacuation Pause) (young) 5464M->2810M(6144M), 0.0514886 secs]
2018-03-27T14:35:52.336+0200: 10205.610: [GC pause (G1 Evacuation Pause) (young) 5466M->2814M(6144M), 0.0521326 secs]
2018-03-27T14:35:54.731+0200: 10208.005: [GC pause (G1 Evacuation Pause) (young) 5464M->2816M(6144M), 0.0449228 secs]
2018-03-27T14:35:56.813+0200: 10210.087: [GC pause (G1 Evacuation Pause) (young) 5464M->2818M(6144M), 0.0431928 secs]
2018-03-27T14:35:59.450+0200: 10212.723: [GC pause (G1 Evacuation Pause) (young) 5464M->2819M(6144M), 0.0526216 secs]
2018-03-27T14:36:01.466+0200: 10214.739: [GC pause (G1 Evacuation Pause) (young) 5463M->2821M(6144M), 0.0719925 secs]
2018-03-27T14:36:01.589+0200: 10214.863: [GC pause (G1 Humongous Allocation) (young) (initial-mark) 2939M->2823M(6144M), 0.0401090 secs]
2018-03-27T14:36:01.629+0200: 10214.903: [GC concurrent-root-region-scan-start]
2018-03-27T14:36:01.670+0200: 10214.944: [GC concurrent-root-region-scan-end, 0.0403891 secs]
2018-03-27T14:36:01.670+0200: 10214.944: [GC concurrent-mark-start]
2018-03-27T14:36:01.944+0200: 10215.218: [GC pause (G1 Evacuation Pause) (young) 3351M->2824M(6144M), 0.0447601 secs]
2018-03-27T14:36:04.190+0200: 10217.464: [GC pause (G1 Evacuation Pause) (young) 5496M->2833M(6144M), 0.0450017 secs]
2018-03-27T14:36:05.084+0200: 10218.358: [GC concurrent-mark-end, 3.4143653 secs]
2018-03-27T14:36:05.087+0200: 10218.361: [GC remark, 0.4310865 secs]
2018-03-27T14:36:05.520+0200: 10218.794: [GC cleanup 4336M->4336M(6144M), 0.0199186 secs]
2018-03-27T14:36:06.154+0200: 10219.428: [GC pause (G1 Evacuation Pause) (young) 5493M->2836M(6144M), 0.0644067 secs]
2018-03-27T14:36:06.371+0200: 10219.644: [GC pause (G1 Evacuation Pause) (mixed) 3106M->2381M(6144M), 0.1336939 secs]
2018-03-27T14:36:06.752+0200: 10220.026: [GC pause (G1 Evacuation Pause) (mixed) 2663M->2263M(6144M), 0.1456277 secs]
2018-03-27T14:36:07.112+0200: 10220.385: [GC pause (GCLocker Initiated GC) (young) 2557M->2263M(6144M), 0.0389985 secs]
2018-03-27T14:36:07.261+0200: 10220.535: [GC pause (G1 Evacuation Pause) (young) 2541M->2262M(6144M), 0.0198818 secs]
2018-03-27T14:36:07.398+0200: 10220.672: [GC pause (G1 Evacuation Pause) (young) 2540M->2263M(6144M), 0.0240169 secs]
2018-03-27T14:36:07.601+0200: 10220.875: [GC pause (G1 Evacuation Pause) (young) 2541M->2262M(6144M), 0.0227548 secs]
2018-03-27T14:36:07.757+0200: 10221.030: [GC pause (GCLocker Initiated GC) (young) 2556M->2263M(6144M), 0.0222352 secs]
2018-03-27T14:36:07.926+0200: 10221.199: [GC pause (G1 Evacuation Pause) (young) 2541M->2264M(6144M), 0.0216809 secs]
2018-03-27T14:36:08.077+0200: 10221.351: [GC pause (G1 Evacuation Pause) (young) 2542M->2262M(6144M), 0.0240891 secs]
2018-03-27T14:36:08.258+0200: 10221.531: [GC pause (G1 Evacuation Pause) (young) 2548M->2264M(6144M), 0.0229934 secs]
2018-03-27T14:36:08.450+0200: 10221.724: [GC pause (GCLocker Initiated GC) (young) 2555M->2268M(6144M), 0.0294230 secs]
2018-03-27T14:36:08.701+0200: 10221.974: [GC pause (G1 Evacuation Pause) (young) 2548M->2271M(6144M), 0.0210197 secs]
2018-03-27T14:36:08.882+0200: 10222.156: [GC pause (G1 Evacuation Pause) (young) 2547M->2265M(6144M), 0.0201236 secs]
2018-03-27T14:36:09.127+0200: 10222.401: [GC pause (GCLocker Initiated GC) (young) 2561M->2265M(6144M), 0.0308616 secs]
2018-03-27T14:36:09.488+0200: 10222.762: [GC pause (GCLocker Initiated GC) (young) 2627M->2268M(6144M), 0.0238872 secs]
2018-03-27T14:36:11.364+0200: 10224.638: [GC pause (G1 Evacuation Pause) (young) 5460M->2274M(6144M), 0.0281616 secs]
2018-03-27T14:36:13.596+0200: 10226.870: [GC pause (G1 Evacuation Pause) (young) 5470M->2279M(6144M), 0.0383327 secs]
2018-03-27T14:36:16.695+0200: 10229.969: [GC pause (G1 Evacuation Pause) (young) 5480M->2284M(6144M), 0.0300120 secs]
2018-03-27T14:36:19.318+0200: 10232.592: [GC pause (G1 Evacuation Pause) (young) 5486M->2289M(6144M), 0.0344056 secs]
2018-03-27T14:36:21.165+0200: 10234.439: [GC pause (G1 Evacuation Pause) (young) 5485M->2294M(6144M), 0.0401542 secs]
2018-03-27T14:36:24.133+0200: 10237.407: [GC pause (GCLocker Initiated GC) (young) 5487M->2299M(6144M), 0.0493869 secs]
2018-03-27T14:36:26.833+0200: 10240.107: [GC pause (G1 Evacuation Pause) (young) 5493M->2301M(6144M), 0.0551747 secs]
2018-03-27T14:36:29.161+0200: 10242.435: [GC pause (G1 Evacuation Pause) (young) 5473M->2305M(6144M), 0.0397264 secs]
2018-03-27T14:36:32.189+0200: 10245.462: [GC pause (GCLocker Initiated GC) (young) 5479M->2305M(6144M), 0.0414292 secs]
2018-03-27T14:36:35.379+0200: 10248.653: [GC pause (G1 Evacuation Pause) (young) 5473M->2307M(6144M), 0.0383539 secs]
2018-03-27T14:36:38.519+0200: 10251.793: [GC pause (GCLocker Initiated GC) (young) 5477M->2310M(6144M), 0.0358055 secs]
2018-03-27T14:36:40.950+0200: 10254.224: [GC pause (G1 Evacuation Pause) (young) 5468M->2313M(6144M), 0.0572477 secs]
2018-03-27T14:36:43.935+0200: 10257.209: [GC pause (G1 Evacuation Pause) (young) 5463M->2311M(6144M), 0.0383696 secs]
2018-03-27T14:36:46.961+0200: 10260.234: [GC pause (G1 Evacuation Pause) (young) 5483M->2313M(6144M), 0.0468300 secs]
2018-03-27T14:36:49.174+0200: 10262.447: [GC pause (G1 Evacuation Pause) (young) 5463M->2316M(6144M), 0.0372915 secs]
2018-03-27T14:36:51.237+0200: 10264.511: [GC pause (G1 Evacuation Pause) (young) 5463M->2319M(6144M), 0.0392154 secs]
2018-03-27T14:36:54.257+0200: 10267.531: [GC pause (G1 Evacuation Pause) (young) 5459M->2322M(6144M), 0.0422862 secs]
2018-03-27T14:36:57.166+0200: 10270.439: [GC pause (G1 Evacuation Pause) (young) 5457M->2325M(6144M), 0.0546728 secs]
2018-03-27T14:36:59.038+0200: 10272.312: [GC pause (G1 Evacuation Pause) (young) 5462M->2326M(6144M), 0.0483776 secs]
2018-03-27T14:37:01.116+0200: 10274.390: [GC pause (G1 Evacuation Pause) (young) 5456M->2327M(6144M), 0.0405508 secs]
2018-03-27T14:37:03.503+0200: 10276.777: [GC pause (G1 Evacuation Pause) (young) 5459M->2333M(6144M), 0.0381167 secs]
2018-03-27T14:37:06.229+0200: 10279.503: [GC pause (G1 Evacuation Pause) (young) 5459M->2345M(6144M), 0.0385549 secs]
2018-03-27T14:37:08.737+0200: 10282.011: [GC pause (G1 Evacuation Pause) (young) 5449M->2335M(6144M), 0.0389016 secs]
2018-03-27T14:37:11.165+0200: 10284.439: [GC pause (G1 Evacuation Pause) (young) 5461M->2338M(6144M), 0.0386830 secs]
2018-03-27T14:37:13.646+0200: 10286.920: [GC pause (GCLocker Initiated GC) (young) 5483M->2342M(6144M), 0.0426892 secs]
2018-03-27T14:37:16.266+0200: 10289.540: [GC pause (G1 Evacuation Pause) (young) 5457M->2342M(6144M), 0.0651041 secs]
2018-03-27T14:37:18.655+0200: 10291.929: [GC pause (G1 Evacuation Pause) (young) 5458M->2344M(6144M), 0.0423438 secs]
2018-03-27T14:37:21.309+0200: 10294.583: [GC pause (G1 Evacuation Pause) (young) 5458M->2349M(6144M), 0.0385731 secs]
2018-03-27T14:37:23.586+0200: 10296.859: [GC pause (GCLocker Initiated GC) (young) 5460M->2356M(6144M), 0.0432967 secs]
2018-03-27T14:37:25.989+0200: 10299.262: [GC pause (G1 Evacuation Pause) (young) 5450M->2356M(6144M), 0.0545827 secs]
2018-03-27T14:37:28.113+0200: 10301.386: [GC pause (GCLocker Initiated GC) (young) 5452M->2359M(6144M), 0.0455451 secs]
2018-03-27T14:37:30.315+0200: 10303.589: [GC pause (G1 Evacuation Pause) (young) 5453M->2361M(6144M), 0.0384536 secs]
2018-03-27T14:37:32.429+0200: 10305.703: [GC pause (GCLocker Initiated GC) (young) 5455M->2367M(6144M), 0.0399201 secs]
2018-03-27T14:37:34.417+0200: 10307.691: [GC pause (G1 Evacuation Pause) (young) 5447M->2363M(6144M), 0.0383201 secs]
2018-03-27T14:37:36.741+0200: 10310.015: [GC pause (G1 Evacuation Pause) (young) 5453M->2367M(6144M), 0.0380826 secs]
2018-03-27T14:37:39.349+0200: 10312.623: [GC pause (G1 Evacuation Pause) (young) 5478M->2367M(6144M), 0.0608001 secs]
2018-03-27T14:37:41.572+0200: 10314.846: [GC pause (G1 Evacuation Pause) (young) 5455M->2371M(6144M), 0.0445572 secs]
2018-03-27T14:37:43.519+0200: 10316.792: [GC pause (G1 Evacuation Pause) (young) 5453M->2372M(6144M), 0.0465292 secs]
2018-03-27T14:37:46.189+0200: 10319.463: [GC pause (G1 Evacuation Pause) (young) 5456M->2376M(6144M), 0.0456542 secs]
2018-03-27T14:37:48.251+0200: 10321.525: [GC pause (G1 Evacuation Pause) (young) 5454M->2373M(6144M), 0.0349580 secs]
2018-03-27T14:37:50.970+0200: 10324.244: [GC pause (G1 Evacuation Pause) (young) 5460M->2376M(6144M), 0.0361877 secs]
2018-03-27T14:37:53.471+0200: 10326.745: [GC pause (G1 Evacuation Pause) (young) 5460M->2376M(6144M), 0.0390233 secs]
2018-03-27T14:37:56.204+0200: 10329.478: [GC pause (GCLocker Initiated GC) (young) 5470M->2382M(6144M), 0.0367192 secs]
2018-03-27T14:37:57.931+0200: 10331.205: [GC pause (G1 Evacuation Pause) (young) 5460M->2384M(6144M), 0.0352371 secs]
2018-03-27T14:38:01.015+0200: 10334.289: [GC pause (G1 Evacuation Pause) (young) 5460M->2382M(6144M), 0.0390564 secs]
2018-03-27T14:38:03.149+0200: 10336.423: [GC pause (G1 Evacuation Pause) (young) 5462M->2392M(6144M), 0.0396756 secs]
2018-03-27T14:38:05.504+0200: 10338.778: [GC pause (G1 Evacuation Pause) (young) 5454M->2394M(6144M), 0.0390512 secs]
2018-03-27T14:38:07.198+0200: 10340.472: [GC pause (G1 Evacuation Pause) (young) 5464M->2397M(6144M), 0.0436058 secs]
2018-03-27T14:38:09.257+0200: 10342.531: [GC pause (G1 Evacuation Pause) (young) 5460M->2402M(6144M), 0.0415473 secs]
2018-03-27T14:38:11.058+0200: 10344.332: [GC pause (G1 Evacuation Pause) (young) 5453M->2402M(6144M), 0.0410602 secs]
2018-03-27T14:38:13.534+0200: 10346.807: [GC pause (G1 Evacuation Pause) (young) 5454M->2404M(6144M), 0.0558088 secs]
2018-03-27T14:38:15.486+0200: 10348.760: [GC pause (G1 Evacuation Pause) (young) 5454M->2404M(6144M), 0.0480092 secs]
2018-03-27T14:38:17.532+0200: 10350.806: [GC pause (GCLocker Initiated GC) (young) 5458M->2410M(6144M), 0.0687539 secs]
2018-03-27T14:38:19.884+0200: 10353.157: [GC pause (G1 Evacuation Pause) (young) 5472M->2407M(6144M), 0.0847886 secs]
2018-03-27T14:38:22.011+0200: 10355.285: [GC pause (G1 Evacuation Pause) (young) 5457M->2410M(6144M), 0.0448075 secs]
2018-03-27T14:38:24.526+0200: 10357.800: [GC pause (G1 Evacuation Pause) (young) 5460M->2415M(6144M), 0.0457788 secs]
2018-03-27T14:38:26.575+0200: 10359.849: [GC pause (GCLocker Initiated GC) (young) 5459M->2418M(6144M), 0.0388313 secs]
2018-03-27T14:38:29.204+0200: 10362.477: [GC pause (G1 Evacuation Pause) (young) 5481M->2421M(6144M), 0.0504591 secs]
2018-03-27T14:38:31.346+0200: 10364.619: [GC pause (G1 Evacuation Pause) (young) 5457M->2424M(6144M), 0.0519822 secs]
2018-03-27T14:38:33.877+0200: 10367.151: [GC pause (G1 Evacuation Pause) (young) 5454M->2429M(6144M), 0.0401345 secs]
2018-03-27T14:38:36.281+0200: 10369.555: [GC pause (G1 Evacuation Pause) (young) 5453M->2429M(6144M), 0.0371262 secs]
2018-03-27T14:38:39.006+0200: 10372.280: [GC pause (GCLocker Initiated GC) (young) 5459M->2438M(6144M), 0.0519747 secs]
2018-03-27T14:38:41.688+0200: 10374.962: [GC pause (G1 Evacuation Pause) (young) 5454M->2437M(6144M), 0.0485736 secs]
2018-03-27T14:38:44.222+0200: 10377.496: [GC pause (G1 Evacuation Pause) (young) 5488M->2443M(6144M), 0.0489317 secs]
2018-03-27T14:38:46.916+0200: 10380.189: [GC pause (G1 Evacuation Pause) (young) 5460M->2440M(6144M), 0.0627717 secs]
2018-03-27T14:38:49.638+0200: 10382.911: [GC pause (G1 Evacuation Pause) (young) 5475M->2447M(6144M), 0.0415621 secs]
2018-03-27T14:38:51.910+0200: 10385.183: [GC pause (G1 Evacuation Pause) (young) 5459M->2447M(6144M), 0.0547431 secs]
2018-03-27T14:38:54.909+0200: 10388.183: [GC pause (GCLocker Initiated GC) (young) 5462M->2449M(6144M), 0.0390307 secs]
2018-03-27T14:38:57.880+0200: 10391.154: [GC pause (G1 Evacuation Pause) (young) 5461M->2452M(6144M), 0.0393261 secs]
2018-03-27T14:39:00.327+0200: 10393.601: [GC pause (GCLocker Initiated GC) (young) 5459M->2452M(6144M), 0.0376359 secs]
2018-03-27T14:39:02.970+0200: 10396.244: [GC pause (G1 Evacuation Pause) (young) 5460M->2455M(6144M), 0.0438114 secs]
2018-03-27T14:39:05.486+0200: 10398.760: [GC pause (G1 Evacuation Pause) (young) 5461M->2459M(6144M), 0.0387734 secs]
2018-03-27T14:39:08.636+0200: 10401.910: [GC pause (GCLocker Initiated GC) (young) 5469M->2460M(6144M), 0.0386048 secs]
2018-03-27T14:39:10.756+0200: 10404.030: [GC pause (G1 Evacuation Pause) (young) 5459M->2463M(6144M), 0.0457150 secs]
2018-03-27T14:39:13.119+0200: 10406.393: [GC pause (GCLocker Initiated GC) (young) 5480M->2467M(6144M), 0.0386764 secs]
2018-03-27T14:39:15.537+0200: 10408.811: [GC pause (G1 Evacuation Pause) (young) 5460M->2469M(6144M), 0.0395942 secs]
2018-03-27T14:39:18.129+0200: 10411.403: [GC pause (G1 Evacuation Pause) (young) 5457M->2468M(6144M), 0.0589201 secs]
2018-03-27T14:39:20.699+0200: 10413.973: [GC pause (G1 Evacuation Pause) (young) 5462M->2472M(6144M), 0.0383805 secs]
2018-03-27T14:39:23.395+0200: 10416.668: [GC pause (G1 Evacuation Pause) (young) 5460M->2476M(6144M), 0.0411565 secs]
2018-03-27T14:39:25.351+0200: 10418.625: [GC pause (G1 Evacuation Pause) (young) 5458M->2478M(6144M), 0.0427552 secs]
2018-03-27T14:39:27.493+0200: 10420.767: [GC pause (G1 Evacuation Pause) (young) 5456M->2478M(6144M), 0.0598036 secs]
2018-03-27T14:39:29.409+0200: 10422.683: [GC pause (G1 Evacuation Pause) (young) 5460M->2483M(6144M), 0.0454556 secs]
2018-03-27T14:39:32.002+0200: 10425.275: [GC pause (G1 Evacuation Pause) (young) 5455M->2483M(6144M), 0.0378211 secs]
2018-03-27T14:39:34.203+0200: 10427.477: [GC pause (G1 Evacuation Pause) (young) 5457M->2483M(6144M), 0.0374047 secs]
2018-03-27T14:39:36.637+0200: 10429.911: [GC pause (G1 Evacuation Pause) (young) 5459M->2488M(6144M), 0.0358125 secs]
2018-03-27T14:39:39.218+0200: 10432.491: [GC pause (GCLocker Initiated GC) (young) 5466M->2490M(6144M), 0.0485248 secs]
2018-03-27T14:39:41.589+0200: 10434.863: [GC pause (G1 Evacuation Pause) (young) 5458M->2493M(6144M), 0.0366828 secs]
2018-03-27T14:39:44.518+0200: 10437.792: [GC pause (GCLocker Initiated GC) (young) 5471M->2492M(6144M), 0.0391552 secs]
2018-03-27T14:39:47.144+0200: 10440.418: [GC pause (G1 Evacuation Pause) (young) 5460M->2495M(6144M), 0.0378247 secs]
2018-03-27T14:39:49.430+0200: 10442.703: [GC pause (G1 Evacuation Pause) (young) 5462M->2497M(6144M), 0.0417759 secs]
2018-03-27T14:39:51.357+0200: 10444.631: [GC pause (G1 Evacuation Pause) (young) 5462M->2497M(6144M), 0.0447014 secs]
2018-03-27T14:39:54.127+0200: 10447.400: [GC pause (G1 Evacuation Pause) (young) 5463M->2503M(6144M), 0.0464312 secs]
2018-03-27T14:39:56.739+0200: 10450.013: [GC pause (G1 Evacuation Pause) (young) 5455M->2506M(6144M), 0.0420082 secs]
2018-03-27T14:39:59.159+0200: 10452.433: [GC pause (G1 Evacuation Pause) (young) 5456M->2506M(6144M), 0.0451565 secs]
2018-03-27T14:40:01.893+0200: 10455.167: [GC pause (G1 Evacuation Pause) (young) 5458M->2511M(6144M), 0.0973983 secs]
2018-03-27T14:40:03.687+0200: 10456.961: [GC pause (G1 Evacuation Pause) (young) 5457M->2511M(6144M), 0.0862125 secs]
2018-03-27T14:40:05.195+0200: 10458.469: [GC pause (GCLocker Initiated GC) (young) 5469M->2513M(6144M), 0.0591889 secs]
2018-03-27T14:40:07.729+0200: 10461.002: [GC pause (G1 Evacuation Pause) (young) 5459M->2512M(6144M), 0.0515856 secs]
2018-03-27T14:40:09.965+0200: 10463.239: [GC pause (G1 Evacuation Pause) (young) 5458M->2518M(6144M), 0.0664357 secs]
2018-03-27T14:40:12.214+0200: 10465.488: [GC pause (G1 Evacuation Pause) (young) 5456M->2517M(6144M), 0.0428707 secs]
2018-03-27T14:40:14.896+0200: 10468.170: [GC pause (GCLocker Initiated GC) (young) 5465M->2520M(6144M), 0.0684859 secs]
2018-03-27T14:40:17.616+0200: 10470.890: [GC pause (G1 Evacuation Pause) (young) 5459M->2522M(6144M), 0.0570688 secs]
2018-03-27T14:40:20.114+0200: 10473.388: [GC pause (G1 Evacuation Pause) (young) 5459M->2524M(6144M), 0.0452797 secs]
2018-03-27T14:40:22.382+0200: 10475.656: [GC pause (G1 Evacuation Pause) (young) 5456M->2526M(6144M), 0.0370049 secs]
2018-03-27T14:40:25.229+0200: 10478.503: [GC pause (G1 Evacuation Pause) (young) 5458M->2528M(6144M), 0.0471032 secs]
2018-03-27T14:40:27.923+0200: 10481.197: [GC pause (G1 Evacuation Pause) (young) 5458M->2528M(6144M), 0.0450561 secs]
2018-03-27T14:40:30.684+0200: 10483.958: [GC pause (G1 Evacuation Pause) (young) 5460M->2530M(6144M), 0.0498825 secs]
2018-03-27T14:40:33.110+0200: 10486.384: [GC pause (G1 Evacuation Pause) (young) 5460M->2530M(6144M), 0.0695127 secs]
2018-03-27T14:40:36.129+0200: 10489.403: [GC pause (G1 Evacuation Pause) (young) 5462M->2534M(6144M), 0.0430710 secs]
2018-03-27T14:40:38.924+0200: 10492.197: [GC pause (G1 Evacuation Pause) (young) 5460M->2537M(6144M), 0.0403975 secs]
2018-03-27T14:40:41.273+0200: 10494.547: [GC pause (G1 Evacuation Pause) (young) 5461M->2538M(6144M), 0.0473280 secs]
2018-03-27T14:40:43.637+0200: 10496.911: [GC pause (G1 Evacuation Pause) (young) 5461M->2539M(6144M), 0.0397536 secs]
2018-03-27T14:40:46.355+0200: 10499.628: [GC pause (G1 Evacuation Pause) (young) 5464M->2542M(6144M), 0.0511300 secs]
2018-03-27T14:40:48.758+0200: 10502.032: [GC pause (G1 Evacuation Pause) (young) 5460M->2543M(6144M), 0.0396976 secs]
2018-03-27T14:40:51.319+0200: 10504.593: [GC pause (G1 Evacuation Pause) (young) 5459M->2547M(6144M), 0.0431702 secs]
2018-03-27T14:40:53.863+0200: 10507.136: [GC pause (G1 Evacuation Pause) (young) 5457M->2548M(6144M), 0.0523955 secs]
2018-03-27T14:40:55.888+0200: 10509.162: [GC pause (G1 Evacuation Pause) (young) 5460M->2549M(6144M), 0.0351058 secs]
2018-03-27T14:40:58.616+0200: 10511.890: [GC pause (G1 Evacuation Pause) (young) 5461M->2552M(6144M), 0.0374188 secs]
2018-03-27T14:41:01.222+0200: 10514.496: [GC pause (G1 Evacuation Pause) (young) 5462M->2552M(6144M), 0.0359522 secs]
2018-03-27T14:41:03.141+0200: 10516.414: [GC pause (G1 Evacuation Pause) (young) 5464M->2556M(6144M), 0.0498446 secs]
2018-03-27T14:41:05.956+0200: 10519.230: [GC pause (G1 Evacuation Pause) (young) 5464M->2558M(6144M), 0.0448904 secs]
2018-03-27T14:41:08.458+0200: 10521.731: [GC pause (G1 Evacuation Pause) (young) 5464M->2560M(6144M), 0.0354126 secs]
2018-03-27T14:41:10.700+0200: 10523.973: [GC pause (GCLocker Initiated GC) (young) 5466M->2565M(6144M), 0.0652950 secs]
2018-03-27T14:41:12.836+0200: 10526.110: [GC pause (GCLocker Initiated GC) (young) 5460M->2563M(6144M), 0.0367713 secs]
2018-03-27T14:41:15.103+0200: 10528.377: [GC pause (GCLocker Initiated GC) (young) 5465M->2569M(6144M), 0.0394869 secs]
2018-03-27T14:41:17.538+0200: 10530.811: [GC pause (G1 Evacuation Pause) (young) 5459M->2572M(6144M), 0.0415767 secs]
2018-03-27T14:41:20.448+0200: 10533.722: [GC pause (G1 Evacuation Pause) (young) 5460M->2571M(6144M), 0.0431947 secs]
2018-03-27T14:41:22.973+0200: 10536.247: [GC pause (G1 Evacuation Pause) (young) 5462M->2575M(6144M), 0.0545605 secs]
2018-03-27T14:41:25.437+0200: 10538.711: [GC pause (G1 Evacuation Pause) (young) 5463M->2581M(6144M), 0.0397159 secs]
2018-03-27T14:41:27.823+0200: 10541.097: [GC pause (GCLocker Initiated GC) (young) 5463M->2582M(6144M), 0.0452003 secs]
2018-03-27T14:41:30.568+0200: 10543.842: [GC pause (G1 Evacuation Pause) (young) 5458M->2582M(6144M), 0.0421210 secs]
2018-03-27T14:41:33.268+0200: 10546.542: [GC pause (GCLocker Initiated GC) (young) 5459M->2585M(6144M), 0.0371147 secs]
2018-03-27T14:41:35.724+0200: 10548.998: [GC pause (G1 Evacuation Pause) (young) 5459M->2585M(6144M), 0.0413729 secs]
2018-03-27T14:41:37.409+0200: 10550.683: [GC pause (G1 Evacuation Pause) (young) 5459M->2587M(6144M), 0.0463130 secs]
2018-03-27T14:41:39.628+0200: 10552.902: [GC pause (G1 Evacuation Pause) (young) 5459M->2591M(6144M), 0.0412562 secs]
2018-03-27T14:41:41.933+0200: 10555.207: [GC pause (GCLocker Initiated GC) (young) 5458M->2593M(6144M), 0.0360096 secs]
2018-03-27T14:41:44.279+0200: 10557.553: [GC pause (G1 Evacuation Pause) (young) 5461M->2593M(6144M), 0.0363390 secs]
2018-03-27T14:41:46.569+0200: 10559.842: [GC pause (G1 Evacuation Pause) (young) 5459M->2595M(6144M), 0.0561723 secs]
2018-03-27T14:41:48.664+0200: 10561.938: [GC pause (G1 Evacuation Pause) (young) 5459M->2598M(6144M), 0.0375652 secs]
2018-03-27T14:41:51.373+0200: 10564.647: [GC pause (G1 Evacuation Pause) (young) 5460M->2600M(6144M), 0.0377247 secs]
2018-03-27T14:41:53.978+0200: 10567.252: [GC pause (GCLocker Initiated GC) (young) 5461M->2601M(6144M), 0.0390021 secs]
2018-03-27T14:41:56.074+0200: 10569.347: [GC pause (GCLocker Initiated GC) (young) 5460M->2607M(6144M), 0.0442623 secs]
2018-03-27T14:41:58.033+0200: 10571.307: [GC pause (G1 Evacuation Pause) (young) 5458M->2611M(6144M), 0.0446237 secs]
2018-03-27T14:42:00.507+0200: 10573.780: [GC pause (G1 Evacuation Pause) (young) 5453M->2609M(6144M), 0.0420841 secs]
2018-03-27T14:42:02.895+0200: 10576.169: [GC pause (G1 Evacuation Pause) (young) 5461M->2615M(6144M), 0.0479839 secs]
2018-03-27T14:42:05.410+0200: 10578.684: [GC pause (G1 Evacuation Pause) (young) 5453M->2612M(6144M), 0.0477511 secs]
2018-03-27T14:42:07.915+0200: 10581.189: [GC pause (G1 Evacuation Pause) (young) 5460M->2615M(6144M), 0.0484616 secs]
2018-03-27T14:42:10.102+0200: 10583.376: [GC pause (G1 Evacuation Pause) (young) 5461M->2617M(6144M), 0.0419034 secs]
2018-03-27T14:42:12.372+0200: 10585.646: [GC pause (G1 Evacuation Pause) (young) 5459M->2620M(6144M), 0.0555015 secs]
2018-03-27T14:42:14.856+0200: 10588.130: [GC pause (G1 Evacuation Pause) (young) 5458M->2621M(6144M), 0.0427847 secs]
2018-03-27T14:42:17.202+0200: 10590.476: [GC pause (G1 Evacuation Pause) (young) 5461M->2624M(6144M), 0.0568503 secs]
2018-03-27T14:42:19.700+0200: 10592.974: [GC pause (G1 Evacuation Pause) (young) 5459M->2625M(6144M), 0.0507745 secs]
2018-03-27T14:42:21.854+0200: 10595.127: [GC pause (G1 Evacuation Pause) (young) 5461M->2628M(6144M), 0.0339591 secs]
2018-03-27T14:42:24.001+0200: 10597.275: [GC pause (G1 Evacuation Pause) (young) 5456M->2629M(6144M), 0.0397594 secs]
2018-03-27T14:42:26.496+0200: 10599.770: [GC pause (G1 Evacuation Pause) (young) 5459M->2630M(6144M), 0.0474165 secs]
2018-03-27T14:42:28.877+0200: 10602.151: [GC pause (G1 Evacuation Pause) (young) 5461M->2633M(6144M), 0.0400813 secs]
2018-03-27T14:42:31.268+0200: 10604.542: [GC pause (G1 Evacuation Pause) (young) 5459M->2637M(6144M), 0.0370700 secs]
2018-03-27T14:42:33.510+0200: 10606.784: [GC pause (G1 Evacuation Pause) (young) 5457M->2637M(6144M), 0.0556756 secs]
2018-03-27T14:42:36.417+0200: 10609.690: [GC pause (G1 Evacuation Pause) (young) 5459M->2640M(6144M), 0.0429083 secs]
2018-03-27T14:42:39.333+0200: 10612.607: [GC pause (G1 Evacuation Pause) (young) 5460M->2643M(6144M), 0.0355762 secs]
2018-03-27T14:42:41.474+0200: 10614.748: [GC pause (G1 Evacuation Pause) (young) 5457M->2644M(6144M), 0.0468147 secs]
2018-03-27T14:42:43.882+0200: 10617.156: [GC pause (G1 Evacuation Pause) (young) 5460M->2647M(6144M), 0.0371571 secs]
2018-03-27T14:42:46.167+0200: 10619.441: [GC pause (G1 Evacuation Pause) (young) 5461M->2649M(6144M), 0.0497349 secs]
2018-03-27T14:42:48.498+0200: 10621.771: [GC pause (G1 Evacuation Pause) (young) 5457M->2649M(6144M), 0.0368252 secs]
2018-03-27T14:42:50.588+0200: 10623.862: [GC pause (G1 Evacuation Pause) (young) 5460M->2653M(6144M), 0.0459095 secs]
2018-03-27T14:42:53.133+0200: 10626.406: [GC pause (G1 Evacuation Pause) (young) 5461M->2654M(6144M), 0.0387839 secs]
2018-03-27T14:42:55.405+0200: 10628.679: [GC pause (G1 Evacuation Pause) (young) 5478M->2657M(6144M), 0.0427045 secs]
2018-03-27T14:42:57.410+0200: 10630.683: [GC pause (G1 Evacuation Pause) (young) 5457M->2659M(6144M), 0.0383952 secs]
2018-03-27T14:42:59.835+0200: 10633.109: [GC pause (G1 Evacuation Pause) (young) 5457M->2662M(6144M), 0.0426395 secs]
2018-03-27T14:43:02.418+0200: 10635.692: [GC pause (G1 Evacuation Pause) (young) 5458M->2663M(6144M), 0.0401265 secs]
2018-03-27T14:43:04.470+0200: 10637.744: [GC pause (G1 Evacuation Pause) (young) 5457M->2663M(6144M), 0.0364466 secs]
2018-03-27T14:43:06.122+0200: 10639.396: [GC pause (GCLocker Initiated GC) (young) 5486M->2668M(6144M), 0.0479480 secs]
2018-03-27T14:43:07.844+0200: 10641.118: [GC pause (GCLocker Initiated GC) (young) 5460M->2669M(6144M), 0.0385844 secs]
2018-03-27T14:43:09.722+0200: 10642.996: [GC pause (G1 Evacuation Pause) (young) 5457M->2674M(6144M), 0.0556910 secs]
2018-03-27T14:43:11.823+0200: 10645.097: [GC pause (G1 Evacuation Pause) (young) 5456M->2678M(6144M), 0.0429773 secs]
2018-03-27T14:43:13.882+0200: 10647.155: [GC pause (G1 Evacuation Pause) (young) 5454M->2678M(6144M), 0.0489319 secs]
2018-03-27T14:43:15.677+0200: 10648.951: [GC pause (G1 Evacuation Pause) (young) 5458M->2684M(6144M), 0.0469633 secs]
2018-03-27T14:43:17.726+0200: 10651.000: [GC pause (G1 Evacuation Pause) (young) 5455M->2685M(6144M), 0.0422601 secs]
2018-03-27T14:43:19.718+0200: 10652.991: [GC pause (G1 Evacuation Pause) (young) 5453M->2687M(6144M), 0.0461336 secs]
2018-03-27T14:43:21.933+0200: 10655.207: [GC pause (G1 Evacuation Pause) (young) 5453M->2687M(6144M), 0.0432861 secs]
2018-03-27T14:43:24.078+0200: 10657.352: [GC pause (GCLocker Initiated GC) (young) 5456M->2691M(6144M), 0.0393648 secs]
2018-03-27T14:43:25.964+0200: 10659.237: [GC pause (G1 Evacuation Pause) (young) 5453M->2691M(6144M), 0.0398752 secs]
2018-03-27T14:43:28.133+0200: 10661.407: [GC pause (G1 Evacuation Pause) (young) 5457M->2696M(6144M), 0.0391863 secs]
2018-03-27T14:43:30.013+0200: 10663.286: [GC pause (GCLocker Initiated GC) (young) 5460M->2698M(6144M), 0.0383537 secs]
2018-03-27T14:43:31.765+0200: 10665.038: [GC pause (G1 Evacuation Pause) (young) 5454M->2701M(6144M), 0.0382315 secs]
2018-03-27T14:43:33.622+0200: 10666.896: [GC pause (G1 Evacuation Pause) (young) 5451M->2701M(6144M), 0.0383269 secs]
2018-03-27T14:43:36.161+0200: 10669.435: [GC pause (G1 Evacuation Pause) (young) 5455M->2706M(6144M), 0.0378687 secs]
2018-03-27T14:43:38.819+0200: 10672.092: [GC pause (G1 Evacuation Pause) (young) 5454M->2707M(6144M), 0.0409184 secs]
2018-03-27T14:43:40.979+0200: 10674.252: [GC pause (G1 Evacuation Pause) (young) 5453M->2707M(6144M), 0.0492243 secs]
2018-03-27T14:43:42.886+0200: 10676.160: [GC pause (G1 Evacuation Pause) (young) 5473M->2713M(6144M), 0.0451315 secs]
2018-03-27T14:43:45.444+0200: 10678.718: [GC pause (G1 Evacuation Pause) (young) 5461M->2715M(6144M), 0.0429163 secs]
2018-03-27T14:43:48.291+0200: 10681.565: [GC pause (G1 Evacuation Pause) (young) 5455M->2715M(6144M), 0.0379140 secs]
2018-03-27T14:43:50.124+0200: 10683.398: [GC pause (G1 Evacuation Pause) (young) 5458M->2718M(6144M), 0.0357222 secs]
2018-03-27T14:43:52.073+0200: 10685.346: [GC pause (G1 Evacuation Pause) (young) 5458M->2721M(6144M), 0.0381175 secs]
2018-03-27T14:43:53.934+0200: 10687.207: [GC pause (G1 Evacuation Pause) (young) 5473M->2727M(6144M), 0.0412508 secs]
2018-03-27T14:43:56.365+0200: 10689.639: [GC pause (G1 Evacuation Pause) (young) 5455M->2725M(6144M), 0.0412761 secs]
2018-03-27T14:43:58.149+0200: 10691.422: [GC pause (G1 Evacuation Pause) (young) 5460M->2726M(6144M), 0.0379680 secs]
2018-03-27T14:43:59.650+0200: 10692.923: [GC pause (G1 Evacuation Pause) (young) 5461M->2729M(6144M), 0.0400550 secs]
2018-03-27T14:44:01.966+0200: 10695.240: [GC pause (GCLocker Initiated GC) (young) 5467M->2733M(6144M), 0.0378271 secs]
2018-03-27T14:44:04.491+0200: 10697.765: [GC pause (G1 Evacuation Pause) (young) 5457M->2735M(6144M), 0.0448773 secs]
2018-03-27T14:44:06.734+0200: 10700.008: [GC pause (G1 Evacuation Pause) (young) 5457M->2734M(6144M), 0.0524624 secs]
2018-03-27T14:44:08.769+0200: 10702.043: [GC pause (G1 Evacuation Pause) (young) 5462M->2737M(6144M), 0.0354915 secs]
2018-03-27T14:44:10.587+0200: 10703.860: [GC pause (G1 Evacuation Pause) (young) 5459M->2740M(6144M), 0.0443867 secs]
2018-03-27T14:44:12.997+0200: 10706.271: [GC pause (G1 Evacuation Pause) (young) 5461M->2742M(6144M), 0.0530992 secs]
2018-03-27T14:44:15.001+0200: 10708.275: [GC pause (G1 Evacuation Pause) (young) 5460M->2744M(6144M), 0.0453948 secs]
2018-03-27T14:44:16.732+0200: 10710.006: [GC pause (G1 Evacuation Pause) (young) 5460M->2746M(6144M), 0.0415322 secs]
2018-03-27T14:44:19.044+0200: 10712.317: [GC pause (G1 Evacuation Pause) (young) 5460M->2750M(6144M), 0.0467925 secs]
2018-03-27T14:44:21.138+0200: 10714.411: [GC pause (G1 Evacuation Pause) (young) 5460M->2752M(6144M), 0.0409828 secs]
2018-03-27T14:44:23.156+0200: 10716.430: [GC pause (G1 Evacuation Pause) (young) 5460M->2754M(6144M), 0.0360177 secs]
2018-03-27T14:44:25.865+0200: 10719.138: [GC pause (G1 Evacuation Pause) (young) 5460M->2754M(6144M), 0.0355396 secs]
2018-03-27T14:44:28.028+0200: 10721.302: [GC pause (GCLocker Initiated GC) (young) 5464M->2759M(6144M), 0.0398814 secs]
2018-03-27T14:44:29.596+0200: 10722.870: [GC pause (G1 Evacuation Pause) (young) 5459M->2761M(6144M), 0.0633969 secs]
2018-03-27T14:44:31.717+0200: 10724.991: [GC pause (G1 Evacuation Pause) (young) 5460M->2764M(6144M), 0.0402525 secs]
2018-03-27T14:44:34.007+0200: 10727.281: [GC pause (G1 Evacuation Pause) (young) 5460M->2765M(6144M), 0.0398764 secs]
2018-03-27T14:44:36.314+0200: 10729.588: [GC pause (G1 Evacuation Pause) (young) 5459M->2767M(6144M), 0.0431948 secs]
2018-03-27T14:44:38.474+0200: 10731.748: [GC pause (GCLocker Initiated GC) (young) 5466M->2770M(6144M), 0.0479042 secs]
2018-03-27T14:44:41.009+0200: 10734.283: [GC pause (G1 Evacuation Pause) (young) 5476M->2771M(6144M), 0.0486203 secs]
2018-03-27T14:44:43.002+0200: 10736.276: [GC pause (GCLocker Initiated GC) (young) 5462M->2774M(6144M), 0.0410590 secs]
2018-03-27T14:44:44.786+0200: 10738.060: [GC pause (G1 Evacuation Pause) (young) 5458M->2776M(6144M), 0.0380446 secs]
2018-03-27T14:44:46.887+0200: 10740.160: [GC pause (GCLocker Initiated GC) (young) 5520M->2777M(6144M), 0.0561169 secs]
2018-03-27T14:44:48.407+0200: 10741.681: [GC pause (G1 Evacuation Pause) (young) 5457M->2780M(6144M), 0.0358173 secs]
2018-03-27T14:44:50.573+0200: 10743.847: [GC pause (GCLocker Initiated GC) (young) 5462M->2778M(6144M), 0.0389584 secs]
2018-03-27T14:44:52.826+0200: 10746.100: [GC pause (G1 Evacuation Pause) (young) 5462M->2782M(6144M), 0.0564590 secs]
2018-03-27T14:44:54.670+0200: 10747.944: [GC pause (G1 Evacuation Pause) (young) 5460M->2786M(6144M), 0.0368904 secs]
2018-03-27T14:44:56.831+0200: 10750.105: [GC pause (G1 Evacuation Pause) (young) 5458M->2788M(6144M), 0.0436041 secs]
2018-03-27T14:44:58.688+0200: 10751.962: [GC pause (G1 Evacuation Pause) (young) 5461M->2790M(6144M), 0.0380119 secs]
2018-03-27T14:45:01.219+0200: 10754.492: [GC pause (G1 Evacuation Pause) (young) 5458M->2790M(6144M), 0.0390402 secs]
2018-03-27T14:45:02.740+0200: 10756.014: [GC pause (GCLocker Initiated GC) (young) (initial-mark) 4772M->2796M(6144M), 0.0515823 secs]
2018-03-27T14:45:02.792+0200: 10756.066: [GC concurrent-root-region-scan-start]
2018-03-27T14:45:02.821+0200: 10756.095: [GC concurrent-root-region-scan-end, 0.0291207 secs]
2018-03-27T14:45:02.821+0200: 10756.095: [GC concurrent-mark-start]
2018-03-27T14:45:04.366+0200: 10757.640: [GC pause (GCLocker Initiated GC) (young) 5488M->2800M(6144M), 0.0387266 secs]
2018-03-27T14:45:06.167+0200: 10759.441: [GC concurrent-mark-end, 3.3459308 secs]
2018-03-27T14:45:06.170+0200: 10759.443: [GC remark, 0.3564985 secs]
2018-03-27T14:45:06.530+0200: 10759.804: [GC cleanup 4714M->4710M(6144M), 0.0239210 secs]
2018-03-27T14:45:06.554+0200: 10759.828: [GC concurrent-cleanup-start]
2018-03-27T14:45:06.554+0200: 10759.828: [GC concurrent-cleanup-end, 0.0000452 secs]
2018-03-27T14:45:06.913+0200: 10760.187: [GC pause (G1 Evacuation Pause) (young) 5453M->2797M(6144M), 0.0571164 secs]
2018-03-27T14:45:07.066+0200: 10760.340: [GC pause (G1 Evacuation Pause) (mixed) 3039M->2347M(6144M), 0.1243806 secs]
2018-03-27T14:45:07.399+0200: 10760.672: [GC pause (G1 Evacuation Pause) (mixed) 2627M->2276M(6144M), 0.1499581 secs]
2018-03-27T14:45:07.690+0200: 10760.964: [GC pause (G1 Evacuation Pause) (young) 2552M->2288M(6144M), 0.0478351 secs]
2018-03-27T14:45:07.892+0200: 10761.166: [GC pause (G1 Evacuation Pause) (young) 2564M->2286M(6144M), 0.0326689 secs]
2018-03-27T14:45:08.155+0200: 10761.429: [GC pause (G1 Evacuation Pause) (young) 2578M->2287M(6144M), 0.0431885 secs]
2018-03-27T14:45:08.459+0200: 10761.733: [GC pause (GCLocker Initiated GC) (young) 2595M->2284M(6144M), 0.0292516 secs]
2018-03-27T14:45:08.607+0200: 10761.880: [GC pause (GCLocker Initiated GC) (young) 2594M->2290M(6144M), 0.0233092 secs]
2018-03-27T14:45:08.748+0200: 10762.022: [GC pause (G1 Evacuation Pause) (young) 2578M->2298M(6144M), 0.0217153 secs]
2018-03-27T14:45:08.884+0200: 10762.157: [GC pause (GCLocker Initiated GC) (young) 2594M->2295M(6144M), 0.0219892 secs]
2018-03-27T14:45:09.028+0200: 10762.302: [GC pause (GCLocker Initiated GC) (young) 2595M->2296M(6144M), 0.0212368 secs]
2018-03-27T14:45:09.155+0200: 10762.428: [GC pause (G1 Evacuation Pause) (young) 2578M->2302M(6144M), 0.0231688 secs]
2018-03-27T14:45:09.287+0200: 10762.560: [GC pause (G1 Evacuation Pause) (young) 2578M->2297M(6144M), 0.0231619 secs]
2018-03-27T14:45:09.429+0200: 10762.703: [GC pause (GCLocker Initiated GC) (young) 2587M->2299M(6144M), 0.0230491 secs]
2018-03-27T14:45:09.594+0200: 10762.868: [GC pause (GCLocker Initiated GC) (young) 2595M->2303M(6144M), 0.0252350 secs]
2018-03-27T14:45:09.770+0200: 10763.044: [GC pause (GCLocker Initiated GC) (young) 2595M->2303M(6144M), 0.0237906 secs]
2018-03-27T14:45:09.918+0200: 10763.191: [GC pause (GCLocker Initiated GC) (young) 2587M->2302M(6144M), 0.0252396 secs]
2018-03-27T14:45:10.066+0200: 10763.339: [GC pause (G1 Evacuation Pause) (young) 2580M->2301M(6144M), 0.0248971 secs]
2018-03-27T14:45:10.357+0200: 10763.631: [GC pause (G1 Evacuation Pause) (young) 3013M->2302M(6144M), 0.0244585 secs]
2018-03-27T14:45:12.405+0200: 10765.679: [GC pause (G1 Evacuation Pause) (young) 5472M->2304M(6144M), 0.0303145 secs]
2018-03-27T14:45:14.633+0200: 10767.907: [GC pause (G1 Evacuation Pause) (young) 5480M->2310M(6144M), 0.0537014 secs]
2018-03-27T14:45:16.763+0200: 10770.037: [GC pause (G1 Evacuation Pause) (young) 5488M->2315M(6144M), 0.0423088 secs]
2018-03-27T14:45:18.823+0200: 10772.097: [GC pause (G1 Evacuation Pause) (young) 5487M->2324M(6144M), 0.0362273 secs]
2018-03-27T14:45:20.745+0200: 10774.019: [GC pause (G1 Evacuation Pause) (young) 5478M->2329M(6144M), 0.0402700 secs]
2018-03-27T14:45:23.129+0200: 10776.402: [GC pause (GCLocker Initiated GC) (young) 5478M->2331M(6144M), 0.0352896 secs]
2018-03-27T14:45:25.093+0200: 10778.367: [GC pause (G1 Evacuation Pause) (young) 5474M->2336M(6144M), 0.0380993 secs]
2018-03-27T14:45:27.948+0200: 10781.222: [GC pause (G1 Evacuation Pause) (young) 5487M->2350M(6144M), 0.0503389 secs]
2018-03-27T14:45:30.463+0200: 10783.737: [GC pause (G1 Evacuation Pause) (young) 5458M->2359M(6144M), 0.0411278 secs]
2018-03-27T14:45:32.847+0200: 10786.121: [GC pause (G1 Evacuation Pause) (young) 5453M->2363M(6144M), 0.0669314 secs]
2018-03-27T14:45:35.010+0200: 10788.284: [GC pause (GCLocker Initiated GC) (young) 5455M->2368M(6144M), 0.0554814 secs]
2018-03-27T14:45:37.279+0200: 10790.552: [GC pause (G1 Evacuation Pause) (young) 5444M->2367M(6144M), 0.0441800 secs]
2018-03-27T14:45:39.691+0200: 10792.965: [GC pause (G1 Evacuation Pause) (young) 5445M->2372M(6144M), 0.0439090 secs]
2018-03-27T14:45:42.466+0200: 10795.739: [GC pause (G1 Evacuation Pause) (young) 5442M->2369M(6144M), 0.0468830 secs]
2018-03-27T14:45:44.775+0200: 10798.049: [GC pause (GCLocker Initiated GC) (young) 5446M->2374M(6144M), 0.0567480 secs]
2018-03-27T14:45:46.848+0200: 10800.121: [GC pause (G1 Evacuation Pause) (young) 5441M->2377M(6144M), 0.0536282 secs]
2018-03-27T14:45:49.109+0200: 10802.382: [GC pause (G1 Evacuation Pause) (young) 5437M->2381M(6144M), 0.0493669 secs]
2018-03-27T14:45:51.041+0200: 10804.314: [GC pause (G1 Evacuation Pause) (young) 5435M->2384M(6144M), 0.0574897 secs]
2018-03-27T14:45:52.924+0200: 10806.198: [GC pause (G1 Evacuation Pause) (young) 5435M->2389M(6144M), 0.0501834 secs]
2018-03-27T14:45:55.295+0200: 10808.568: [GC pause (G1 Evacuation Pause) (young) 5433M->2391M(6144M), 0.0482219 secs]
2018-03-27T14:45:57.476+0200: 10810.750: [GC pause (G1 Evacuation Pause) (young) 5433M->2394M(6144M), 0.0506999 secs]
2018-03-27T14:45:59.845+0200: 10813.118: [GC pause (G1 Evacuation Pause) (young) 5456M->2392M(6144M), 0.0602284 secs]
2018-03-27T14:46:02.312+0200: 10815.585: [GC pause (G1 Evacuation Pause) (young) 5438M->2397M(6144M), 0.0757580 secs]
2018-03-27T14:46:04.656+0200: 10817.929: [GC pause (GCLocker Initiated GC) (young) 5469M->2405M(6144M), 0.0742505 secs]
2018-03-27T14:46:06.789+0200: 10820.062: [GC pause (GCLocker Initiated GC) (young) 5457M->2410M(6144M), 0.0481014 secs]
2018-03-27T14:46:09.445+0200: 10822.719: [GC pause (G1 Evacuation Pause) (young) 5453M->2417M(6144M), 0.0468165 secs]
2018-03-27T14:46:11.426+0200: 10824.699: [GC pause (G1 Evacuation Pause) (young) 5449M->2416M(6144M), 0.0633152 secs]
2018-03-27T14:46:13.953+0200: 10827.227: [GC pause (G1 Evacuation Pause) (young) 5456M->2421M(6144M), 0.0545731 secs]
2018-03-27T14:46:16.014+0200: 10829.287: [GC pause (GCLocker Initiated GC) (young) 5475M->2423M(6144M), 0.0630556 secs]
2018-03-27T14:46:18.372+0200: 10831.646: [GC pause (G1 Evacuation Pause) (young) 5455M->2424M(6144M), 0.0441369 secs]
2018-03-27T14:46:20.832+0200: 10834.106: [GC pause (G1 Evacuation Pause) (young) 5462M->2430M(6144M), 0.0442499 secs]
2018-03-27T14:46:23.352+0200: 10836.626: [GC pause (G1 Evacuation Pause) (young) 5462M->2435M(6144M), 0.0458386 secs]
2018-03-27T14:46:25.150+0200: 10838.424: [GC pause (G1 Evacuation Pause) (young) 5461M->2437M(6144M), 0.0419392 secs]
2018-03-27T14:46:27.354+0200: 10840.628: [GC pause (G1 Evacuation Pause) (young) 5459M->2439M(6144M), 0.0435401 secs]
2018-03-27T14:46:29.834+0200: 10843.108: [GC pause (G1 Evacuation Pause) (young) 5460M->2444M(6144M), 0.0373405 secs]
2018-03-27T14:46:32.186+0200: 10845.459: [GC pause (G1 Evacuation Pause) (young) 5456M->2447M(6144M), 0.0370711 secs]
2018-03-27T14:46:34.350+0200: 10847.624: [GC pause (G1 Evacuation Pause) (young) 5455M->2447M(6144M), 0.0385576 secs]
2018-03-27T14:46:36.818+0200: 10850.092: [GC pause (G1 Evacuation Pause) (young) 5457M->2449M(6144M), 0.0430668 secs]
2018-03-27T14:46:39.477+0200: 10852.751: [GC pause (G1 Evacuation Pause) (young) 5458M->2451M(6144M), 0.0432249 secs]
2018-03-27T14:46:42.581+0200: 10855.855: [GC pause (G1 Evacuation Pause) (young) 5461M->2455M(6144M), 0.0484641 secs]
2018-03-27T14:46:44.176+0200: 10857.450: [GC pause (G1 Evacuation Pause) (young) 5457M->2456M(6144M), 0.0399422 secs]
2018-03-27T14:46:46.406+0200: 10859.680: [GC pause (G1 Evacuation Pause) (young) 5460M->2459M(6144M), 0.0413052 secs]
2018-03-27T14:46:48.502+0200: 10861.776: [GC pause (G1 Evacuation Pause) (young) 5457M->2459M(6144M), 0.0398055 secs]
2018-03-27T14:46:50.520+0200: 10863.794: [GC pause (GCLocker Initiated GC) (young) 5475M->2462M(6144M), 0.0416192 secs]
2018-03-27T14:46:53.122+0200: 10866.396: [GC pause (G1 Evacuation Pause) (young) 5462M->2463M(6144M), 0.0372612 secs]
2018-03-27T14:46:54.896+0200: 10868.170: [GC pause (GCLocker Initiated GC) (young) 5463M->2466M(6144M), 0.0378857 secs]
2018-03-27T14:46:57.141+0200: 10870.415: [GC pause (G1 Evacuation Pause) (young) 5462M->2468M(6144M), 0.0407993 secs]
2018-03-27T14:46:59.351+0200: 10872.625: [GC pause (G1 Evacuation Pause) (young) 5460M->2472M(6144M), 0.0363793 secs]
2018-03-27T14:47:01.641+0200: 10874.915: [GC pause (G1 Evacuation Pause) (young) 5476M->2476M(6144M), 0.0437632 secs]
2018-03-27T14:47:04.538+0200: 10877.811: [GC pause (G1 Evacuation Pause) (young) 5460M->2477M(6144M), 0.0497017 secs]
2018-03-27T14:47:06.771+0200: 10880.045: [GC pause (G1 Evacuation Pause) (young) 5459M->2480M(6144M), 0.0380330 secs]
2018-03-27T14:47:09.577+0200: 10882.851: [GC pause (G1 Evacuation Pause) (young) 5460M->2483M(6144M), 0.0392379 secs]
2018-03-27T14:47:11.939+0200: 10885.213: [GC pause (G1 Evacuation Pause) (young) 5461M->2485M(6144M), 0.0513606 secs]
2018-03-27T14:47:14.977+0200: 10888.251: [GC pause (G1 Evacuation Pause) (young) 5461M->2487M(6144M), 0.0381043 secs]
2018-03-27T14:47:18.090+0200: 10891.364: [GC pause (G1 Evacuation Pause) (young) 5461M->2489M(6144M), 0.0402013 secs]
2018-03-27T14:47:20.061+0200: 10893.335: [GC pause (G1 Evacuation Pause) (young) 5461M->2488M(6144M), 0.0650189 secs]
2018-03-27T14:47:22.595+0200: 10895.869: [GC pause (G1 Evacuation Pause) (young) 5462M->2490M(6144M), 0.0427878 secs]
2018-03-27T14:47:25.057+0200: 10898.331: [GC pause (G1 Evacuation Pause) (young) 5464M->2496M(6144M), 0.0458871 secs]
2018-03-27T14:47:27.268+0200: 10900.542: [GC pause (G1 Evacuation Pause) (young) 5461M->2498M(6144M), 0.0468724 secs]
2018-03-27T14:47:29.705+0200: 10902.979: [GC pause (G1 Evacuation Pause) (young) 5462M->2499M(6144M), 0.0437885 secs]
2018-03-27T14:47:31.962+0200: 10905.236: [GC pause (GCLocker Initiated GC) (young) 5501M->2503M(6144M), 0.0475023 secs]
2018-03-27T14:47:34.315+0200: 10907.589: [GC pause (G1 Evacuation Pause) (young) 5463M->2504M(6144M), 0.0383984 secs]
2018-03-27T14:47:36.729+0200: 10910.003: [GC pause (G1 Evacuation Pause) (young) 5460M->2505M(6144M), 0.0385333 secs]
2018-03-27T14:47:38.874+0200: 10912.148: [GC pause (G1 Evacuation Pause) (young) 5463M->2509M(6144M), 0.0354121 secs]
2018-03-27T14:47:41.125+0200: 10914.399: [GC pause (G1 Evacuation Pause) (young) 5461M->2511M(6144M), 0.0407885 secs]
2018-03-27T14:47:43.878+0200: 10917.152: [GC pause (G1 Evacuation Pause) (young) 5461M->2512M(6144M), 0.0377307 secs]
2018-03-27T14:47:45.895+0200: 10919.169: [GC pause (GCLocker Initiated GC) (young) 5464M->2517M(6144M), 0.0425506 secs]
2018-03-27T14:47:48.535+0200: 10921.809: [GC pause (GCLocker Initiated GC) (young) 5528M->2519M(6144M), 0.0434851 secs]
2018-03-27T14:47:50.841+0200: 10924.115: [GC pause (G1 Evacuation Pause) (young) 5464M->2521M(6144M), 0.0404430 secs]
2018-03-27T14:47:52.694+0200: 10925.967: [GC pause (G1 Evacuation Pause) (young) 5461M->2522M(6144M), 0.0383925 secs]
2018-03-27T14:47:55.573+0200: 10928.847: [GC pause (G1 Evacuation Pause) (young) 5462M->2523M(6144M), 0.0482786 secs]
2018-03-27T14:47:57.582+0200: 10930.856: [GC pause (G1 Evacuation Pause) (young) 5463M->2530M(6144M), 0.0445075 secs]
2018-03-27T14:47:59.705+0200: 10932.979: [GC pause (G1 Evacuation Pause) (young) 5457M->2527M(6144M), 0.0523478 secs]
2018-03-27T14:48:02.292+0200: 10935.566: [GC pause (G1 Evacuation Pause) (young) 5463M->2531M(6144M), 0.0527137 secs]
2018-03-27T14:48:04.455+0200: 10937.729: [GC pause (G1 Evacuation Pause) (young) 5465M->2534M(6144M), 0.0541938 secs]
2018-03-27T14:48:06.209+0200: 10939.483: [GC pause (G1 Evacuation Pause) (young) 5462M->2539M(6144M), 0.0659921 secs]
2018-03-27T14:48:07.858+0200: 10941.131: [GC pause (G1 Evacuation Pause) (young) 5467M->2540M(6144M), 0.0588869 secs]
2018-03-27T14:48:10.130+0200: 10943.403: [GC pause (GCLocker Initiated GC) (young) 5504M->2545M(6144M), 0.0529392 secs]
2018-03-27T14:48:12.319+0200: 10945.593: [GC pause (G1 Evacuation Pause) (young) 5457M->2546M(6144M), 0.0634426 secs]
2018-03-27T14:48:14.629+0200: 10947.903: [GC pause (G1 Evacuation Pause) (young) 5458M->2548M(6144M), 0.0406519 secs]
2018-03-27T14:48:16.240+0200: 10949.514: [GC pause (G1 Evacuation Pause) (young) 5459M->2551M(6144M), 0.0493440 secs]
2018-03-27T14:48:18.306+0200: 10951.580: [GC pause (G1 Evacuation Pause) (young) 5457M->2553M(6144M), 0.0446145 secs]
2018-03-27T14:48:20.475+0200: 10953.748: [GC pause (G1 Evacuation Pause) (young) 5457M->2553M(6144M), 0.0513040 secs]
2018-03-27T14:48:22.588+0200: 10955.862: [GC pause (G1 Evacuation Pause) (young) 5495M->2554M(6144M), 0.0491899 secs]
2018-03-27T14:48:24.614+0200: 10957.887: [GC pause (G1 Evacuation Pause) (young) 5473M->2560M(6144M), 0.0503116 secs]
2018-03-27T14:48:26.880+0200: 10960.154: [GC pause (G1 Evacuation Pause) (young) 5463M->2564M(6144M), 0.0438924 secs]
2018-03-27T14:48:29.369+0200: 10962.643: [GC pause (G1 Evacuation Pause) (young) 5460M->2564M(6144M), 0.0372819 secs]
2018-03-27T14:48:31.549+0200: 10964.823: [GC pause (G1 Evacuation Pause) (young) 5460M->2567M(6144M), 0.0465854 secs]
2018-03-27T14:48:33.528+0200: 10966.802: [GC pause (G1 Evacuation Pause) (young) 5472M->2574M(6144M), 0.0407261 secs]
2018-03-27T14:48:35.958+0200: 10969.231: [GC pause (G1 Evacuation Pause) (young) 5458M->2572M(6144M), 0.0378323 secs]
2018-03-27T14:48:38.216+0200: 10971.490: [GC pause (G1 Evacuation Pause) (young) 5460M->2575M(6144M), 0.0380285 secs]
2018-03-27T14:48:40.664+0200: 10973.938: [GC pause (G1 Evacuation Pause) (young) 5462M->2579M(6144M), 0.0344189 secs]
2018-03-27T14:48:42.894+0200: 10976.167: [GC pause (G1 Evacuation Pause) (young) 5461M->2586M(6144M), 0.0426965 secs]
2018-03-27T14:48:44.791+0200: 10978.064: [GC pause (G1 Evacuation Pause) (young) 5456M->2580M(6144M), 0.0472809 secs]
2018-03-27T14:48:46.456+0200: 10979.730: [GC pause (G1 Evacuation Pause) (young) 5464M->2585M(6144M), 0.0460954 secs]
2018-03-27T14:48:48.249+0200: 10981.523: [GC pause (GCLocker Initiated GC) (young) 5461M->2587M(6144M), 0.0522827 secs]
2018-03-27T14:48:50.306+0200: 10983.579: [GC pause (GCLocker Initiated GC) (young) 5461M->2589M(6144M), 0.0383496 secs]
2018-03-27T14:48:52.943+0200: 10986.217: [GC pause (G1 Evacuation Pause) (young) 5459M->2590M(6144M), 0.0411605 secs]
2018-03-27T14:48:54.461+0200: 10987.735: [GC pause (G1 Evacuation Pause) (young) 5462M->2594M(6144M), 0.0467763 secs]
2018-03-27T14:48:56.626+0200: 10989.900: [GC pause (G1 Evacuation Pause) (young) 5460M->2596M(6144M), 0.0456969 secs]
2018-03-27T14:48:58.967+0200: 10992.241: [GC pause (G1 Evacuation Pause) (young) 5460M->2597M(6144M), 0.0461377 secs]
2018-03-27T14:49:01.361+0200: 10994.635: [GC pause (G1 Evacuation Pause) (young) 5460M->2601M(6144M), 0.0522175 secs]
2018-03-27T14:49:03.892+0200: 10997.166: [GC pause (G1 Evacuation Pause) (young) 5460M->2604M(6144M), 0.0459219 secs]
2018-03-27T14:49:06.034+0200: 10999.308: [GC pause (G1 Evacuation Pause) (young) 5456M->2601M(6144M), 0.0598141 secs]
2018-03-27T14:49:09.421+0200: 11002.695: [GC pause (G1 Evacuation Pause) (young) 5461M->2606M(6144M), 0.0382266 secs]
2018-03-27T14:49:11.914+0200: 11005.187: [GC pause (GCLocker Initiated GC) (young) 5460M->2610M(6144M), 0.0387423 secs]
2018-03-27T14:49:14.109+0200: 11007.383: [GC pause (G1 Evacuation Pause) (young) 5456M->2610M(6144M), 0.0493322 secs]
2018-03-27T14:49:16.236+0200: 11009.510: [GC pause (G1 Evacuation Pause) (young) 5458M->2613M(6144M), 0.0429228 secs]
2018-03-27T14:49:18.162+0200: 11011.435: [GC pause (G1 Evacuation Pause) (young) 5459M->2616M(6144M), 0.0424489 secs]
2018-03-27T14:49:20.121+0200: 11013.394: [GC pause (GCLocker Initiated GC) (young) 5473M->2618M(6144M), 0.0380133 secs]
2018-03-27T14:49:22.374+0200: 11015.648: [GC pause (G1 Evacuation Pause) (young) 5460M->2619M(6144M), 0.0360918 secs]
2018-03-27T14:49:24.793+0200: 11018.067: [GC pause (G1 Evacuation Pause) (young) 5459M->2623M(6144M), 0.0443531 secs]
2018-03-27T14:49:26.869+0200: 11020.143: [GC pause (G1 Evacuation Pause) (young) 5459M->2626M(6144M), 0.0384681 secs]
2018-03-27T14:49:29.146+0200: 11022.419: [GC pause (G1 Evacuation Pause) (young) 5456M->2630M(6144M), 0.0540085 secs]
2018-03-27T14:49:31.613+0200: 11024.887: [GC pause (GCLocker Initiated GC) (young) 5456M->2634M(6144M), 0.0369150 secs]
2018-03-27T14:49:33.491+0200: 11026.765: [GC pause (G1 Evacuation Pause) (young) 5453M->2639M(6144M), 0.0384291 secs]
2018-03-27T14:49:35.173+0200: 11028.447: [GC pause (G1 Evacuation Pause) (young) 5453M->2640M(6144M), 0.0421170 secs]
2018-03-27T14:49:36.901+0200: 11030.175: [GC pause (G1 Evacuation Pause) (young) 5452M->2640M(6144M), 0.0398154 secs]
2018-03-27T14:49:39.305+0200: 11032.578: [GC pause (G1 Evacuation Pause) (young) 5467M->2642M(6144M), 0.0418633 secs]
2018-03-27T14:49:41.682+0200: 11034.956: [GC pause (G1 Evacuation Pause) (young) 5456M->2643M(6144M), 0.0373182 secs]
2018-03-27T14:49:43.514+0200: 11036.788: [GC pause (G1 Evacuation Pause) (young) 5455M->2644M(6144M), 0.0362536 secs]
2018-03-27T14:49:45.261+0200: 11038.535: [GC pause (G1 Evacuation Pause) (young) 5456M->2648M(6144M), 0.0455474 secs]
2018-03-27T14:49:47.641+0200: 11040.915: [GC pause (GCLocker Initiated GC) (young) 5524M->2647M(6144M), 0.0415989 secs]
2018-03-27T14:49:49.820+0200: 11043.094: [GC pause (G1 Evacuation Pause) (young) 5459M->2651M(6144M), 0.0375001 secs]
2018-03-27T14:49:52.228+0200: 11045.502: [GC pause (GCLocker Initiated GC) (young) 5461M->2653M(6144M), 0.0408694 secs]
2018-03-27T14:49:54.194+0200: 11047.468: [GC pause (G1 Evacuation Pause) (young) 5459M->2655M(6144M), 0.0373228 secs]
2018-03-27T14:49:55.806+0200: 11049.080: [GC pause (G1 Evacuation Pause) (young) 5459M->2656M(6144M), 0.0374677 secs]
2018-03-27T14:49:58.014+0200: 11051.287: [GC pause (G1 Evacuation Pause) (young) 5458M->2659M(6144M), 0.0442081 secs]
2018-03-27T14:49:59.732+0200: 11053.006: [GC pause (GCLocker Initiated GC) (young) 5469M->2660M(6144M), 0.0389931 secs]
2018-03-27T14:50:02.045+0200: 11055.319: [GC pause (GCLocker Initiated GC) (young) 5464M->2663M(6144M), 0.0462884 secs]
2018-03-27T14:50:04.516+0200: 11057.790: [GC pause (G1 Evacuation Pause) (young) 5461M->2664M(6144M), 0.0472836 secs]
2018-03-27T14:50:06.605+0200: 11059.878: [GC pause (GCLocker Initiated GC) (young) 5483M->2670M(6144M), 0.0598174 secs]
2018-03-27T14:50:08.622+0200: 11061.895: [GC pause (G1 Evacuation Pause) (young) 5458M->2668M(6144M), 0.0591240 secs]
2018-03-27T14:50:10.982+0200: 11064.256: [GC pause (G1 Evacuation Pause) (young) 5464M->2671M(6144M), 0.0397170 secs]
2018-03-27T14:50:12.799+0200: 11066.073: [GC pause (G1 Evacuation Pause) (young) 5461M->2676M(6144M), 0.0384439 secs]
2018-03-27T14:50:14.892+0200: 11068.166: [GC pause (G1 Evacuation Pause) (young) 5458M->2675M(6144M), 0.0361421 secs]
2018-03-27T14:50:16.910+0200: 11070.184: [GC pause (G1 Evacuation Pause) (young) 5463M->2678M(6144M), 0.0417465 secs]
2018-03-27T14:50:19.026+0200: 11072.300: [GC pause (G1 Evacuation Pause) (young) 5460M->2683M(6144M), 0.0387199 secs]
2018-03-27T14:50:20.916+0200: 11074.189: [GC pause (G1 Evacuation Pause) (young) 5459M->2684M(6144M), 0.0379788 secs]
2018-03-27T14:50:22.459+0200: 11075.732: [GC pause (G1 Evacuation Pause) (young) 5460M->2686M(6144M), 0.0441910 secs]
2018-03-27T14:50:24.017+0200: 11077.291: [GC pause (G1 Evacuation Pause) (young) 5460M->2686M(6144M), 0.0368048 secs]
2018-03-27T14:50:26.189+0200: 11079.463: [GC pause (GCLocker Initiated GC) (young) 5465M->2691M(6144M), 0.0484830 secs]
2018-03-27T14:50:27.938+0200: 11081.211: [GC pause (GCLocker Initiated GC) (young) 5473M->2691M(6144M), 0.0373135 secs]
2018-03-27T14:50:29.608+0200: 11082.882: [GC pause (G1 Evacuation Pause) (young) 5464M->2694M(6144M), 0.0378828 secs]
2018-03-27T14:50:31.444+0200: 11084.718: [GC pause (G1 Evacuation Pause) (young) 5464M->2698M(6144M), 0.0387215 secs]
2018-03-27T14:50:33.382+0200: 11086.656: [GC pause (GCLocker Initiated GC) (young) 5469M->2700M(6144M), 0.0360712 secs]
2018-03-27T14:50:35.294+0200: 11088.567: [GC pause (G1 Evacuation Pause) (young) 5461M->2702M(6144M), 0.0385551 secs]
2018-03-27T14:50:37.039+0200: 11090.313: [GC pause (G1 Evacuation Pause) (young) 5460M->2705M(6144M), 0.0372999 secs]
2018-03-27T14:50:38.634+0200: 11091.907: [GC pause (GCLocker Initiated GC) (young) 5472M->2708M(6144M), 0.0375549 secs]
2018-03-27T14:50:40.451+0200: 11093.725: [GC pause (G1 Evacuation Pause) (young) 5462M->2709M(6144M), 0.0540257 secs]
2018-03-27T14:50:42.041+0200: 11095.315: [GC pause (G1 Evacuation Pause) (young) 5461M->2714M(6144M), 0.0406842 secs]
2018-03-27T14:50:43.920+0200: 11097.194: [GC pause (GCLocker Initiated GC) (young) 5463M->2717M(6144M), 0.0469372 secs]
2018-03-27T14:50:46.236+0200: 11099.510: [GC pause (G1 Evacuation Pause) (young) 5457M->2719M(6144M), 0.0424456 secs]
2018-03-27T14:50:48.017+0200: 11101.291: [GC pause (G1 Evacuation Pause) (young) 5459M->2719M(6144M), 0.0381226 secs]
2018-03-27T14:50:50.352+0200: 11103.625: [GC pause (G1 Evacuation Pause) (young) 5461M->2721M(6144M), 0.0383097 secs]
2018-03-27T14:50:52.900+0200: 11106.173: [GC pause (GCLocker Initiated GC) (young) 5470M->2722M(6144M), 0.0402573 secs]
2018-03-27T14:50:55.113+0200: 11108.387: [GC pause (G1 Evacuation Pause) (young) 5460M->2724M(6144M), 0.0361862 secs]
2018-03-27T14:50:57.030+0200: 11110.304: [GC pause (G1 Evacuation Pause) (young) 5468M->2733M(6144M), 0.0380858 secs]
2018-03-27T14:50:58.860+0200: 11112.134: [GC pause (G1 Evacuation Pause) (young) 5475M->2734M(6144M), 0.0446665 secs]
2018-03-27T14:51:00.830+0200: 11114.103: [GC pause (G1 Evacuation Pause) (young) 5456M->2735M(6144M), 0.0355404 secs]
2018-03-27T14:51:02.321+0200: 11115.595: [GC pause (GCLocker Initiated GC) (young) 5462M->2738M(6144M), 0.0374623 secs]
2018-03-27T14:51:04.507+0200: 11117.781: [GC pause (G1 Evacuation Pause) (young) 5470M->2740M(6144M), 0.0388461 secs]
2018-03-27T14:51:07.146+0200: 11120.419: [GC pause (G1 Evacuation Pause) (young) 5458M->2744M(6144M), 0.0382233 secs]
2018-03-27T14:51:08.985+0200: 11122.258: [GC pause (G1 Evacuation Pause) (young) 5460M->2744M(6144M), 0.0440462 secs]
2018-03-27T14:51:11.157+0200: 11124.430: [GC pause (G1 Evacuation Pause) (young) 5462M->2749M(6144M), 0.0379259 secs]
2018-03-27T14:51:12.681+0200: 11125.954: [GC pause (G1 Evacuation Pause) (young) 5457M->2751M(6144M), 0.0453703 secs]
2018-03-27T14:51:14.617+0200: 11127.891: [GC pause (G1 Evacuation Pause) (young) 5457M->2754M(6144M), 0.0394919 secs]
2018-03-27T14:51:16.453+0200: 11129.727: [GC pause (G1 Evacuation Pause) (young) 5458M->2756M(6144M), 0.0385749 secs]
2018-03-27T14:51:18.520+0200: 11131.794: [GC pause (G1 Evacuation Pause) (young) 5456M->2760M(6144M), 0.0407321 secs]
2018-03-27T14:51:20.184+0200: 11133.458: [GC pause (G1 Evacuation Pause) (young) 5455M->2762M(6144M), 0.0368234 secs]
2018-03-27T14:51:22.293+0200: 11135.566: [GC pause (G1 Evacuation Pause) (young) 5454M->2763M(6144M), 0.0422831 secs]
2018-03-27T14:51:24.404+0200: 11137.678: [GC pause (G1 Evacuation Pause) (young) 5457M->2763M(6144M), 0.0368625 secs]
2018-03-27T14:51:26.371+0200: 11139.645: [GC pause (G1 Evacuation Pause) (young) 5455M->2767M(6144M), 0.0399469 secs]
2018-03-27T14:51:28.580+0200: 11141.853: [GC pause (G1 Evacuation Pause) (young) 5468M->2776M(6144M), 0.0438793 secs]
2018-03-27T14:51:30.970+0200: 11144.244: [GC pause (G1 Evacuation Pause) (young) 5467M->2775M(6144M), 0.0482709 secs]
2018-03-27T14:51:32.778+0200: 11146.052: [GC pause (G1 Evacuation Pause) (young) 5453M->2776M(6144M), 0.0448326 secs]
2018-03-27T14:51:34.460+0200: 11147.734: [GC pause (G1 Evacuation Pause) (young) 5456M->2782M(6144M), 0.0417769 secs]
2018-03-27T14:51:36.467+0200: 11149.741: [GC pause (G1 Evacuation Pause) (young) 5452M->2778M(6144M), 0.0371910 secs]
2018-03-27T14:51:38.497+0200: 11151.771: [GC pause (G1 Evacuation Pause) (young) 5458M->2781M(6144M), 0.0390114 secs]
2018-03-27T14:51:40.392+0200: 11153.666: [GC pause (GCLocker Initiated GC) (young) 5480M->2787M(6144M), 0.0368907 secs]
2018-03-27T14:51:42.238+0200: 11155.512: [GC pause (G1 Evacuation Pause) (young) 5455M->2790M(6144M), 0.0377036 secs]
2018-03-27T14:51:43.672+0200: 11156.946: [GC pause (GCLocker Initiated GC) (young) 5483M->2792M(6144M), 0.0437884 secs]
2018-03-27T14:51:45.925+0200: 11159.199: [GC pause (G1 Evacuation Pause) (young) 5458M->2796M(6144M), 0.0392388 secs]
2018-03-27T14:51:48.032+0200: 11161.306: [GC pause (G1 Evacuation Pause) (young) 5456M->2798M(6144M), 0.0366858 secs]
2018-03-27T14:51:49.837+0200: 11163.110: [GC pause (G1 Evacuation Pause) (young) 5456M->2801M(6144M), 0.0381688 secs]
2018-03-27T14:51:51.524+0200: 11164.798: [GC pause (G1 Evacuation Pause) (young) 5453M->2801M(6144M), 0.0421393 secs]
2018-03-27T14:51:53.722+0200: 11166.996: [GC pause (G1 Evacuation Pause) (young) 5455M->2804M(6144M), 0.0373453 secs]
2018-03-27T14:51:55.809+0200: 11169.082: [GC pause (GCLocker Initiated GC) (young) 5458M->2806M(6144M), 0.0376044 secs]
2018-03-27T14:51:57.306+0200: 11170.580: [GC pause (G1 Evacuation Pause) (young) 5456M->2810M(6144M), 0.0358135 secs]
2018-03-27T14:51:58.962+0200: 11172.236: [GC pause (G1 Evacuation Pause) (young) 5456M->2814M(6144M), 0.0382519 secs]
2018-03-27T14:52:00.930+0200: 11174.204: [GC pause (GCLocker Initiated GC) (young) 5456M->2815M(6144M), 0.0389581 secs]
2018-03-27T14:52:03.022+0200: 11176.296: [GC pause (G1 Evacuation Pause) (young) 5457M->2816M(6144M), 0.0498031 secs]
2018-03-27T14:52:05.299+0200: 11178.573: [GC pause (G1 Evacuation Pause) (young) 5456M->2821M(6144M), 0.0466450 secs]
2018-03-27T14:52:07.235+0200: 11180.508: [GC pause (G1 Evacuation Pause) (young) 5455M->2825M(6144M), 0.0403318 secs]
2018-03-27T14:52:09.147+0200: 11182.420: [GC pause (G1 Evacuation Pause) (young) 5453M->2822M(6144M), 0.0559837 secs]
2018-03-27T14:52:10.843+0200: 11184.117: [GC pause (G1 Evacuation Pause) (young) (initial-mark) 5458M->2827M(6144M), 0.0443696 secs]
2018-03-27T14:52:10.888+0200: 11184.161: [GC concurrent-root-region-scan-start]
2018-03-27T14:52:10.933+0200: 11184.207: [GC concurrent-root-region-scan-end, 0.0451074 secs]
2018-03-27T14:52:10.933+0200: 11184.207: [GC concurrent-mark-start]
2018-03-27T14:52:12.735+0200: 11186.009: [GC pause (G1 Evacuation Pause) (young) 5454M->2830M(6144M), 0.0429962 secs]
2018-03-27T14:52:14.401+0200: 11187.675: [GC concurrent-mark-end, 3.4685063 secs]
2018-03-27T14:52:14.406+0200: 11187.680: [GC remark, 0.3779347 secs]
2018-03-27T14:52:14.790+0200: 11188.064: [GC cleanup 5442M->5439M(6144M), 0.0282376 secs]
2018-03-27T14:52:14.819+0200: 11188.092: [GC concurrent-cleanup-start]
2018-03-27T14:52:14.819+0200: 11188.092: [GC concurrent-cleanup-end, 0.0001745 secs]
2018-03-27T14:52:14.856+0200: 11188.130: [GC pause (GCLocker Initiated GC) (young) 5469M->2830M(6144M), 0.0464250 secs]
2018-03-27T14:52:15.106+0200: 11188.380: [GC pause (G1 Evacuation Pause) (mixed) 3070M->2396M(6144M), 0.1783899 secs]
2018-03-27T14:52:15.488+0200: 11188.762: [GC pause (G1 Evacuation Pause) (mixed) 2676M->2321M(6144M), 0.1550938 secs]
2018-03-27T14:52:15.835+0200: 11189.109: [GC pause (G1 Evacuation Pause) (young) 2601M->2330M(6144M), 0.0582794 secs]
2018-03-27T14:52:16.050+0200: 11189.324: [GC pause (G1 Evacuation Pause) (young) 2612M->2335M(6144M), 0.0285328 secs]
2018-03-27T14:52:16.286+0200: 11189.559: [GC pause (G1 Evacuation Pause) (young) 2613M->2334M(6144M), 0.0368050 secs]
2018-03-27T14:52:16.551+0200: 11189.825: [GC pause (GCLocker Initiated GC) (young) 2628M->2331M(6144M), 0.0395664 secs]
2018-03-27T14:52:16.687+0200: 11189.961: [GC pause (G1 Evacuation Pause) (young) 2613M->2331M(6144M), 0.0252989 secs]
2018-03-27T14:52:16.811+0200: 11190.085: [GC pause (G1 Evacuation Pause) (young) 2613M->2333M(6144M), 0.0226091 secs]
2018-03-27T14:52:16.992+0200: 11190.266: [GC pause (G1 Evacuation Pause) (young) 2613M->2333M(6144M), 0.0243275 secs]
2018-03-27T14:52:17.133+0200: 11190.406: [GC pause (G1 Evacuation Pause) (young) 2613M->2333M(6144M), 0.0247889 secs]
2018-03-27T14:52:17.292+0200: 11190.566: [GC pause (GCLocker Initiated GC) (young) 2629M->2335M(6144M), 0.0220811 secs]
2018-03-27T14:52:17.466+0200: 11190.740: [GC pause (G1 Evacuation Pause) (young) 2613M->2337M(6144M), 0.0246737 secs]
2018-03-27T14:52:17.624+0200: 11190.898: [GC pause (GCLocker Initiated GC) (young) 2629M->2337M(6144M), 0.0244009 secs]
2018-03-27T14:52:17.802+0200: 11191.075: [GC pause (G1 Evacuation Pause) (young) 2619M->2336M(6144M), 0.0227885 secs]
2018-03-27T14:52:17.994+0200: 11191.268: [GC pause (GCLocker Initiated GC) (young) 2634M->2336M(6144M), 0.0226405 secs]
2018-03-27T14:52:18.143+0200: 11191.416: [GC pause (G1 Evacuation Pause) (young) 2618M->2338M(6144M), 0.0443674 secs]
2018-03-27T14:52:18.303+0200: 11191.577: [GC pause (G1 Evacuation Pause) (young) 2620M->2339M(6144M), 0.0233005 secs]
2018-03-27T14:52:19.240+0200: 11192.514: [GC pause (G1 Evacuation Pause) (young) 3987M->2341M(6144M), 0.0404421 secs]
2018-03-27T14:52:21.372+0200: 11194.645: [GC pause (G1 Evacuation Pause) (young) 5363M->2348M(6144M), 0.0493211 secs]
2018-03-27T14:52:23.618+0200: 11196.891: [GC pause (G1 Evacuation Pause) (young) 5399M->2351M(6144M), 0.0492609 secs]
2018-03-27T14:52:26.169+0200: 11199.443: [GC pause (G1 Evacuation Pause) (young) 5439M->2364M(6144M), 0.0406850 secs]
2018-03-27T14:52:26.551+0200: 11199.825: [GC pause (G1 Evacuation Pause) (young) 3236M->2411M(6144M), 0.0459294 secs]
2018-03-27T14:52:26.738+0200: 11200.011: [GC pause (GCLocker Initiated GC) (young) 2708M->2375M(6144M), 0.0460796 secs]
2018-03-27T14:52:29.023+0200: 11202.297: [GC pause (G1 Evacuation Pause) (young) 5455M->2379M(6144M), 0.0388301 secs]
2018-03-27T14:52:30.726+0200: 11204.000: [GC pause (G1 Evacuation Pause) (young) 5453M->2381M(6144M), 0.0318221 secs]
2018-03-27T14:52:32.907+0200: 11206.180: [GC pause (G1 Evacuation Pause) (young) 5457M->2387M(6144M), 0.0315986 secs]
2018-03-27T14:52:34.958+0200: 11208.231: [GC pause (G1 Evacuation Pause) (young) 5469M->2392M(6144M), 0.0343359 secs]
2018-03-27T14:52:37.353+0200: 11210.626: [GC pause (G1 Evacuation Pause) (young) 5476M->2399M(6144M), 0.0339161 secs]
2018-03-27T14:52:39.897+0200: 11213.170: [GC pause (G1 Evacuation Pause) (young) 5474M->2400M(6144M), 0.0384153 secs]
2018-03-27T14:52:42.368+0200: 11215.642: [GC pause (G1 Evacuation Pause) (young) 5480M->2404M(6144M), 0.0413726 secs]
2018-03-27T14:52:44.238+0200: 11217.512: [GC pause (G1 Evacuation Pause) (young) 5466M->2409M(6144M), 0.0360671 secs]
2018-03-27T14:52:46.202+0200: 11219.476: [GC pause (G1 Evacuation Pause) (young) 5463M->2414M(6144M), 0.0381192 secs]
2018-03-27T14:52:47.878+0200: 11221.152: [GC pause (GCLocker Initiated GC) (young) 5512M->2420M(6144M), 0.0564473 secs]
2018-03-27T14:52:49.461+0200: 11222.735: [GC pause (GCLocker Initiated GC) (young) 5488M->2429M(6144M), 0.0415320 secs]
2018-03-27T14:52:50.798+0200: 11224.072: [GC pause (G1 Evacuation Pause) (young) 5443M->2428M(6144M), 0.0439201 secs]
2018-03-27T14:52:52.014+0200: 11225.288: [GC pause (G1 Evacuation Pause) (young) 5442M->2426M(6144M), 0.0534612 secs]
2018-03-27T14:52:54.132+0200: 11227.406: [GC pause (G1 Evacuation Pause) (young) 5446M->2435M(6144M), 0.0444413 secs]
2018-03-27T14:52:55.701+0200: 11228.975: [GC pause (GCLocker Initiated GC) (young) 5491M->2438M(6144M), 0.0449073 secs]
2018-03-27T14:52:57.300+0200: 11230.574: [GC pause (GCLocker Initiated GC) (young) 5464M->2445M(6144M), 0.0482424 secs]
2018-03-27T14:52:59.049+0200: 11232.323: [GC pause (G1 Evacuation Pause) (young) 5429M->2462M(6144M), 0.0546182 secs]
2018-03-27T14:53:00.910+0200: 11234.183: [GC pause (GCLocker Initiated GC) (young) 5418M->2471M(6144M), 0.0550630 secs]
2018-03-27T14:53:02.834+0200: 11236.108: [GC pause (G1 Evacuation Pause) (young) 5411M->2472M(6144M), 0.0579718 secs]
2018-03-27T14:53:04.718+0200: 11237.992: [GC pause (G1 Evacuation Pause) (young) 5412M->2477M(6144M), 0.0539559 secs]
2018-03-27T14:53:06.267+0200: 11239.541: [GC pause (G1 Evacuation Pause) (young) 5411M->2475M(6144M), 0.0557317 secs]
2018-03-27T14:53:08.143+0200: 11241.416: [GC pause (GCLocker Initiated GC) (young) 5415M->2482M(6144M), 0.0530066 secs]
2018-03-27T14:53:10.162+0200: 11243.435: [GC pause (G1 Evacuation Pause) (young) 5410M->2460M(6144M), 0.0492786 secs]
2018-03-27T14:53:11.515+0200: 11244.789: [GC pause (G1 Evacuation Pause) (young) 5439M->2465M(6144M), 0.0467349 secs]
2018-03-27T14:53:13.062+0200: 11246.336: [GC pause (G1 Evacuation Pause) (young) 5441M->2468M(6144M), 0.0460654 secs]
2018-03-27T14:53:14.635+0200: 11247.909: [GC pause (GCLocker Initiated GC) (young) 5450M->2475M(6144M), 0.0420729 secs]
2018-03-27T14:53:16.246+0200: 11249.519: [GC pause (G1 Evacuation Pause) (young) 5443M->2475M(6144M), 0.0409572 secs]
2018-03-27T14:53:17.640+0200: 11250.914: [GC pause (G1 Evacuation Pause) (young) 5447M->2481M(6144M), 0.0426568 secs]
2018-03-27T14:53:19.301+0200: 11252.575: [GC pause (GCLocker Initiated GC) (young) 5445M->2485M(6144M), 0.0622422 secs]
2018-03-27T14:53:21.318+0200: 11254.591: [GC pause (G1 Evacuation Pause) (young) 5447M->2489M(6144M), 0.0468392 secs]
2018-03-27T14:53:23.366+0200: 11256.639: [GC pause (G1 Evacuation Pause) (young) 5451M->2492M(6144M), 0.0412725 secs]
2018-03-27T14:53:25.277+0200: 11258.550: [GC pause (GCLocker Initiated GC) (young) 5463M->2495M(6144M), 0.0361712 secs]
2018-03-27T14:53:27.075+0200: 11260.349: [GC pause (G1 Evacuation Pause) (young) 5453M->2499M(6144M), 0.0422359 secs]
2018-03-27T14:53:28.772+0200: 11262.046: [GC pause (GCLocker Initiated GC) (young) 5521M->2510M(6144M), 0.0584326 secs]
2018-03-27T14:53:30.740+0200: 11264.014: [GC pause (G1 Evacuation Pause) (young) 5446M->2504M(6144M), 0.0398515 secs]
2018-03-27T14:53:32.822+0200: 11266.095: [GC pause (G1 Evacuation Pause) (young) 5457M->2507M(6144M), 0.0422573 secs]
2018-03-27T14:53:34.473+0200: 11267.747: [GC pause (G1 Evacuation Pause) (young) 5459M->2512M(6144M), 0.0400927 secs]
2018-03-27T14:53:36.415+0200: 11269.689: [GC pause (G1 Evacuation Pause) (young) 5458M->2511M(6144M), 0.0451946 secs]
2018-03-27T14:53:38.398+0200: 11271.672: [GC pause (G1 Evacuation Pause) (young) 5461M->2514M(6144M), 0.0434813 secs]
2018-03-27T14:53:40.602+0200: 11273.876: [GC pause (GCLocker Initiated GC) (young) 5492M->2520M(6144M), 0.0399380 secs]
2018-03-27T14:53:42.571+0200: 11275.845: [GC pause (G1 Evacuation Pause) (young) 5454M->2520M(6144M), 0.0401343 secs]
2018-03-27T14:53:44.797+0200: 11278.071: [GC pause (G1 Evacuation Pause) (young) 5456M->2523M(6144M), 0.0400284 secs]
2018-03-27T14:53:46.630+0200: 11279.904: [GC pause (G1 Evacuation Pause) (young) 5455M->2524M(6144M), 0.0400530 secs]
2018-03-27T14:53:49.351+0200: 11282.624: [GC pause (G1 Evacuation Pause) (young) 5458M->2528M(6144M), 0.0384754 secs]
2018-03-27T14:53:51.898+0200: 11285.171: [GC pause (GCLocker Initiated GC) (young) 5474M->2531M(6144M), 0.0410293 secs]
2018-03-27T14:53:54.275+0200: 11287.549: [GC pause (G1 Evacuation Pause) (young) 5457M->2531M(6144M), 0.0411326 secs]
2018-03-27T14:53:55.810+0200: 11289.084: [GC pause (GCLocker Initiated GC) (young) 5467M->2539M(6144M), 0.0397736 secs]
2018-03-27T14:53:57.432+0200: 11290.706: [GC pause (G1 Evacuation Pause) (young) 5457M->2549M(6144M), 0.0469269 secs]
2018-03-27T14:53:58.964+0200: 11292.238: [GC pause (G1 Evacuation Pause) (young) 5450M->2542M(6144M), 0.0370268 secs]
2018-03-27T14:54:00.758+0200: 11294.032: [GC pause (GCLocker Initiated GC) (young) 5459M->2544M(6144M), 0.0479395 secs]
2018-03-27T14:54:02.857+0200: 11296.130: [GC pause (G1 Evacuation Pause) (young) 5458M->2545M(6144M), 0.0664381 secs]
2018-03-27T14:54:04.222+0200: 11297.496: [GC pause (G1 Evacuation Pause) (young) 5458M->2549M(6144M), 0.0523323 secs]
2018-03-27T14:54:06.327+0200: 11299.600: [GC pause (G1 Evacuation Pause) (young) 5457M->2549M(6144M), 0.0409594 secs]
2018-03-27T14:54:08.177+0200: 11301.450: [GC pause (G1 Evacuation Pause) (young) 5459M->2553M(6144M), 0.0444287 secs]
2018-03-27T14:54:10.086+0200: 11303.360: [GC pause (GCLocker Initiated GC) (young) 5459M->2554M(6144M), 0.0829311 secs]
2018-03-27T14:54:12.160+0200: 11305.434: [GC pause (G1 Evacuation Pause) (young) 5460M->2557M(6144M), 0.0453465 secs]
2018-03-27T14:54:14.613+0200: 11307.887: [GC pause (G1 Evacuation Pause) (young) 5460M->2561M(6144M), 0.0401451 secs]
2018-03-27T14:54:16.790+0200: 11310.064: [GC pause (GCLocker Initiated GC) (young) 5589M->2562M(6144M), 0.0478487 secs]
2018-03-27T14:54:18.406+0200: 11311.680: [GC pause (GCLocker Initiated GC) (young) 5498M->2564M(6144M), 0.0510133 secs]
2018-03-27T14:54:20.301+0200: 11313.575: [GC pause (G1 Evacuation Pause) (young) 5456M->2569M(6144M), 0.0427789 secs]
2018-03-27T14:54:22.118+0200: 11315.392: [GC pause (G1 Evacuation Pause) (young) 5455M->2573M(6144M), 0.0518262 secs]
2018-03-27T14:54:24.767+0200: 11318.041: [GC pause (G1 Evacuation Pause) (young) 5453M->2573M(6144M), 0.0431383 secs]
2018-03-27T14:54:26.961+0200: 11320.234: [GC pause (G1 Evacuation Pause) (young) 5457M->2576M(6144M), 0.0616691 secs]
2018-03-27T14:54:28.802+0200: 11322.076: [GC pause (G1 Evacuation Pause) (young) 5454M->2578M(6144M), 0.0773723 secs]
2018-03-27T14:54:31.183+0200: 11324.457: [GC pause (G1 Evacuation Pause) (young) 5454M->2582M(6144M), 0.0500965 secs]
2018-03-27T14:54:33.230+0200: 11326.504: [GC pause (G1 Evacuation Pause) (young) 5452M->2582M(6144M), 0.0435974 secs]
2018-03-27T14:54:35.210+0200: 11328.484: [GC pause (G1 Evacuation Pause) (young) 5454M->2583M(6144M), 0.0441236 secs]
2018-03-27T14:54:37.573+0200: 11330.846: [GC pause (GCLocker Initiated GC) (young) 5465M->2586M(6144M), 0.0490706 secs]
2018-03-27T14:54:39.404+0200: 11332.678: [GC pause (G1 Evacuation Pause) (young) 5454M->2589M(6144M), 0.0394601 secs]
2018-03-27T14:54:41.228+0200: 11334.502: [GC pause (G1 Evacuation Pause) (young) 5455M->2590M(6144M), 0.0439032 secs]
2018-03-27T14:54:43.333+0200: 11336.607: [GC pause (G1 Evacuation Pause) (young) 5458M->2594M(6144M), 0.0412191 secs]
2018-03-27T14:54:45.538+0200: 11338.812: [GC pause (G1 Evacuation Pause) (young) 5454M->2597M(6144M), 0.0409390 secs]
2018-03-27T14:54:47.689+0200: 11340.963: [GC pause (G1 Evacuation Pause) (young) 5451M->2597M(6144M), 0.0389662 secs]
2018-03-27T14:54:50.266+0200: 11343.539: [GC pause (G1 Evacuation Pause) (young) 5458M->2605M(6144M), 0.0407430 secs]
2018-03-27T14:54:52.426+0200: 11345.699: [GC pause (G1 Evacuation Pause) (young) 5449M->2605M(6144M), 0.0371668 secs]
2018-03-27T14:54:54.297+0200: 11347.571: [GC pause (G1 Evacuation Pause) (young) 5455M->2607M(6144M), 0.0373765 secs]
2018-03-27T14:54:56.511+0200: 11349.785: [GC pause (G1 Evacuation Pause) (young) 5457M->2608M(6144M), 0.0367290 secs]
2018-03-27T14:54:58.510+0200: 11351.784: [GC pause (G1 Evacuation Pause) (young) 5458M->2614M(6144M), 0.0373449 secs]
2018-03-27T14:55:00.300+0200: 11353.574: [GC pause (GCLocker Initiated GC) (young) 5464M->2615M(6144M), 0.0384653 secs]
2018-03-27T14:55:01.923+0200: 11355.196: [GC pause (G1 Evacuation Pause) (young) 5455M->2624M(6144M), 0.0656133 secs]
2018-03-27T14:55:03.374+0200: 11356.647: [GC pause (G1 Evacuation Pause) (young) 5450M->2624M(6144M), 0.0399959 secs]
2018-03-27T14:55:04.818+0200: 11358.092: [GC pause (G1 Evacuation Pause) (young) 5456M->2628M(6144M), 0.0404011 secs]
2018-03-27T14:55:06.516+0200: 11359.790: [GC pause (GCLocker Initiated GC) (young) 5455M->2630M(6144M), 0.0392127 secs]
2018-03-27T14:55:08.405+0200: 11361.679: [GC pause (G1 Evacuation Pause) (young) 5452M->2635M(6144M), 0.0407023 secs]
2018-03-27T14:55:10.152+0200: 11363.425: [GC pause (G1 Evacuation Pause) (young) 5451M->2634M(6144M), 0.0377445 secs]
2018-03-27T14:55:11.843+0200: 11365.117: [GC pause (G1 Evacuation Pause) (young) 5456M->2636M(6144M), 0.0417315 secs]
2018-03-27T14:55:13.376+0200: 11366.650: [GC pause (G1 Evacuation Pause) (young) 5454M->2639M(6144M), 0.0375341 secs]
2018-03-27T14:55:15.021+0200: 11368.295: [GC pause (G1 Evacuation Pause) (young) 5455M->2643M(6144M), 0.0396568 secs]
2018-03-27T14:55:16.862+0200: 11370.136: [GC pause (G1 Evacuation Pause) (young) 5453M->2649M(6144M), 0.0382948 secs]
2018-03-27T14:55:18.826+0200: 11372.100: [GC pause (G1 Evacuation Pause) (young) 5471M->2647M(6144M), 0.0474082 secs]
2018-03-27T14:55:20.881+0200: 11374.155: [GC pause (G1 Evacuation Pause) (young) 5451M->2649M(6144M), 0.0410682 secs]
2018-03-27T14:55:23.453+0200: 11376.726: [GC pause (GCLocker Initiated GC) (young) 5457M->2654M(6144M), 0.0400967 secs]
2018-03-27T14:55:25.590+0200: 11378.864: [GC pause (G1 Evacuation Pause) (young) 5454M->2656M(6144M), 0.0789321 secs]
2018-03-27T14:55:28.206+0200: 11381.479: [GC pause (G1 Evacuation Pause) (young) 5452M->2659M(6144M), 0.0396095 secs]
2018-03-27T14:55:30.018+0200: 11383.292: [GC pause (G1 Evacuation Pause) (young) 5453M->2661M(6144M), 0.0404015 secs]
2018-03-27T14:55:32.248+0200: 11385.522: [GC pause (G1 Evacuation Pause) (young) 5455M->2665M(6144M), 0.0452165 secs]
2018-03-27T14:55:34.312+0200: 11387.586: [GC pause (G1 Evacuation Pause) (young) 5459M->2670M(6144M), 0.0476733 secs]
2018-03-27T14:55:36.621+0200: 11389.894: [GC pause (G1 Evacuation Pause) (young) 5456M->2676M(6144M), 0.0553086 secs]
2018-03-27T14:55:38.254+0200: 11391.528: [GC pause (G1 Evacuation Pause) (young) 5452M->2674M(6144M), 0.0486905 secs]
2018-03-27T14:55:40.182+0200: 11393.456: [GC pause (GCLocker Initiated GC) (young) 5456M->2678M(6144M), 0.0405299 secs]
2018-03-27T14:55:42.498+0200: 11395.772: [GC pause (GCLocker Initiated GC) (young) 5456M->2677M(6144M), 0.0398816 secs]
2018-03-27T14:55:44.740+0200: 11398.014: [GC pause (G1 Evacuation Pause) (young) 5459M->2684M(6144M), 0.0464482 secs]
2018-03-27T14:55:46.509+0200: 11399.783: [GC pause (G1 Evacuation Pause) (young) 5452M->2686M(6144M), 0.0430373 secs]
2018-03-27T14:55:48.114+0200: 11401.387: [GC pause (G1 Evacuation Pause) (young) 5470M->2688M(6144M), 0.0510723 secs]
2018-03-27T14:55:50.054+0200: 11403.327: [GC pause (G1 Evacuation Pause) (young) 5452M->2687M(6144M), 0.0551779 secs]
2018-03-27T14:55:51.889+0200: 11405.163: [GC pause (G1 Evacuation Pause) (young) 5457M->2689M(6144M), 0.0377010 secs]
2018-03-27T14:55:54.060+0200: 11407.334: [GC pause (G1 Evacuation Pause) (young) 5457M->2690M(6144M), 0.0443111 secs]
2018-03-27T14:55:55.828+0200: 11409.102: [GC pause (GCLocker Initiated GC) (young) 5482M->2695M(6144M), 0.0489334 secs]
2018-03-27T14:55:57.565+0200: 11410.838: [GC pause (GCLocker Initiated GC) (young) 5460M->2697M(6144M), 0.0416157 secs]
2018-03-27T14:55:59.821+0200: 11413.095: [GC pause (G1 Evacuation Pause) (young) 5481M->2700M(6144M), 0.0426076 secs]
2018-03-27T14:56:02.010+0200: 11415.283: [GC pause (G1 Evacuation Pause) (young) 5457M->2701M(6144M), 0.0580662 secs]
2018-03-27T14:56:03.933+0200: 11417.207: [GC pause (G1 Evacuation Pause) (young) 5459M->2704M(6144M), 0.0537661 secs]
2018-03-27T14:56:06.157+0200: 11419.430: [GC pause (G1 Evacuation Pause) (young) 5476M->2707M(6144M), 0.0842849 secs]
2018-03-27T14:56:08.132+0200: 11421.405: [GC pause (G1 Evacuation Pause) (young) 5455M->2712M(6144M), 0.0588891 secs]
2018-03-27T14:56:10.725+0200: 11423.999: [GC pause (G1 Evacuation Pause) (young) 5478M->2714M(6144M), 0.0511454 secs]
2018-03-27T14:56:12.890+0200: 11426.164: [GC pause (G1 Evacuation Pause) (young) 5470M->2717M(6144M), 0.0531120 secs]
2018-03-27T14:56:15.383+0200: 11428.656: [GC pause (G1 Evacuation Pause) (young) 5453M->2719M(6144M), 0.0468354 secs]
2018-03-27T14:56:17.740+0200: 11431.014: [GC pause (G1 Evacuation Pause) (young) 5457M->2721M(6144M), 0.0438812 secs]
2018-03-27T14:56:19.984+0200: 11433.258: [GC pause (G1 Evacuation Pause) (young) 5459M->2723M(6144M), 0.0380456 secs]
2018-03-27T14:56:22.107+0200: 11435.381: [GC pause (G1 Evacuation Pause) (young) 5459M->2724M(6144M), 0.0434051 secs]
2018-03-27T14:56:24.357+0200: 11437.631: [GC pause (GCLocker Initiated GC) (young) 5480M->2728M(6144M), 0.0446301 secs]
2018-03-27T14:56:26.725+0200: 11439.999: [GC pause (G1 Evacuation Pause) (young) 5456M->2727M(6144M), 0.0366876 secs]
2018-03-27T14:56:29.001+0200: 11442.275: [GC pause (G1 Evacuation Pause) (young) 5462M->2732M(6144M), 0.0418506 secs]
2018-03-27T14:56:30.915+0200: 11444.188: [GC pause (G1 Evacuation Pause) (young) 5477M->2735M(6144M), 0.0418113 secs]
2018-03-27T14:56:32.987+0200: 11446.261: [GC pause (GCLocker Initiated GC) (young) 5458M->2735M(6144M), 0.0374958 secs]
2018-03-27T14:56:35.070+0200: 11448.344: [GC pause (G1 Evacuation Pause) (young) 5459M->2737M(6144M), 0.0465832 secs]
2018-03-27T14:56:37.279+0200: 11450.553: [GC pause (G1 Evacuation Pause) (young) 5459M->2741M(6144M), 0.0469184 secs]
2018-03-27T14:56:39.248+0200: 11452.521: [GC pause (G1 Evacuation Pause) (young) 5477M->2742M(6144M), 0.0528554 secs]
2018-03-27T14:56:41.286+0200: 11454.559: [GC pause (G1 Evacuation Pause) (young) 5460M->2742M(6144M), 0.0408567 secs]
2018-03-27T14:56:43.406+0200: 11456.680: [GC pause (G1 Evacuation Pause) (young) 5462M->2745M(6144M), 0.0369563 secs]
2018-03-27T14:56:45.344+0200: 11458.617: [GC pause (G1 Evacuation Pause) (young) 5481M->2746M(6144M), 0.0419820 secs]
2018-03-27T14:56:47.103+0200: 11460.376: [GC pause (G1 Evacuation Pause) (young) 5462M->2750M(6144M), 0.0575152 secs]
2018-03-27T14:56:48.889+0200: 11462.163: [GC pause (G1 Evacuation Pause) (young) 5460M->2751M(6144M), 0.0369900 secs]
2018-03-27T14:56:51.022+0200: 11464.295: [GC pause (G1 Evacuation Pause) (young) 5481M->2752M(6144M), 0.0423819 secs]
2018-03-27T14:56:52.837+0200: 11466.111: [GC pause (G1 Evacuation Pause) (young) 5462M->2758M(6144M), 0.0361170 secs]
2018-03-27T14:56:54.598+0200: 11467.871: [GC pause (G1 Evacuation Pause) (young) 5459M->2760M(6144M), 0.0365628 secs]
2018-03-27T14:56:57.158+0200: 11470.432: [GC pause (G1 Evacuation Pause) (young) 5462M->2761M(6144M), 0.0381784 secs]
2018-03-27T14:56:59.529+0200: 11472.803: [GC pause (GCLocker Initiated GC) (young) 5478M->2764M(6144M), 0.0345757 secs]
2018-03-27T14:57:01.346+0200: 11474.619: [GC pause (GCLocker Initiated GC) (young) 5474M->2767M(6144M), 0.0360281 secs]
2018-03-27T14:57:03.441+0200: 11476.715: [GC pause (G1 Evacuation Pause) (young) 5459M->2769M(6144M), 0.0355731 secs]
2018-03-27T14:57:05.221+0200: 11478.494: [GC pause (G1 Evacuation Pause) (young) 5465M->2771M(6144M), 0.0403358 secs]
2018-03-27T14:57:07.337+0200: 11480.611: [GC pause (GCLocker Initiated GC) (young) 5458M->2771M(6144M), 0.0370348 secs]
2018-03-27T14:57:09.119+0200: 11482.393: [GC pause (GCLocker Initiated GC) (young) 5461M->2773M(6144M), 0.0591341 secs]
2018-03-27T14:57:11.211+0200: 11484.485: [GC pause (G1 Evacuation Pause) (young) 5463M->2776M(6144M), 0.0590620 secs]
2018-03-27T14:57:13.240+0200: 11486.514: [GC pause (G1 Evacuation Pause) (young) 5478M->2776M(6144M), 0.0428233 secs]
2018-03-27T14:57:15.331+0200: 11488.604: [GC pause (GCLocker Initiated GC) (young) 5480M->2781M(6144M), 0.0376838 secs]
2018-03-27T14:57:17.540+0200: 11490.814: [GC pause (G1 Evacuation Pause) (young) 5461M->2783M(6144M), 0.0534837 secs]
2018-03-27T14:57:19.506+0200: 11492.780: [GC pause (G1 Evacuation Pause) (young) 5462M->2784M(6144M), 0.0360307 secs]
2018-03-27T14:57:22.030+0200: 11495.303: [GC pause (G1 Evacuation Pause) (young) 5482M->2789M(6144M), 0.0425338 secs]
2018-03-27T14:57:23.710+0200: 11496.984: [GC pause (G1 Evacuation Pause) (young) 5462M->2789M(6144M), 0.0385378 secs]
2018-03-27T14:57:25.722+0200: 11498.995: [GC pause (G1 Evacuation Pause) (young) 5463M->2789M(6144M), 0.0359572 secs]
2018-03-27T14:57:27.728+0200: 11501.002: [GC pause (G1 Evacuation Pause) (young) 5465M->2793M(6144M), 0.0460984 secs]
2018-03-27T14:57:29.668+0200: 11502.942: [GC pause (GCLocker Initiated GC) (young) 5467M->2795M(6144M), 0.0604992 secs]
2018-03-27T14:57:31.289+0200: 11504.563: [GC pause (G1 Humongous Allocation) (young) (initial-mark) 4604M->2799M(6144M), 0.0455794 secs]
2018-03-27T14:57:31.335+0200: 11504.608: [GC concurrent-root-region-scan-start]
2018-03-27T14:57:31.364+0200: 11504.638: [GC concurrent-root-region-scan-end, 0.0295373 secs]
2018-03-27T14:57:31.364+0200: 11504.638: [GC concurrent-mark-start]
2018-03-27T14:57:33.195+0200: 11506.469: [GC pause (G1 Evacuation Pause) (young) 5465M->2801M(6144M), 0.0376532 secs]
2018-03-27T14:57:34.499+0200: 11507.772: [GC concurrent-mark-end, 3.1345040 secs]
2018-03-27T14:57:34.503+0200: 11507.776: [GC remark, 0.3320516 secs]
2018-03-27T14:57:34.846+0200: 11508.120: [GC cleanup 4588M->4561M(6144M), 0.0331510 secs]
2018-03-27T14:57:34.880+0200: 11508.154: [GC concurrent-cleanup-start]
2018-03-27T14:57:34.880+0200: 11508.154: [GC concurrent-cleanup-end, 0.0003055 secs]
2018-03-27T14:57:35.488+0200: 11508.762: [GC pause (G1 Evacuation Pause) (young) 5434M->2775M(6144M), 0.0738030 secs]
2018-03-27T14:57:35.754+0200: 11509.028: [GC pause (GCLocker Initiated GC) (mixed) 3037M->2366M(6144M), 0.1814915 secs]
2018-03-27T14:57:36.057+0200: 11509.331: [GC pause (G1 Evacuation Pause) (mixed) 2658M->2331M(6144M), 0.1261223 secs]
2018-03-27T14:57:36.288+0200: 11509.562: [GC pause (G1 Evacuation Pause) (young) 2615M->2330M(6144M), 0.0436681 secs]
2018-03-27T14:57:36.449+0200: 11509.723: [GC pause (G1 Evacuation Pause) (young) 2608M->2328M(6144M), 0.0264735 secs]
2018-03-27T14:57:36.602+0200: 11509.875: [GC pause (G1 Evacuation Pause) (young) 2608M->2331M(6144M), 0.0279367 secs]
2018-03-27T14:57:36.777+0200: 11510.051: [GC pause (G1 Evacuation Pause) (young) 2607M->2329M(6144M), 0.0265192 secs]
2018-03-27T14:57:37.028+0200: 11510.302: [GC pause (G1 Evacuation Pause) (young) 2607M->2331M(6144M), 0.0270000 secs]
2018-03-27T14:57:37.251+0200: 11510.525: [GC pause (G1 Evacuation Pause) (young) 2607M->2331M(6144M), 0.0223426 secs]
2018-03-27T14:57:37.472+0200: 11510.746: [GC pause (GCLocker Initiated GC) (young) 2608M->2330M(6144M), 0.0246250 secs]
2018-03-27T14:57:37.667+0200: 11510.941: [GC pause (GCLocker Initiated GC) (young) 2622M->2333M(6144M), 0.0342831 secs]
2018-03-27T14:57:37.863+0200: 11511.136: [GC pause (G1 Evacuation Pause) (young) 2613M->2331M(6144M), 0.0270996 secs]
2018-03-27T14:57:38.047+0200: 11511.320: [GC pause (GCLocker Initiated GC) (young) 2622M->2332M(6144M), 0.0270393 secs]
2018-03-27T14:57:38.227+0200: 11511.500: [GC pause (G1 Evacuation Pause) (young) 2612M->2333M(6144M), 0.0230609 secs]
2018-03-27T14:57:38.433+0200: 11511.706: [GC pause (G1 Evacuation Pause) (young) 2613M->2334M(6144M), 0.0226566 secs]
2018-03-27T14:57:38.690+0200: 11511.964: [GC pause (GCLocker Initiated GC) (young) 2614M->2332M(6144M), 0.0338926 secs]
2018-03-27T14:57:40.614+0200: 11513.888: [GC pause (G1 Evacuation Pause) (young) 5056M->2339M(6144M), 0.0350237 secs]
2018-03-27T14:57:42.845+0200: 11516.119: [GC pause (G1 Evacuation Pause) (young) 5449M->2346M(6144M), 0.0403729 secs]
2018-03-27T14:57:45.628+0200: 11518.902: [GC pause (G1 Evacuation Pause) (young) 5479M->2351M(6144M), 0.0436711 secs]
2018-03-27T14:57:48.277+0200: 11521.550: [GC pause (G1 Evacuation Pause) (young) 5472M->2355M(6144M), 0.0308239 secs]
2018-03-27T14:57:50.503+0200: 11523.777: [GC pause (G1 Evacuation Pause) (young) 5481M->2362M(6144M), 0.0341873 secs]
2018-03-27T14:57:52.674+0200: 11525.948: [GC pause (GCLocker Initiated GC) (young) 5496M->2363M(6144M), 0.0350183 secs]
2018-03-27T14:57:54.972+0200: 11528.246: [GC pause (G1 Evacuation Pause) (young) 5475M->2367M(6144M), 0.0486515 secs]
2018-03-27T14:57:57.167+0200: 11530.440: [GC pause (G1 Evacuation Pause) (young) 5471M->2368M(6144M), 0.0541353 secs]
2018-03-27T14:57:59.514+0200: 11532.787: [GC pause (G1 Evacuation Pause) (young) 5472M->2372M(6144M), 0.0347319 secs]
2018-03-27T14:58:02.101+0200: 11535.375: [GC pause (G1 Evacuation Pause) (young) 5470M->2375M(6144M), 0.0583610 secs]
2018-03-27T14:58:04.434+0200: 11537.708: [GC pause (G1 Evacuation Pause) (young) 5467M->2378M(6144M), 0.0418022 secs]
2018-03-27T14:58:06.215+0200: 11539.488: [GC pause (G1 Evacuation Pause) (young) 5462M->2377M(6144M), 0.0408842 secs]
2018-03-27T14:58:08.524+0200: 11541.797: [GC pause (GCLocker Initiated GC) (young) 5481M->2380M(6144M), 0.0763395 secs]
2018-03-27T14:58:11.110+0200: 11544.383: [GC pause (G1 Evacuation Pause) (young) 5465M->2382M(6144M), 0.0528612 secs]
2018-03-27T14:58:13.449+0200: 11546.722: [GC pause (G1 Evacuation Pause) (young) 5460M->2383M(6144M), 0.0444779 secs]
2018-03-27T14:58:15.533+0200: 11548.807: [GC pause (G1 Evacuation Pause) (young) 5457M->2385M(6144M), 0.0561774 secs]
2018-03-27T14:58:17.545+0200: 11550.819: [GC pause (GCLocker Initiated GC) (young) 5502M->2388M(6144M), 0.0494215 secs]
2018-03-27T14:58:19.608+0200: 11552.882: [GC pause (GCLocker Initiated GC) (young) 5462M->2389M(6144M), 0.0420420 secs]
2018-03-27T14:58:21.687+0200: 11554.961: [GC pause (GCLocker Initiated GC) (young) 5462M->2388M(6144M), 0.0423811 secs]
2018-03-27T14:58:24.010+0200: 11557.284: [GC pause (G1 Evacuation Pause) (young) 5460M->2394M(6144M), 0.0418958 secs]
2018-03-27T14:58:25.951+0200: 11559.225: [GC pause (G1 Evacuation Pause) (young) 5460M->2401M(6144M), 0.0520727 secs]
2018-03-27T14:58:28.160+0200: 11561.434: [GC pause (G1 Evacuation Pause) (young) 5455M->2400M(6144M), 0.0835689 secs]
2018-03-27T14:58:30.239+0200: 11563.513: [GC pause (GCLocker Initiated GC) (young) 5471M->2403M(6144M), 0.0438745 secs]
2018-03-27T14:58:32.534+0200: 11565.808: [GC pause (GCLocker Initiated GC) (young) 5463M->2405M(6144M), 0.0409125 secs]
2018-03-27T14:58:34.451+0200: 11567.725: [GC pause (GCLocker Initiated GC) (young) 5461M->2411M(6144M), 0.0423154 secs]
2018-03-27T14:58:36.049+0200: 11569.323: [GC pause (G1 Evacuation Pause) (young) 5459M->2414M(6144M), 0.0399096 secs]
2018-03-27T14:58:37.500+0200: 11570.774: [GC pause (G1 Evacuation Pause) (young) 5454M->2418M(6144M), 0.0484066 secs]
2018-03-27T14:58:39.982+0200: 11573.255: [GC pause (G1 Evacuation Pause) (young) 5452M->2415M(6144M), 0.0456091 secs]
2018-03-27T14:58:42.396+0200: 11575.670: [GC pause (GCLocker Initiated GC) (young) 5460M->2417M(6144M), 0.0542954 secs]
2018-03-27T14:58:44.608+0200: 11577.882: [GC pause (G1 Evacuation Pause) (young) 5463M->2420M(6144M), 0.0605741 secs]
2018-03-27T14:58:46.617+0200: 11579.891: [GC pause (G1 Evacuation Pause) (young) 5458M->2424M(6144M), 0.0433742 secs]
2018-03-27T14:58:49.031+0200: 11582.305: [GC pause (G1 Evacuation Pause) (young) 5461M->2431M(6144M), 0.0516012 secs]
2018-03-27T14:58:51.649+0200: 11584.923: [GC pause (GCLocker Initiated GC) (young) 5456M->2430M(6144M), 0.0388398 secs]
2018-03-27T14:58:54.719+0200: 11587.993: [GC pause (G1 Evacuation Pause) (young) 5458M->2431M(6144M), 0.0380909 secs]
2018-03-27T14:58:57.337+0200: 11590.610: [GC pause (G1 Evacuation Pause) (young) 5461M->2435M(6144M), 0.0388155 secs]
2018-03-27T14:58:59.573+0200: 11592.847: [GC pause (G1 Evacuation Pause) (young) 5457M->2438M(6144M), 0.0376191 secs]
2018-03-27T14:59:01.518+0200: 11594.792: [GC pause (G1 Evacuation Pause) (young) 5458M->2440M(6144M), 0.0380677 secs]
2018-03-27T14:59:04.218+0200: 11597.491: [GC pause (G1 Evacuation Pause) (young) 5454M->2444M(6144M), 0.0416050 secs]
2018-03-27T14:59:06.562+0200: 11599.836: [GC pause (G1 Evacuation Pause) (young) 5453M->2443M(6144M), 0.0404405 secs]
2018-03-27T14:59:08.876+0200: 11602.150: [GC pause (G1 Evacuation Pause) (young) 5457M->2449M(6144M), 0.0607129 secs]
2018-03-27T14:59:10.914+0200: 11604.188: [GC pause (G1 Evacuation Pause) (young) 5455M->2451M(6144M), 0.0401916 secs]
2018-03-27T14:59:13.032+0200: 11606.305: [GC pause (G1 Evacuation Pause) (young) 5457M->2457M(6144M), 0.0376681 secs]
2018-03-27T14:59:14.553+0200: 11607.827: [GC pause (G1 Evacuation Pause) (young) 5457M->2456M(6144M), 0.0460260 secs]
2018-03-27T14:59:16.458+0200: 11609.731: [GC pause (G1 Evacuation Pause) (young) 5459M->2460M(6144M), 0.0392296 secs]
2018-03-27T14:59:19.033+0200: 11612.307: [GC pause (GCLocker Initiated GC) (young) 5460M->2466M(6144M), 0.0375244 secs]
2018-03-27T14:59:21.332+0200: 11614.606: [GC pause (GCLocker Initiated GC) (young) 5490M->2469M(6144M), 0.0404565 secs]
2018-03-27T14:59:22.788+0200: 11616.061: [GC pause (G1 Evacuation Pause) (young) 5449M->2474M(6144M), 0.0400135 secs]
2018-03-27T14:59:24.521+0200: 11617.795: [GC pause (G1 Evacuation Pause) (young) 5448M->2468M(6144M), 0.0380815 secs]
2018-03-27T14:59:26.449+0200: 11619.723: [GC pause (G1 Evacuation Pause) (young) 5454M->2473M(6144M), 0.0364488 secs]
2018-03-27T14:59:28.546+0200: 11621.820: [GC pause (G1 Evacuation Pause) (young) 5454M->2473M(6144M), 0.0438527 secs]
2018-03-27T14:59:30.732+0200: 11624.006: [GC pause (G1 Evacuation Pause) (young) 5455M->2477M(6144M), 0.0425201 secs]
2018-03-27T14:59:32.745+0200: 11626.019: [GC pause (G1 Evacuation Pause) (young) 5453M->2478M(6144M), 0.0376411 secs]
2018-03-27T14:59:35.201+0200: 11628.474: [GC pause (G1 Evacuation Pause) (young) 5456M->2478M(6144M), 0.0380571 secs]
2018-03-27T14:59:37.449+0200: 11630.723: [GC pause (GCLocker Initiated GC) (young) 5460M->2479M(6144M), 0.0368131 secs]
2018-03-27T14:59:39.946+0200: 11633.219: [GC pause (G1 Evacuation Pause) (young) 5459M->2482M(6144M), 0.0356406 secs]
2018-03-27T14:59:41.980+0200: 11635.254: [GC pause (G1 Evacuation Pause) (young) 5460M->2483M(6144M), 0.0445042 secs]
2018-03-27T14:59:44.074+0200: 11637.348: [GC pause (GCLocker Initiated GC) (young) 5464M->2486M(6144M), 0.0425634 secs]
2018-03-27T14:59:46.382+0200: 11639.655: [GC pause (G1 Evacuation Pause) (young) 5462M->2488M(6144M), 0.0409855 secs]
2018-03-27T14:59:48.621+0200: 11641.894: [GC pause (G1 Evacuation Pause) (young) 5462M->2492M(6144M), 0.0504998 secs]
2018-03-27T14:59:50.653+0200: 11643.927: [GC pause (G1 Evacuation Pause) (young) 5460M->2493M(6144M), 0.0366485 secs]
2018-03-27T14:59:52.808+0200: 11646.082: [GC pause (G1 Evacuation Pause) (young) 5463M->2495M(6144M), 0.0367953 secs]
2018-03-27T14:59:54.417+0200: 11647.691: [GC pause (G1 Evacuation Pause) (young) 5461M->2498M(6144M), 0.0377873 secs]
2018-03-27T14:59:56.452+0200: 11649.726: [GC pause (G1 Evacuation Pause) (young) 5462M->2504M(6144M), 0.0377362 secs]
2018-03-27T14:59:58.213+0200: 11651.486: [GC pause (G1 Evacuation Pause) (young) 5458M->2504M(6144M), 0.0354506 secs]
2018-03-27T14:59:59.759+0200: 11653.032: [GC pause (G1 Evacuation Pause) (young) 5461M->2510M(6144M), 0.0419300 secs]
2018-03-27T15:00:01.210+0200: 11654.484: [GC pause (G1 Evacuation Pause) (young) 5456M->2508M(6144M), 0.0421911 secs]
2018-03-27T15:00:03.412+0200: 11656.686: [GC pause (G1 Evacuation Pause) (young) 5460M->2510M(6144M), 0.0555053 secs]
2018-03-27T15:00:05.483+0200: 11658.757: [GC pause (G1 Evacuation Pause) (young) 5460M->2515M(6144M), 0.0400192 secs]
2018-03-27T15:00:07.642+0200: 11660.915: [GC pause (G1 Evacuation Pause) (young) 5459M->2513M(6144M), 0.0388735 secs]
2018-03-27T15:00:10.176+0200: 11663.449: [GC pause (G1 Evacuation Pause) (young) 5463M->2517M(6144M), 0.0670882 secs]
2018-03-27T15:00:12.449+0200: 11665.723: [GC pause (G1 Evacuation Pause) (young) 5461M->2519M(6144M), 0.0455447 secs]
2018-03-27T15:00:14.448+0200: 11667.722: [GC pause (G1 Evacuation Pause) (young) 5459M->2519M(6144M), 0.0400293 secs]
2018-03-27T15:00:17.125+0200: 11670.398: [GC pause (G1 Evacuation Pause) (young) 5461M->2523M(6144M), 0.0377269 secs]
2018-03-27T15:00:19.337+0200: 11672.611: [GC pause (G1 Evacuation Pause) (young) 5463M->2527M(6144M), 0.0371167 secs]
2018-03-27T15:00:22.252+0200: 11675.526: [GC pause (GCLocker Initiated GC) (young) 5483M->2531M(6144M), 0.0377229 secs]
2018-03-27T15:00:24.929+0200: 11678.203: [GC pause (G1 Evacuation Pause) (young) 5458M->2531M(6144M), 0.0443255 secs]
2018-03-27T15:00:26.865+0200: 11680.139: [GC pause (G1 Evacuation Pause) (young) 5461M->2536M(6144M), 0.0357697 secs]
2018-03-27T15:00:29.192+0200: 11682.466: [GC pause (G1 Evacuation Pause) (young) 5458M->2537M(6144M), 0.0366020 secs]
2018-03-27T15:00:31.675+0200: 11684.949: [GC pause (G1 Evacuation Pause) (young) 5461M->2539M(6144M), 0.0379767 secs]
2018-03-27T15:00:34.071+0200: 11687.345: [GC pause (G1 Evacuation Pause) (young) 5465M->2542M(6144M), 0.0386838 secs]
2018-03-27T15:00:36.632+0200: 11689.906: [GC pause (GCLocker Initiated GC) (young) 5461M->2544M(6144M), 0.0380258 secs]
2018-03-27T15:00:39.606+0200: 11692.879: [GC pause (G1 Evacuation Pause) (young) 5464M->2546M(6144M), 0.0506493 secs]
2018-03-27T15:00:41.757+0200: 11695.030: [GC pause (GCLocker Initiated GC) (young) 5464M->2548M(6144M), 0.0385737 secs]
2018-03-27T15:00:44.448+0200: 11697.722: [GC pause (G1 Evacuation Pause) (young) 5460M->2550M(6144M), 0.0398078 secs]
2018-03-27T15:00:46.738+0200: 11700.012: [GC pause (G1 Evacuation Pause) (young) 5462M->2553M(6144M), 0.0430259 secs]
2018-03-27T15:00:49.223+0200: 11702.497: [GC pause (G1 Evacuation Pause) (young) 5463M->2558M(6144M), 0.0425685 secs]
2018-03-27T15:00:51.522+0200: 11704.795: [GC pause (G1 Evacuation Pause) (young) 5459M->2558M(6144M), 0.0461419 secs]
2018-03-27T15:00:54.026+0200: 11707.299: [GC pause (G1 Evacuation Pause) (young) 5460M->2559M(6144M), 0.0395209 secs]
2018-03-27T15:00:56.017+0200: 11709.291: [GC pause (G1 Evacuation Pause) (young) 5459M->2559M(6144M), 0.0371153 secs]
2018-03-27T15:00:58.433+0200: 11711.706: [GC pause (G1 Evacuation Pause) (young) 5462M->2563M(6144M), 0.0377079 secs]
2018-03-27T15:01:00.451+0200: 11713.724: [GC pause (G1 Evacuation Pause) (young) 5463M->2564M(6144M), 0.0358398 secs]
2018-03-27T15:01:02.326+0200: 11715.600: [GC pause (G1 Evacuation Pause) (young) 5462M->2568M(6144M), 0.0367820 secs]
2018-03-27T15:01:04.715+0200: 11717.989: [GC pause (GCLocker Initiated GC) (young) 5459M->2570M(6144M), 0.0485477 secs]
2018-03-27T15:01:07.090+0200: 11720.363: [GC pause (G1 Evacuation Pause) (young) 5462M->2574M(6144M), 0.0404146 secs]
2018-03-27T15:01:09.313+0200: 11722.587: [GC pause (G1 Evacuation Pause) (young) 5460M->2576M(6144M), 0.0499531 secs]
2018-03-27T15:01:11.808+0200: 11725.082: [GC pause (G1 Evacuation Pause) (young) 5460M->2575M(6144M), 0.0469243 secs]
2018-03-27T15:01:14.361+0200: 11727.635: [GC pause (G1 Evacuation Pause) (young) 5463M->2578M(6144M), 0.0370867 secs]
2018-03-27T15:01:16.762+0200: 11730.036: [GC pause (G1 Evacuation Pause) (young) 5460M->2581M(6144M), 0.0400630 secs]
2018-03-27T15:01:18.629+0200: 11731.903: [GC pause (G1 Evacuation Pause) (young) 5461M->2585M(6144M), 0.0383438 secs]
2018-03-27T15:01:20.685+0200: 11733.959: [GC pause (G1 Evacuation Pause) (young) 5455M->2586M(6144M), 0.0383399 secs]
2018-03-27T15:01:23.137+0200: 11736.410: [GC pause (G1 Evacuation Pause) (young) 5460M->2589M(6144M), 0.0437294 secs]
2018-03-27T15:01:25.799+0200: 11739.073: [GC pause (G1 Evacuation Pause) (young) 5457M->2590M(6144M), 0.0393865 secs]
2018-03-27T15:01:27.830+0200: 11741.104: [GC pause (G1 Evacuation Pause) (young) 5460M->2592M(6144M), 0.0414995 secs]
2018-03-27T15:01:30.174+0200: 11743.448: [GC pause (G1 Evacuation Pause) (young) 5460M->2593M(6144M), 0.0543067 secs]
2018-03-27T15:01:32.328+0200: 11745.602: [GC pause (G1 Evacuation Pause) (young) 5459M->2597M(6144M), 0.0421255 secs]
2018-03-27T15:01:34.191+0200: 11747.465: [GC pause (G1 Evacuation Pause) (young) 5457M->2599M(6144M), 0.0378340 secs]
2018-03-27T15:01:36.655+0200: 11749.929: [GC pause (G1 Evacuation Pause) (young) 5461M->2602M(6144M), 0.0428937 secs]
2018-03-27T15:01:39.374+0200: 11752.648: [GC pause (G1 Evacuation Pause) (young) 5460M->2603M(6144M), 0.0402377 secs]
2018-03-27T15:01:41.409+0200: 11754.683: [GC pause (G1 Evacuation Pause) (young) 5459M->2605M(6144M), 0.0395002 secs]
2018-03-27T15:01:44.339+0200: 11757.613: [GC pause (GCLocker Initiated GC) (young) 5475M->2611M(6144M), 0.0382201 secs]
2018-03-27T15:01:47.260+0200: 11760.534: [GC pause (GCLocker Initiated GC) (young) 5460M->2611M(6144M), 0.0414632 secs]
2018-03-27T15:01:49.603+0200: 11762.877: [GC pause (G1 Evacuation Pause) (young) 5461M->2612M(6144M), 0.0404012 secs]
2018-03-27T15:01:51.827+0200: 11765.101: [GC pause (G1 Evacuation Pause) (young) 5458M->2616M(6144M), 0.0405478 secs]
2018-03-27T15:01:53.591+0200: 11766.865: [GC pause (GCLocker Initiated GC) (young) 5461M->2616M(6144M), 0.0448886 secs]
2018-03-27T15:01:56.171+0200: 11769.445: [GC pause (G1 Evacuation Pause) (young) 5461M->2621M(6144M), 0.0393109 secs]
2018-03-27T15:01:58.409+0200: 11771.683: [GC pause (G1 Evacuation Pause) (young) 5457M->2621M(6144M), 0.0355515 secs]
2018-03-27T15:02:01.200+0200: 11774.474: [GC pause (GCLocker Initiated GC) (young) 5461M->2624M(6144M), 0.0410139 secs]
2018-03-27T15:02:03.214+0200: 11776.488: [GC pause (G1 Evacuation Pause) (young) 5458M->2623M(6144M), 0.0395861 secs]
2018-03-27T15:02:05.372+0200: 11778.646: [GC pause (GCLocker Initiated GC) (young) 5463M->2625M(6144M), 0.0692177 secs]
2018-03-27T15:02:07.765+0200: 11781.039: [GC pause (G1 Evacuation Pause) (young) 5461M->2627M(6144M), 0.0371630 secs]
2018-03-27T15:02:10.361+0200: 11783.634: [GC pause (G1 Evacuation Pause) (young) 5461M->2633M(6144M), 0.0460609 secs]
2018-03-27T15:02:12.688+0200: 11785.962: [GC pause (G1 Evacuation Pause) (young) 5460M->2631M(6144M), 0.0414199 secs]
2018-03-27T15:02:14.804+0200: 11788.078: [GC pause (G1 Evacuation Pause) (young) 5463M->2632M(6144M), 0.0607736 secs]
2018-03-27T15:02:16.710+0200: 11789.983: [GC pause (G1 Evacuation Pause) (young) 5466M->2636M(6144M), 0.0405031 secs]
2018-03-27T15:02:18.913+0200: 11792.187: [GC pause (G1 Evacuation Pause) (young) 5464M->2639M(6144M), 0.0362327 secs]
2018-03-27T15:02:21.405+0200: 11794.679: [GC pause (G1 Evacuation Pause) (young) 5465M->2639M(6144M), 0.0381876 secs]
2018-03-27T15:02:23.658+0200: 11796.931: [GC pause (G1 Evacuation Pause) (young) 5463M->2642M(6144M), 0.0364049 secs]
2018-03-27T15:02:25.855+0200: 11799.129: [GC pause (G1 Evacuation Pause) (young) 5464M->2645M(6144M), 0.0371312 secs]
2018-03-27T15:02:27.880+0200: 11801.154: [GC pause (G1 Evacuation Pause) (young) 5462M->2649M(6144M), 0.0393245 secs]
2018-03-27T15:02:30.004+0200: 11803.278: [GC pause (G1 Evacuation Pause) (young) 5467M->2655M(6144M), 0.0421838 secs]
2018-03-27T15:02:32.259+0200: 11805.533: [GC pause (G1 Evacuation Pause) (young) 5457M->2652M(6144M), 0.0677075 secs]
2018-03-27T15:02:34.353+0200: 11807.627: [GC pause (G1 Evacuation Pause) (young) 5464M->2657M(6144M), 0.0463154 secs]
2018-03-27T15:02:36.399+0200: 11809.672: [GC pause (GCLocker Initiated GC) (young) 5494M->2658M(6144M), 0.0554271 secs]
2018-03-27T15:02:38.154+0200: 11811.428: [GC pause (GCLocker Initiated GC) (young) 5466M->2661M(6144M), 0.0442922 secs]
2018-03-27T15:02:39.949+0200: 11813.222: [GC pause (G1 Evacuation Pause) (young) 5459M->2665M(6144M), 0.0382594 secs]
2018-03-27T15:02:41.685+0200: 11814.958: [GC pause (GCLocker Initiated GC) (young) 5460M->2668M(6144M), 0.0539962 secs]
2018-03-27T15:02:43.629+0200: 11816.903: [GC pause (G1 Evacuation Pause) (young) 5458M->2670M(6144M), 0.0385669 secs]
2018-03-27T15:02:45.351+0200: 11818.624: [GC pause (G1 Evacuation Pause) (young) 5458M->2672M(6144M), 0.0389641 secs]
2018-03-27T15:02:47.178+0200: 11820.451: [GC pause (G1 Evacuation Pause) (young) 5458M->2674M(6144M), 0.0362120 secs]
2018-03-27T15:02:49.454+0200: 11822.728: [GC pause (G1 Evacuation Pause) (young) 5458M->2675M(6144M), 0.0366332 secs]
2018-03-27T15:02:51.416+0200: 11824.690: [GC pause (G1 Evacuation Pause) (young) 5457M->2678M(6144M), 0.0436084 secs]
2018-03-27T15:02:53.569+0200: 11826.843: [GC pause (G1 Evacuation Pause) (young) 5459M->2679M(6144M), 0.0434958 secs]
2018-03-27T15:02:55.651+0200: 11828.925: [GC pause (G1 Evacuation Pause) (young) 5459M->2680M(6144M), 0.0389551 secs]
2018-03-27T15:02:57.530+0200: 11830.804: [GC pause (G1 Evacuation Pause) (young) 5462M->2684M(6144M), 0.0372880 secs]
2018-03-27T15:02:59.506+0200: 11832.780: [GC pause (G1 Evacuation Pause) (young) 5460M->2687M(6144M), 0.0462535 secs]
2018-03-27T15:03:01.366+0200: 11834.640: [GC pause (GCLocker Initiated GC) (young) 5481M->2690M(6144M), 0.0378450 secs]
2018-03-27T15:03:03.745+0200: 11837.018: [GC pause (G1 Evacuation Pause) (young) 5460M->2690M(6144M), 0.0413670 secs]
2018-03-27T15:03:06.014+0200: 11839.288: [GC pause (G1 Evacuation Pause) (young) 5464M->2692M(6144M), 0.0699549 secs]
2018-03-27T15:03:08.245+0200: 11841.519: [GC pause (G1 Evacuation Pause) (young) 5464M->2695M(6144M), 0.0590450 secs]
2018-03-27T15:03:10.641+0200: 11843.915: [GC pause (G1 Evacuation Pause) (young) 5465M->2698M(6144M), 0.0457224 secs]
2018-03-27T15:03:13.354+0200: 11846.628: [GC pause (G1 Evacuation Pause) (young) 5460M->2701M(6144M), 0.0448636 secs]
2018-03-27T15:03:15.990+0200: 11849.264: [GC pause (G1 Evacuation Pause) (young) 5461M->2703M(6144M), 0.0488639 secs]
2018-03-27T15:03:17.997+0200: 11851.270: [GC pause (GCLocker Initiated GC) (young) 5462M->2710M(6144M), 0.0486416 secs]
2018-03-27T15:03:19.973+0200: 11853.247: [GC pause (G1 Evacuation Pause) (young) 5458M->2709M(6144M), 0.0469923 secs]
2018-03-27T15:03:22.230+0200: 11855.503: [GC pause (G1 Evacuation Pause) (young) 5463M->2710M(6144M), 0.0425548 secs]
2018-03-27T15:03:24.813+0200: 11858.087: [GC pause (G1 Evacuation Pause) (young) 5462M->2712M(6144M), 0.0400764 secs]
2018-03-27T15:03:26.749+0200: 11860.023: [GC pause (G1 Evacuation Pause) (young) 5462M->2714M(6144M), 0.0457528 secs]
2018-03-27T15:03:29.364+0200: 11862.637: [GC pause (G1 Evacuation Pause) (young) 5462M->2716M(6144M), 0.0424943 secs]
2018-03-27T15:03:31.894+0200: 11865.167: [GC pause (GCLocker Initiated GC) (young) 5473M->2722M(6144M), 0.0365024 secs]
2018-03-27T15:03:34.237+0200: 11867.511: [GC pause (G1 Evacuation Pause) (young) 5460M->2724M(6144M), 0.0368915 secs]
2018-03-27T15:03:36.351+0200: 11869.624: [GC pause (GCLocker Initiated GC) (young) 5492M->2725M(6144M), 0.0371068 secs]
2018-03-27T15:03:38.273+0200: 11871.547: [GC pause (G1 Evacuation Pause) (young) 5459M->2727M(6144M), 0.0405710 secs]
2018-03-27T15:03:40.181+0200: 11873.454: [GC pause (G1 Evacuation Pause) (young) 5459M->2730M(6144M), 0.0464054 secs]
2018-03-27T15:03:42.234+0200: 11875.508: [GC pause (G1 Evacuation Pause) (young) 5460M->2730M(6144M), 0.0375998 secs]
2018-03-27T15:03:44.784+0200: 11878.058: [GC pause (G1 Evacuation Pause) (young) 5458M->2734M(6144M), 0.0425078 secs]
2018-03-27T15:03:47.183+0200: 11880.457: [GC pause (G1 Evacuation Pause) (young) 5456M->2731M(6144M), 0.0389645 secs]
2018-03-27T15:03:49.668+0200: 11882.942: [GC pause (G1 Evacuation Pause) (young) 5463M->2736M(6144M), 0.0421870 secs]
2018-03-27T15:03:51.657+0200: 11884.931: [GC pause (G1 Evacuation Pause) (young) 5462M->2740M(6144M), 0.0405737 secs]
2018-03-27T15:03:53.453+0200: 11886.726: [GC pause (G1 Evacuation Pause) (young) 5460M->2744M(6144M), 0.0496934 secs]
2018-03-27T15:03:55.732+0200: 11889.006: [GC pause (G1 Evacuation Pause) (young) 5458M->2745M(6144M), 0.0611597 secs]
2018-03-27T15:03:58.328+0200: 11891.602: [GC pause (G1 Evacuation Pause) (young) 5468M->2752M(6144M), 0.0466969 secs]
2018-03-27T15:04:00.301+0200: 11893.574: [GC pause (G1 Evacuation Pause) (young) 5452M->2750M(6144M), 0.0447630 secs]
2018-03-27T15:04:02.048+0200: 11895.322: [GC pause (G1 Evacuation Pause) (young) 5458M->2753M(6144M), 0.0713990 secs]
2018-03-27T15:04:04.105+0200: 11897.378: [GC pause (G1 Evacuation Pause) (young) 5459M->2750M(6144M), 0.0532787 secs]
2018-03-27T15:04:06.070+0200: 11899.344: [GC pause (G1 Evacuation Pause) (young) 5460M->2754M(6144M), 0.0758579 secs]
2018-03-27T15:04:08.704+0200: 11901.978: [GC pause (GCLocker Initiated GC) (young) 5491M->2756M(6144M), 0.0498118 secs]
2018-03-27T15:04:10.668+0200: 11903.941: [GC pause (G1 Evacuation Pause) (young) 5463M->2757M(6144M), 0.0458195 secs]
2018-03-27T15:04:12.406+0200: 11905.680: [GC pause (G1 Evacuation Pause) (young) 5461M->2759M(6144M), 0.0346648 secs]
2018-03-27T15:04:14.538+0200: 11907.812: [GC pause (G1 Evacuation Pause) (young) 5461M->2761M(6144M), 0.0413372 secs]
2018-03-27T15:04:16.664+0200: 11909.938: [GC pause (GCLocker Initiated GC) (young) 5465M->2767M(6144M), 0.0356086 secs]
2018-03-27T15:04:18.711+0200: 11911.985: [GC pause (G1 Evacuation Pause) (young) 5461M->2768M(6144M), 0.0377682 secs]
2018-03-27T15:04:20.809+0200: 11914.083: [GC pause (G1 Evacuation Pause) (young) 5460M->2772M(6144M), 0.0367450 secs]
2018-03-27T15:04:22.677+0200: 11915.951: [GC pause (G1 Evacuation Pause) (young) 5458M->2771M(6144M), 0.0347735 secs]
2018-03-27T15:04:24.734+0200: 11918.008: [GC pause (G1 Evacuation Pause) (young) 5461M->2775M(6144M), 0.0364034 secs]
2018-03-27T15:04:26.522+0200: 11919.796: [GC pause (G1 Evacuation Pause) (young) 5460M->2777M(6144M), 0.0442366 secs]
2018-03-27T15:04:28.585+0200: 11921.858: [GC pause (GCLocker Initiated GC) (young) 5480M->2782M(6144M), 0.0433354 secs]
2018-03-27T15:04:30.510+0200: 11923.783: [GC pause (G1 Evacuation Pause) (young) 5458M->2779M(6144M), 0.0374086 secs]
2018-03-27T15:04:32.341+0200: 11925.615: [GC pause (G1 Evacuation Pause) (young) 5465M->2784M(6144M), 0.0389829 secs]
2018-03-27T15:04:34.039+0200: 11927.313: [GC pause (GCLocker Initiated GC) (young) 5461M->2785M(6144M), 0.0387687 secs]
2018-03-27T15:04:36.470+0200: 11929.744: [GC pause (G1 Evacuation Pause) (young) 5459M->2787M(6144M), 0.0388628 secs]
2018-03-27T15:04:38.696+0200: 11931.970: [GC pause (G1 Evacuation Pause) (young) 5463M->2790M(6144M), 0.0368922 secs]
2018-03-27T15:04:40.887+0200: 11934.160: [GC pause (G1 Evacuation Pause) (young) 5460M->2792M(6144M), 0.0376492 secs]
2018-03-27T15:04:42.722+0200: 11935.995: [GC pause (G1 Evacuation Pause) (young) 5462M->2793M(6144M), 0.0361929 secs]
2018-03-27T15:04:45.305+0200: 11938.579: [GC pause (G1 Evacuation Pause) (young) 5461M->2794M(6144M), 0.0378762 secs]
2018-03-27T15:04:47.372+0200: 11940.645: [GC pause (G1 Evacuation Pause) (young) 5464M->2798M(6144M), 0.0483101 secs]
2018-03-27T15:04:49.474+0200: 11942.748: [GC pause (G1 Evacuation Pause) (young) 5462M->2801M(6144M), 0.0368209 secs]
2018-03-27T15:04:51.623+0200: 11944.897: [GC pause (G1 Evacuation Pause) (young) 5463M->2804M(6144M), 0.0379924 secs]
2018-03-27T15:04:53.581+0200: 11946.855: [GC pause (G1 Evacuation Pause) (young) 5461M->2807M(6144M), 0.0443906 secs]
2018-03-27T15:04:55.901+0200: 11949.175: [GC pause (G1 Evacuation Pause) (young) 5460M->2810M(6144M), 0.0376540 secs]
2018-03-27T15:04:57.792+0200: 11951.065: [GC pause (G1 Evacuation Pause) (young) 5460M->2809M(6144M), 0.0367392 secs]
2018-03-27T15:05:00.194+0200: 11953.467: [GC pause (G1 Evacuation Pause) (young) 5461M->2813M(6144M), 0.0372440 secs]
2018-03-27T15:05:02.130+0200: 11955.403: [GC pause (G1 Evacuation Pause) (young) 5462M->2814M(6144M), 0.0616689 secs]
2018-03-27T15:05:03.916+0200: 11957.190: [GC pause (G1 Evacuation Pause) (young) 5460M->2816M(6144M), 0.0385072 secs]
2018-03-27T15:05:05.823+0200: 11959.096: [GC pause (G1 Evacuation Pause) (young) 5462M->2820M(6144M), 0.0472765 secs]
2018-03-27T15:05:08.017+0200: 11961.291: [GC pause (G1 Evacuation Pause) (young) 5458M->2821M(6144M), 0.0428598 secs]
2018-03-27T15:05:10.086+0200: 11963.360: [GC pause (GCLocker Initiated GC) (young) 5480M->2825M(6144M), 0.0490715 secs]
2018-03-27T15:05:11.875+0200: 11965.149: [GC pause (G1 Evacuation Pause) (young) (initial-mark) 5459M->2826M(6144M), 0.0594933 secs]
2018-03-27T15:05:11.935+0200: 11965.208: [GC concurrent-root-region-scan-start]
2018-03-27T15:05:11.993+0200: 11965.267: [GC concurrent-root-region-scan-end, 0.0589111 secs]
2018-03-27T15:05:11.993+0200: 11965.267: [GC concurrent-mark-start]
2018-03-27T15:05:13.738+0200: 11967.012: [GC pause (G1 Evacuation Pause) (young) 5462M->2828M(6144M), 0.0444029 secs]
2018-03-27T15:05:15.108+0200: 11968.382: [GC concurrent-mark-end, 3.1144128 secs]
2018-03-27T15:05:15.110+0200: 11968.384: [GC remark, 0.3699970 secs]
2018-03-27T15:05:15.483+0200: 11968.757: [GC cleanup 4356M->4356M(6144M), 0.0259771 secs]
2018-03-27T15:05:16.117+0200: 11969.391: [GC pause (G1 Evacuation Pause) (young) 5104M->2831M(6144M), 0.0656559 secs]
2018-03-27T15:05:16.382+0200: 11969.656: [GC pause (G1 Evacuation Pause) (mixed) 3105M->2424M(6144M), 0.1441384 secs]
2018-03-27T15:05:16.721+0200: 11969.994: [GC pause (GCLocker Initiated GC) (mixed) 2716M->2364M(6144M), 0.1158973 secs]
2018-03-27T15:05:16.967+0200: 11970.240: [GC pause (G1 Evacuation Pause) (young) 2644M->2365M(6144M), 0.0506266 secs]
2018-03-27T15:05:17.139+0200: 11970.413: [GC pause (G1 Evacuation Pause) (young) 2645M->2363M(6144M), 0.0221593 secs]
2018-03-27T15:05:17.294+0200: 11970.568: [GC pause (GCLocker Initiated GC) (young) 2647M->2365M(6144M), 0.0290819 secs]
2018-03-27T15:05:17.483+0200: 11970.756: [GC pause (GCLocker Initiated GC) (young) 2661M->2363M(6144M), 0.0225870 secs]
2018-03-27T15:05:17.713+0200: 11970.986: [GC pause (GCLocker Initiated GC) (young) 2646M->2365M(6144M), 0.0223557 secs]
2018-03-27T15:05:17.877+0200: 11971.151: [GC pause (G1 Evacuation Pause) (young) 2645M->2366M(6144M), 0.0215758 secs]
2018-03-27T15:05:18.055+0200: 11971.329: [GC pause (GCLocker Initiated GC) (young) 2645M->2367M(6144M), 0.0236925 secs]
2018-03-27T15:05:18.255+0200: 11971.529: [GC pause (G1 Evacuation Pause) (young) 2645M->2366M(6144M), 0.0217772 secs]
2018-03-27T15:05:18.486+0200: 11971.759: [GC pause (GCLocker Initiated GC) (young) 2666M->2368M(6144M), 0.0242572 secs]
2018-03-27T15:05:18.626+0200: 11971.900: [GC pause (G1 Evacuation Pause) (young) 2650M->2366M(6144M), 0.0213071 secs]
2018-03-27T15:05:18.775+0200: 11972.048: [GC pause (G1 Evacuation Pause) (young) 2650M->2368M(6144M), 0.0218051 secs]
2018-03-27T15:05:18.932+0200: 11972.206: [GC pause (G1 Evacuation Pause) (young) 2650M->2369M(6144M), 0.0238877 secs]
2018-03-27T15:05:21.301+0200: 11974.575: [GC pause (G1 Evacuation Pause) (young) 5359M->2374M(6144M), 0.0264966 secs]
2018-03-27T15:05:23.591+0200: 11976.865: [GC pause (G1 Evacuation Pause) (young) 5474M->2382M(6144M), 0.0490365 secs]
2018-03-27T15:05:25.668+0200: 11978.942: [GC pause (G1 Evacuation Pause) (young) 5478M->2383M(6144M), 0.0295105 secs]
2018-03-27T15:05:27.934+0200: 11981.207: [GC pause (G1 Evacuation Pause) (young) 5487M->2388M(6144M), 0.0307129 secs]
2018-03-27T15:05:30.529+0200: 11983.802: [GC pause (G1 Evacuation Pause) (young) 5486M->2395M(6144M), 0.0601487 secs]
2018-03-27T15:05:32.598+0200: 11985.872: [GC pause (G1 Evacuation Pause) (young) 5479M->2395M(6144M), 0.0399669 secs]
2018-03-27T15:05:34.839+0200: 11988.113: [GC pause (GCLocker Initiated GC) (young) 5502M->2400M(6144M), 0.0394363 secs]
2018-03-27T15:05:37.435+0200: 11990.709: [GC pause (G1 Evacuation Pause) (young) 5476M->2407M(6144M), 0.0353273 secs]
2018-03-27T15:05:39.712+0200: 11992.986: [GC pause (GCLocker Initiated GC) (young) 5473M->2411M(6144M), 0.0350881 secs]
2018-03-27T15:05:41.942+0200: 11995.216: [GC pause (G1 Evacuation Pause) (young) 5466M->2413M(6144M), 0.0374953 secs]
2018-03-27T15:05:43.923+0200: 11997.197: [GC pause (GCLocker Initiated GC) (young) 5488M->2415M(6144M), 0.0352217 secs]
2018-03-27T15:05:45.869+0200: 11999.143: [GC pause (G1 Evacuation Pause) (young) 5461M->2415M(6144M), 0.0549709 secs]
2018-03-27T15:05:48.193+0200: 12001.467: [GC pause (G1 Evacuation Pause) (young) 5461M->2418M(6144M), 0.0383014 secs]
2018-03-27T15:05:50.401+0200: 12003.675: [GC pause (G1 Evacuation Pause) (young) 5460M->2425M(6144M), 0.0526622 secs]
2018-03-27T15:05:52.569+0200: 12005.843: [GC pause (GCLocker Initiated GC) (young) 5462M->2422M(6144M), 0.0414942 secs]
2018-03-27T15:05:54.939+0200: 12008.212: [GC pause (G1 Evacuation Pause) (young) 5456M->2422M(6144M), 0.0549014 secs]
2018-03-27T15:05:57.178+0200: 12010.451: [GC pause (G1 Evacuation Pause) (young) 5465M->2427M(6144M), 0.0425552 secs]
2018-03-27T15:05:59.314+0200: 12012.588: [GC pause (G1 Evacuation Pause) (young) 5453M->2430M(6144M), 0.0430643 secs]
2018-03-27T15:06:01.098+0200: 12014.372: [GC pause (G1 Evacuation Pause) (young) 5455M->2432M(6144M), 0.0374643 secs]
2018-03-27T15:06:03.125+0200: 12016.399: [GC pause (G1 Evacuation Pause) (young) 5456M->2434M(6144M), 0.0369115 secs]
2018-03-27T15:06:04.989+0200: 12018.263: [GC pause (G1 Evacuation Pause) (young) 5456M->2436M(6144M), 0.0747024 secs]
2018-03-27T15:06:07.352+0200: 12020.626: [GC pause (G1 Evacuation Pause) (young) 5456M->2435M(6144M), 0.0566519 secs]
2018-03-27T15:06:10.522+0200: 12023.796: [GC pause (G1 Evacuation Pause) (young) 5457M->2441M(6144M), 0.0650229 secs]
2018-03-27T15:06:12.706+0200: 12025.980: [GC pause (G1 Evacuation Pause) (young) 5456M->2444M(6144M), 0.0513168 secs]
2018-03-27T15:06:14.671+0200: 12027.945: [GC pause (G1 Evacuation Pause) (young) 5458M->2446M(6144M), 0.0477123 secs]
2018-03-27T15:06:16.927+0200: 12030.201: [GC pause (G1 Evacuation Pause) (young) 5456M->2451M(6144M), 0.0456264 secs]
2018-03-27T15:06:19.167+0200: 12032.441: [GC pause (G1 Evacuation Pause) (young) 5455M->2452M(6144M), 0.0463538 secs]
2018-03-27T15:06:21.381+0200: 12034.654: [GC pause (G1 Evacuation Pause) (young) 5454M->2455M(6144M), 0.0523477 secs]
2018-03-27T15:06:23.342+0200: 12036.616: [GC pause (G1 Evacuation Pause) (young) 5456M->2461M(6144M), 0.0463067 secs]
2018-03-27T15:06:25.875+0200: 12039.149: [GC pause (G1 Evacuation Pause) (young) 5453M->2460M(6144M), 0.0449272 secs]
2018-03-27T15:06:28.133+0200: 12041.407: [GC pause (G1 Evacuation Pause) (young) 5454M->2461M(6144M), 0.0431858 secs]
2018-03-27T15:06:29.883+0200: 12043.156: [GC pause (G1 Evacuation Pause) (young) 5459M->2467M(6144M), 0.0414096 secs]
2018-03-27T15:06:31.863+0200: 12045.136: [GC pause (G1 Evacuation Pause) (young) 5455M->2464M(6144M), 0.0426768 secs]
2018-03-27T15:06:34.161+0200: 12047.435: [GC pause (G1 Evacuation Pause) (young) 5460M->2467M(6144M), 0.0410036 secs]
2018-03-27T15:06:36.283+0200: 12049.557: [GC pause (G1 Evacuation Pause) (young) 5461M->2471M(6144M), 0.0366421 secs]
2018-03-27T15:06:38.841+0200: 12052.115: [GC pause (G1 Evacuation Pause) (young) 5457M->2471M(6144M), 0.0375829 secs]
2018-03-27T15:06:41.526+0200: 12054.800: [GC pause (G1 Evacuation Pause) (young) 5459M->2471M(6144M), 0.0403069 secs]
2018-03-27T15:06:43.648+0200: 12056.921: [GC pause (G1 Evacuation Pause) (young) 5461M->2477M(6144M), 0.0373051 secs]
2018-03-27T15:06:45.840+0200: 12059.113: [GC pause (G1 Evacuation Pause) (young) 5457M->2477M(6144M), 0.0374469 secs]
2018-03-27T15:06:48.288+0200: 12061.562: [GC pause (G1 Evacuation Pause) (young) 5463M->2478M(6144M), 0.0494162 secs]
2018-03-27T15:06:50.007+0200: 12063.281: [GC pause (GCLocker Initiated GC) (young) 5462M->2478M(6144M), 0.0375869 secs]
2018-03-27T15:06:51.779+0200: 12065.053: [GC pause (G1 Evacuation Pause) (young) 5466M->2488M(6144M), 0.0376961 secs]
2018-03-27T15:06:53.670+0200: 12066.943: [GC pause (G1 Evacuation Pause) (young) 5461M->2485M(6144M), 0.0352671 secs]
2018-03-27T15:06:55.721+0200: 12068.995: [GC pause (G1 Evacuation Pause) (young) 5463M->2488M(6144M), 0.0371142 secs]
2018-03-27T15:06:57.676+0200: 12070.949: [GC pause (G1 Evacuation Pause) (young) 5464M->2491M(6144M), 0.0393706 secs]
2018-03-27T15:06:59.760+0200: 12073.034: [GC pause (G1 Evacuation Pause) (young) 5462M->2495M(6144M), 0.0677172 secs]
2018-03-27T15:07:02.001+0200: 12075.274: [GC pause (G1 Evacuation Pause) (young) 5461M->2494M(6144M), 0.0455539 secs]
2018-03-27T15:07:03.835+0200: 12077.108: [GC pause (G1 Evacuation Pause) (young) 5464M->2496M(6144M), 0.0421883 secs]
2018-03-27T15:07:06.311+0200: 12079.585: [GC pause (G1 Evacuation Pause) (young) 5464M->2499M(6144M), 0.0439866 secs]
2018-03-27T15:07:08.312+0200: 12081.586: [GC pause (G1 Evacuation Pause) (young) 5465M->2500M(6144M), 0.0547893 secs]
2018-03-27T15:07:11.105+0200: 12084.379: [GC pause (G1 Evacuation Pause) (young) 5464M->2503M(6144M), 0.0345440 secs]
2018-03-27T15:07:12.980+0200: 12086.254: [GC pause (G1 Evacuation Pause) (young) 5465M->2506M(6144M), 0.0363462 secs]
2018-03-27T15:07:15.379+0200: 12088.652: [GC pause (GCLocker Initiated GC) (young) 5477M->2507M(6144M), 0.0375049 secs]
2018-03-27T15:07:17.793+0200: 12091.067: [GC pause (G1 Evacuation Pause) (young) 5465M->2509M(6144M), 0.0605483 secs]
2018-03-27T15:07:19.968+0200: 12093.242: [GC pause (G1 Evacuation Pause) (young) 5466M->2512M(6144M), 0.0447105 secs]
2018-03-27T15:07:22.242+0200: 12095.515: [GC pause (G1 Evacuation Pause) (young) 5464M->2513M(6144M), 0.0390617 secs]
2018-03-27T15:07:24.954+0200: 12098.228: [GC pause (G1 Evacuation Pause) (young) 5463M->2517M(6144M), 0.0369605 secs]
2018-03-27T15:07:27.267+0200: 12100.541: [GC pause (G1 Evacuation Pause) (young) 5462M->2520M(6144M), 0.0556361 secs]
2018-03-27T15:07:29.284+0200: 12102.557: [GC pause (G1 Evacuation Pause) (young) 5460M->2520M(6144M), 0.0402304 secs]
2018-03-27T15:07:31.441+0200: 12104.715: [GC pause (G1 Evacuation Pause) (young) 5460M->2522M(6144M), 0.0373316 secs]
2018-03-27T15:07:33.241+0200: 12106.515: [GC pause (G1 Evacuation Pause) (young) 5463M->2528M(6144M), 0.0372958 secs]
2018-03-27T15:07:35.532+0200: 12108.806: [GC pause (G1 Evacuation Pause) (young) 5460M->2529M(6144M), 0.0377726 secs]
2018-03-27T15:07:38.118+0200: 12111.392: [GC pause (GCLocker Initiated GC) (young) 5462M->2531M(6144M), 0.0434921 secs]
2018-03-27T15:07:40.136+0200: 12113.410: [GC pause (G1 Evacuation Pause) (young) 5461M->2532M(6144M), 0.0376813 secs]
2018-03-27T15:07:41.720+0200: 12114.994: [GC pause (GCLocker Initiated GC) (young) 5465M->2534M(6144M), 0.0386917 secs]
2018-03-27T15:07:43.808+0200: 12117.081: [GC pause (G1 Evacuation Pause) (young) 5462M->2535M(6144M), 0.0386709 secs]
2018-03-27T15:07:45.908+0200: 12119.182: [GC pause (G1 Evacuation Pause) (young) 5479M->2537M(6144M), 0.0442010 secs]
2018-03-27T15:07:47.888+0200: 12121.162: [GC pause (G1 Evacuation Pause) (young) 5465M->2540M(6144M), 0.0360926 secs]
2018-03-27T15:07:50.028+0200: 12123.301: [GC pause (G1 Evacuation Pause) (young) 5462M->2545M(6144M), 0.0463282 secs]
2018-03-27T15:07:51.644+0200: 12124.918: [GC pause (G1 Evacuation Pause) (young) 5461M->2544M(6144M), 0.0384007 secs]
2018-03-27T15:07:53.298+0200: 12126.572: [GC pause (G1 Evacuation Pause) (young) 5462M->2545M(6144M), 0.0350140 secs]
2018-03-27T15:07:55.454+0200: 12128.727: [GC pause (GCLocker Initiated GC) (young) 5469M->2549M(6144M), 0.0370176 secs]
2018-03-27T15:07:57.375+0200: 12130.649: [GC pause (G1 Evacuation Pause) (young) 5461M->2552M(6144M), 0.0358572 secs]
2018-03-27T15:07:59.846+0200: 12133.119: [GC pause (G1 Evacuation Pause) (young) 5462M->2556M(6144M), 0.0466179 secs]
2018-03-27T15:08:02.516+0200: 12135.790: [GC pause (G1 Evacuation Pause) (young) 5458M->2558M(6144M), 0.0390824 secs]
2018-03-27T15:08:04.435+0200: 12137.709: [GC pause (GCLocker Initiated GC) (young) 5468M->2559M(6144M), 0.0610592 secs]
2018-03-27T15:08:06.705+0200: 12139.979: [GC pause (G1 Evacuation Pause) (young) 5463M->2561M(6144M), 0.0404772 secs]
2018-03-27T15:08:09.006+0200: 12142.279: [GC pause (GCLocker Initiated GC) (young) 5463M->2564M(6144M), 0.0425539 secs]
2018-03-27T15:08:11.214+0200: 12144.488: [GC pause (G1 Evacuation Pause) (young) 5463M->2569M(6144M), 0.0441975 secs]
2018-03-27T15:08:13.486+0200: 12146.760: [GC pause (G1 Evacuation Pause) (young) 5459M->2570M(6144M), 0.0630141 secs]
2018-03-27T15:08:15.709+0200: 12148.983: [GC pause (GCLocker Initiated GC) (young) 5464M->2573M(6144M), 0.0505988 secs]
2018-03-27T15:08:17.751+0200: 12151.025: [GC pause (G1 Evacuation Pause) (young) 5459M->2573M(6144M), 0.0469259 secs]
2018-03-27T15:08:19.886+0200: 12153.160: [GC pause (G1 Evacuation Pause) (young) 5465M->2579M(6144M), 0.0362119 secs]
2018-03-27T15:08:22.264+0200: 12155.537: [GC pause (G1 Evacuation Pause) (young) 5459M->2584M(6144M), 0.0390471 secs]
2018-03-27T15:08:24.309+0200: 12157.583: [GC pause (G1 Evacuation Pause) (young) 5458M->2584M(6144M), 0.0412081 secs]
2018-03-27T15:08:26.284+0200: 12159.558: [GC pause (G1 Evacuation Pause) (young) 5460M->2587M(6144M), 0.0522737 secs]
2018-03-27T15:08:28.782+0200: 12162.056: [GC pause (G1 Evacuation Pause) (young) 5461M->2590M(6144M), 0.0387555 secs]
2018-03-27T15:08:31.262+0200: 12164.536: [GC pause (G1 Evacuation Pause) (young) 5459M->2592M(6144M), 0.0445904 secs]
2018-03-27T15:08:33.318+0200: 12166.591: [GC pause (G1 Evacuation Pause) (young) 5456M->2591M(6144M), 0.0550143 secs]
2018-03-27T15:08:35.680+0200: 12168.954: [GC pause (G1 Evacuation Pause) (young) 5461M->2594M(6144M), 0.0409180 secs]
2018-03-27T15:08:37.851+0200: 12171.125: [GC pause (G1 Evacuation Pause) (young) 5462M->2599M(6144M), 0.0457444 secs]
2018-03-27T15:08:40.163+0200: 12173.436: [GC pause (GCLocker Initiated GC) (young) 5464M->2601M(6144M), 0.0431998 secs]
2018-03-27T15:08:42.170+0200: 12175.444: [GC pause (G1 Evacuation Pause) (young) 5463M->2605M(6144M), 0.0426374 secs]
2018-03-27T15:08:43.978+0200: 12177.252: [GC pause (G1 Evacuation Pause) (young) 5461M->2609M(6144M), 0.0482214 secs]
2018-03-27T15:08:46.302+0200: 12179.576: [GC pause (G1 Evacuation Pause) (young) 5455M->2607M(6144M), 0.0539199 secs]
2018-03-27T15:08:48.414+0200: 12181.688: [GC pause (G1 Evacuation Pause) (young) 5459M->2609M(6144M), 0.0450931 secs]
2018-03-27T15:08:50.130+0200: 12183.404: [GC pause (G1 Evacuation Pause) (young) 5460M->2612M(6144M), 0.0471886 secs]
2018-03-27T15:08:52.490+0200: 12185.764: [GC pause (G1 Evacuation Pause) (young) 5461M->2620M(6144M), 0.0493480 secs]
2018-03-27T15:08:54.635+0200: 12187.909: [GC pause (G1 Evacuation Pause) (young) 5452M->2622M(6144M), 0.0428852 secs]
2018-03-27T15:08:57.210+0200: 12190.484: [GC pause (GCLocker Initiated GC) (young) 5459M->2629M(6144M), 0.0439234 secs]
2018-03-27T15:08:59.251+0200: 12192.525: [GC pause (GCLocker Initiated GC) (young) 5450M->2628M(6144M), 0.0477413 secs]
2018-03-27T15:09:01.763+0200: 12195.036: [GC pause (G1 Evacuation Pause) (young) 5454M->2629M(6144M), 0.0459334 secs]
2018-03-27T15:09:03.926+0200: 12197.199: [GC pause (G1 Evacuation Pause) (young) 5453M->2636M(6144M), 0.0410607 secs]
2018-03-27T15:09:05.989+0200: 12199.263: [GC pause (G1 Evacuation Pause) (young) 5450M->2634M(6144M), 0.0425468 secs]
2018-03-27T15:09:08.480+0200: 12201.754: [GC pause (G1 Evacuation Pause) (young) 5454M->2637M(6144M), 0.0428408 secs]
2018-03-27T15:09:10.324+0200: 12203.597: [GC pause (G1 Evacuation Pause) (young) 5453M->2641M(6144M), 0.0455632 secs]
2018-03-27T15:09:12.201+0200: 12205.475: [GC pause (G1 Evacuation Pause) (young) 5451M->2639M(6144M), 0.0405631 secs]
2018-03-27T15:09:14.153+0200: 12207.427: [GC pause (G1 Evacuation Pause) (young) 5455M->2646M(6144M), 0.0424890 secs]
2018-03-27T15:09:16.196+0200: 12209.469: [GC pause (G1 Evacuation Pause) (young) 5450M->2648M(6144M), 0.0513462 secs]
2018-03-27T15:09:18.237+0200: 12211.510: [GC pause (G1 Evacuation Pause) (young) 5454M->2651M(6144M), 0.0418089 secs]
2018-03-27T15:09:20.025+0200: 12213.299: [GC pause (G1 Evacuation Pause) (young) 5454M->2651M(6144M), 0.0549378 secs]
2018-03-27T15:09:22.413+0200: 12215.687: [GC pause (G1 Evacuation Pause) (young) 5460M->2656M(6144M), 0.0399197 secs]
2018-03-27T15:09:24.528+0200: 12217.802: [GC pause (G1 Evacuation Pause) (young) 5454M->2659M(6144M), 0.0660547 secs]
2018-03-27T15:09:26.294+0200: 12219.568: [GC pause (G1 Evacuation Pause) (young) 5457M->2661M(6144M), 0.0396196 secs]
2018-03-27T15:09:28.163+0200: 12221.436: [GC pause (G1 Evacuation Pause) (young) 5461M->2665M(6144M), 0.0400843 secs]
2018-03-27T15:09:30.234+0200: 12223.507: [GC pause (G1 Evacuation Pause) (young) 5463M->2667M(6144M), 0.0391951 secs]
2018-03-27T15:09:32.265+0200: 12225.539: [GC pause (G1 Evacuation Pause) (young) 5463M->2670M(6144M), 0.0373756 secs]
2018-03-27T15:09:34.492+0200: 12227.766: [GC pause (G1 Evacuation Pause) (young) 5460M->2673M(6144M), 0.0354376 secs]
2018-03-27T15:09:36.989+0200: 12230.263: [GC pause (G1 Evacuation Pause) (young) 5462M->2673M(6144M), 0.0414012 secs]
2018-03-27T15:09:39.192+0200: 12232.466: [GC pause (GCLocker Initiated GC) (young) 5462M->2677M(6144M), 0.0369777 secs]
2018-03-27T15:09:41.027+0200: 12234.301: [GC pause (G1 Evacuation Pause) (young) 5459M->2680M(6144M), 0.0383453 secs]
2018-03-27T15:09:43.110+0200: 12236.384: [GC pause (G1 Evacuation Pause) (young) 5460M->2680M(6144M), 0.0363210 secs]
2018-03-27T15:09:45.472+0200: 12238.746: [GC pause (G1 Evacuation Pause) (young) 5464M->2683M(6144M), 0.0347958 secs]
2018-03-27T15:09:47.890+0200: 12241.163: [GC pause (G1 Evacuation Pause) (young) 5465M->2686M(6144M), 0.0473199 secs]
2018-03-27T15:09:49.891+0200: 12243.164: [GC pause (GCLocker Initiated GC) (young) 5486M->2691M(6144M), 0.0379157 secs]
2018-03-27T15:09:51.538+0200: 12244.812: [GC pause (G1 Evacuation Pause) (young) 5459M->2694M(6144M), 0.0366766 secs]
2018-03-27T15:09:53.844+0200: 12247.117: [GC pause (G1 Evacuation Pause) (young) 5456M->2694M(6144M), 0.0370340 secs]
2018-03-27T15:09:55.959+0200: 12249.233: [GC pause (G1 Evacuation Pause) (young) 5462M->2698M(6144M), 0.0393484 secs]
2018-03-27T15:09:58.406+0200: 12251.680: [GC pause (G1 Evacuation Pause) (young) 5456M->2699M(6144M), 0.0426094 secs]
2018-03-27T15:10:00.354+0200: 12253.628: [GC pause (G1 Evacuation Pause) (young) 5459M->2702M(6144M), 0.0381060 secs]
2018-03-27T15:10:02.351+0200: 12255.624: [GC pause (G1 Evacuation Pause) (young) 5461M->2707M(6144M), 0.0530977 secs]
2018-03-27T15:10:04.499+0200: 12257.773: [GC pause (G1 Evacuation Pause) (young) 5455M->2708M(6144M), 0.0407250 secs]
2018-03-27T15:10:06.682+0200: 12259.956: [GC pause (G1 Evacuation Pause) (young) 5458M->2711M(6144M), 0.0453823 secs]
2018-03-27T15:10:09.117+0200: 12262.390: [GC pause (GCLocker Initiated GC) (young) 5461M->2711M(6144M), 0.0480351 secs]
2018-03-27T15:10:11.364+0200: 12264.638: [GC pause (G1 Evacuation Pause) (young) 5461M->2713M(6144M), 0.0517795 secs]
2018-03-27T15:10:13.558+0200: 12266.832: [GC pause (G1 Evacuation Pause) (young) 5459M->2717M(6144M), 0.0400233 secs]
2018-03-27T15:10:15.583+0200: 12268.857: [GC pause (G1 Evacuation Pause) (young) 5458M->2717M(6144M), 0.0385170 secs]
2018-03-27T15:10:18.065+0200: 12271.339: [GC pause (G1 Evacuation Pause) (young) 5459M->2720M(6144M), 0.0442804 secs]
2018-03-27T15:10:20.527+0200: 12273.801: [GC pause (G1 Evacuation Pause) (young) 5460M->2722M(6144M), 0.0382479 secs]
2018-03-27T15:10:22.710+0200: 12275.984: [GC pause (GCLocker Initiated GC) (young) 5461M->2727M(6144M), 0.0368842 secs]
2018-03-27T15:10:24.229+0200: 12277.503: [GC pause (G1 Evacuation Pause) (young) 5457M->2730M(6144M), 0.0416432 secs]
2018-03-27T15:10:26.475+0200: 12279.748: [GC pause (G1 Evacuation Pause) (young) 5458M->2731M(6144M), 0.0422989 secs]
2018-03-27T15:10:28.860+0200: 12282.134: [GC pause (G1 Evacuation Pause) (young) 5461M->2738M(6144M), 0.0463538 secs]
2018-03-27T15:10:30.739+0200: 12284.013: [GC pause (G1 Evacuation Pause) (young) 5452M->2745M(6144M), 0.0617856 secs]
2018-03-27T15:10:32.389+0200: 12285.663: [GC pause (GCLocker Initiated GC) (young) 5460M->2750M(6144M), 0.0534801 secs]
2018-03-27T15:10:34.150+0200: 12287.424: [GC pause (G1 Evacuation Pause) (young) 5448M->2756M(6144M), 0.0495068 secs]
2018-03-27T15:10:36.071+0200: 12289.345: [GC pause (G1 Evacuation Pause) (young) 5444M->2757M(6144M), 0.0554309 secs]
2018-03-27T15:10:38.022+0200: 12291.296: [GC pause (G1 Evacuation Pause) (young) 5443M->2762M(6144M), 0.0531003 secs]
2018-03-27T15:10:40.074+0200: 12293.348: [GC pause (G1 Evacuation Pause) (young) 5442M->2766M(6144M), 0.0481771 secs]
2018-03-27T15:10:41.578+0200: 12294.852: [GC pause (G1 Evacuation Pause) (young) 5445M->2770M(6144M), 0.0492306 secs]
2018-03-27T15:10:43.360+0200: 12296.634: [GC pause (G1 Evacuation Pause) (young) 5452M->2767M(6144M), 0.0495474 secs]
2018-03-27T15:10:45.433+0200: 12298.707: [GC pause (G1 Evacuation Pause) (young) 5443M->2770M(6144M), 0.0487404 secs]
2018-03-27T15:10:47.731+0200: 12301.005: [GC pause (G1 Evacuation Pause) (young) 5444M->2773M(6144M), 0.0474724 secs]
2018-03-27T15:10:49.773+0200: 12303.047: [GC pause (G1 Evacuation Pause) (young) 5444M->2775M(6144M), 0.0467094 secs]
2018-03-27T15:10:51.328+0200: 12304.602: [GC pause (G1 Evacuation Pause) (young) 5443M->2779M(6144M), 0.0431545 secs]
2018-03-27T15:10:53.552+0200: 12306.826: [GC pause (G1 Evacuation Pause) (young) 5443M->2785M(6144M), 0.0511011 secs]
2018-03-27T15:10:55.735+0200: 12309.009: [GC pause (G1 Evacuation Pause) (young) 5441M->2783M(6144M), 0.0454080 secs]
2018-03-27T15:10:57.290+0200: 12310.564: [GC pause (G1 Evacuation Pause) (young) 5447M->2787M(6144M), 0.0481909 secs]
2018-03-27T15:10:59.295+0200: 12312.568: [GC pause (G1 Evacuation Pause) (young) 5449M->2796M(6144M), 0.0509142 secs]
2018-03-27T15:11:00.927+0200: 12314.201: [GC pause (G1 Evacuation Pause) (young) 5450M->2798M(6144M), 0.0469169 secs]
2018-03-27T15:11:02.890+0200: 12316.164: [GC pause (G1 Evacuation Pause) (young) 5464M->2799M(6144M), 0.0462023 secs]
2018-03-27T15:11:04.287+0200: 12317.561: [GC pause (GCLocker Initiated GC) (young) 5465M->2802M(6144M), 0.0381695 secs]
2018-03-27T15:11:06.133+0200: 12319.407: [GC pause (G1 Evacuation Pause) (young) 5456M->2805M(6144M), 0.0448015 secs]
2018-03-27T15:11:07.854+0200: 12321.127: [GC pause (GCLocker Initiated GC) (young) 5465M->2811M(6144M), 0.0633480 secs]
2018-03-27T15:11:09.488+0200: 12322.762: [GC pause (G1 Evacuation Pause) (young) 5460M->2813M(6144M), 0.0413654 secs]
2018-03-27T15:11:11.569+0200: 12324.842: [GC pause (G1 Evacuation Pause) (young) 5461M->2816M(6144M), 0.0393183 secs]
2018-03-27T15:11:13.775+0200: 12327.049: [GC pause (G1 Evacuation Pause) (young) 5464M->2819M(6144M), 0.0446426 secs]
2018-03-27T15:11:15.550+0200: 12328.823: [GC pause (G1 Evacuation Pause) (young) 5461M->2820M(6144M), 0.0527943 secs]
2018-03-27T15:11:17.360+0200: 12330.634: [GC pause (G1 Evacuation Pause) (young) (initial-mark) 5466M->2828M(6144M), 0.0451868 secs]
2018-03-27T15:11:17.405+0200: 12330.679: [GC concurrent-root-region-scan-start]
2018-03-27T15:11:17.446+0200: 12330.720: [GC concurrent-root-region-scan-end, 0.0403843 secs]
2018-03-27T15:11:17.446+0200: 12330.720: [GC concurrent-mark-start]
2018-03-27T15:11:19.243+0200: 12332.517: [GC pause (G1 Evacuation Pause) (young) 5460M->2824M(6144M), 0.0602573 secs]
2018-03-27T15:11:20.632+0200: 12333.906: [GC concurrent-mark-end, 3.1862871 secs]
2018-03-27T15:11:20.635+0200: 12333.909: [GC remark, 0.2721136 secs]
2018-03-27T15:11:20.918+0200: 12334.192: [GC cleanup 4550M->4550M(6144M), 0.0256200 secs]
2018-03-27T15:11:21.484+0200: 12334.757: [GC pause (G1 Evacuation Pause) (young) 5464M->2830M(6144M), 0.0637431 secs]
2018-03-27T15:11:21.840+0200: 12335.113: [GC pause (GCLocker Initiated GC) (mixed) 3082M->2439M(6144M), 0.1559431 secs]
2018-03-27T15:11:22.128+0200: 12335.401: [GC pause (G1 Evacuation Pause) (mixed) 2719M->2396M(6144M), 0.1427374 secs]
2018-03-27T15:11:22.397+0200: 12335.670: [GC pause (GCLocker Initiated GC) (young) 2688M->2403M(6144M), 0.0478422 secs]
2018-03-27T15:11:22.575+0200: 12335.849: [GC pause (GCLocker Initiated GC) (young) 2693M->2403M(6144M), 0.0249229 secs]
2018-03-27T15:11:22.696+0200: 12335.970: [GC pause (G1 Evacuation Pause) (young) 2683M->2401M(6144M), 0.0209563 secs]
2018-03-27T15:11:22.830+0200: 12336.104: [GC pause (G1 Evacuation Pause) (young) 2683M->2405M(6144M), 0.0291574 secs]
2018-03-27T15:11:22.993+0200: 12336.266: [GC pause (G1 Evacuation Pause) (young) 2683M->2403M(6144M), 0.0207651 secs]
2018-03-27T15:11:23.138+0200: 12336.412: [GC pause (G1 Evacuation Pause) (young) 2683M->2404M(6144M), 0.0198479 secs]
2018-03-27T15:11:23.312+0200: 12336.585: [GC pause (G1 Evacuation Pause) (young) 2684M->2406M(6144M), 0.0303895 secs]
2018-03-27T15:11:23.512+0200: 12336.786: [GC pause (G1 Evacuation Pause) (young) 2684M->2403M(6144M), 0.0499946 secs]
2018-03-27T15:11:23.703+0200: 12336.977: [GC pause (G1 Evacuation Pause) (young) 2683M->2406M(6144M), 0.0244551 secs]
2018-03-27T15:11:23.870+0200: 12337.143: [GC pause (G1 Evacuation Pause) (young) 2684M->2406M(6144M), 0.0225491 secs]
2018-03-27T15:11:24.028+0200: 12337.302: [GC pause (G1 Evacuation Pause) (young) 2684M->2406M(6144M), 0.0266028 secs]
2018-03-27T15:11:24.186+0200: 12337.460: [GC pause (G1 Evacuation Pause) (young) 2684M->2410M(6144M), 0.0241072 secs]
2018-03-27T15:11:24.404+0200: 12337.678: [GC pause (GCLocker Initiated GC) (young) 2689M->2409M(6144M), 0.0348722 secs]
2018-03-27T15:11:24.718+0200: 12337.991: [GC pause (G1 Evacuation Pause) (young) 2693M->2412M(6144M), 0.0265704 secs]
2018-03-27T15:11:24.899+0200: 12338.173: [GC pause (G1 Evacuation Pause) (young) 2696M->2413M(6144M), 0.0230406 secs]
2018-03-27T15:11:27.481+0200: 12340.755: [GC pause (G1 Evacuation Pause) (young) 5493M->2419M(6144M), 0.0334706 secs]
2018-03-27T15:11:30.117+0200: 12343.391: [GC pause (G1 Evacuation Pause) (young) 5481M->2425M(6144M), 0.0305742 secs]
2018-03-27T15:11:32.502+0200: 12345.776: [GC pause (GCLocker Initiated GC) (young) 5491M->2429M(6144M), 0.0309339 secs]
2018-03-27T15:11:34.408+0200: 12347.681: [GC pause (G1 Evacuation Pause) (young) 5487M->2434M(6144M), 0.0296298 secs]
2018-03-27T15:11:37.408+0200: 12350.682: [GC pause (G1 Evacuation Pause) (young) 5484M->2439M(6144M), 0.0382074 secs]
2018-03-27T15:11:39.406+0200: 12352.679: [GC pause (G1 Evacuation Pause) (young) 5501M->2452M(6144M), 0.0404686 secs]
2018-03-27T15:11:41.823+0200: 12355.097: [GC pause (GCLocker Initiated GC) (young) 5472M->2452M(6144M), 0.0512517 secs]
2018-03-27T15:11:43.990+0200: 12357.263: [GC pause (G1 Evacuation Pause) (young) 5468M->2451M(6144M), 0.0350831 secs]
2018-03-27T15:11:45.879+0200: 12359.153: [GC pause (G1 Evacuation Pause) (young) 5467M->2452M(6144M), 0.0489398 secs]
2018-03-27T15:11:48.181+0200: 12361.455: [GC pause (G1 Evacuation Pause) (young) 5468M->2454M(6144M), 0.0361789 secs]
2018-03-27T15:11:50.644+0200: 12363.917: [GC pause (GCLocker Initiated GC) (young) 5468M->2464M(6144M), 0.0407985 secs]
2018-03-27T15:11:53.222+0200: 12366.496: [GC pause (G1 Evacuation Pause) (young) 5456M->2460M(6144M), 0.0378010 secs]
2018-03-27T15:11:55.658+0200: 12368.932: [GC pause (G1 Evacuation Pause) (young) 5458M->2461M(6144M), 0.0501309 secs]
2018-03-27T15:11:57.787+0200: 12371.061: [GC pause (GCLocker Initiated GC) (young) 5461M->2463M(6144M), 0.0382807 secs]
2018-03-27T15:12:00.409+0200: 12373.683: [GC pause (G1 Evacuation Pause) (young) 5457M->2463M(6144M), 0.0406421 secs]
2018-03-27T15:12:02.999+0200: 12376.272: [GC pause (G1 Evacuation Pause) (young) 5457M->2464M(6144M), 0.0671737 secs]
2018-03-27T15:12:05.571+0200: 12378.844: [GC pause (G1 Evacuation Pause) (young) 5461M->2470M(6144M), 0.0408576 secs]
2018-03-27T15:12:08.232+0200: 12381.506: [GC pause (G1 Evacuation Pause) (young) 5456M->2471M(6144M), 0.0413513 secs]
2018-03-27T15:12:11.177+0200: 12384.451: [GC pause (GCLocker Initiated GC) (young) 5458M->2474M(6144M), 0.0505659 secs]
2018-03-27T15:12:14.113+0200: 12387.386: [GC pause (GCLocker Initiated GC) (young) 5459M->2474M(6144M), 0.0466210 secs]
2018-03-27T15:12:16.509+0200: 12389.783: [GC pause (G1 Evacuation Pause) (young) 5461M->2475M(6144M), 0.0633575 secs]
2018-03-27T15:12:19.016+0200: 12392.290: [GC pause (G1 Evacuation Pause) (young) 5463M->2480M(6144M), 0.0463886 secs]
2018-03-27T15:12:21.486+0200: 12394.759: [GC pause (GCLocker Initiated GC) (young) 5468M->2480M(6144M), 0.0468787 secs]
2018-03-27T15:12:23.917+0200: 12397.190: [GC pause (G1 Evacuation Pause) (young) 5462M->2486M(6144M), 0.0422694 secs]
2018-03-27T15:12:26.461+0200: 12399.734: [GC pause (G1 Evacuation Pause) (young) 5458M->2486M(6144M), 0.0406979 secs]
2018-03-27T15:12:28.927+0200: 12402.200: [GC pause (G1 Evacuation Pause) (young) 5462M->2491M(6144M), 0.0401607 secs]
2018-03-27T15:12:31.429+0200: 12404.702: [GC pause (GCLocker Initiated GC) (young) 5463M->2492M(6144M), 0.0377235 secs]
2018-03-27T15:12:33.846+0200: 12407.120: [GC pause (G1 Evacuation Pause) (young) 5462M->2497M(6144M), 0.0381160 secs]
2018-03-27T15:12:35.589+0200: 12408.863: [GC pause (G1 Evacuation Pause) (young) 5461M->2497M(6144M), 0.0465940 secs]
2018-03-27T15:12:37.810+0200: 12411.084: [GC pause (GCLocker Initiated GC) (young) 5470M->2503M(6144M), 0.0407141 secs]
2018-03-27T15:12:39.858+0200: 12413.132: [GC pause (G1 Evacuation Pause) (young) 5460M->2504M(6144M), 0.0409035 secs]
2018-03-27T15:12:41.377+0200: 12414.651: [GC pause (G1 Evacuation Pause) (young) 5458M->2508M(6144M), 0.0388253 secs]
2018-03-27T15:12:43.432+0200: 12416.706: [GC pause (GCLocker Initiated GC) (young) 5460M->2515M(6144M), 0.0383450 secs]
2018-03-27T15:12:44.890+0200: 12418.164: [GC pause (G1 Evacuation Pause) (young) 5453M->2520M(6144M), 0.0364961 secs]
2018-03-27T15:12:46.780+0200: 12420.054: [GC pause (G1 Evacuation Pause) (young) 5446M->2516M(6144M), 0.0375123 secs]
2018-03-27T15:12:49.396+0200: 12422.670: [GC pause (G1 Evacuation Pause) (young) 5454M->2518M(6144M), 0.0388035 secs]
2018-03-27T15:12:51.572+0200: 12424.846: [GC pause (G1 Evacuation Pause) (young) 5454M->2516M(6144M), 0.0417754 secs]
2018-03-27T15:12:53.868+0200: 12427.142: [GC pause (G1 Evacuation Pause) (young) 5456M->2521M(6144M), 0.0499517 secs]
2018-03-27T15:12:56.516+0200: 12429.789: [GC pause (GCLocker Initiated GC) (young) 5469M->2527M(6144M), 0.0400788 secs]
2018-03-27T15:12:59.069+0200: 12432.343: [GC pause (G1 Evacuation Pause) (young) 5455M->2533M(6144M), 0.0424263 secs]
2018-03-27T15:13:00.798+0200: 12434.072: [GC pause (G1 Evacuation Pause) (young) 5451M->2530M(6144M), 0.0377216 secs]
2018-03-27T15:13:03.521+0200: 12436.795: [GC pause (G1 Evacuation Pause) (young) 5454M->2532M(6144M), 0.0367313 secs]
2018-03-27T15:13:05.450+0200: 12438.724: [GC pause (G1 Evacuation Pause) (young) 5454M->2539M(6144M), 0.0376523 secs]
2018-03-27T15:13:07.504+0200: 12440.778: [GC pause (G1 Evacuation Pause) (young) 5449M->2536M(6144M), 0.0351620 secs]
2018-03-27T15:13:09.871+0200: 12443.145: [GC pause (G1 Evacuation Pause) (young) 5454M->2537M(6144M), 0.0384055 secs]
2018-03-27T15:13:12.328+0200: 12445.602: [GC pause (G1 Evacuation Pause) (young) 5455M->2541M(6144M), 0.0388641 secs]
2018-03-27T15:13:14.198+0200: 12447.471: [GC pause (G1 Evacuation Pause) (young) 5455M->2545M(6144M), 0.0547525 secs]
2018-03-27T15:13:16.087+0200: 12449.361: [GC pause (G1 Evacuation Pause) (young) 5453M->2546M(6144M), 0.0477727 secs]
2018-03-27T15:13:18.009+0200: 12451.283: [GC pause (G1 Evacuation Pause) (young) 5457M->2551M(6144M), 0.0457853 secs]
2018-03-27T15:13:20.108+0200: 12453.382: [GC pause (G1 Evacuation Pause) (young) 5455M->2549M(6144M), 0.0522809 secs]
2018-03-27T15:13:22.381+0200: 12455.655: [GC pause (G1 Evacuation Pause) (young) 5457M->2548M(6144M), 0.0442952 secs]
2018-03-27T15:13:24.668+0200: 12457.942: [GC pause (GCLocker Initiated GC) (young) 5464M->2555M(6144M), 0.0432959 secs]
2018-03-27T15:13:26.810+0200: 12460.084: [GC pause (G1 Evacuation Pause) (young) 5455M->2557M(6144M), 0.0358145 secs]
2018-03-27T15:13:29.280+0200: 12462.554: [GC pause (G1 Evacuation Pause) (young) 5455M->2560M(6144M), 0.0395883 secs]
2018-03-27T15:13:31.280+0200: 12464.554: [GC pause (GCLocker Initiated GC) (young) 5474M->2561M(6144M), 0.0396940 secs]
2018-03-27T15:13:33.439+0200: 12466.713: [GC pause (G1 Evacuation Pause) (young) 5457M->2562M(6144M), 0.0387964 secs]
2018-03-27T15:13:35.652+0200: 12468.926: [GC pause (G1 Evacuation Pause) (young) 5460M->2564M(6144M), 0.0395766 secs]
2018-03-27T15:13:37.880+0200: 12471.154: [GC pause (G1 Evacuation Pause) (young) 5460M->2568M(6144M), 0.0408439 secs]
2018-03-27T15:13:40.305+0200: 12473.579: [GC pause (G1 Evacuation Pause) (young) 5458M->2570M(6144M), 0.0370112 secs]
2018-03-27T15:13:42.677+0200: 12475.950: [GC pause (G1 Evacuation Pause) (young) 5456M->2576M(6144M), 0.0399374 secs]
2018-03-27T15:13:44.665+0200: 12477.939: [GC pause (G1 Evacuation Pause) (young) 5456M->2572M(6144M), 0.0371416 secs]
2018-03-27T15:13:47.255+0200: 12480.528: [GC pause (G1 Evacuation Pause) (young) 5462M->2574M(6144M), 0.0404040 secs]
2018-03-27T15:13:49.267+0200: 12482.541: [GC pause (G1 Evacuation Pause) (young) 5462M->2580M(6144M), 0.0493706 secs]
2018-03-27T15:13:51.368+0200: 12484.642: [GC pause (GCLocker Initiated GC) (young) 5460M->2584M(6144M), 0.0398754 secs]
2018-03-27T15:13:53.855+0200: 12487.129: [GC pause (G1 Evacuation Pause) (young) 5456M->2585M(6144M), 0.0533800 secs]
2018-03-27T15:13:55.745+0200: 12489.019: [GC pause (G1 Evacuation Pause) (young) 5455M->2585M(6144M), 0.0411060 secs]
2018-03-27T15:13:57.781+0200: 12491.054: [GC pause (G1 Evacuation Pause) (young) 5458M->2588M(6144M), 0.0398869 secs]
2018-03-27T15:13:59.550+0200: 12492.824: [GC pause (G1 Evacuation Pause) (young) 5458M->2592M(6144M), 0.0395714 secs]
2018-03-27T15:14:01.786+0200: 12495.059: [GC pause (G1 Evacuation Pause) (young) 5456M->2592M(6144M), 0.0421696 secs]
2018-03-27T15:14:04.320+0200: 12497.594: [GC pause (G1 Evacuation Pause) (young) 5458M->2595M(6144M), 0.0640348 secs]
2018-03-27T15:14:06.575+0200: 12499.848: [GC pause (G1 Evacuation Pause) (young) 5455M->2597M(6144M), 0.0747172 secs]
2018-03-27T15:14:08.969+0200: 12502.243: [GC pause (G1 Evacuation Pause) (young) 5455M->2601M(6144M), 0.0499231 secs]
2018-03-27T15:14:10.360+0200: 12503.634: [GC pause (G1 Evacuation Pause) (young) 5453M->2600M(6144M), 0.0425553 secs]
2018-03-27T15:14:12.095+0200: 12505.369: [GC pause (G1 Evacuation Pause) (young) 5456M->2602M(6144M), 0.0426412 secs]
2018-03-27T15:14:13.801+0200: 12507.075: [GC pause (GCLocker Initiated GC) (young) 5462M->2607M(6144M), 0.0428854 secs]
2018-03-27T15:14:16.186+0200: 12509.459: [GC pause (G1 Evacuation Pause) (young) 5457M->2605M(6144M), 0.0365923 secs]
2018-03-27T15:14:18.348+0200: 12511.622: [GC pause (G1 Evacuation Pause) (young) 5461M->2608M(6144M), 0.0432148 secs]
2018-03-27T15:14:20.730+0200: 12514.003: [GC pause (G1 Evacuation Pause) (young) 5458M->2611M(6144M), 0.0392010 secs]
2018-03-27T15:14:22.958+0200: 12516.232: [GC pause (G1 Evacuation Pause) (young) 5457M->2612M(6144M), 0.0373848 secs]
2018-03-27T15:14:25.134+0200: 12518.408: [GC pause (G1 Evacuation Pause) (young) 5458M->2616M(6144M), 0.0416583 secs]
2018-03-27T15:14:27.040+0200: 12520.314: [GC pause (G1 Evacuation Pause) (young) 5478M->2625M(6144M), 0.0504876 secs]
2018-03-27T15:14:29.125+0200: 12522.399: [GC pause (G1 Evacuation Pause) (young) 5453M->2621M(6144M), 0.0416018 secs]
2018-03-27T15:14:30.546+0200: 12523.819: [GC pause (G1 Evacuation Pause) (young) 5463M->2625M(6144M), 0.0386302 secs]
2018-03-27T15:14:32.262+0200: 12525.536: [GC pause (G1 Evacuation Pause) (young) 5459M->2625M(6144M), 0.0385853 secs]
2018-03-27T15:14:34.578+0200: 12527.851: [GC pause (GCLocker Initiated GC) (young) 5465M->2630M(6144M), 0.0385115 secs]
2018-03-27T15:14:36.612+0200: 12529.885: [GC pause (G1 Evacuation Pause) (young) 5458M->2632M(6144M), 0.0684218 secs]
2018-03-27T15:14:38.660+0200: 12531.934: [GC pause (G1 Evacuation Pause) (young) 5462M->2635M(6144M), 0.0472717 secs]
2018-03-27T15:14:40.683+0200: 12533.957: [GC pause (G1 Evacuation Pause) (young) 5463M->2638M(6144M), 0.0420064 secs]
2018-03-27T15:14:42.546+0200: 12535.820: [GC pause (G1 Evacuation Pause) (young) 5460M->2640M(6144M), 0.0408413 secs]
2018-03-27T15:14:44.681+0200: 12537.955: [GC pause (GCLocker Initiated GC) (young) 5462M->2646M(6144M), 0.0445905 secs]
2018-03-27T15:14:46.565+0200: 12539.839: [GC pause (G1 Evacuation Pause) (young) 5458M->2647M(6144M), 0.0593311 secs]
2018-03-27T15:14:48.651+0200: 12541.925: [GC pause (GCLocker Initiated GC) (young) 5459M->2650M(6144M), 0.0375081 secs]
2018-03-27T15:14:50.829+0200: 12544.103: [GC pause (G1 Evacuation Pause) (young) 5458M->2649M(6144M), 0.0376553 secs]
2018-03-27T15:14:52.839+0200: 12546.112: [GC pause (G1 Evacuation Pause) (young) 5459M->2653M(6144M), 0.0372398 secs]
2018-03-27T15:14:54.790+0200: 12548.064: [GC pause (G1 Evacuation Pause) (young) 5457M->2653M(6144M), 0.0376327 secs]
2018-03-27T15:14:56.617+0200: 12549.891: [GC pause (G1 Evacuation Pause) (young) 5469M->2658M(6144M), 0.0389746 secs]
2018-03-27T15:14:58.668+0200: 12551.942: [GC pause (G1 Evacuation Pause) (young) 5469M->2658M(6144M), 0.0466635 secs]
2018-03-27T15:15:00.525+0200: 12553.798: [GC pause (GCLocker Initiated GC) (young) 5464M->2664M(6144M), 0.0427368 secs]
2018-03-27T15:15:02.647+0200: 12555.921: [GC pause (GCLocker Initiated GC) (young) 5478M->2670M(6144M), 0.0412392 secs]
2018-03-27T15:15:04.262+0200: 12557.535: [GC pause (G1 Evacuation Pause) (young) 5454M->2672M(6144M), 0.0399010 secs]
2018-03-27T15:15:06.585+0200: 12559.859: [GC pause (GCLocker Initiated GC) (young) 5454M->2665M(6144M), 0.0499221 secs]
2018-03-27T15:15:08.833+0200: 12562.107: [GC pause (G1 Evacuation Pause) (young) 5463M->2670M(6144M), 0.0390696 secs]
2018-03-27T15:15:10.708+0200: 12563.981: [GC pause (G1 Evacuation Pause) (young) 5462M->2673M(6144M), 0.0377107 secs]
2018-03-27T15:15:12.570+0200: 12565.844: [GC pause (GCLocker Initiated GC) (young) 5501M->2675M(6144M), 0.0409791 secs]
2018-03-27T15:15:15.411+0200: 12568.685: [GC pause (GCLocker Initiated GC) (young) 5461M->2677M(6144M), 0.0395816 secs]
2018-03-27T15:15:17.383+0200: 12570.656: [GC pause (GCLocker Initiated GC) (young) 5466M->2680M(6144M), 0.0533455 secs]
2018-03-27T15:15:19.959+0200: 12573.232: [GC pause (G1 Evacuation Pause) (young) 5462M->2682M(6144M), 0.0383255 secs]
2018-03-27T15:15:22.035+0200: 12575.308: [GC pause (GCLocker Initiated GC) (young) 5494M->2681M(6144M), 0.0357827 secs]
2018-03-27T15:15:24.468+0200: 12577.741: [GC pause (G1 Evacuation Pause) (young) 5465M->2685M(6144M), 0.0465897 secs]
2018-03-27T15:15:26.242+0200: 12579.516: [GC pause (G1 Evacuation Pause) (young) 5463M->2687M(6144M), 0.0411953 secs]
2018-03-27T15:15:27.908+0200: 12581.182: [GC pause (G1 Evacuation Pause) (young) 5463M->2690M(6144M), 0.0538829 secs]
2018-03-27T15:15:29.923+0200: 12583.197: [GC pause (GCLocker Initiated GC) (young) 5472M->2689M(6144M), 0.0379340 secs]
2018-03-27T15:15:31.510+0200: 12584.784: [GC pause (G1 Evacuation Pause) (young) 5465M->2693M(6144M), 0.0348801 secs]
2018-03-27T15:15:33.306+0200: 12586.579: [GC pause (GCLocker Initiated GC) (young) 5469M->2700M(6144M), 0.0438522 secs]
2018-03-27T15:15:34.842+0200: 12588.116: [GC pause (G1 Evacuation Pause) (young) 5460M->2704M(6144M), 0.0376785 secs]
2018-03-27T15:15:36.682+0200: 12589.956: [GC pause (G1 Evacuation Pause) (young) 5455M->2706M(6144M), 0.0419717 secs]
2018-03-27T15:15:38.573+0200: 12591.847: [GC pause (G1 Evacuation Pause) (young) 5456M->2707M(6144M), 0.0427743 secs]
2018-03-27T15:15:40.304+0200: 12593.578: [GC pause (G1 Evacuation Pause) (young) 5459M->2711M(6144M), 0.0378508 secs]
2018-03-27T15:15:42.667+0200: 12595.941: [GC pause (G1 Evacuation Pause) (young) 5457M->2714M(6144M), 0.0375023 secs]
2018-03-27T15:15:44.441+0200: 12597.715: [GC pause (G1 Evacuation Pause) (young) 5454M->2718M(6144M), 0.0367776 secs]
2018-03-27T15:15:46.528+0200: 12599.802: [GC pause (G1 Evacuation Pause) (young) 5470M->2718M(6144M), 0.0459350 secs]
2018-03-27T15:15:48.632+0200: 12601.906: [GC pause (G1 Evacuation Pause) (young) 5454M->2718M(6144M), 0.0389301 secs]
2018-03-27T15:15:50.683+0200: 12603.957: [GC pause (GCLocker Initiated GC) (young) 5462M->2721M(6144M), 0.0444797 secs]
2018-03-27T15:15:52.638+0200: 12605.912: [GC pause (G1 Evacuation Pause) (young) 5455M->2723M(6144M), 0.0415761 secs]
2018-03-27T15:15:54.566+0200: 12607.840: [GC pause (G1 Evacuation Pause) (young) 5455M->2727M(6144M), 0.0430542 secs]
2018-03-27T15:15:56.111+0200: 12609.385: [GC pause (G1 Evacuation Pause) (young) 5455M->2727M(6144M), 0.0380648 secs]
2018-03-27T15:15:57.585+0200: 12610.858: [GC pause (G1 Evacuation Pause) (young) 5457M->2729M(6144M), 0.0514777 secs]
2018-03-27T15:15:59.257+0200: 12612.531: [GC pause (G1 Evacuation Pause) (young) 5461M->2735M(6144M), 0.0441252 secs]
2018-03-27T15:16:00.806+0200: 12614.080: [GC pause (G1 Evacuation Pause) (young) 5457M->2738M(6144M), 0.0406156 secs]
2018-03-27T15:16:02.271+0200: 12615.544: [GC pause (G1 Evacuation Pause) (young) 5458M->2740M(6144M), 0.0412261 secs]
2018-03-27T15:16:04.156+0200: 12617.429: [GC pause (GCLocker Initiated GC) (young) 5468M->2744M(6144M), 0.0414240 secs]
2018-03-27T15:16:06.426+0200: 12619.700: [GC pause (G1 Evacuation Pause) (young) 5460M->2749M(6144M), 0.0430803 secs]
2018-03-27T15:16:08.170+0200: 12621.444: [GC pause (G1 Evacuation Pause) (young) 5459M->2750M(6144M), 0.0629967 secs]
2018-03-27T15:16:10.130+0200: 12623.404: [GC pause (GCLocker Initiated GC) (young) 5480M->2753M(6144M), 0.0662946 secs]
2018-03-27T15:16:12.416+0200: 12625.690: [GC pause (G1 Evacuation Pause) (young) 5461M->2756M(6144M), 0.0535325 secs]
2018-03-27T15:16:14.010+0200: 12627.283: [GC pause (G1 Evacuation Pause) (young) 5458M->2756M(6144M), 0.0381149 secs]
2018-03-27T15:16:16.289+0200: 12629.563: [GC pause (GCLocker Initiated GC) (young) 5464M->2759M(6144M), 0.0354047 secs]
2018-03-27T15:16:18.003+0200: 12631.277: [GC pause (G1 Evacuation Pause) (young) 5466M->2762M(6144M), 0.0418340 secs]
2018-03-27T15:16:19.806+0200: 12633.080: [GC pause (G1 Evacuation Pause) (young) 5482M->2767M(6144M), 0.0458202 secs]
2018-03-27T15:16:21.979+0200: 12635.253: [GC pause (G1 Evacuation Pause) (young) 5459M->2767M(6144M), 0.0439993 secs]
2018-03-27T15:16:23.970+0200: 12637.243: [GC pause (G1 Evacuation Pause) (young) 5459M->2769M(6144M), 0.0451118 secs]
2018-03-27T15:16:26.078+0200: 12639.352: [GC pause (G1 Evacuation Pause) (young) 5461M->2773M(6144M), 0.0498885 secs]
2018-03-27T15:16:27.611+0200: 12640.885: [GC pause (G1 Evacuation Pause) (young) 5463M->2778M(6144M), 0.0483099 secs]
2018-03-27T15:16:29.683+0200: 12642.957: [GC pause (G1 Evacuation Pause) (young) 5458M->2781M(6144M), 0.0427610 secs]
2018-03-27T15:16:31.760+0200: 12645.034: [GC pause (GCLocker Initiated GC) (young) 5500M->2780M(6144M), 0.0569276 secs]
2018-03-27T15:16:34.082+0200: 12647.356: [GC pause (G1 Evacuation Pause) (young) 5458M->2785M(6144M), 0.0422148 secs]
2018-03-27T15:16:34.689+0200: 12647.962: [GC pause (G1 Humongous Allocation) (young) (initial-mark) 3531M->2789M(6144M), 0.0506253 secs]
2018-03-27T15:16:34.739+0200: 12648.013: [GC concurrent-root-region-scan-start]
2018-03-27T15:16:34.793+0200: 12648.066: [GC concurrent-root-region-scan-end, 0.0531952 secs]
2018-03-27T15:16:34.793+0200: 12648.066: [GC concurrent-mark-start]
2018-03-27T15:16:36.317+0200: 12649.591: [GC pause (GCLocker Initiated GC) (young) 5495M->2790M(6144M), 0.0561121 secs]
2018-03-27T15:16:38.159+0200: 12651.433: [GC concurrent-mark-end, 3.3662934 secs]
2018-03-27T15:16:38.163+0200: 12651.436: [GC remark, 0.2693900 secs]
2018-03-27T15:16:38.441+0200: 12651.715: [GC cleanup 4863M->4847M(6144M), 0.0218409 secs]
2018-03-27T15:16:38.470+0200: 12651.744: [GC concurrent-cleanup-start]
2018-03-27T15:16:38.470+0200: 12651.744: [GC concurrent-cleanup-end, 0.0000906 secs]
2018-03-27T15:16:38.842+0200: 12652.116: [GC pause (G1 Evacuation Pause) (young) 5438M->2773M(6144M), 0.0579728 secs]
2018-03-27T15:16:39.160+0200: 12652.434: [GC pause (G1 Evacuation Pause) (mixed) 3017M->2407M(6144M), 0.1618381 secs]
2018-03-27T15:16:39.515+0200: 12652.788: [GC pause (G1 Evacuation Pause) (mixed) 2689M->2392M(6144M), 0.0778364 secs]
2018-03-27T15:16:39.741+0200: 12653.015: [GC pause (G1 Evacuation Pause) (young) 2670M->2392M(6144M), 0.0402694 secs]
2018-03-27T15:16:40.022+0200: 12653.295: [GC pause (GCLocker Initiated GC) (young) 2686M->2395M(6144M), 0.0259900 secs]
2018-03-27T15:16:40.237+0200: 12653.511: [GC pause (GCLocker Initiated GC) (young) 2687M->2394M(6144M), 0.0240663 secs]
2018-03-27T15:16:40.451+0200: 12653.724: [GC pause (G1 Evacuation Pause) (young) 2670M->2396M(6144M), 0.0204436 secs]
2018-03-27T15:16:40.726+0200: 12654.000: [GC pause (GCLocker Initiated GC) (young) 2682M->2397M(6144M), 0.0243109 secs]
2018-03-27T15:16:40.915+0200: 12654.189: [GC pause (G1 Evacuation Pause) (young) 2673M->2397M(6144M), 0.0236249 secs]
2018-03-27T15:16:41.057+0200: 12654.331: [GC pause (G1 Evacuation Pause) (young) 2677M->2398M(6144M), 0.0237486 secs]
2018-03-27T15:16:41.221+0200: 12654.495: [GC pause (GCLocker Initiated GC) (young) 2692M->2397M(6144M), 0.0193421 secs]
2018-03-27T15:16:41.358+0200: 12654.632: [GC pause (G1 Evacuation Pause) (young) 2677M->2400M(6144M), 0.0215287 secs]
2018-03-27T15:16:41.531+0200: 12654.805: [GC pause (G1 Evacuation Pause) (young) 2676M->2400M(6144M), 0.0232534 secs]
2018-03-27T15:16:41.701+0200: 12654.974: [GC pause (GCLocker Initiated GC) (young) 2677M->2398M(6144M), 0.0216353 secs]
2018-03-27T15:16:41.842+0200: 12655.116: [GC pause (G1 Evacuation Pause) (young) 2676M->2399M(6144M), 0.0228238 secs]
2018-03-27T15:16:42.001+0200: 12655.275: [GC pause (GCLocker Initiated GC) (young) 2677M->2396M(6144M), 0.0231658 secs]
2018-03-27T15:16:44.741+0200: 12658.015: [GC pause (G1 Evacuation Pause) (young) 5466M->2407M(6144M), 0.0310171 secs]
2018-03-27T15:16:47.419+0200: 12660.692: [GC pause (GCLocker Initiated GC) (young) 5482M->2413M(6144M), 0.0297859 secs]
2018-03-27T15:16:49.682+0200: 12662.955: [GC pause (G1 Evacuation Pause) (young) 5485M->2417M(6144M), 0.0315696 secs]
2018-03-27T15:16:51.850+0200: 12665.124: [GC pause (G1 Evacuation Pause) (young) 5485M->2420M(6144M), 0.0304191 secs]
2018-03-27T15:16:53.869+0200: 12667.143: [GC pause (G1 Evacuation Pause) (young) 5482M->2426M(6144M), 0.0324531 secs]
2018-03-27T15:16:56.184+0200: 12669.458: [GC pause (G1 Evacuation Pause) (young) 5480M->2432M(6144M), 0.0321941 secs]
2018-03-27T15:16:57.750+0200: 12671.024: [GC pause (G1 Evacuation Pause) (young) 5475M->2434M(6144M), 0.0340759 secs]
2018-03-27T15:17:00.513+0200: 12673.787: [GC pause (G1 Evacuation Pause) (young) 5472M->2436M(6144M), 0.0367444 secs]
2018-03-27T15:17:03.152+0200: 12676.426: [GC pause (G1 Evacuation Pause) (young) 5468M->2438M(6144M), 0.0511332 secs]
2018-03-27T15:17:05.086+0200: 12678.359: [GC pause (G1 Evacuation Pause) (young) 5470M->2441M(6144M), 0.0454950 secs]
2018-03-27T15:17:06.768+0200: 12680.041: [GC pause (G1 Evacuation Pause) (young) 5465M->2443M(6144M), 0.0434166 secs]
2018-03-27T15:17:08.365+0200: 12681.639: [GC pause (G1 Evacuation Pause) (young) 5463M->2443M(6144M), 0.0464508 secs]
2018-03-27T15:17:10.248+0200: 12683.521: [GC pause (G1 Evacuation Pause) (young) 5463M->2450M(6144M), 0.0461640 secs]
2018-03-27T15:17:12.730+0200: 12686.004: [GC pause (G1 Evacuation Pause) (young) 5458M->2451M(6144M), 0.0444300 secs]
2018-03-27T15:17:15.105+0200: 12688.379: [GC pause (G1 Evacuation Pause) (young) 5462M->2453M(6144M), 0.0406438 secs]
2018-03-27T15:17:17.345+0200: 12690.618: [GC pause (G1 Evacuation Pause) (young) 5457M->2451M(6144M), 0.0400604 secs]
2018-03-27T15:17:19.616+0200: 12692.890: [GC pause (G1 Evacuation Pause) (young) 5459M->2456M(6144M), 0.0403641 secs]
2018-03-27T15:17:22.302+0200: 12695.575: [GC pause (G1 Evacuation Pause) (young) 5458M->2456M(6144M), 0.0392099 secs]
2018-03-27T15:17:24.448+0200: 12697.722: [GC pause (G1 Evacuation Pause) (young) 5460M->2459M(6144M), 0.0432289 secs]
2018-03-27T15:17:26.584+0200: 12699.858: [GC pause (G1 Evacuation Pause) (young) 5459M->2460M(6144M), 0.0451959 secs]
2018-03-27T15:17:28.874+0200: 12702.147: [GC pause (G1 Evacuation Pause) (young) 5462M->2462M(6144M), 0.0390674 secs]
2018-03-27T15:17:31.250+0200: 12704.523: [GC pause (G1 Evacuation Pause) (young) 5464M->2466M(6144M), 0.0521111 secs]
2018-03-27T15:17:33.533+0200: 12706.806: [GC pause (G1 Evacuation Pause) (young) 5462M->2468M(6144M), 0.0552253 secs]
2018-03-27T15:17:35.452+0200: 12708.726: [GC pause (GCLocker Initiated GC) (young) 5486M->2473M(6144M), 0.0441798 secs]
2018-03-27T15:17:37.234+0200: 12710.508: [GC pause (G1 Evacuation Pause) (young) 5459M->2474M(6144M), 0.0400761 secs]
2018-03-27T15:17:39.110+0200: 12712.384: [GC pause (G1 Evacuation Pause) (young) 5462M->2479M(6144M), 0.0369816 secs]
2018-03-27T15:17:41.489+0200: 12714.762: [GC pause (GCLocker Initiated GC) (young) 5459M->2481M(6144M), 0.0442467 secs]
2018-03-27T15:17:44.349+0200: 12717.623: [GC pause (G1 Evacuation Pause) (young) 5457M->2482M(6144M), 0.0397267 secs]
2018-03-27T15:17:46.606+0200: 12719.879: [GC pause (G1 Evacuation Pause) (young) 5458M->2483M(6144M), 0.0402512 secs]
2018-03-27T15:17:48.843+0200: 12722.116: [GC pause (G1 Evacuation Pause) (young) 5461M->2487M(6144M), 0.0364970 secs]
2018-03-27T15:17:51.046+0200: 12724.320: [GC pause (G1 Evacuation Pause) (young) 5459M->2490M(6144M), 0.0402150 secs]
2018-03-27T15:17:53.364+0200: 12726.638: [GC pause (G1 Evacuation Pause) (young) 5456M->2489M(6144M), 0.0397061 secs]
2018-03-27T15:17:55.618+0200: 12728.892: [GC pause (G1 Evacuation Pause) (young) 5461M->2494M(6144M), 0.0421867 secs]
2018-03-27T15:17:57.293+0200: 12730.567: [GC pause (GCLocker Initiated GC) (young) 5457M->2496M(6144M), 0.0373562 secs]
2018-03-27T15:17:59.417+0200: 12732.691: [GC pause (G1 Evacuation Pause) (young) 5460M->2498M(6144M), 0.0359698 secs]
2018-03-27T15:18:01.539+0200: 12734.813: [GC pause (G1 Evacuation Pause) (young) 5460M->2501M(6144M), 0.0445305 secs]
2018-03-27T15:18:03.686+0200: 12736.960: [GC pause (G1 Evacuation Pause) (young) 5461M->2502M(6144M), 0.0559399 secs]
2018-03-27T15:18:05.351+0200: 12738.624: [GC pause (G1 Evacuation Pause) (young) 5458M->2503M(6144M), 0.0532160 secs]
2018-03-27T15:18:07.595+0200: 12740.869: [GC pause (G1 Evacuation Pause) (young) 5461M->2507M(6144M), 0.0711400 secs]
2018-03-27T15:18:09.875+0200: 12743.148: [GC pause (GCLocker Initiated GC) (young) 5469M->2511M(6144M), 0.0379982 secs]
2018-03-27T15:18:11.592+0200: 12744.866: [GC pause (G1 Evacuation Pause) (young) 5461M->2515M(6144M), 0.0414838 secs]
2018-03-27T15:18:13.734+0200: 12747.008: [GC pause (GCLocker Initiated GC) (young) 5459M->2515M(6144M), 0.0387722 secs]
2018-03-27T15:18:15.486+0200: 12748.760: [GC pause (G1 Evacuation Pause) (young) 5459M->2519M(6144M), 0.0385090 secs]
2018-03-27T15:18:18.051+0200: 12751.325: [GC pause (GCLocker Initiated GC) (young) 5463M->2520M(6144M), 0.0389817 secs]
2018-03-27T15:18:19.964+0200: 12753.238: [GC pause (G1 Evacuation Pause) (young) 5458M->2523M(6144M), 0.0395266 secs]
2018-03-27T15:18:22.412+0200: 12755.685: [GC pause (GCLocker Initiated GC) (young) 5469M->2525M(6144M), 0.0372664 secs]
2018-03-27T15:18:24.118+0200: 12757.392: [GC pause (G1 Evacuation Pause) (young) 5459M->2527M(6144M), 0.0423697 secs]
2018-03-27T15:18:26.277+0200: 12759.550: [GC pause (GCLocker Initiated GC) (young) 5460M->2532M(6144M), 0.0443328 secs]
2018-03-27T15:18:28.973+0200: 12762.246: [GC pause (G1 Evacuation Pause) (young) 5458M->2532M(6144M), 0.0471703 secs]
2018-03-27T15:18:30.979+0200: 12764.252: [GC pause (GCLocker Initiated GC) (young) 5482M->2536M(6144M), 0.0437543 secs]
2018-03-27T15:18:33.205+0200: 12766.478: [GC pause (G1 Evacuation Pause) (young) 5460M->2538M(6144M), 0.0545086 secs]
2018-03-27T15:18:35.579+0200: 12768.853: [GC pause (G1 Evacuation Pause) (young) 5460M->2540M(6144M), 0.0465055 secs]
2018-03-27T15:18:38.179+0200: 12771.453: [GC pause (G1 Evacuation Pause) (young) 5460M->2543M(6144M), 0.0456864 secs]
2018-03-27T15:18:40.340+0200: 12773.614: [GC pause (GCLocker Initiated GC) (young) 5463M->2546M(6144M), 0.0421633 secs]
2018-03-27T15:18:42.565+0200: 12775.839: [GC pause (G1 Evacuation Pause) (young) 5456M->2549M(6144M), 0.0394679 secs]
2018-03-27T15:18:45.084+0200: 12778.358: [GC pause (G1 Evacuation Pause) (young) 5457M->2554M(6144M), 0.0423241 secs]
2018-03-27T15:18:47.044+0200: 12780.318: [GC pause (G1 Evacuation Pause) (young) 5456M->2555M(6144M), 0.0421194 secs]
2018-03-27T15:18:49.328+0200: 12782.602: [GC pause (G1 Evacuation Pause) (young) 5455M->2555M(6144M), 0.0381613 secs]
2018-03-27T15:18:51.268+0200: 12784.541: [GC pause (G1 Evacuation Pause) (young) 5459M->2557M(6144M), 0.0435488 secs]
2018-03-27T15:18:53.277+0200: 12786.551: [GC pause (GCLocker Initiated GC) (young) 5460M->2562M(6144M), 0.0364818 secs]
2018-03-27T15:18:55.322+0200: 12788.596: [GC pause (G1 Evacuation Pause) (young) 5456M->2565M(6144M), 0.0400356 secs]
2018-03-27T15:18:57.196+0200: 12790.470: [GC pause (G1 Evacuation Pause) (young) 5457M->2565M(6144M), 0.0381803 secs]
2018-03-27T15:18:59.211+0200: 12792.485: [GC pause (GCLocker Initiated GC) (young) 5458M->2569M(6144M), 0.0395345 secs]
2018-03-27T15:19:01.308+0200: 12794.582: [GC pause (G1 Evacuation Pause) (young) 5455M->2566M(6144M), 0.0379278 secs]
2018-03-27T15:19:04.047+0200: 12797.321: [GC pause (G1 Evacuation Pause) (young) 5462M->2571M(6144M), 0.0527907 secs]
2018-03-27T15:19:05.768+0200: 12799.042: [GC pause (G1 Evacuation Pause) (young) 5478M->2575M(6144M), 0.0567557 secs]
2018-03-27T15:19:07.715+0200: 12800.988: [GC pause (G1 Evacuation Pause) (young) 5459M->2575M(6144M), 0.0368240 secs]
2018-03-27T15:19:09.782+0200: 12803.056: [GC pause (G1 Evacuation Pause) (young) 5457M->2577M(6144M), 0.0388584 secs]
2018-03-27T15:19:11.866+0200: 12805.140: [GC pause (G1 Evacuation Pause) (young) 5459M->2578M(6144M), 0.0394774 secs]
2018-03-27T15:19:14.031+0200: 12807.305: [GC pause (G1 Evacuation Pause) (young) 5462M->2582M(6144M), 0.0381348 secs]
2018-03-27T15:19:16.143+0200: 12809.416: [GC pause (G1 Evacuation Pause) (young) 5458M->2584M(6144M), 0.0454346 secs]
2018-03-27T15:19:18.350+0200: 12811.623: [GC pause (G1 Evacuation Pause) (young) 5462M->2587M(6144M), 0.0387222 secs]
2018-03-27T15:19:20.299+0200: 12813.572: [GC pause (G1 Evacuation Pause) (young) 5477M->2592M(6144M), 0.0452917 secs]
2018-03-27T15:19:22.918+0200: 12816.192: [GC pause (GCLocker Initiated GC) (young) 5460M->2595M(6144M), 0.0392892 secs]
2018-03-27T15:19:24.894+0200: 12818.168: [GC pause (G1 Evacuation Pause) (young) 5459M->2592M(6144M), 0.0382301 secs]
2018-03-27T15:19:26.651+0200: 12819.925: [GC pause (G1 Evacuation Pause) (young) 5460M->2595M(6144M), 0.0371871 secs]
2018-03-27T15:19:29.294+0200: 12822.568: [GC pause (G1 Evacuation Pause) (young) 5461M->2598M(6144M), 0.0392088 secs]
2018-03-27T15:19:31.419+0200: 12824.692: [GC pause (G1 Evacuation Pause) (young) 5462M->2599M(6144M), 0.0376231 secs]
2018-03-27T15:19:33.464+0200: 12826.738: [GC pause (G1 Evacuation Pause) (young) 5461M->2601M(6144M), 0.0355957 secs]
2018-03-27T15:19:35.502+0200: 12828.775: [GC pause (G1 Evacuation Pause) (young) 5461M->2605M(6144M), 0.0677424 secs]
2018-03-27T15:19:37.737+0200: 12831.011: [GC pause (G1 Evacuation Pause) (young) 5459M->2607M(6144M), 0.0558747 secs]
2018-03-27T15:19:39.393+0200: 12832.666: [GC pause (G1 Evacuation Pause) (young) 5461M->2613M(6144M), 0.0438577 secs]
2018-03-27T15:19:41.402+0200: 12834.675: [GC pause (G1 Evacuation Pause) (young) 5457M->2609M(6144M), 0.0467092 secs]
2018-03-27T15:19:43.589+0200: 12836.863: [GC pause (GCLocker Initiated GC) (young) 5475M->2616M(6144M), 0.0491863 secs]
2018-03-27T15:19:45.839+0200: 12839.112: [GC pause (G1 Evacuation Pause) (young) 5460M->2617M(6144M), 0.0415368 secs]
2018-03-27T15:19:47.478+0200: 12840.751: [GC pause (G1 Evacuation Pause) (young) 5459M->2615M(6144M), 0.0374655 secs]
2018-03-27T15:19:49.533+0200: 12842.807: [GC pause (G1 Evacuation Pause) (young) 5464M->2624M(6144M), 0.0432099 secs]
2018-03-27T15:19:51.770+0200: 12845.043: [GC pause (G1 Evacuation Pause) (young) 5460M->2625M(6144M), 0.0383075 secs]
2018-03-27T15:19:53.551+0200: 12846.825: [GC pause (GCLocker Initiated GC) (young) 5464M->2627M(6144M), 0.0405467 secs]
2018-03-27T15:19:55.119+0200: 12848.392: [GC pause (G1 Evacuation Pause) (young) 5459M->2630M(6144M), 0.0407234 secs]
2018-03-27T15:19:57.054+0200: 12850.328: [GC pause (G1 Evacuation Pause) (young) 5456M->2631M(6144M), 0.0381743 secs]
2018-03-27T15:19:58.819+0200: 12852.093: [GC pause (G1 Evacuation Pause) (young) 5461M->2635M(6144M), 0.0385909 secs]
2018-03-27T15:20:01.102+0200: 12854.375: [GC pause (G1 Evacuation Pause) (young) 5459M->2635M(6144M), 0.0417648 secs]
2018-03-27T15:20:03.204+0200: 12856.478: [GC pause (G1 Evacuation Pause) (young) 5459M->2639M(6144M), 0.0606452 secs]
2018-03-27T15:20:05.450+0200: 12858.724: [GC pause (G1 Evacuation Pause) (young) 5459M->2643M(6144M), 0.0491152 secs]
2018-03-27T15:20:07.474+0200: 12860.747: [GC pause (G1 Evacuation Pause) (young) 5455M->2645M(6144M), 0.0628461 secs]
2018-03-27T15:20:09.674+0200: 12862.947: [GC pause (GCLocker Initiated GC) (young) 5463M->2649M(6144M), 0.0458690 secs]
2018-03-27T15:20:11.890+0200: 12865.164: [GC pause (G1 Evacuation Pause) (young) 5453M->2651M(6144M), 0.0412492 secs]
2018-03-27T15:20:14.061+0200: 12867.335: [GC pause (GCLocker Initiated GC) (young) 5455M->2655M(6144M), 0.0500668 secs]
2018-03-27T15:20:15.964+0200: 12869.238: [GC pause (GCLocker Initiated GC) (young) 5490M->2655M(6144M), 0.0431833 secs]
2018-03-27T15:20:18.019+0200: 12871.293: [GC pause (G1 Evacuation Pause) (young) 5457M->2658M(6144M), 0.0381308 secs]
2018-03-27T15:20:20.218+0200: 12873.491: [GC pause (G1 Evacuation Pause) (young) 5452M->2658M(6144M), 0.0390044 secs]
2018-03-27T15:20:22.409+0200: 12875.683: [GC pause (G1 Evacuation Pause) (young) 5458M->2661M(6144M), 0.0382102 secs]
2018-03-27T15:20:24.653+0200: 12877.927: [GC pause (G1 Evacuation Pause) (young) 5459M->2667M(6144M), 0.0569687 secs]
2018-03-27T15:20:26.356+0200: 12879.630: [GC pause (G1 Evacuation Pause) (young) 5453M->2668M(6144M), 0.0575081 secs]
2018-03-27T15:20:28.150+0200: 12881.424: [GC pause (G1 Evacuation Pause) (young) 5456M->2671M(6144M), 0.0699302 secs]
2018-03-27T15:20:30.542+0200: 12883.816: [GC pause (GCLocker Initiated GC) (young) 5457M->2673M(6144M), 0.0627473 secs]
2018-03-27T15:20:32.988+0200: 12886.262: [GC pause (G1 Evacuation Pause) (young) 5455M->2674M(6144M), 0.0383188 secs]
2018-03-27T15:20:35.053+0200: 12888.327: [GC pause (G1 Evacuation Pause) (young) 5454M->2674M(6144M), 0.0398341 secs]
2018-03-27T15:20:37.201+0200: 12890.475: [GC pause (G1 Evacuation Pause) (young) 5460M->2678M(6144M), 0.0407224 secs]
2018-03-27T15:20:39.157+0200: 12892.431: [GC pause (GCLocker Initiated GC) (young) 5460M->2683M(6144M), 0.0428027 secs]
2018-03-27T15:20:40.754+0200: 12894.028: [GC pause (G1 Evacuation Pause) (young) 5455M->2682M(6144M), 0.0426449 secs]
2018-03-27T15:20:42.129+0200: 12895.403: [GC pause (G1 Evacuation Pause) (young) 5460M->2685M(6144M), 0.0417822 secs]
2018-03-27T15:20:44.134+0200: 12897.408: [GC pause (G1 Evacuation Pause) (young) 5459M->2689M(6144M), 0.0412139 secs]
2018-03-27T15:20:46.134+0200: 12899.408: [GC pause (G1 Evacuation Pause) (young) 5457M->2696M(6144M), 0.0545819 secs]
2018-03-27T15:20:48.126+0200: 12901.400: [GC pause (G1 Evacuation Pause) (young) 5454M->2700M(6144M), 0.0414828 secs]
2018-03-27T15:20:50.306+0200: 12903.579: [GC pause (G1 Evacuation Pause) (young) 5452M->2701M(6144M), 0.0422079 secs]
2018-03-27T15:20:52.258+0200: 12905.532: [GC pause (GCLocker Initiated GC) (young) 5456M->2705M(6144M), 0.0403491 secs]
2018-03-27T15:20:54.077+0200: 12907.350: [GC pause (GCLocker Initiated GC) (young) 5455M->2706M(6144M), 0.0406228 secs]
2018-03-27T15:20:55.871+0200: 12909.145: [GC pause (G1 Evacuation Pause) (young) 5452M->2709M(6144M), 0.0412642 secs]
2018-03-27T15:20:57.593+0200: 12910.867: [GC pause (GCLocker Initiated GC) (young) 5461M->2714M(6144M), 0.0495989 secs]
2018-03-27T15:20:59.519+0200: 12912.793: [GC pause (GCLocker Initiated GC) (young) 5450M->2713M(6144M), 0.0413662 secs]
2018-03-27T15:21:01.313+0200: 12914.587: [GC pause (GCLocker Initiated GC) (young) 5470M->2715M(6144M), 0.0385312 secs]
2018-03-27T15:21:03.198+0200: 12916.472: [GC pause (GCLocker Initiated GC) (young) 5461M->2716M(6144M), 0.0384575 secs]
2018-03-27T15:21:05.141+0200: 12918.415: [GC pause (G1 Evacuation Pause) (young) 5456M->2716M(6144M), 0.0428201 secs]
2018-03-27T15:21:06.992+0200: 12920.266: [GC pause (G1 Evacuation Pause) (young) 5456M->2719M(6144M), 0.0405428 secs]
2018-03-27T15:21:08.649+0200: 12921.923: [GC pause (G1 Evacuation Pause) (young) 5455M->2720M(6144M), 0.0379949 secs]
2018-03-27T15:21:10.304+0200: 12923.578: [GC pause (G1 Evacuation Pause) (young) 5458M->2724M(6144M), 0.0490877 secs]
2018-03-27T15:21:12.204+0200: 12925.478: [GC pause (G1 Evacuation Pause) (young) 5458M->2730M(6144M), 0.0369029 secs]
2018-03-27T15:21:14.215+0200: 12927.488: [GC pause (G1 Evacuation Pause) (young) 5454M->2730M(6144M), 0.0461773 secs]
2018-03-27T15:21:15.955+0200: 12929.229: [GC pause (G1 Evacuation Pause) (young) 5462M->2735M(6144M), 0.0359101 secs]
2018-03-27T15:21:17.728+0200: 12931.002: [GC pause (G1 Evacuation Pause) (young) 5463M->2734M(6144M), 0.0477757 secs]
2018-03-27T15:21:19.456+0200: 12932.730: [GC pause (G1 Evacuation Pause) (young) 5462M->2738M(6144M), 0.0400553 secs]
2018-03-27T15:21:21.367+0200: 12934.641: [GC pause (G1 Evacuation Pause) (young) 5472M->2746M(6144M), 0.0418926 secs]
2018-03-27T15:21:23.500+0200: 12936.773: [GC pause (G1 Evacuation Pause) (young) 5458M->2745M(6144M), 0.0375564 secs]
2018-03-27T15:21:25.658+0200: 12938.932: [GC pause (G1 Evacuation Pause) (young) 5461M->2749M(6144M), 0.0524195 secs]
2018-03-27T15:21:27.914+0200: 12941.188: [GC pause (G1 Evacuation Pause) (young) 5462M->2752M(6144M), 0.0367512 secs]
2018-03-27T15:21:29.587+0200: 12942.861: [GC pause (G1 Evacuation Pause) (young) 5502M->2765M(6144M), 0.0550692 secs]
2018-03-27T15:21:31.623+0200: 12944.897: [GC pause (G1 Evacuation Pause) (young) 5457M->2764M(6144M), 0.0379644 secs]
2018-03-27T15:21:33.352+0200: 12946.626: [GC pause (G1 Evacuation Pause) (young) 5462M->2772M(6144M), 0.0419023 secs]
2018-03-27T15:21:35.180+0200: 12948.453: [GC pause (G1 Evacuation Pause) (young) 5478M->2775M(6144M), 0.0484642 secs]
2018-03-27T15:21:37.405+0200: 12950.679: [GC pause (G1 Evacuation Pause) (young) 5457M->2772M(6144M), 0.0468793 secs]
2018-03-27T15:21:39.418+0200: 12952.691: [GC pause (GCLocker Initiated GC) (young) 5488M->2774M(6144M), 0.0399366 secs]
2018-03-27T15:21:41.431+0200: 12954.705: [GC pause (G1 Evacuation Pause) (young) 5462M->2778M(6144M), 0.0694857 secs]
2018-03-27T15:21:43.950+0200: 12957.224: [GC pause (G1 Evacuation Pause) (young) 5458M->2783M(6144M), 0.0468137 secs]
2018-03-27T15:21:45.808+0200: 12959.082: [GC pause (G1 Evacuation Pause) (young) 5479M->2784M(6144M), 0.0512233 secs]
2018-03-27T15:21:48.392+0200: 12961.666: [GC pause (G1 Evacuation Pause) (young) 5460M->2787M(6144M), 0.0436667 secs]
2018-03-27T15:21:50.050+0200: 12963.324: [GC pause (G1 Evacuation Pause) (young) 5457M->2789M(6144M), 0.0392230 secs]
2018-03-27T15:21:51.971+0200: 12965.245: [GC pause (G1 Evacuation Pause) (young) 5459M->2790M(6144M), 0.0394000 secs]
2018-03-27T15:21:53.887+0200: 12967.160: [GC pause (G1 Evacuation Pause) (young) 5458M->2795M(6144M), 0.0554731 secs]
2018-03-27T15:21:55.424+0200: 12968.698: [GC pause (G1 Evacuation Pause) (young) 5457M->2796M(6144M), 0.0398204 secs]
2018-03-27T15:21:57.020+0200: 12970.293: [GC pause (G1 Evacuation Pause) (young) 5456M->2797M(6144M), 0.0364705 secs]
2018-03-27T15:21:58.929+0200: 12972.203: [GC pause (G1 Evacuation Pause) (young) 5459M->2801M(6144M), 0.0369870 secs]
2018-03-27T15:21:59.124+0200: 12972.398: [GC pause (G1 Humongous Allocation) (young) (initial-mark) 3231M->2807M(6144M), 0.0474468 secs]
2018-03-27T15:21:59.172+0200: 12972.446: [GC concurrent-root-region-scan-start]
2018-03-27T15:21:59.298+0200: 12972.572: [GC concurrent-root-region-scan-end, 0.1263165 secs]
2018-03-27T15:21:59.298+0200: 12972.572: [GC concurrent-mark-start]
2018-03-27T15:21:59.382+0200: 12972.656: [GC pause (G1 Evacuation Pause) (young) 3255M->2803M(6144M), 0.0456381 secs]
2018-03-27T15:21:59.568+0200: 12972.841: [GC pause (G1 Evacuation Pause) (young) 3089M->2806M(6144M), 0.0358210 secs]
2018-03-27T15:22:01.293+0200: 12974.567: [GC pause (G1 Evacuation Pause) (young) 5028M->2809M(6144M), 0.0285091 secs]
2018-03-27T15:22:02.556+0200: 12975.829: [GC concurrent-mark-end, 3.2575095 secs]
2018-03-27T15:22:02.563+0200: 12975.836: [GC remark, 0.3332599 secs]
2018-03-27T15:22:02.908+0200: 12976.182: [GC cleanup 4227M->4227M(6144M), 0.0405079 secs]
2018-03-27T15:22:03.723+0200: 12976.997: [GC pause (G1 Evacuation Pause) (young) 5485M->2812M(6144M), 0.0921182 secs]
2018-03-27T15:22:03.914+0200: 12977.188: [GC pause (G1 Evacuation Pause) (mixed) 3103M->2448M(6144M), 0.1608344 secs]
2018-03-27T15:22:04.242+0200: 12977.516: [GC pause (G1 Evacuation Pause) (mixed) 2728M->2420M(6144M), 0.1319269 secs]
2018-03-27T15:22:04.480+0200: 12977.754: [GC pause (G1 Evacuation Pause) (young) 2700M->2419M(6144M), 0.0486766 secs]
2018-03-27T15:22:04.645+0200: 12977.918: [GC pause (G1 Evacuation Pause) (young) 2699M->2419M(6144M), 0.0249208 secs]
2018-03-27T15:22:04.819+0200: 12978.093: [GC pause (G1 Evacuation Pause) (young) 2699M->2419M(6144M), 0.0371600 secs]
2018-03-27T15:22:05.027+0200: 12978.300: [GC pause (GCLocker Initiated GC) (young) 2715M->2422M(6144M), 0.0284488 secs]
2018-03-27T15:22:05.223+0200: 12978.496: [GC pause (GCLocker Initiated GC) (young) 2701M->2422M(6144M), 0.0264120 secs]
2018-03-27T15:22:05.411+0200: 12978.685: [GC pause (G1 Evacuation Pause) (young) 2700M->2422M(6144M), 0.0270255 secs]
2018-03-27T15:22:05.577+0200: 12978.850: [GC pause (G1 Evacuation Pause) (young) 2700M->2420M(6144M), 0.0258308 secs]
2018-03-27T15:22:05.751+0200: 12979.025: [GC pause (G1 Evacuation Pause) (young) 2700M->2425M(6144M), 0.0223196 secs]
2018-03-27T15:22:05.932+0200: 12979.206: [GC pause (GCLocker Initiated GC) (young) 2717M->2424M(6144M), 0.0365403 secs]
2018-03-27T15:22:06.136+0200: 12979.410: [GC pause (G1 Evacuation Pause) (young) 2706M->2425M(6144M), 0.0242545 secs]
2018-03-27T15:22:06.290+0200: 12979.564: [GC pause (G1 Evacuation Pause) (young) 2705M->2424M(6144M), 0.0218636 secs]
2018-03-27T15:22:06.448+0200: 12979.722: [GC pause (G1 Evacuation Pause) (young) 2706M->2424M(6144M), 0.0263969 secs]
2018-03-27T15:22:08.116+0200: 12981.390: [GC pause (G1 Evacuation Pause) (young) 4670M->2429M(6144M), 0.0396433 secs]
2018-03-27T15:22:10.815+0200: 12984.088: [GC pause (G1 Evacuation Pause) (young) 5463M->2436M(6144M), 0.0440768 secs]
2018-03-27T15:22:13.073+0200: 12986.346: [GC pause (GCLocker Initiated GC) (young) 5476M->2440M(6144M), 0.0420400 secs]
2018-03-27T15:22:15.151+0200: 12988.425: [GC pause (G1 Evacuation Pause) (young) 5482M->2445M(6144M), 0.0308725 secs]
2018-03-27T15:22:17.043+0200: 12990.316: [GC pause (G1 Evacuation Pause) (young) 5485M->2449M(6144M), 0.0499655 secs]
2018-03-27T15:22:19.654+0200: 12992.927: [GC pause (G1 Evacuation Pause) (young) 5481M->2457M(6144M), 0.0477515 secs]
2018-03-27T15:22:21.802+0200: 12995.076: [GC pause (G1 Evacuation Pause) (young) 5473M->2459M(6144M), 0.0356497 secs]
2018-03-27T15:22:24.194+0200: 12997.468: [GC pause (G1 Evacuation Pause) (young) 5473M->2461M(6144M), 0.0477844 secs]
2018-03-27T15:22:26.199+0200: 12999.473: [GC pause (G1 Evacuation Pause) (young) 5471M->2467M(6144M), 0.0403600 secs]
2018-03-27T15:22:28.375+0200: 13001.648: [GC pause (G1 Evacuation Pause) (young) 5465M->2467M(6144M), 0.0374298 secs]
2018-03-27T15:22:30.279+0200: 13003.553: [GC pause (GCLocker Initiated GC) (young) 5481M->2471M(6144M), 0.0400377 secs]
2018-03-27T15:22:32.212+0200: 13005.486: [GC pause (GCLocker Initiated GC) (young) 5511M->2471M(6144M), 0.0526749 secs]
2018-03-27T15:22:34.171+0200: 13007.445: [GC pause (GCLocker Initiated GC) (young) 5464M->2474M(6144M), 0.0476465 secs]
2018-03-27T15:22:36.337+0200: 13009.610: [GC pause (GCLocker Initiated GC) (young) 5480M->2474M(6144M), 0.0471689 secs]
2018-03-27T15:22:38.793+0200: 13012.067: [GC pause (G1 Evacuation Pause) (young) 5458M->2476M(6144M), 0.0454250 secs]
2018-03-27T15:22:40.908+0200: 13014.182: [GC pause (G1 Evacuation Pause) (young) 5456M->2480M(6144M), 0.0417969 secs]
2018-03-27T15:22:43.295+0200: 13016.569: [GC pause (G1 Evacuation Pause) (young) 5454M->2482M(6144M), 0.0523719 secs]
2018-03-27T15:22:45.122+0200: 13018.396: [GC pause (G1 Evacuation Pause) (young) 5454M->2486M(6144M), 0.0424012 secs]
2018-03-27T15:22:47.491+0200: 13020.765: [GC pause (GCLocker Initiated GC) (young) 5486M->2485M(6144M), 0.0572151 secs]
2018-03-27T15:22:49.502+0200: 13022.776: [GC pause (G1 Evacuation Pause) (young) 5457M->2491M(6144M), 0.0457982 secs]
2018-03-27T15:22:51.801+0200: 13025.074: [GC pause (G1 Evacuation Pause) (young) 5453M->2493M(6144M), 0.0470905 secs]
2018-03-27T15:22:53.870+0200: 13027.144: [GC pause (G1 Evacuation Pause) (young) 5453M->2496M(6144M), 0.0502367 secs]
2018-03-27T15:22:56.031+0200: 13029.304: [GC pause (G1 Evacuation Pause) (young) 5452M->2499M(6144M), 0.0446265 secs]
2018-03-27T15:22:58.245+0200: 13031.519: [GC pause (G1 Evacuation Pause) (young) 5453M->2501M(6144M), 0.0429524 secs]
2018-03-27T15:23:00.614+0200: 13033.888: [GC pause (G1 Evacuation Pause) (young) 5453M->2505M(6144M), 0.0411707 secs]
2018-03-27T15:23:03.135+0200: 13036.409: [GC pause (G1 Evacuation Pause) (young) 5451M->2511M(6144M), 0.0389399 secs]
2018-03-27T15:23:05.458+0200: 13038.731: [GC pause (G1 Evacuation Pause) (young) 5449M->2510M(6144M), 0.0390039 secs]
2018-03-27T15:23:07.614+0200: 13040.888: [GC pause (G1 Evacuation Pause) (young) 5450M->2513M(6144M), 0.0590278 secs]
2018-03-27T15:23:09.799+0200: 13043.073: [GC pause (GCLocker Initiated GC) (young) 5457M->2515M(6144M), 0.0408056 secs]
2018-03-27T15:23:12.406+0200: 13045.680: [GC pause (G1 Evacuation Pause) (young) 5451M->2515M(6144M), 0.0417282 secs]
2018-03-27T15:23:14.892+0200: 13048.166: [GC pause (G1 Evacuation Pause) (young) 5455M->2519M(6144M), 0.0680602 secs]
2018-03-27T15:23:17.070+0200: 13050.344: [GC pause (G1 Evacuation Pause) (young) 5453M->2521M(6144M), 0.0483933 secs]
2018-03-27T15:23:19.472+0200: 13052.746: [GC pause (G1 Evacuation Pause) (young) 5455M->2524M(6144M), 0.0407207 secs]
2018-03-27T15:23:21.623+0200: 13054.897: [GC pause (G1 Evacuation Pause) (young) 5456M->2525M(6144M), 0.0397510 secs]
2018-03-27T15:23:24.274+0200: 13057.548: [GC pause (G1 Evacuation Pause) (young) 5457M->2529M(6144M), 0.0422160 secs]
2018-03-27T15:23:26.986+0200: 13060.260: [GC pause (GCLocker Initiated GC) (young) 5461M->2529M(6144M), 0.0402467 secs]
2018-03-27T15:23:28.914+0200: 13062.188: [GC pause (GCLocker Initiated GC) (young) 5456M->2530M(6144M), 0.0388478 secs]
2018-03-27T15:23:31.381+0200: 13064.655: [GC pause (G1 Evacuation Pause) (young) 5458M->2536M(6144M), 0.0453451 secs]
2018-03-27T15:23:33.633+0200: 13066.907: [GC pause (G1 Evacuation Pause) (young) 5456M->2536M(6144M), 0.0428630 secs]
2018-03-27T15:23:35.766+0200: 13069.039: [GC pause (G1 Evacuation Pause) (young) 5462M->2540M(6144M), 0.0426724 secs]
2018-03-27T15:23:38.245+0200: 13071.519: [GC pause (GCLocker Initiated GC) (young) 5468M->2540M(6144M), 0.0518881 secs]
2018-03-27T15:23:40.436+0200: 13073.710: [GC pause (G1 Evacuation Pause) (young) 5462M->2544M(6144M), 0.0373496 secs]
2018-03-27T15:23:42.510+0200: 13075.784: [GC pause (G1 Evacuation Pause) (young) 5458M->2542M(6144M), 0.0485219 secs]
2018-03-27T15:23:44.547+0200: 13077.821: [GC pause (G1 Evacuation Pause) (young) 5462M->2549M(6144M), 0.0657710 secs]
2018-03-27T15:23:46.359+0200: 13079.633: [GC pause (G1 Evacuation Pause) (young) 5459M->2550M(6144M), 0.0496221 secs]
2018-03-27T15:23:49.035+0200: 13082.309: [GC pause (G1 Evacuation Pause) (young) 5462M->2552M(6144M), 0.0575380 secs]
2018-03-27T15:23:51.257+0200: 13084.531: [GC pause (G1 Evacuation Pause) (young) 5462M->2556M(6144M), 0.0510397 secs]
2018-03-27T15:23:53.044+0200: 13086.318: [GC pause (G1 Evacuation Pause) (young) 5460M->2555M(6144M), 0.0414983 secs]
2018-03-27T15:23:55.491+0200: 13088.764: [GC pause (G1 Evacuation Pause) (young) 5461M->2560M(6144M), 0.0433031 secs]
2018-03-27T15:23:57.393+0200: 13090.667: [GC pause (G1 Evacuation Pause) (young) 5460M->2563M(6144M), 0.0410302 secs]
2018-03-27T15:24:00.228+0200: 13093.501: [GC pause (G1 Evacuation Pause) (young) 5457M->2564M(6144M), 0.0426104 secs]
2018-03-27T15:24:02.310+0200: 13095.583: [GC pause (G1 Evacuation Pause) (young) 5458M->2567M(6144M), 0.0423120 secs]
2018-03-27T15:24:04.148+0200: 13097.422: [GC pause (G1 Evacuation Pause) (young) 5459M->2569M(6144M), 0.0520552 secs]
2018-03-27T15:24:06.027+0200: 13099.301: [GC pause (G1 Evacuation Pause) (young) 5459M->2571M(6144M), 0.0583094 secs]
2018-03-27T15:24:08.386+0200: 13101.659: [GC pause (G1 Evacuation Pause) (young) 5462M->2580M(6144M), 0.0563186 secs]
2018-03-27T15:24:10.004+0200: 13103.278: [GC pause (G1 Evacuation Pause) (young) 5113M->2637M(6144M), 0.0663771 secs]
2018-03-27T15:24:10.212+0200: 13103.486: [GC pause (G1 Evacuation Pause) (young) 2913M->2646M(6144M), 0.0473029 secs]
2018-03-27T15:24:12.499+0200: 13105.772: [GC pause (GCLocker Initiated GC) (young) 5572M->2608M(6144M), 0.0731958 secs]
2018-03-27T15:24:14.659+0200: 13107.932: [GC pause (G1 Evacuation Pause) (young) 5486M->2615M(6144M), 0.0273570 secs]
2018-03-27T15:24:15.421+0200: 13108.694: [GC pause (GCLocker Initiated GC) (young) 3960M->2627M(6144M), 0.0408013 secs]
2018-03-27T15:24:17.742+0200: 13111.016: [GC pause (G1 Evacuation Pause) (young) 5497M->2630M(6144M), 0.0348584 secs]
2018-03-27T15:24:19.963+0200: 13113.237: [GC pause (G1 Evacuation Pause) (young) 5484M->2638M(6144M), 0.0306817 secs]
2018-03-27T15:24:22.265+0200: 13115.538: [GC pause (G1 Evacuation Pause) (young) 5480M->2638M(6144M), 0.0309099 secs]
2018-03-27T15:24:24.640+0200: 13117.914: [GC pause (G1 Evacuation Pause) (young) 5480M->2644M(6144M), 0.0335108 secs]
2018-03-27T15:24:26.730+0200: 13120.004: [GC pause (G1 Evacuation Pause) (young) 5474M->2647M(6144M), 0.0322253 secs]
2018-03-27T15:24:28.757+0200: 13122.031: [GC pause (G1 Evacuation Pause) (young) 5473M->2650M(6144M), 0.0360917 secs]
2018-03-27T15:24:30.685+0200: 13123.958: [GC pause (G1 Evacuation Pause) (young) 5468M->2654M(6144M), 0.0377688 secs]
2018-03-27T15:24:32.769+0200: 13126.042: [GC pause (G1 Evacuation Pause) (young) 5464M->2656M(6144M), 0.0475606 secs]
2018-03-27T15:24:34.970+0200: 13128.244: [GC pause (G1 Evacuation Pause) (young) 5462M->2658M(6144M), 0.0384251 secs]
2018-03-27T15:24:37.025+0200: 13130.299: [GC pause (G1 Evacuation Pause) (young) 5460M->2661M(6144M), 0.0351450 secs]
2018-03-27T15:24:39.113+0200: 13132.387: [GC pause (G1 Evacuation Pause) (young) 5459M->2663M(6144M), 0.0506900 secs]
2018-03-27T15:24:40.891+0200: 13134.165: [GC pause (G1 Evacuation Pause) (young) 5457M->2666M(6144M), 0.0351851 secs]
2018-03-27T15:24:42.697+0200: 13135.971: [GC pause (G1 Evacuation Pause) (young) 5452M->2668M(6144M), 0.0386217 secs]
2018-03-27T15:24:45.440+0200: 13138.714: [GC pause (G1 Evacuation Pause) (young) 5452M->2672M(6144M), 0.0530947 secs]
2018-03-27T15:24:47.331+0200: 13140.605: [GC pause (GCLocker Initiated GC) (young) 5453M->2672M(6144M), 0.0418168 secs]
2018-03-27T15:24:49.811+0200: 13143.085: [GC pause (G1 Evacuation Pause) (young) 5452M->2675M(6144M), 0.0490055 secs]
2018-03-27T15:24:51.714+0200: 13144.988: [GC pause (G1 Evacuation Pause) (young) 5450M->2676M(6144M), 0.0504351 secs]
2018-03-27T15:24:53.758+0200: 13147.032: [GC pause (GCLocker Initiated GC) (young) 5455M->2680M(6144M), 0.0640611 secs]
2018-03-27T15:24:55.497+0200: 13148.770: [GC pause (GCLocker Initiated GC) (young) 5453M->2683M(6144M), 0.0585111 secs]
2018-03-27T15:24:57.021+0200: 13150.295: [GC pause (G1 Evacuation Pause) (young) 5451M->2685M(6144M), 0.0528006 secs]
2018-03-27T15:24:59.078+0200: 13152.352: [GC pause (GCLocker Initiated GC) (young) 5487M->2687M(6144M), 0.0550637 secs]
2018-03-27T15:25:01.526+0200: 13154.800: [GC pause (G1 Evacuation Pause) (young) 5449M->2687M(6144M), 0.0600040 secs]
2018-03-27T15:25:03.346+0200: 13156.620: [GC pause (G1 Evacuation Pause) (young) 5455M->2691M(6144M), 0.0518670 secs]
2018-03-27T15:25:05.489+0200: 13158.762: [GC pause (GCLocker Initiated GC) (young) 5454M->2691M(6144M), 0.0441894 secs]
2018-03-27T15:25:07.978+0200: 13161.251: [GC pause (G1 Evacuation Pause) (young) 5455M->2693M(6144M), 0.0406560 secs]
2018-03-27T15:25:10.155+0200: 13163.429: [GC pause (G1 Evacuation Pause) (young) 5453M->2696M(6144M), 0.0447087 secs]
2018-03-27T15:25:12.306+0200: 13165.580: [GC pause (G1 Evacuation Pause) (young) 5456M->2699M(6144M), 0.0413079 secs]
2018-03-27T15:25:14.529+0200: 13167.802: [GC pause (G1 Evacuation Pause) (young) 5460M->2707M(6144M), 0.0460156 secs]
2018-03-27T15:25:16.902+0200: 13170.176: [GC pause (G1 Evacuation Pause) (young) 5454M->2705M(6144M), 0.0384329 secs]
2018-03-27T15:25:19.229+0200: 13172.502: [GC pause (G1 Evacuation Pause) (young) 5453M->2704M(6144M), 0.0399641 secs]
2018-03-27T15:25:22.038+0200: 13175.311: [GC pause (G1 Evacuation Pause) (young) 5458M->2710M(6144M), 0.0365627 secs]
2018-03-27T15:25:24.156+0200: 13177.430: [GC pause (G1 Evacuation Pause) (young) 5454M->2714M(6144M), 0.0371101 secs]
2018-03-27T15:25:26.473+0200: 13179.747: [GC pause (G1 Evacuation Pause) (young) 5460M->2717M(6144M), 0.0507844 secs]
2018-03-27T15:25:28.317+0200: 13181.591: [GC pause (G1 Evacuation Pause) (young) 5453M->2718M(6144M), 0.0621373 secs]
2018-03-27T15:25:30.706+0200: 13183.979: [GC pause (G1 Evacuation Pause) (young) 5458M->2717M(6144M), 0.0385408 secs]
2018-03-27T15:25:32.574+0200: 13185.848: [GC pause (G1 Evacuation Pause) (young) 5457M->2721M(6144M), 0.0616267 secs]
2018-03-27T15:25:34.604+0200: 13187.877: [GC pause (GCLocker Initiated GC) (young) 5459M->2724M(6144M), 0.0390619 secs]
2018-03-27T15:25:36.777+0200: 13190.051: [GC pause (G1 Evacuation Pause) (young) 5456M->2725M(6144M), 0.0425358 secs]
2018-03-27T15:25:38.535+0200: 13191.809: [GC pause (G1 Evacuation Pause) (young) 5457M->2729M(6144M), 0.0370446 secs]
2018-03-27T15:25:40.570+0200: 13193.843: [GC pause (G1 Evacuation Pause) (young) 5455M->2732M(6144M), 0.0459331 secs]
2018-03-27T15:25:42.698+0200: 13195.971: [GC pause (G1 Evacuation Pause) (young) 5458M->2734M(6144M), 0.0345367 secs]
2018-03-27T15:25:44.787+0200: 13198.061: [GC pause (G1 Evacuation Pause) (young) 5456M->2735M(6144M), 0.0396623 secs]
2018-03-27T15:25:46.763+0200: 13200.037: [GC pause (G1 Evacuation Pause) (young) 5455M->2737M(6144M), 0.0376126 secs]
2018-03-27T15:25:48.556+0200: 13201.829: [GC pause (G1 Evacuation Pause) (young) 5460M->2742M(6144M), 0.0372253 secs]
2018-03-27T15:25:50.641+0200: 13203.914: [GC pause (GCLocker Initiated GC) (young) 5472M->2742M(6144M), 0.0481059 secs]
2018-03-27T15:25:53.179+0200: 13206.452: [GC pause (G1 Evacuation Pause) (young) 5458M->2743M(6144M), 0.0388443 secs]
2018-03-27T15:25:55.171+0200: 13208.445: [GC pause (G1 Evacuation Pause) (young) 5461M->2747M(6144M), 0.0380153 secs]
2018-03-27T15:25:56.947+0200: 13210.221: [GC pause (G1 Evacuation Pause) (young) 5459M->2747M(6144M), 0.0374541 secs]
2018-03-27T15:25:58.859+0200: 13212.132: [GC pause (GCLocker Initiated GC) (young) 5469M->2750M(6144M), 0.0387524 secs]
2018-03-27T15:26:00.592+0200: 13213.865: [GC pause (G1 Evacuation Pause) (young) 5458M->2754M(6144M), 0.0388598 secs]
2018-03-27T15:26:02.959+0200: 13216.233: [GC pause (G1 Evacuation Pause) (young) 5456M->2757M(6144M), 0.0377947 secs]
2018-03-27T15:26:04.675+0200: 13217.948: [GC pause (G1 Evacuation Pause) (young) 5457M->2761M(6144M), 0.0414572 secs]
2018-03-27T15:26:06.143+0200: 13219.417: [GC pause (GCLocker Initiated GC) (young) 5463M->2762M(6144M), 0.0925181 secs]
2018-03-27T15:26:08.367+0200: 13221.641: [GC pause (G1 Evacuation Pause) (young) 5454M->2764M(6144M), 0.0927593 secs]
2018-03-27T15:26:10.759+0200: 13224.033: [GC pause (G1 Evacuation Pause) (young) 5454M->2764M(6144M), 0.0480144 secs]
2018-03-27T15:26:12.621+0200: 13225.895: [GC pause (G1 Evacuation Pause) (young) 5458M->2770M(6144M), 0.0456407 secs]
2018-03-27T15:26:14.497+0200: 13227.771: [GC pause (G1 Evacuation Pause) (young) 5454M->2772M(6144M), 0.0456999 secs]
2018-03-27T15:26:16.126+0200: 13229.400: [GC pause (GCLocker Initiated GC) (young) 5454M->2775M(6144M), 0.0441530 secs]
2018-03-27T15:26:17.827+0200: 13231.100: [GC pause (GCLocker Initiated GC) (young) 5454M->2774M(6144M), 0.0772262 secs]
2018-03-27T15:26:19.618+0200: 13232.892: [GC pause (G1 Evacuation Pause) (young) 5456M->2777M(6144M), 0.0418692 secs]
2018-03-27T15:26:21.654+0200: 13234.928: [GC pause (G1 Evacuation Pause) (young) 5453M->2783M(6144M), 0.0557925 secs]
2018-03-27T15:26:23.482+0200: 13236.756: [GC pause (G1 Evacuation Pause) (young) 5451M->2782M(6144M), 0.0401716 secs]
2018-03-27T15:26:25.142+0200: 13238.415: [GC pause (GCLocker Initiated GC) (young) 5464M->2787M(6144M), 0.0416414 secs]
2018-03-27T15:26:27.586+0200: 13240.860: [GC pause (GCLocker Initiated GC) (young) 5479M->2792M(6144M), 0.0386855 secs]
2018-03-27T15:26:30.156+0200: 13243.430: [GC pause (G1 Evacuation Pause) (young) 5454M->2791M(6144M), 0.0445780 secs]
2018-03-27T15:26:31.592+0200: 13244.865: [GC pause (G1 Evacuation Pause) (young) 5453M->2792M(6144M), 0.0393907 secs]
2018-03-27T15:26:33.800+0200: 13247.074: [GC pause (GCLocker Initiated GC) (young) 5482M->2798M(6144M), 0.0394547 secs]
2018-03-27T15:26:35.633+0200: 13248.906: [GC pause (G1 Evacuation Pause) (young) 5452M->2798M(6144M), 0.0349405 secs]
2018-03-27T15:26:37.787+0200: 13251.061: [GC pause (G1 Evacuation Pause) (young) 5456M->2799M(6144M), 0.0420715 secs]
2018-03-27T15:26:39.992+0200: 13253.266: [GC pause (GCLocker Initiated GC) (young) 5460M->2803M(6144M), 0.0373850 secs]
2018-03-27T15:26:41.934+0200: 13255.208: [GC pause (G1 Evacuation Pause) (young) 5453M->2803M(6144M), 0.0357896 secs]
2018-03-27T15:26:44.155+0200: 13257.429: [GC pause (G1 Evacuation Pause) (young) 5455M->2804M(6144M), 0.0388117 secs]
2018-03-27T15:26:45.699+0200: 13258.973: [GC pause (G1 Evacuation Pause) (young) 5458M->2805M(6144M), 0.0376736 secs]
2018-03-27T15:26:47.838+0200: 13261.111: [GC pause (G1 Evacuation Pause) (young) 5461M->2808M(6144M), 0.0366660 secs]
2018-03-27T15:26:49.999+0200: 13263.272: [GC pause (G1 Evacuation Pause) (young) 5458M->2811M(6144M), 0.0544460 secs]
2018-03-27T15:26:51.915+0200: 13265.188: [GC pause (G1 Evacuation Pause) (young) 5459M->2811M(6144M), 0.0358514 secs]
2018-03-27T15:26:53.665+0200: 13266.939: [GC pause (G1 Evacuation Pause) (young) 5461M->2815M(6144M), 0.0367466 secs]
2018-03-27T15:26:55.290+0200: 13268.563: [GC pause (G1 Evacuation Pause) (young) 5459M->2817M(6144M), 0.0542839 secs]
2018-03-27T15:26:57.341+0200: 13270.615: [GC pause (G1 Evacuation Pause) (young) 5459M->2821M(6144M), 0.0472232 secs]
2018-03-27T15:26:59.193+0200: 13272.467: [GC pause (GCLocker Initiated GC) (young) 5458M->2824M(6144M), 0.0484242 secs]
2018-03-27T15:27:01.052+0200: 13274.325: [GC pause (G1 Evacuation Pause) (young) (initial-mark) 5454M->2826M(6144M), 0.0588128 secs]
2018-03-27T15:27:01.111+0200: 13274.385: [GC concurrent-root-region-scan-start]
2018-03-27T15:27:01.151+0200: 13274.425: [GC concurrent-root-region-scan-end, 0.0405867 secs]
2018-03-27T15:27:01.151+0200: 13274.425: [GC concurrent-mark-start]
2018-03-27T15:27:02.702+0200: 13275.976: [GC pause (G1 Evacuation Pause) (young) 5458M->2828M(6144M), 0.0415037 secs]
2018-03-27T15:27:04.450+0200: 13277.724: [GC concurrent-mark-end, 3.2987186 secs]
2018-03-27T15:27:04.453+0200: 13277.727: [GC remark, 0.3345201 secs]
2018-03-27T15:27:04.792+0200: 13278.066: [GC cleanup 4828M->4772M(6144M), 0.0224049 secs]
2018-03-27T15:27:04.815+0200: 13278.088: [GC concurrent-cleanup-start]
2018-03-27T15:27:04.815+0200: 13278.089: [GC concurrent-cleanup-end, 0.0002608 secs]
2018-03-27T15:27:05.263+0200: 13278.537: [GC pause (G1 Evacuation Pause) (young) 5399M->2771M(6144M), 0.0577826 secs]
2018-03-27T15:27:05.559+0200: 13278.833: [GC pause (G1 Evacuation Pause) (mixed) 3015M->2401M(6144M), 0.1550244 secs]
2018-03-27T15:27:05.886+0200: 13279.159: [GC pause (G1 Evacuation Pause) (mixed) 2685M->2395M(6144M), 0.0863335 secs]
2018-03-27T15:27:06.101+0200: 13279.375: [GC pause (G1 Evacuation Pause) (young) 2677M->2393M(6144M), 0.0361132 secs]
2018-03-27T15:27:06.284+0200: 13279.558: [GC pause (G1 Evacuation Pause) (young) 2677M->2393M(6144M), 0.0398600 secs]
2018-03-27T15:27:06.505+0200: 13279.779: [GC pause (G1 Evacuation Pause) (young) 2677M->2396M(6144M), 0.0198283 secs]
2018-03-27T15:27:06.717+0200: 13279.990: [GC pause (G1 Evacuation Pause) (young) 2676M->2393M(6144M), 0.0230671 secs]
2018-03-27T15:27:06.897+0200: 13280.171: [GC pause (GCLocker Initiated GC) (young) 2677M->2399M(6144M), 0.0207501 secs]
2018-03-27T15:27:07.076+0200: 13280.350: [GC pause (G1 Evacuation Pause) (young) 2677M->2398M(6144M), 0.0252152 secs]
2018-03-27T15:27:07.248+0200: 13280.522: [GC pause (G1 Evacuation Pause) (young) 2676M->2397M(6144M), 0.0215372 secs]
2018-03-27T15:27:07.482+0200: 13280.756: [GC pause (GCLocker Initiated GC) (young) 2693M->2397M(6144M), 0.0355459 secs]
2018-03-27T15:27:07.653+0200: 13280.927: [GC pause (G1 Evacuation Pause) (young) 2677M->2399M(6144M), 0.0212751 secs]
2018-03-27T15:27:07.824+0200: 13281.098: [GC pause (GCLocker Initiated GC) (young) 2693M->2400M(6144M), 0.0390462 secs]
2018-03-27T15:27:08.006+0200: 13281.280: [GC pause (G1 Evacuation Pause) (young) 2676M->2398M(6144M), 0.0236741 secs]
2018-03-27T15:27:08.214+0200: 13281.488: [GC pause (G1 Evacuation Pause) (young) 2680M->2399M(6144M), 0.0268842 secs]
2018-03-27T15:27:08.417+0200: 13281.691: [GC pause (G1 Evacuation Pause) (young) 2679M->2399M(6144M), 0.0221640 secs]
2018-03-27T15:27:10.196+0200: 13283.470: [GC pause (G1 Evacuation Pause) (young) 5007M->2408M(6144M), 0.0301691 secs]
2018-03-27T15:27:12.806+0200: 13286.079: [GC pause (G1 Evacuation Pause) (young) 5452M->2414M(6144M), 0.0334953 secs]
2018-03-27T15:27:15.374+0200: 13288.647: [GC pause (G1 Evacuation Pause) (young) 5462M->2419M(6144M), 0.0295278 secs]
2018-03-27T15:27:17.466+0200: 13290.740: [GC pause (G1 Evacuation Pause) (young) 5473M->2425M(6144M), 0.0328852 secs]
2018-03-27T15:27:18.986+0200: 13292.260: [GC pause (G1 Evacuation Pause) (young) 5483M->2429M(6144M), 0.0314611 secs]
2018-03-27T15:27:20.772+0200: 13294.046: [GC pause (G1 Evacuation Pause) (young) 5479M->2431M(6144M), 0.0346812 secs]
2018-03-27T15:27:23.722+0200: 13296.996: [GC pause (G1 Evacuation Pause) (young) 5477M->2436M(6144M), 0.0375972 secs]
2018-03-27T15:27:25.922+0200: 13299.196: [GC pause (G1 Evacuation Pause) (young) 5474M->2437M(6144M), 0.0353879 secs]
2018-03-27T15:27:27.977+0200: 13301.251: [GC pause (G1 Evacuation Pause) (young) 5475M->2440M(6144M), 0.0462188 secs]
2018-03-27T15:27:29.959+0200: 13303.232: [GC pause (G1 Evacuation Pause) (young) 5468M->2441M(6144M), 0.0357926 secs]
2018-03-27T15:27:32.310+0200: 13305.584: [GC pause (G1 Evacuation Pause) (young) 5469M->2446M(6144M), 0.0365098 secs]
2018-03-27T15:27:34.300+0200: 13307.573: [GC pause (G1 Evacuation Pause) (young) 5466M->2447M(6144M), 0.0341019 secs]
2018-03-27T15:27:36.319+0200: 13309.592: [GC pause (G1 Evacuation Pause) (young) 5463M->2450M(6144M), 0.0375522 secs]
2018-03-27T15:27:38.913+0200: 13312.187: [GC pause (G1 Evacuation Pause) (young) 5462M->2454M(6144M), 0.0377314 secs]
2018-03-27T15:27:41.017+0200: 13314.290: [GC pause (GCLocker Initiated GC) (young) 5472M->2456M(6144M), 0.0532466 secs]
2018-03-27T15:27:42.924+0200: 13316.198: [GC pause (G1 Evacuation Pause) (young) 5456M->2460M(6144M), 0.0387107 secs]
2018-03-27T15:27:45.063+0200: 13318.336: [GC pause (G1 Evacuation Pause) (young) 5453M->2457M(6144M), 0.0393690 secs]
2018-03-27T15:27:47.051+0200: 13320.324: [GC pause (G1 Evacuation Pause) (young) 5459M->2461M(6144M), 0.0421636 secs]
2018-03-27T15:27:49.942+0200: 13323.216: [GC pause (G1 Evacuation Pause) (young) 5461M->2465M(6144M), 0.0424242 secs]
2018-03-27T15:27:51.782+0200: 13325.056: [GC pause (G1 Evacuation Pause) (young) 5457M->2469M(6144M), 0.0423744 secs]
2018-03-27T15:27:54.114+0200: 13327.388: [GC pause (G1 Evacuation Pause) (young) 5455M->2474M(6144M), 0.0446598 secs]
2018-03-27T15:27:56.218+0200: 13329.492: [GC pause (G1 Evacuation Pause) (young) 5454M->2477M(6144M), 0.0422387 secs]
2018-03-27T15:27:58.176+0200: 13331.450: [GC pause (G1 Evacuation Pause) (young) 5455M->2478M(6144M), 0.0491482 secs]
2018-03-27T15:28:00.277+0200: 13333.551: [GC pause (G1 Evacuation Pause) (young) 5454M->2480M(6144M), 0.0417793 secs]
2018-03-27T15:28:02.210+0200: 13335.483: [GC pause (GCLocker Initiated GC) (young) 5454M->2482M(6144M), 0.0431028 secs]
2018-03-27T15:28:04.428+0200: 13337.702: [GC pause (GCLocker Initiated GC) (young) 5466M->2487M(6144M), 0.0609860 secs]
2018-03-27T15:28:06.788+0200: 13340.062: [GC pause (G1 Evacuation Pause) (young) 5451M->2487M(6144M), 0.0436364 secs]
2018-03-27T15:28:08.771+0200: 13342.044: [GC pause (G1 Evacuation Pause) (young) 5455M->2494M(6144M), 0.0518683 secs]
2018-03-27T15:28:10.810+0200: 13344.083: [GC pause (G1 Evacuation Pause) (young) 5452M->2494M(6144M), 0.0426652 secs]
2018-03-27T15:28:12.953+0200: 13346.227: [GC pause (G1 Evacuation Pause) (young) 5454M->2495M(6144M), 0.0388286 secs]
2018-03-27T15:28:14.722+0200: 13347.995: [GC pause (G1 Evacuation Pause) (young) 5457M->2500M(6144M), 0.0395473 secs]
2018-03-27T15:28:17.255+0200: 13350.529: [GC pause (G1 Evacuation Pause) (young) 5450M->2503M(6144M), 0.0399147 secs]
2018-03-27T15:28:19.198+0200: 13352.472: [GC pause (G1 Evacuation Pause) (young) 5451M->2504M(6144M), 0.0435109 secs]
2018-03-27T15:28:21.060+0200: 13354.334: [GC pause (GCLocker Initiated GC) (young) 5454M->2505M(6144M), 0.0411966 secs]
2018-03-27T15:28:23.411+0200: 13356.684: [GC pause (G1 Evacuation Pause) (young) 5457M->2512M(6144M), 0.0396964 secs]
2018-03-27T15:28:25.490+0200: 13358.764: [GC pause (G1 Evacuation Pause) (young) 5456M->2515M(6144M), 0.0377837 secs]
2018-03-27T15:28:27.939+0200: 13361.213: [GC pause (G1 Evacuation Pause) (young) 5457M->2517M(6144M), 0.0389621 secs]
2018-03-27T15:28:29.828+0200: 13363.101: [GC pause (G1 Evacuation Pause) (young) 5455M->2521M(6144M), 0.0381914 secs]
2018-03-27T15:28:32.201+0200: 13365.475: [GC pause (G1 Evacuation Pause) (young) 5453M->2524M(6144M), 0.0400314 secs]
2018-03-27T15:28:34.271+0200: 13367.545: [GC pause (G1 Evacuation Pause) (young) 5454M->2527M(6144M), 0.0396116 secs]
2018-03-27T15:28:36.597+0200: 13369.871: [GC pause (G1 Evacuation Pause) (young) 5453M->2528M(6144M), 0.0440269 secs]
2018-03-27T15:28:38.856+0200: 13372.130: [GC pause (G1 Evacuation Pause) (young) 5478M->2528M(6144M), 0.0437834 secs]
2018-03-27T15:28:41.014+0200: 13374.287: [GC pause (G1 Evacuation Pause) (young) 5458M->2531M(6144M), 0.0514714 secs]
2018-03-27T15:28:43.062+0200: 13376.336: [GC pause (G1 Evacuation Pause) (young) 5459M->2534M(6144M), 0.0388476 secs]
2018-03-27T15:28:45.254+0200: 13378.528: [GC pause (G1 Evacuation Pause) (young) 5454M->2535M(6144M), 0.0450846 secs]
2018-03-27T15:28:47.251+0200: 13380.525: [GC pause (G1 Evacuation Pause) (young) 5457M->2539M(6144M), 0.0381071 secs]
2018-03-27T15:28:49.272+0200: 13382.546: [GC pause (G1 Evacuation Pause) (young) 5455M->2541M(6144M), 0.0407282 secs]
2018-03-27T15:28:51.446+0200: 13384.720: [GC pause (G1 Evacuation Pause) (young) 5455M->2544M(6144M), 0.0403801 secs]
2018-03-27T15:28:53.861+0200: 13387.135: [GC pause (G1 Evacuation Pause) (young) 5456M->2544M(6144M), 0.0402113 secs]
2018-03-27T15:28:56.594+0200: 13389.868: [GC pause (G1 Evacuation Pause) (young) 5458M->2549M(6144M), 0.0443327 secs]
2018-03-27T15:28:59.224+0200: 13392.498: [GC pause (G1 Evacuation Pause) (young) 5457M->2550M(6144M), 0.0437549 secs]
2018-03-27T15:29:01.065+0200: 13394.339: [GC pause (G1 Evacuation Pause) (young) 5454M->2552M(6144M), 0.0439570 secs]
2018-03-27T15:29:03.069+0200: 13396.343: [GC pause (G1 Evacuation Pause) (young) 5458M->2557M(6144M), 0.0500632 secs]
2018-03-27T15:29:05.973+0200: 13399.247: [GC pause (G1 Evacuation Pause) (young) 5457M->2560M(6144M), 0.0423144 secs]
2018-03-27T15:29:08.261+0200: 13401.535: [GC pause (G1 Evacuation Pause) (young) 5456M->2558M(6144M), 0.0387545 secs]
2018-03-27T15:29:10.143+0200: 13403.417: [GC pause (G1 Evacuation Pause) (young) 5456M->2559M(6144M), 0.0365488 secs]
2018-03-27T15:29:12.686+0200: 13405.960: [GC pause (G1 Evacuation Pause) (young) 5459M->2563M(6144M), 0.0405389 secs]
2018-03-27T15:29:14.658+0200: 13407.931: [GC pause (G1 Evacuation Pause) (young) 5459M->2566M(6144M), 0.0392353 secs]
2018-03-27T15:29:17.164+0200: 13410.438: [GC pause (GCLocker Initiated GC) (young) 5462M->2571M(6144M), 0.0387590 secs]
2018-03-27T15:29:19.877+0200: 13413.151: [GC pause (G1 Evacuation Pause) (young) 5457M->2570M(6144M), 0.0379442 secs]
2018-03-27T15:29:21.979+0200: 13415.252: [GC pause (GCLocker Initiated GC) (young) 5459M->2572M(6144M), 0.0382443 secs]
2018-03-27T15:29:24.497+0200: 13417.770: [GC pause (G1 Evacuation Pause) (young) 5462M->2576M(6144M), 0.0375306 secs]
2018-03-27T15:29:26.639+0200: 13419.913: [GC pause (GCLocker Initiated GC) (young) 5461M->2576M(6144M), 0.0413609 secs]
2018-03-27T15:29:28.865+0200: 13422.139: [GC pause (G1 Evacuation Pause) (young) 5462M->2588M(6144M), 0.0464796 secs]
2018-03-27T15:29:31.363+0200: 13424.637: [GC pause (G1 Evacuation Pause) (young) 5450M->2588M(6144M), 0.0388025 secs]
2018-03-27T15:29:33.722+0200: 13426.996: [GC pause (G1 Evacuation Pause) (young) 5456M->2593M(6144M), 0.0459394 secs]
2018-03-27T15:29:35.707+0200: 13428.980: [GC pause (G1 Evacuation Pause) (young) 5451M->2594M(6144M), 0.0642628 secs]
2018-03-27T15:29:37.957+0200: 13431.231: [GC pause (G1 Evacuation Pause) (young) 5454M->2598M(6144M), 0.0414016 secs]
2018-03-27T15:29:39.849+0200: 13433.123: [GC pause (G1 Evacuation Pause) (young) 5452M->2595M(6144M), 0.0417967 secs]
2018-03-27T15:29:41.446+0200: 13434.719: [GC pause (GCLocker Initiated GC) (young) 5457M->2602M(6144M), 0.0418261 secs]
2018-03-27T15:29:43.664+0200: 13436.938: [GC pause (G1 Evacuation Pause) (young) 5452M->2603M(6144M), 0.0433261 secs]
2018-03-27T15:29:45.550+0200: 13438.824: [GC pause (G1 Evacuation Pause) (young) 5451M->2605M(6144M), 0.0414900 secs]
2018-03-27T15:29:47.623+0200: 13440.897: [GC pause (G1 Evacuation Pause) (young) 5453M->2607M(6144M), 0.0392227 secs]
2018-03-27T15:29:49.726+0200: 13443.000: [GC pause (G1 Evacuation Pause) (young) 5453M->2610M(6144M), 0.0373317 secs]
2018-03-27T15:29:52.226+0200: 13445.499: [GC pause (G1 Evacuation Pause) (young) 5462M->2617M(6144M), 0.0415291 secs]
2018-03-27T15:29:54.411+0200: 13447.685: [GC pause (G1 Evacuation Pause) (young) 5453M->2617M(6144M), 0.0433279 secs]
2018-03-27T15:29:56.368+0200: 13449.642: [GC pause (G1 Evacuation Pause) (young) 5453M->2620M(6144M), 0.0400321 secs]
2018-03-27T15:29:58.727+0200: 13452.001: [GC pause (G1 Evacuation Pause) (young) 5454M->2621M(6144M), 0.0398046 secs]
2018-03-27T15:30:00.628+0200: 13453.902: [GC pause (GCLocker Initiated GC) (young) 5456M->2623M(6144M), 0.0432775 secs]
2018-03-27T15:30:03.311+0200: 13456.584: [GC pause (G1 Evacuation Pause) (young) 5459M->2628M(6144M), 0.0971867 secs]
2018-03-27T15:30:05.197+0200: 13458.471: [GC pause (GCLocker Initiated GC) (young) 5463M->2632M(6144M), 0.0525289 secs]
2018-03-27T15:30:07.050+0200: 13460.323: [GC pause (G1 Evacuation Pause) (young) 5458M->2633M(6144M), 0.0520473 secs]
2018-03-27T15:30:09.078+0200: 13462.352: [GC pause (G1 Evacuation Pause) (young) 5459M->2637M(6144M), 0.0420719 secs]
2018-03-27T15:30:11.343+0200: 13464.616: [GC pause (G1 Evacuation Pause) (young) 5457M->2640M(6144M), 0.0579744 secs]
2018-03-27T15:30:13.700+0200: 13466.974: [GC pause (G1 Evacuation Pause) (young) 5458M->2642M(6144M), 0.0432573 secs]
2018-03-27T15:30:15.745+0200: 13469.019: [GC pause (G1 Evacuation Pause) (young) 5458M->2646M(6144M), 0.0424677 secs]
2018-03-27T15:30:18.008+0200: 13471.282: [GC pause (GCLocker Initiated GC) (young) 5460M->2648M(6144M), 0.0422430 secs]
2018-03-27T15:30:20.372+0200: 13473.646: [GC pause (G1 Evacuation Pause) (young) 5480M->2652M(6144M), 0.0460527 secs]
2018-03-27T15:30:22.251+0200: 13475.525: [GC pause (G1 Evacuation Pause) (young) 5456M->2652M(6144M), 0.0397556 secs]
2018-03-27T15:30:24.330+0200: 13477.604: [GC pause (G1 Evacuation Pause) (young) 5462M->2659M(6144M), 0.0475111 secs]
2018-03-27T15:30:26.274+0200: 13479.547: [GC pause (G1 Evacuation Pause) (young) 5453M->2657M(6144M), 0.0396379 secs]
2018-03-27T15:30:28.177+0200: 13481.450: [GC pause (G1 Evacuation Pause) (young) 5457M->2658M(6144M), 0.0385118 secs]
2018-03-27T15:30:30.403+0200: 13483.677: [GC pause (G1 Evacuation Pause) (young) 5460M->2663M(6144M), 0.0385683 secs]
2018-03-27T15:30:32.803+0200: 13486.076: [GC pause (GCLocker Initiated GC) (young) 5459M->2668M(6144M), 0.0429956 secs]
2018-03-27T15:30:34.630+0200: 13487.904: [GC pause (G1 Evacuation Pause) (young) 5474M->2666M(6144M), 0.0483450 secs]
2018-03-27T15:30:37.074+0200: 13490.348: [GC pause (GCLocker Initiated GC) (young) 5461M->2669M(6144M), 0.0411869 secs]
2018-03-27T15:30:38.975+0200: 13492.249: [GC pause (G1 Evacuation Pause) (young) 5461M->2672M(6144M), 0.0437529 secs]
2018-03-27T15:30:41.631+0200: 13494.905: [GC pause (G1 Evacuation Pause) (young) 5460M->2674M(6144M), 0.0541584 secs]
2018-03-27T15:30:43.854+0200: 13497.128: [GC pause (G1 Evacuation Pause) (young) 5460M->2675M(6144M), 0.0515800 secs]
2018-03-27T15:30:46.184+0200: 13499.458: [GC pause (G1 Evacuation Pause) (young) 5463M->2677M(6144M), 0.0420781 secs]
2018-03-27T15:30:47.725+0200: 13500.999: [GC pause (G1 Evacuation Pause) (young) 5461M->2680M(6144M), 0.0366796 secs]
2018-03-27T15:30:50.063+0200: 13503.336: [GC pause (G1 Evacuation Pause) (young) 5462M->2682M(6144M), 0.0583251 secs]
2018-03-27T15:30:52.454+0200: 13505.728: [GC pause (GCLocker Initiated GC) (young) 5466M->2684M(6144M), 0.0363222 secs]
2018-03-27T15:30:54.886+0200: 13508.160: [GC pause (G1 Evacuation Pause) (young) 5462M->2689M(6144M), 0.0794687 secs]
2018-03-27T15:30:56.850+0200: 13510.123: [GC pause (G1 Evacuation Pause) (young) 5457M->2692M(6144M), 0.0403352 secs]
2018-03-27T15:30:58.642+0200: 13511.916: [GC pause (G1 Evacuation Pause) (young) 5458M->2693M(6144M), 0.0455369 secs]
2018-03-27T15:31:01.346+0200: 13514.619: [GC pause (GCLocker Initiated GC) (young) 5468M->2695M(6144M), 0.0461869 secs]
2018-03-27T15:31:03.239+0200: 13516.513: [GC pause (G1 Evacuation Pause) (young) 5457M->2699M(6144M), 0.0464111 secs]
2018-03-27T15:31:05.555+0200: 13518.829: [GC pause (G1 Evacuation Pause) (young) 5455M->2702M(6144M), 0.0498123 secs]
2018-03-27T15:31:07.495+0200: 13520.768: [GC pause (G1 Evacuation Pause) (young) 5456M->2704M(6144M), 0.0453467 secs]
2018-03-27T15:31:08.962+0200: 13522.236: [GC pause (G1 Evacuation Pause) (young) 5458M->2709M(6144M), 0.0358808 secs]
2018-03-27T15:31:11.144+0200: 13524.417: [GC pause (G1 Evacuation Pause) (young) 5453M->2710M(6144M), 0.0373834 secs]
2018-03-27T15:31:13.102+0200: 13526.376: [GC pause (G1 Evacuation Pause) (young) 5456M->2709M(6144M), 0.0386805 secs]
2018-03-27T15:31:15.262+0200: 13528.536: [GC pause (G1 Evacuation Pause) (young) 5457M->2714M(6144M), 0.0370848 secs]
2018-03-27T15:31:18.314+0200: 13531.587: [GC pause (G1 Evacuation Pause) (young) 5474M->2712M(6144M), 0.0434401 secs]
2018-03-27T15:31:20.105+0200: 13533.379: [GC pause (G1 Evacuation Pause) (young) 5460M->2715M(6144M), 0.0440970 secs]
2018-03-27T15:31:22.285+0200: 13535.559: [GC pause (G1 Evacuation Pause) (young) 5459M->2718M(6144M), 0.0409169 secs]
2018-03-27T15:31:24.210+0200: 13537.484: [GC pause (G1 Evacuation Pause) (young) 5460M->2718M(6144M), 0.0360079 secs]
2018-03-27T15:31:25.852+0200: 13539.125: [GC pause (G1 Evacuation Pause) (young) 5462M->2724M(6144M), 0.0383486 secs]
2018-03-27T15:31:28.071+0200: 13541.344: [GC pause (G1 Evacuation Pause) (young) 5458M->2726M(6144M), 0.0413771 secs]
2018-03-27T15:31:30.200+0200: 13543.474: [GC pause (G1 Evacuation Pause) (young) 5458M->2728M(6144M), 0.0381255 secs]
2018-03-27T15:31:31.889+0200: 13545.163: [GC pause (G1 Evacuation Pause) (young) 5460M->2731M(6144M), 0.0378776 secs]
2018-03-27T15:31:33.660+0200: 13546.933: [GC pause (G1 Evacuation Pause) (young) 5459M->2735M(6144M), 0.0518461 secs]
2018-03-27T15:31:35.141+0200: 13548.415: [GC pause (G1 Evacuation Pause) (young) 5457M->2735M(6144M), 0.0428867 secs]
2018-03-27T15:31:36.771+0200: 13550.045: [GC pause (G1 Evacuation Pause) (young) 5461M->2738M(6144M), 0.0373503 secs]
2018-03-27T15:31:38.922+0200: 13552.196: [GC pause (G1 Evacuation Pause) (young) 5462M->2742M(6144M), 0.0352828 secs]
2018-03-27T15:31:41.562+0200: 13554.836: [GC pause (G1 Evacuation Pause) (young) 5460M->2747M(6144M), 0.0389653 secs]
2018-03-27T15:31:43.905+0200: 13557.179: [GC pause (G1 Evacuation Pause) (young) 5459M->2749M(6144M), 0.0381194 secs]
2018-03-27T15:31:45.942+0200: 13559.215: [GC pause (G1 Evacuation Pause) (young) 5459M->2750M(6144M), 0.0401795 secs]
2018-03-27T15:31:48.090+0200: 13561.363: [GC pause (G1 Evacuation Pause) (young) 5456M->2751M(6144M), 0.0422846 secs]
2018-03-27T15:31:50.574+0200: 13563.848: [GC pause (G1 Evacuation Pause) (young) 5459M->2753M(6144M), 0.0400633 secs]
2018-03-27T15:31:53.078+0200: 13566.352: [GC pause (G1 Evacuation Pause) (young) 5459M->2756M(6144M), 0.0553186 secs]
2018-03-27T15:31:55.173+0200: 13568.447: [GC pause (G1 Evacuation Pause) (young) 5460M->2755M(6144M), 0.0433615 secs]
2018-03-27T15:31:56.856+0200: 13570.130: [GC pause (G1 Evacuation Pause) (young) 5461M->2759M(6144M), 0.0384287 secs]
2018-03-27T15:31:58.935+0200: 13572.208: [GC pause (G1 Evacuation Pause) (young) 5461M->2764M(6144M), 0.0432588 secs]
2018-03-27T15:32:00.844+0200: 13574.118: [GC pause (G1 Evacuation Pause) (young) 5460M->2767M(6144M), 0.0359472 secs]
2018-03-27T15:32:02.939+0200: 13576.212: [GC pause (GCLocker Initiated GC) (young) 5463M->2770M(6144M), 0.0602852 secs]
2018-03-27T15:32:04.844+0200: 13578.118: [GC pause (G1 Evacuation Pause) (young) 5458M->2771M(6144M), 0.0407626 secs]
2018-03-27T15:32:07.104+0200: 13580.378: [GC pause (G1 Evacuation Pause) (young) 5459M->2774M(6144M), 0.0506891 secs]
2018-03-27T15:32:09.470+0200: 13582.744: [GC pause (G1 Evacuation Pause) (young) 5460M->2777M(6144M), 0.0428777 secs]
2018-03-27T15:32:11.460+0200: 13584.733: [GC pause (G1 Evacuation Pause) (young) 5457M->2777M(6144M), 0.0499446 secs]
2018-03-27T15:32:13.171+0200: 13586.445: [GC pause (G1 Evacuation Pause) (young) 5459M->2787M(6144M), 0.0417707 secs]
2018-03-27T15:32:15.481+0200: 13588.755: [GC pause (GCLocker Initiated GC) (young) 5491M->2795M(6144M), 0.0431065 secs]
2018-03-27T15:32:17.166+0200: 13590.440: [GC pause (GCLocker Initiated GC) (young) 5447M->2796M(6144M), 0.0474591 secs]
2018-03-27T15:32:19.567+0200: 13592.841: [GC pause (GCLocker Initiated GC) (young) 5448M->2795M(6144M), 0.0450202 secs]
2018-03-27T15:32:21.608+0200: 13594.881: [GC pause (G1 Evacuation Pause) (young) 5453M->2797M(6144M), 0.0463051 secs]
2018-03-27T15:32:23.696+0200: 13596.969: [GC pause (G1 Evacuation Pause) (young) 5449M->2801M(6144M), 0.0460694 secs]
2018-03-27T15:32:25.692+0200: 13598.966: [GC pause (G1 Evacuation Pause) (young) 5447M->2800M(6144M), 0.0614827 secs]
2018-03-27T15:32:27.850+0200: 13601.124: [GC pause (G1 Evacuation Pause) (young) 5452M->2806M(6144M), 0.0550320 secs]
2018-03-27T15:32:30.377+0200: 13603.651: [GC pause (G1 Evacuation Pause) (young) 5448M->2806M(6144M), 0.0537558 secs]
2018-03-27T15:32:32.886+0200: 13606.159: [GC pause (G1 Evacuation Pause) (young) 5452M->2807M(6144M), 0.0583823 secs]
2018-03-27T15:32:35.282+0200: 13608.556: [GC pause (G1 Evacuation Pause) (young) 5455M->2809M(6144M), 0.0438377 secs]
2018-03-27T15:32:37.663+0200: 13610.936: [GC pause (G1 Evacuation Pause) (young) 5453M->2812M(6144M), 0.0605721 secs]
2018-03-27T15:32:39.774+0200: 13613.048: [GC pause (G1 Evacuation Pause) (young) 5454M->2815M(6144M), 0.0371086 secs]
2018-03-27T15:32:40.684+0200: 13613.957: [GC pause (G1 Humongous Allocation) (young) (initial-mark) 4158M->2822M(6144M), 0.0475873 secs]
2018-03-27T15:32:40.732+0200: 13614.005: [GC concurrent-root-region-scan-start]
2018-03-27T15:32:40.775+0200: 13614.049: [GC concurrent-root-region-scan-end, 0.0434599 secs]
2018-03-27T15:32:40.775+0200: 13614.049: [GC concurrent-mark-start]
2018-03-27T15:32:42.691+0200: 13615.965: [GC pause (GCLocker Initiated GC) (young) 5463M->2819M(6144M), 0.0429849 secs]
2018-03-27T15:32:44.219+0200: 13617.493: [GC concurrent-mark-end, 3.4438493 secs]
2018-03-27T15:32:44.222+0200: 13617.495: [GC remark, 0.2785012 secs]
2018-03-27T15:32:44.510+0200: 13617.783: [GC cleanup 5121M->5121M(6144M), 0.0267063 secs]
2018-03-27T15:32:44.785+0200: 13618.059: [GC pause (G1 Evacuation Pause) (young) 5453M->2821M(6144M), 0.0688826 secs]
2018-03-27T15:32:45.182+0200: 13618.456: [GC pause (G1 Evacuation Pause) (mixed) 3063M->2517M(6144M), 0.1686847 secs]
2018-03-27T15:32:45.565+0200: 13618.839: [GC pause (GCLocker Initiated GC) (mixed) 2813M->2480M(6144M), 0.1243115 secs]
2018-03-27T15:32:45.842+0200: 13619.116: [GC pause (G1 Evacuation Pause) (young) 2760M->2479M(6144M), 0.0402258 secs]
2018-03-27T15:32:46.053+0200: 13619.327: [GC pause (GCLocker Initiated GC) (young) 2775M->2483M(6144M), 0.0235872 secs]
2018-03-27T15:32:46.203+0200: 13619.477: [GC pause (G1 Evacuation Pause) (young) 2759M->2489M(6144M), 0.0224527 secs]
2018-03-27T15:32:46.362+0200: 13619.636: [GC pause (G1 Evacuation Pause) (young) 2767M->2488M(6144M), 0.0223842 secs]
2018-03-27T15:32:46.594+0200: 13619.867: [GC pause (GCLocker Initiated GC) (young) 2776M->2488M(6144M), 0.0267839 secs]
2018-03-27T15:32:46.780+0200: 13620.053: [GC pause (G1 Evacuation Pause) (young) 2768M->2488M(6144M), 0.0219180 secs]
2018-03-27T15:32:47.029+0200: 13620.302: [GC pause (G1 Evacuation Pause) (young) 2768M->2490M(6144M), 0.0223206 secs]
2018-03-27T15:32:47.274+0200: 13620.547: [GC pause (GCLocker Initiated GC) (young) 2770M->2490M(6144M), 0.0388540 secs]
2018-03-27T15:32:47.479+0200: 13620.753: [GC pause (GCLocker Initiated GC) (young) 2779M->2491M(6144M), 0.0213721 secs]
2018-03-27T15:32:47.632+0200: 13620.905: [GC pause (GCLocker Initiated GC) (young) 2774M->2493M(6144M), 0.0250061 secs]
2018-03-27T15:32:47.786+0200: 13621.060: [GC pause (G1 Evacuation Pause) (young) 2771M->2493M(6144M), 0.0227384 secs]
2018-03-27T15:32:48.002+0200: 13621.275: [GC pause (G1 Evacuation Pause) (young) 2771M->2493M(6144M), 0.0226861 secs]
2018-03-27T15:32:48.198+0200: 13621.472: [GC pause (G1 Evacuation Pause) (young) 2771M->2493M(6144M), 0.0281920 secs]
2018-03-27T15:32:48.482+0200: 13621.756: [GC pause (G1 Evacuation Pause) (young) 2777M->2495M(6144M), 0.0242006 secs]
2018-03-27T15:32:51.427+0200: 13624.700: [GC pause (G1 Evacuation Pause) (young) 5475M->2499M(6144M), 0.0268483 secs]
2018-03-27T15:32:54.014+0200: 13627.287: [GC pause (G1 Evacuation Pause) (young) 5481M->2507M(6144M), 0.0280990 secs]
2018-03-27T15:32:56.225+0200: 13629.498: [GC pause (G1 Evacuation Pause) (young) 5489M->2512M(6144M), 0.0314664 secs]
2018-03-27T15:32:58.349+0200: 13631.623: [GC pause (G1 Evacuation Pause) (young) 5488M->2514M(6144M), 0.0284733 secs]
2018-03-27T15:33:00.834+0200: 13634.107: [GC pause (G1 Evacuation Pause) (young) 5486M->2521M(6144M), 0.0410627 secs]
2018-03-27T15:33:03.749+0200: 13637.023: [GC pause (G1 Evacuation Pause) (young) 5481M->2525M(6144M), 0.0344992 secs]
2018-03-27T15:33:06.035+0200: 13639.309: [GC pause (G1 Evacuation Pause) (young) 5475M->2529M(6144M), 0.0383835 secs]
2018-03-27T15:33:08.374+0200: 13641.648: [GC pause (G1 Evacuation Pause) (young) 5471M->2534M(6144M), 0.0348167 secs]
2018-03-27T15:33:10.415+0200: 13643.689: [GC pause (G1 Evacuation Pause) (young) 5468M->2532M(6144M), 0.0482415 secs]
2018-03-27T15:33:12.764+0200: 13646.038: [GC pause (G1 Evacuation Pause) (young) 5468M->2538M(6144M), 0.0376540 secs]
2018-03-27T15:33:15.066+0200: 13648.340: [GC pause (GCLocker Initiated GC) (young) 5466M->2541M(6144M), 0.0384900 secs]
2018-03-27T15:33:17.145+0200: 13650.419: [GC pause (G1 Evacuation Pause) (young) 5461M->2542M(6144M), 0.0373364 secs]
2018-03-27T15:33:19.638+0200: 13652.912: [GC pause (G1 Evacuation Pause) (young) 5462M->2545M(6144M), 0.0444895 secs]
2018-03-27T15:33:22.905+0200: 13656.179: [GC pause (GCLocker Initiated GC) (young) 5459M->2544M(6144M), 0.0540147 secs]
2018-03-27T15:33:25.090+0200: 13658.364: [GC pause (G1 Evacuation Pause) (young) 5460M->2550M(6144M), 0.0481796 secs]
2018-03-27T15:33:27.955+0200: 13661.229: [GC pause (G1 Evacuation Pause) (young) 5462M->2547M(6144M), 0.0535632 secs]
2018-03-27T15:33:30.796+0200: 13664.069: [GC pause (G1 Evacuation Pause) (young) 5457M->2552M(6144M), 0.0561183 secs]
2018-03-27T15:33:32.905+0200: 13666.178: [GC pause (G1 Evacuation Pause) (young) 5456M->2561M(6144M), 0.0425256 secs]
2018-03-27T15:33:34.880+0200: 13668.153: [GC pause (GCLocker Initiated GC) (young) 5451M->2561M(6144M), 0.0418882 secs]
2018-03-27T15:33:36.847+0200: 13670.120: [GC pause (G1 Evacuation Pause) (young) 5451M->2565M(6144M), 0.0446863 secs]
2018-03-27T15:33:38.535+0200: 13671.808: [GC pause (G1 Evacuation Pause) (young) 5449M->2567M(6144M), 0.0505796 secs]
2018-03-27T15:33:40.263+0200: 13673.536: [GC pause (G1 Evacuation Pause) (young) 5453M->2572M(6144M), 0.0609256 secs]
2018-03-27T15:33:42.709+0200: 13675.983: [GC pause (G1 Evacuation Pause) (young) 5452M->2576M(6144M), 0.0421419 secs]
2018-03-27T15:33:44.950+0200: 13678.223: [GC pause (GCLocker Initiated GC) (young) 5462M->2580M(6144M), 0.0380982 secs]
2018-03-27T15:33:47.401+0200: 13680.675: [GC pause (GCLocker Initiated GC) (young) 5452M->2583M(6144M), 0.0418985 secs]
2018-03-27T15:33:49.542+0200: 13682.816: [GC pause (GCLocker Initiated GC) (young) 5469M->2586M(6144M), 0.0419643 secs]
2018-03-27T15:33:51.557+0200: 13684.831: [GC pause (G1 Evacuation Pause) (young) 5450M->2590M(6144M), 0.0545766 secs]
2018-03-27T15:33:53.354+0200: 13686.628: [GC pause (G1 Evacuation Pause) (young) 5448M->2590M(6144M), 0.0399267 secs]
2018-03-27T15:33:55.364+0200: 13688.638: [GC pause (GCLocker Initiated GC) (young) 5453M->2594M(6144M), 0.0435843 secs]
2018-03-27T15:33:57.121+0200: 13690.395: [GC pause (G1 Evacuation Pause) (young) 5448M->2593M(6144M), 0.0415461 secs]
2018-03-27T15:33:59.271+0200: 13692.545: [GC pause (G1 Evacuation Pause) (young) 5449M->2597M(6144M), 0.0416303 secs]
2018-03-27T15:34:02.049+0200: 13695.323: [GC pause (G1 Evacuation Pause) (young) 5451M->2599M(6144M), 0.0477097 secs]
2018-03-27T15:34:04.401+0200: 13697.674: [GC pause (G1 Evacuation Pause) (young) 5455M->2604M(6144M), 0.0431642 secs]
2018-03-27T15:34:06.630+0200: 13699.904: [GC pause (G1 Evacuation Pause) (young) 5454M->2609M(6144M), 0.0413249 secs]
2018-03-27T15:34:08.690+0200: 13701.964: [GC pause (G1 Evacuation Pause) (young) 5451M->2607M(6144M), 0.0581937 secs]
2018-03-27T15:34:10.531+0200: 13703.804: [GC pause (GCLocker Initiated GC) (young) 5456M->2616M(6144M), 0.0451477 secs]
2018-03-27T15:34:13.062+0200: 13706.336: [GC pause (G1 Evacuation Pause) (young) 5450M->2617M(6144M), 0.0509314 secs]
2018-03-27T15:34:15.646+0200: 13708.920: [GC pause (G1 Evacuation Pause) (young) 5457M->2622M(6144M), 0.0404549 secs]
2018-03-27T15:34:17.353+0200: 13710.626: [GC pause (G1 Evacuation Pause) (young) 5456M->2623M(6144M), 0.0370617 secs]
2018-03-27T15:34:19.539+0200: 13712.812: [GC pause (G1 Evacuation Pause) (young) 5455M->2624M(6144M), 0.0377737 secs]
2018-03-27T15:34:21.713+0200: 13714.987: [GC pause (GCLocker Initiated GC) (young) 5461M->2625M(6144M), 0.0582123 secs]
2018-03-27T15:34:23.663+0200: 13716.937: [GC pause (G1 Evacuation Pause) (young) 5505M->2636M(6144M), 0.0581952 secs]
2018-03-27T15:34:25.406+0200: 13718.679: [GC pause (G1 Evacuation Pause) (young) 5452M->2633M(6144M), 0.0439114 secs]
2018-03-27T15:34:27.698+0200: 13720.971: [GC pause (G1 Evacuation Pause) (young) 5461M->2638M(6144M), 0.0545134 secs]
2018-03-27T15:34:29.675+0200: 13722.949: [GC pause (G1 Evacuation Pause) (young) 5452M->2636M(6144M), 0.0370430 secs]
2018-03-27T15:34:31.534+0200: 13724.807: [GC pause (GCLocker Initiated GC) (young) 5460M->2637M(6144M), 0.0382441 secs]
2018-03-27T15:34:33.598+0200: 13726.871: [GC pause (G1 Evacuation Pause) (young) 5457M->2639M(6144M), 0.0424048 secs]
2018-03-27T15:34:35.519+0200: 13728.793: [GC pause (G1 Evacuation Pause) (young) 5457M->2641M(6144M), 0.0383528 secs]
2018-03-27T15:34:37.254+0200: 13730.528: [GC pause (GCLocker Initiated GC) (young) 5464M->2645M(6144M), 0.0412720 secs]
2018-03-27T15:34:39.178+0200: 13732.452: [GC pause (G1 Evacuation Pause) (young) 5457M->2646M(6144M), 0.0389224 secs]
2018-03-27T15:34:41.147+0200: 13734.421: [GC pause (GCLocker Initiated GC) (young) 5486M->2647M(6144M), 0.0489471 secs]
2018-03-27T15:34:43.379+0200: 13736.652: [GC pause (G1 Evacuation Pause) (young) 5463M->2649M(6144M), 0.0389479 secs]
2018-03-27T15:34:45.046+0200: 13738.320: [GC pause (G1 Evacuation Pause) (young) 5459M->2652M(6144M), 0.0386461 secs]
2018-03-27T15:34:46.998+0200: 13740.272: [GC pause (G1 Evacuation Pause) (young) 5460M->2653M(6144M), 0.0388579 secs]
2018-03-27T15:34:48.563+0200: 13741.837: [GC pause (G1 Evacuation Pause) (young) 5461M->2656M(6144M), 0.0364371 secs]
2018-03-27T15:34:50.606+0200: 13743.880: [GC pause (G1 Evacuation Pause) (young) 5462M->2658M(6144M), 0.0433093 secs]
2018-03-27T15:34:52.710+0200: 13745.984: [GC pause (G1 Evacuation Pause) (young) 5460M->2662M(6144M), 0.0380981 secs]
2018-03-27T15:34:55.194+0200: 13748.468: [GC pause (G1 Evacuation Pause) (young) 5462M->2664M(6144M), 0.0397697 secs]
2018-03-27T15:34:57.066+0200: 13750.339: [GC pause (G1 Evacuation Pause) (young) 5462M->2668M(6144M), 0.0570119 secs]
2018-03-27T15:34:59.490+0200: 13752.763: [GC pause (G1 Evacuation Pause) (young) 5460M->2669M(6144M), 0.0410116 secs]
2018-03-27T15:35:01.216+0200: 13754.490: [GC pause (GCLocker Initiated GC) (young) 5469M->2668M(6144M), 0.0373243 secs]
2018-03-27T15:35:03.055+0200: 13756.329: [GC pause (G1 Evacuation Pause) (young) 5464M->2671M(6144M), 0.0413774 secs]
2018-03-27T15:35:05.513+0200: 13758.787: [GC pause (G1 Evacuation Pause) (young) 5461M->2676M(6144M), 0.0570459 secs]
2018-03-27T15:35:07.594+0200: 13760.868: [GC pause (G1 Evacuation Pause) (young) 5460M->2677M(6144M), 0.0393772 secs]
2018-03-27T15:35:09.637+0200: 13762.911: [GC pause (G1 Evacuation Pause) (young) 5459M->2693M(6144M), 0.0438312 secs]
2018-03-27T15:35:10.973+0200: 13764.246: [GC pause (G1 Evacuation Pause) (young) 5449M->2694M(6144M), 0.0423323 secs]
2018-03-27T15:35:12.528+0200: 13765.802: [GC pause (G1 Evacuation Pause) (young) 5446M->2698M(6144M), 0.0436977 secs]
2018-03-27T15:35:14.206+0200: 13767.480: [GC pause (G1 Evacuation Pause) (young) 5448M->2702M(6144M), 0.0467126 secs]
2018-03-27T15:35:16.069+0200: 13769.343: [GC pause (G1 Evacuation Pause) (young) 5446M->2728M(6144M), 0.0600527 secs]
2018-03-27T15:35:17.959+0200: 13771.233: [GC pause (G1 Evacuation Pause) (young) 5420M->2736M(6144M), 0.0661932 secs]
2018-03-27T15:35:19.749+0200: 13773.023: [GC pause (G1 Evacuation Pause) (young) 5418M->2741M(6144M), 0.0563992 secs]
2018-03-27T15:35:21.767+0200: 13775.040: [GC pause (G1 Evacuation Pause) (young) 5435M->2739M(6144M), 0.0816151 secs]
2018-03-27T15:35:23.689+0200: 13776.963: [GC pause (G1 Evacuation Pause) (young) 5421M->2744M(6144M), 0.0683359 secs]
2018-03-27T15:35:25.886+0200: 13779.160: [GC pause (G1 Evacuation Pause) (young) 5418M->2747M(6144M), 0.0662908 secs]
2018-03-27T15:35:28.013+0200: 13781.287: [GC pause (G1 Evacuation Pause) (young) 5419M->2752M(6144M), 0.0586710 secs]
2018-03-27T15:35:29.941+0200: 13783.214: [GC pause (GCLocker Initiated GC) (young) 5437M->2752M(6144M), 0.0760212 secs]
2018-03-27T15:35:31.457+0200: 13784.731: [GC pause (GCLocker Initiated GC) (young) 5419M->2756M(6144M), 0.0567653 secs]
2018-03-27T15:35:33.269+0200: 13786.543: [GC pause (G1 Evacuation Pause) (young) 5418M->2759M(6144M), 0.0833424 secs]
2018-03-27T15:35:35.430+0200: 13788.704: [GC pause (GCLocker Initiated GC) (young) 5459M->2764M(6144M), 0.0596511 secs]
2018-03-27T15:35:37.154+0200: 13790.428: [GC pause (G1 Evacuation Pause) (young) 5416M->2767M(6144M), 0.0588671 secs]
2018-03-27T15:35:39.353+0200: 13792.626: [GC pause (G1 Evacuation Pause) (young) 5425M->2778M(6144M), 0.0727256 secs]
2018-03-27T15:35:41.630+0200: 13794.904: [GC pause (GCLocker Initiated GC) (young) 5446M->2780M(6144M), 0.0503523 secs]
2018-03-27T15:35:43.219+0200: 13796.493: [GC pause (G1 Evacuation Pause) (young) 5430M->2784M(6144M), 0.0554531 secs]
2018-03-27T15:35:45.463+0200: 13798.737: [GC pause (G1 Evacuation Pause) (young) 5432M->2794M(6144M), 0.0559319 secs]
2018-03-27T15:35:47.786+0200: 13801.060: [GC pause (G1 Evacuation Pause) (young) 5452M->2802M(6144M), 0.0477695 secs]
2018-03-27T15:35:50.174+0200: 13803.447: [GC pause (G1 Evacuation Pause) (young) 5456M->2812M(6144M), 0.0456043 secs]
2018-03-27T15:35:51.719+0200: 13804.993: [GC pause (G1 Evacuation Pause) (young) 5454M->2818M(6144M), 0.0382515 secs]
2018-03-27T15:35:53.462+0200: 13806.736: [GC pause (G1 Evacuation Pause) (young) 5458M->2819M(6144M), 0.0377239 secs]
2018-03-27T15:35:55.516+0200: 13808.790: [GC pause (G1 Evacuation Pause) (young) 5453M->2819M(6144M), 0.0391198 secs]
2018-03-27T15:35:57.422+0200: 13810.696: [GC pause (G1 Evacuation Pause) (young) 5455M->2822M(6144M), 0.0393799 secs]
2018-03-27T15:35:59.301+0200: 13812.575: [GC pause (G1 Evacuation Pause) (young) 5456M->2825M(6144M), 0.0450048 secs]
2018-03-27T15:36:01.588+0200: 13814.862: [GC pause (G1 Evacuation Pause) (young) 5457M->2827M(6144M), 0.0422445 secs]
2018-03-27T15:36:03.874+0200: 13817.147: [GC pause (G1 Evacuation Pause) (young) (initial-mark) 5459M->2829M(6144M), 0.0500680 secs]
2018-03-27T15:36:03.924+0200: 13817.198: [GC concurrent-root-region-scan-start]
2018-03-27T15:36:03.948+0200: 13817.222: [GC concurrent-root-region-scan-end, 0.0240480 secs]
2018-03-27T15:36:03.948+0200: 13817.222: [GC concurrent-mark-start]
2018-03-27T15:36:05.845+0200: 13819.119: [GC pause (G1 Evacuation Pause) (young) 5463M->2832M(6144M), 0.0527819 secs]
2018-03-27T15:36:07.378+0200: 13820.651: [GC concurrent-mark-end, 3.4295636 secs]
2018-03-27T15:36:07.382+0200: 13820.656: [GC remark, 0.2446239 secs]
2018-03-27T15:36:07.631+0200: 13820.904: [GC cleanup 5274M->5256M(6144M), 0.0301066 secs]
2018-03-27T15:36:07.661+0200: 13820.935: [GC concurrent-cleanup-start]
2018-03-27T15:36:07.662+0200: 13820.935: [GC concurrent-cleanup-end, 0.0001180 secs]
2018-03-27T15:36:07.802+0200: 13821.076: [GC pause (GCLocker Initiated GC) (young) 5476M->2819M(6144M), 0.0447117 secs]
2018-03-27T15:36:07.949+0200: 13821.223: [GC pause (G1 Evacuation Pause) (mixed) 3059M->2478M(6144M), 0.1549205 secs]
2018-03-27T15:36:08.275+0200: 13821.549: [GC pause (G1 Evacuation Pause) (mixed) 2758M->2420M(6144M), 0.1824240 secs]
2018-03-27T15:36:08.617+0200: 13821.891: [GC pause (G1 Evacuation Pause) (young) 2700M->2421M(6144M), 0.0513334 secs]
2018-03-27T15:36:08.815+0200: 13822.089: [GC pause (GCLocker Initiated GC) (young) 2715M->2419M(6144M), 0.0288290 secs]
2018-03-27T15:36:08.977+0200: 13822.251: [GC pause (GCLocker Initiated GC) (young) 2715M->2419M(6144M), 0.0240275 secs]
2018-03-27T15:36:09.114+0200: 13822.388: [GC pause (G1 Evacuation Pause) (young) 2699M->2420M(6144M), 0.0240076 secs]
2018-03-27T15:36:09.266+0200: 13822.539: [GC pause (G1 Evacuation Pause) (young) 2700M->2419M(6144M), 0.0225185 secs]
2018-03-27T15:36:09.465+0200: 13822.739: [GC pause (GCLocker Initiated GC) (young) 2704M->2421M(6144M), 0.0217111 secs]
2018-03-27T15:36:09.717+0200: 13822.990: [GC pause (G1 Evacuation Pause) (young) 2699M->2418M(6144M), 0.0416481 secs]
2018-03-27T15:36:10.041+0200: 13823.315: [GC pause (G1 Evacuation Pause) (young) 2700M->2421M(6144M), 0.0248131 secs]
2018-03-27T15:36:10.319+0200: 13823.592: [GC pause (GCLocker Initiated GC) (young) 2711M->2421M(6144M), 0.0230470 secs]
2018-03-27T15:36:10.547+0200: 13823.821: [GC pause (G1 Evacuation Pause) (young) 2699M->2421M(6144M), 0.0363609 secs]
2018-03-27T15:36:10.722+0200: 13823.996: [GC pause (G1 Evacuation Pause) (young) 2699M->2424M(6144M), 0.0232467 secs]
2018-03-27T15:36:10.849+0200: 13824.123: [GC pause (GCLocker Initiated GC) (young) 2706M->2426M(6144M), 0.0245517 secs]
2018-03-27T15:36:11.034+0200: 13824.307: [GC pause (GCLocker Initiated GC) (young) 2709M->2425M(6144M), 0.0232985 secs]
2018-03-27T15:36:11.271+0200: 13824.545: [GC pause (G1 Evacuation Pause) (young) 2709M->2430M(6144M), 0.0253422 secs]
2018-03-27T15:36:13.528+0200: 13826.802: [GC pause (G1 Evacuation Pause) (young) 5442M->2433M(6144M), 0.0264163 secs]
2018-03-27T15:36:16.018+0200: 13829.291: [GC pause (G1 Evacuation Pause) (young) 5457M->2439M(6144M), 0.0423456 secs]
2018-03-27T15:36:18.326+0200: 13831.600: [GC pause (G1 Evacuation Pause) (young) 5471M->2442M(6144M), 0.0325419 secs]
2018-03-27T15:36:20.386+0200: 13833.659: [GC pause (G1 Evacuation Pause) (young) 5476M->2449M(6144M), 0.0544757 secs]
2018-03-27T15:36:22.942+0200: 13836.215: [GC pause (G1 Evacuation Pause) (young) 5483M->2453M(6144M), 0.0398648 secs]
2018-03-27T15:36:25.527+0200: 13838.801: [GC pause (G1 Evacuation Pause) (young) 5483M->2457M(6144M), 0.0394310 secs]
2018-03-27T15:36:27.770+0200: 13841.044: [GC pause (G1 Evacuation Pause) (young) 5479M->2460M(6144M), 0.0402938 secs]
2018-03-27T15:36:30.057+0200: 13843.330: [GC pause (G1 Evacuation Pause) (young) 5472M->2463M(6144M), 0.0523555 secs]
2018-03-27T15:36:31.742+0200: 13845.016: [GC pause (G1 Evacuation Pause) (young) 5471M->2465M(6144M), 0.0395202 secs]
2018-03-27T15:36:33.927+0200: 13847.200: [GC pause (GCLocker Initiated GC) (young) 5470M->2466M(6144M), 0.0377405 secs]
2018-03-27T15:36:35.893+0200: 13849.167: [GC pause (G1 Evacuation Pause) (young) 5470M->2469M(6144M), 0.0347755 secs]
2018-03-27T15:36:38.141+0200: 13851.415: [GC pause (G1 Evacuation Pause) (young) 5469M->2474M(6144M), 0.0363455 secs]
2018-03-27T15:36:40.095+0200: 13853.369: [GC pause (GCLocker Initiated GC) (young) 5468M->2474M(6144M), 0.0548237 secs]
2018-03-27T15:36:41.838+0200: 13855.111: [GC pause (G1 Evacuation Pause) (young) 5460M->2478M(6144M), 0.0387454 secs]
2018-03-27T15:36:43.863+0200: 13857.137: [GC pause (G1 Evacuation Pause) (young) 5460M->2479M(6144M), 0.0371417 secs]
2018-03-27T15:36:45.823+0200: 13859.097: [GC pause (G1 Evacuation Pause) (young) 5457M->2480M(6144M), 0.0407727 secs]
2018-03-27T15:36:47.763+0200: 13861.037: [GC pause (G1 Evacuation Pause) (young) 5456M->2484M(6144M), 0.0388148 secs]
2018-03-27T15:36:49.545+0200: 13862.819: [GC pause (G1 Evacuation Pause) (young) 5458M->2485M(6144M), 0.0407437 secs]
2018-03-27T15:36:51.741+0200: 13865.015: [GC pause (G1 Evacuation Pause) (young) 5457M->2488M(6144M), 0.0422975 secs]
2018-03-27T15:36:54.314+0200: 13867.587: [GC pause (G1 Evacuation Pause) (young) 5458M->2492M(6144M), 0.0384957 secs]
2018-03-27T15:36:56.505+0200: 13869.779: [GC pause (G1 Evacuation Pause) (young) 5458M->2495M(6144M), 0.0389167 secs]
2018-03-27T15:36:58.877+0200: 13872.150: [GC pause (G1 Evacuation Pause) (young) 5460M->2494M(6144M), 0.0381730 secs]
2018-03-27T15:37:01.653+0200: 13874.927: [GC pause (G1 Evacuation Pause) (young) 5460M->2500M(6144M), 0.0372699 secs]
2018-03-27T15:37:03.864+0200: 13877.138: [GC pause (G1 Evacuation Pause) (young) 5454M->2501M(6144M), 0.0381701 secs]
2018-03-27T15:37:06.393+0200: 13879.666: [GC pause (GCLocker Initiated GC) (young) 5473M->2508M(6144M), 0.0431261 secs]
2018-03-27T15:37:08.831+0200: 13882.104: [GC pause (G1 Evacuation Pause) (young) 5454M->2509M(6144M), 0.0562424 secs]
2018-03-27T15:37:11.368+0200: 13884.641: [GC pause (G1 Evacuation Pause) (young) 5457M->2512M(6144M), 0.0458473 secs]
2018-03-27T15:37:13.616+0200: 13886.890: [GC pause (G1 Evacuation Pause) (young) 5452M->2515M(6144M), 0.0431871 secs]
2018-03-27T15:37:15.661+0200: 13888.935: [GC pause (G1 Evacuation Pause) (young) 5453M->2518M(6144M), 0.0367977 secs]
2018-03-27T15:37:18.217+0200: 13891.491: [GC pause (G1 Evacuation Pause) (young) 5456M->2519M(6144M), 0.0375361 secs]
2018-03-27T15:37:19.311+0200: 13892.584: [GC pause (G1 Evacuation Pause) (young) 4331M->2521M(6144M), 0.0497117 secs]
2018-03-27T15:37:21.729+0200: 13895.003: [GC pause (G1 Evacuation Pause) (young) 5499M->2531M(6144M), 0.0531027 secs]
2018-03-27T15:37:24.350+0200: 13897.623: [GC pause (G1 Evacuation Pause) (young) 5489M->2537M(6144M), 0.0505231 secs]
2018-03-27T15:37:26.301+0200: 13899.575: [GC pause (G1 Evacuation Pause) (young) 5483M->2543M(6144M), 0.0370458 secs]
2018-03-27T15:37:28.741+0200: 13902.015: [GC pause (G1 Evacuation Pause) (young) 5477M->2545M(6144M), 0.0423530 secs]
2018-03-27T15:37:31.345+0200: 13904.619: [GC pause (G1 Evacuation Pause) (young) 5475M->2549M(6144M), 0.0397768 secs]
2018-03-27T15:37:33.612+0200: 13906.886: [GC pause (G1 Evacuation Pause) (young) 5471M->2555M(6144M), 0.0483437 secs]
2018-03-27T15:37:36.369+0200: 13909.643: [GC pause (G1 Evacuation Pause) (young) 5465M->2558M(6144M), 0.0386491 secs]
2018-03-27T15:37:39.016+0200: 13912.290: [GC pause (GCLocker Initiated GC) (young) 5461M->2560M(6144M), 0.0410626 secs]
2018-03-27T15:37:41.206+0200: 13914.479: [GC pause (G1 Evacuation Pause) (young) 5458M->2563M(6144M), 0.0421108 secs]
2018-03-27T15:37:43.455+0200: 13916.729: [GC pause (G1 Evacuation Pause) (young) 5457M->2563M(6144M), 0.0491193 secs]
2018-03-27T15:37:45.581+0200: 13918.855: [GC pause (G1 Evacuation Pause) (young) 5457M->2563M(6144M), 0.0462360 secs]
2018-03-27T15:37:47.901+0200: 13921.175: [GC pause (G1 Evacuation Pause) (young) 5457M->2567M(6144M), 0.0541092 secs]
2018-03-27T15:37:50.695+0200: 13923.969: [GC pause (G1 Evacuation Pause) (young) 5453M->2566M(6144M), 0.0425746 secs]
2018-03-27T15:37:52.920+0200: 13926.193: [GC pause (G1 Evacuation Pause) (young) 5454M->2570M(6144M), 0.0718250 secs]
2018-03-27T15:37:55.288+0200: 13928.562: [GC pause (G1 Evacuation Pause) (young) 5452M->2579M(6144M), 0.0469401 secs]
2018-03-27T15:37:57.290+0200: 13930.564: [GC pause (G1 Evacuation Pause) (young) 5443M->2582M(6144M), 0.0462678 secs]
2018-03-27T15:37:59.917+0200: 13933.191: [GC pause (G1 Evacuation Pause) (young) 5450M->2588M(6144M), 0.0454988 secs]
2018-03-27T15:38:01.719+0200: 13934.992: [GC pause (G1 Evacuation Pause) (young) 5450M->2589M(6144M), 0.0446936 secs]
2018-03-27T15:38:04.367+0200: 13937.641: [GC pause (G1 Evacuation Pause) (young) 5451M->2593M(6144M), 0.0542437 secs]
2018-03-27T15:38:06.446+0200: 13939.720: [GC pause (G1 Evacuation Pause) (young) 5453M->2601M(6144M), 0.0621014 secs]
2018-03-27T15:38:08.747+0200: 13942.021: [GC pause (G1 Evacuation Pause) (young) 5447M->2603M(6144M), 0.0412819 secs]
2018-03-27T15:38:11.120+0200: 13944.393: [GC pause (GCLocker Initiated GC) (young) 5448M->2608M(6144M), 0.0739654 secs]
2018-03-27T15:38:13.706+0200: 13946.980: [GC pause (G1 Evacuation Pause) (young) 5444M->2608M(6144M), 0.0595559 secs]
2018-03-27T15:38:16.291+0200: 13949.565: [GC pause (G1 Evacuation Pause) (young) 5446M->2612M(6144M), 0.0572423 secs]
2018-03-27T15:38:18.566+0200: 13951.839: [GC pause (G1 Evacuation Pause) (young) 5444M->2615M(6144M), 0.0557929 secs]
2018-03-27T15:38:21.247+0200: 13954.521: [GC pause (G1 Evacuation Pause) (young) 5445M->2613M(6144M), 0.0482268 secs]
2018-03-27T15:38:23.366+0200: 13956.640: [GC pause (G1 Evacuation Pause) (young) 5449M->2618M(6144M), 0.0493896 secs]
2018-03-27T15:38:25.533+0200: 13958.807: [GC pause (G1 Evacuation Pause) (young) 5446M->2620M(6144M), 0.0645678 secs]
2018-03-27T15:38:27.850+0200: 13961.124: [GC pause (G1 Evacuation Pause) (young) 5446M->2625M(6144M), 0.0566976 secs]
2018-03-27T15:38:29.836+0200: 13963.110: [GC pause (G1 Evacuation Pause) (young) 5445M->2628M(6144M), 0.0560930 secs]
2018-03-27T15:38:31.926+0200: 13965.200: [GC pause (GCLocker Initiated GC) (young) 5465M->2631M(6144M), 0.0578991 secs]
2018-03-27T15:38:34.327+0200: 13967.600: [GC pause (G1 Evacuation Pause) (young) 5455M->2636M(6144M), 0.0440291 secs]
2018-03-27T15:38:36.546+0200: 13969.820: [GC pause (G1 Evacuation Pause) (young) 5452M->2636M(6144M), 0.0450358 secs]
2018-03-27T15:38:38.342+0200: 13971.615: [GC pause (G1 Evacuation Pause) (young) 5454M->2641M(6144M), 0.0392097 secs]
2018-03-27T15:38:40.573+0200: 13973.847: [GC pause (GCLocker Initiated GC) (young) 5452M->2641M(6144M), 0.0400712 secs]
2018-03-27T15:38:42.828+0200: 13976.102: [GC pause (G1 Evacuation Pause) (young) 5457M->2649M(6144M), 0.0422387 secs]
2018-03-27T15:38:44.859+0200: 13978.133: [GC pause (G1 Evacuation Pause) (young) 5455M->2650M(6144M), 0.0393544 secs]
2018-03-27T15:38:47.032+0200: 13980.306: [GC pause (GCLocker Initiated GC) (young) 5459M->2655M(6144M), 0.0371568 secs]
2018-03-27T15:38:49.818+0200: 13983.092: [GC pause (G1 Evacuation Pause) (young) 5455M->2655M(6144M), 0.0388961 secs]
2018-03-27T15:38:52.206+0200: 13985.480: [GC pause (G1 Evacuation Pause) (young) 5457M->2661M(6144M), 0.0410512 secs]
2018-03-27T15:38:54.182+0200: 13987.455: [GC pause (G1 Evacuation Pause) (young) 5455M->2661M(6144M), 0.0384209 secs]
2018-03-27T15:38:56.838+0200: 13990.112: [GC pause (G1 Evacuation Pause) (young) 5457M->2662M(6144M), 0.0399076 secs]
2018-03-27T15:38:58.962+0200: 13992.236: [GC pause (G1 Evacuation Pause) (young) 5460M->2673M(6144M), 0.0411872 secs]
2018-03-27T15:39:00.946+0200: 13994.220: [GC pause (G1 Evacuation Pause) (young) 5449M->2675M(6144M), 0.0417941 secs]
2018-03-27T15:39:03.140+0200: 13996.414: [GC pause (GCLocker Initiated GC) (young) 5461M->2673M(6144M), 0.0447989 secs]
2018-03-27T15:39:05.482+0200: 13998.756: [GC pause (G1 Evacuation Pause) (young) 5455M->2679M(6144M), 0.0407813 secs]
2018-03-27T15:39:07.742+0200: 14001.015: [GC pause (G1 Evacuation Pause) (young) 5451M->2686M(6144M), 0.0396029 secs]
2018-03-27T15:39:09.734+0200: 14003.008: [GC pause (G1 Evacuation Pause) (young) 5448M->2684M(6144M), 0.0427103 secs]
2018-03-27T15:39:11.454+0200: 14004.728: [GC pause (G1 Evacuation Pause) (young) 5453M->2686M(6144M), 0.0405367 secs]
2018-03-27T15:39:13.191+0200: 14006.464: [GC pause (GCLocker Initiated GC) (young) 5474M->2687M(6144M), 0.0436623 secs]
2018-03-27T15:39:15.056+0200: 14008.330: [GC pause (G1 Evacuation Pause) (young) 5451M->2689M(6144M), 0.0379742 secs]
2018-03-27T15:39:17.414+0200: 14010.688: [GC pause (G1 Evacuation Pause) (young) 5459M->2690M(6144M), 0.0435486 secs]
2018-03-27T15:39:19.287+0200: 14012.560: [GC pause (G1 Evacuation Pause) (young) 5454M->2693M(6144M), 0.0431916 secs]
2018-03-27T15:39:21.166+0200: 14014.440: [GC pause (G1 Evacuation Pause) (young) 5451M->2694M(6144M), 0.0389497 secs]
2018-03-27T15:39:22.425+0200: 14015.699: [GC pause (GCLocker Initiated GC) (young) 5479M->2703M(6144M), 0.0404497 secs]
2018-03-27T15:39:24.605+0200: 14017.879: [GC pause (G1 Evacuation Pause) (young) 5447M->2701M(6144M), 0.0420767 secs]
2018-03-27T15:39:27.207+0200: 14020.480: [GC pause (G1 Evacuation Pause) (young) 5451M->2706M(6144M), 0.0433931 secs]
2018-03-27T15:39:28.757+0200: 14022.031: [GC pause (G1 Evacuation Pause) (young) 5450M->2705M(6144M), 0.0572196 secs]
2018-03-27T15:39:30.978+0200: 14024.252: [GC pause (G1 Evacuation Pause) (young) 5455M->2709M(6144M), 0.0538063 secs]
2018-03-27T15:39:33.079+0200: 14026.353: [GC pause (G1 Evacuation Pause) (young) 5457M->2713M(6144M), 0.0602422 secs]
2018-03-27T15:39:35.151+0200: 14028.425: [GC pause (G1 Evacuation Pause) (young) 5455M->2715M(6144M), 0.0484710 secs]
2018-03-27T15:39:37.518+0200: 14030.792: [GC pause (G1 Evacuation Pause) (young) 5459M->2718M(6144M), 0.0411991 secs]
2018-03-27T15:39:39.900+0200: 14033.173: [GC pause (GCLocker Initiated GC) (young) 5457M->2722M(6144M), 0.0398376 secs]
2018-03-27T15:39:41.734+0200: 14035.008: [GC pause (G1 Evacuation Pause) (young) 5456M->2722M(6144M), 0.0433325 secs]
2018-03-27T15:39:43.411+0200: 14036.685: [GC pause (G1 Evacuation Pause) (young) 5458M->2725M(6144M), 0.0438604 secs]
2018-03-27T15:39:45.203+0200: 14038.477: [GC pause (GCLocker Initiated GC) (young) 5462M->2731M(6144M), 0.0444987 secs]
2018-03-27T15:39:47.015+0200: 14040.288: [GC pause (G1 Evacuation Pause) (young) 5453M->2731M(6144M), 0.0405106 secs]
2018-03-27T15:39:48.937+0200: 14042.210: [GC pause (G1 Evacuation Pause) (young) 5479M->2737M(6144M), 0.0437282 secs]
2018-03-27T15:39:51.069+0200: 14044.343: [GC pause (G1 Evacuation Pause) (young) 5457M->2739M(6144M), 0.0411529 secs]
2018-03-27T15:39:53.185+0200: 14046.459: [GC pause (G1 Evacuation Pause) (young) 5455M->2738M(6144M), 0.0366774 secs]
2018-03-27T15:39:55.307+0200: 14048.581: [GC pause (G1 Evacuation Pause) (young) 5460M->2739M(6144M), 0.0513181 secs]
2018-03-27T15:39:57.065+0200: 14050.338: [GC pause (G1 Evacuation Pause) (young) 5461M->2744M(6144M), 0.0398238 secs]
2018-03-27T15:39:59.001+0200: 14052.275: [GC pause (G1 Evacuation Pause) (young) 5460M->2743M(6144M), 0.0394257 secs]
2018-03-27T15:40:01.262+0200: 14054.536: [GC pause (G1 Evacuation Pause) (young) 5461M->2747M(6144M), 0.0381194 secs]
2018-03-27T15:40:02.942+0200: 14056.216: [GC pause (G1 Evacuation Pause) (young) 5463M->2751M(6144M), 0.0463291 secs]
2018-03-27T15:40:05.265+0200: 14058.539: [GC pause (G1 Evacuation Pause) (young) 5459M->2750M(6144M), 0.0731016 secs]
2018-03-27T15:40:07.073+0200: 14060.347: [GC pause (G1 Evacuation Pause) (young) 5460M->2754M(6144M), 0.0374047 secs]
2018-03-27T15:40:08.857+0200: 14062.131: [GC pause (G1 Evacuation Pause) (young) 5462M->2754M(6144M), 0.0340017 secs]
2018-03-27T15:40:10.854+0200: 14064.127: [GC pause (GCLocker Initiated GC) (young) 5468M->2761M(6144M), 0.0369454 secs]
2018-03-27T15:40:12.864+0200: 14066.137: [GC pause (G1 Evacuation Pause) (young) 5461M->2760M(6144M), 0.0486703 secs]
2018-03-27T15:40:14.789+0200: 14068.063: [GC pause (G1 Evacuation Pause) (young) 5462M->2764M(6144M), 0.0392172 secs]
2018-03-27T15:40:16.308+0200: 14069.581: [GC pause (G1 Evacuation Pause) (young) 5458M->2770M(6144M), 0.0530808 secs]
2018-03-27T15:40:18.366+0200: 14071.639: [GC pause (GCLocker Initiated GC) (young) 5461M->2771M(6144M), 0.0405222 secs]
2018-03-27T15:40:20.610+0200: 14073.884: [GC pause (G1 Evacuation Pause) (young) 5457M->2775M(6144M), 0.0515464 secs]
2018-03-27T15:40:22.808+0200: 14076.082: [GC pause (G1 Evacuation Pause) (young) 5455M->2776M(6144M), 0.0395606 secs]
2018-03-27T15:40:24.502+0200: 14077.775: [GC pause (G1 Evacuation Pause) (young) 5458M->2777M(6144M), 0.0436245 secs]
2018-03-27T15:40:26.615+0200: 14079.889: [GC pause (G1 Evacuation Pause) (young) 5461M->2782M(6144M), 0.0462410 secs]
2018-03-27T15:40:28.280+0200: 14081.553: [GC pause (G1 Evacuation Pause) (young) 5456M->2784M(6144M), 0.0432987 secs]
2018-03-27T15:40:30.381+0200: 14083.655: [GC pause (G1 Evacuation Pause) (young) 5456M->2788M(6144M), 0.0409159 secs]
2018-03-27T15:40:32.341+0200: 14085.614: [GC pause (G1 Evacuation Pause) (young) 5452M->2792M(6144M), 0.0547777 secs]
2018-03-27T15:40:34.669+0200: 14087.942: [GC pause (G1 Evacuation Pause) (young) 5454M->2789M(6144M), 0.0509844 secs]
2018-03-27T15:40:36.299+0200: 14089.573: [GC pause (GCLocker Initiated GC) (young) 5461M->2794M(6144M), 0.0383896 secs]
2018-03-27T15:40:38.474+0200: 14091.748: [GC pause (GCLocker Initiated GC) (young) 5460M->2796M(6144M), 0.0385569 secs]
2018-03-27T15:40:40.331+0200: 14093.605: [GC pause (G1 Evacuation Pause) (young) 5458M->2798M(6144M), 0.0419915 secs]
2018-03-27T15:40:41.757+0200: 14095.031: [GC pause (G1 Evacuation Pause) (young) 5458M->2801M(6144M), 0.0391391 secs]
2018-03-27T15:40:43.989+0200: 14097.263: [GC pause (G1 Evacuation Pause) (young) 5459M->2804M(6144M), 0.0400329 secs]
2018-03-27T15:40:45.634+0200: 14098.908: [GC pause (G1 Evacuation Pause) (young) 5454M->2808M(6144M), 0.0427626 secs]
2018-03-27T15:40:47.302+0200: 14100.575: [GC pause (GCLocker Initiated GC) (young) 5461M->2812M(6144M), 0.0386409 secs]
2018-03-27T15:40:49.134+0200: 14102.407: [GC pause (G1 Evacuation Pause) (young) 5460M->2815M(6144M), 0.0377946 secs]
2018-03-27T15:40:50.643+0200: 14103.917: [GC pause (GCLocker Initiated GC) (young) 5503M->2819M(6144M), 0.0371874 secs]
2018-03-27T15:40:52.321+0200: 14105.594: [GC pause (G1 Evacuation Pause) (young) 5459M->2822M(6144M), 0.0366855 secs]
2018-03-27T15:40:54.515+0200: 14107.788: [GC pause (G1 Evacuation Pause) (young) 5454M->2824M(6144M), 0.0353613 secs]
2018-03-27T15:40:56.594+0200: 14109.867: [GC pause (G1 Evacuation Pause) (young) 5458M->2829M(6144M), 0.0416428 secs]
2018-03-27T15:40:58.730+0200: 14112.003: [GC pause (G1 Evacuation Pause) (young) 5457M->2830M(6144M), 0.0371621 secs]
2018-03-27T15:41:00.842+0200: 14114.115: [GC pause (G1 Evacuation Pause) (young) (initial-mark) 5454M->2833M(6144M), 0.0447305 secs]
2018-03-27T15:41:00.887+0200: 14114.160: [GC concurrent-root-region-scan-start]
2018-03-27T15:41:00.942+0200: 14114.216: [GC concurrent-root-region-scan-end, 0.0558281 secs]
2018-03-27T15:41:00.942+0200: 14114.216: [GC concurrent-mark-start]
2018-03-27T15:41:02.609+0200: 14115.883: [GC pause (G1 Evacuation Pause) (young) 5455M->2836M(6144M), 0.0450675 secs]
2018-03-27T15:41:04.239+0200: 14117.513: [GC concurrent-mark-end, 3.2962708 secs]
2018-03-27T15:41:04.242+0200: 14117.515: [GC remark, 0.2588620 secs]
2018-03-27T15:41:04.505+0200: 14117.778: [GC cleanup 4815M->4811M(6144M), 0.0236011 secs]
2018-03-27T15:41:04.529+0200: 14117.802: [GC concurrent-cleanup-start]
2018-03-27T15:41:04.529+0200: 14117.802: [GC concurrent-cleanup-end, 0.0000643 secs]
2018-03-27T15:41:04.974+0200: 14118.248: [GC pause (G1 Evacuation Pause) (young) 5452M->2833M(6144M), 0.0574196 secs]
2018-03-27T15:41:05.246+0200: 14118.520: [GC pause (GCLocker Initiated GC) (mixed) 3089M->2477M(6144M), 0.1682539 secs]
2018-03-27T15:41:05.559+0200: 14118.833: [GC pause (G1 Evacuation Pause) (mixed) 2759M->2448M(6144M), 0.1461132 secs]
2018-03-27T15:41:05.815+0200: 14119.089: [GC pause (G1 Evacuation Pause) (young) 2728M->2450M(6144M), 0.0519585 secs]
2018-03-27T15:41:05.979+0200: 14119.253: [GC pause (G1 Evacuation Pause) (young) 2750M->2454M(6144M), 0.0301606 secs]
2018-03-27T15:41:06.103+0200: 14119.377: [GC pause (G1 Evacuation Pause) (young) 2734M->2456M(6144M), 0.0242399 secs]
2018-03-27T15:41:06.239+0200: 14119.513: [GC pause (G1 Evacuation Pause) (young) 2734M->2452M(6144M), 0.0250124 secs]
2018-03-27T15:41:06.392+0200: 14119.666: [GC pause (GCLocker Initiated GC) (young) 2744M->2452M(6144M), 0.0239885 secs]
2018-03-27T15:41:06.558+0200: 14119.832: [GC pause (GCLocker Initiated GC) (young) 2744M->2451M(6144M), 0.0213264 secs]
2018-03-27T15:41:06.745+0200: 14120.019: [GC pause (GCLocker Initiated GC) (young) 2749M->2453M(6144M), 0.0244144 secs]
2018-03-27T15:41:06.983+0200: 14120.257: [GC pause (G1 Evacuation Pause) (young) 2733M->2450M(6144M), 0.0211745 secs]
2018-03-27T15:41:07.218+0200: 14120.491: [GC pause (G1 Evacuation Pause) (young) 2732M->2453M(6144M), 0.0399127 secs]
2018-03-27T15:41:07.458+0200: 14120.732: [GC pause (G1 Evacuation Pause) (young) 2733M->2454M(6144M), 0.0284545 secs]
2018-03-27T15:41:07.635+0200: 14120.909: [GC pause (G1 Evacuation Pause) (young) 2732M->2455M(6144M), 0.0239070 secs]
2018-03-27T15:41:10.032+0200: 14123.306: [GC pause (G1 Evacuation Pause) (young) 5485M->2458M(6144M), 0.0452615 secs]
2018-03-27T15:41:12.586+0200: 14125.860: [GC pause (GCLocker Initiated GC) (young) 5493M->2465M(6144M), 0.0454955 secs]
2018-03-27T15:41:15.122+0200: 14128.396: [GC pause (G1 Evacuation Pause) (young) 5489M->2472M(6144M), 0.0385175 secs]
2018-03-27T15:41:17.271+0200: 14130.545: [GC pause (G1 Evacuation Pause) (young) 5508M->2476M(6144M), 0.0396665 secs]
2018-03-27T15:41:19.988+0200: 14133.262: [GC pause (G1 Evacuation Pause) (young) 5482M->2480M(6144M), 0.0329861 secs]
2018-03-27T15:41:22.078+0200: 14135.352: [GC pause (G1 Evacuation Pause) (young) 5476M->2485M(6144M), 0.0328913 secs]
2018-03-27T15:41:24.075+0200: 14137.348: [GC pause (G1 Evacuation Pause) (young) 5473M->2486M(6144M), 0.0359011 secs]
2018-03-27T15:41:26.643+0200: 14139.917: [GC pause (G1 Evacuation Pause) (young) 5474M->2487M(6144M), 0.0416906 secs]
2018-03-27T15:41:28.828+0200: 14142.102: [GC pause (G1 Evacuation Pause) (young) 5471M->2494M(6144M), 0.0353032 secs]
2018-03-27T15:41:31.235+0200: 14144.509: [GC pause (G1 Evacuation Pause) (young) 5466M->2494M(6144M), 0.0319651 secs]
2018-03-27T15:41:33.824+0200: 14147.098: [GC pause (G1 Evacuation Pause) (young) 5466M->2498M(6144M), 0.0386908 secs]
2018-03-27T15:41:36.616+0200: 14149.890: [GC pause (G1 Evacuation Pause) (young) 5464M->2501M(6144M), 0.0410798 secs]
2018-03-27T15:41:38.882+0200: 14152.156: [GC pause (GCLocker Initiated GC) (young) 5460M->2500M(6144M), 0.0341778 secs]
2018-03-27T15:41:41.007+0200: 14154.281: [GC pause (G1 Evacuation Pause) (young) 5462M->2504M(6144M), 0.0408635 secs]
2018-03-27T15:41:44.097+0200: 14157.371: [GC pause (G1 Evacuation Pause) (young) 5458M->2503M(6144M), 0.0491397 secs]
2018-03-27T15:41:45.942+0200: 14159.216: [GC pause (G1 Evacuation Pause) (young) 5461M->2506M(6144M), 0.0417626 secs]
2018-03-27T15:41:48.577+0200: 14161.851: [GC pause (G1 Evacuation Pause) (young) 5458M->2508M(6144M), 0.0398882 secs]
2018-03-27T15:41:51.134+0200: 14164.408: [GC pause (G1 Evacuation Pause) (young) 5460M->2511M(6144M), 0.0416824 secs]
2018-03-27T15:41:53.782+0200: 14167.056: [GC pause (G1 Evacuation Pause) (young) 5457M->2513M(6144M), 0.0558675 secs]
2018-03-27T15:41:55.967+0200: 14169.240: [GC pause (GCLocker Initiated GC) (young) 5471M->2515M(6144M), 0.0367980 secs]
2018-03-27T15:41:57.817+0200: 14171.091: [GC pause (GCLocker Initiated GC) (young) 5465M->2517M(6144M), 0.0408338 secs]
2018-03-27T15:41:59.995+0200: 14173.268: [GC pause (G1 Evacuation Pause) (young) 5461M->2516M(6144M), 0.0451360 secs]
2018-03-27T15:42:02.250+0200: 14175.524: [GC pause (G1 Evacuation Pause) (young) 5462M->2521M(6144M), 0.0590563 secs]
2018-03-27T15:42:04.364+0200: 14177.638: [GC pause (G1 Evacuation Pause) (young) 5461M->2523M(6144M), 0.0469900 secs]
2018-03-27T15:42:06.640+0200: 14179.914: [GC pause (G1 Evacuation Pause) (young) 5459M->2528M(6144M), 0.0538617 secs]
2018-03-27T15:42:08.930+0200: 14182.203: [GC pause (G1 Evacuation Pause) (young) 5458M->2530M(6144M), 0.0421098 secs]
2018-03-27T15:42:11.106+0200: 14184.380: [GC pause (G1 Evacuation Pause) (young) 5458M->2532M(6144M), 0.0559770 secs]
2018-03-27T15:42:13.689+0200: 14186.963: [GC pause (G1 Evacuation Pause) (young) 5458M->2535M(6144M), 0.0728056 secs]
2018-03-27T15:42:16.532+0200: 14189.806: [GC pause (G1 Evacuation Pause) (young) 5455M->2537M(6144M), 0.0398659 secs]
2018-03-27T15:42:19.404+0200: 14192.678: [GC pause (G1 Evacuation Pause) (young) 5461M->2539M(6144M), 0.0465450 secs]
2018-03-27T15:42:21.287+0200: 14194.561: [GC pause (G1 Evacuation Pause) (young) 5459M->2540M(6144M), 0.0410928 secs]
2018-03-27T15:42:23.620+0200: 14196.894: [GC pause (G1 Evacuation Pause) (young) 5456M->2545M(6144M), 0.0428748 secs]
2018-03-27T15:42:25.833+0200: 14199.107: [GC pause (G1 Evacuation Pause) (young) 5455M->2545M(6144M), 0.0494592 secs]
2018-03-27T15:42:28.211+0200: 14201.484: [GC pause (G1 Evacuation Pause) (young) 5457M->2548M(6144M), 0.0442816 secs]
2018-03-27T15:42:29.767+0200: 14203.041: [GC pause (G1 Evacuation Pause) (young) 5459M->2552M(6144M), 0.0396253 secs]
2018-03-27T15:42:32.024+0200: 14205.298: [GC pause (GCLocker Initiated GC) (young) 5466M->2552M(6144M), 0.0392779 secs]
2018-03-27T15:42:33.757+0200: 14207.031: [GC pause (GCLocker Initiated GC) (young) 5488M->2555M(6144M), 0.0511610 secs]
2018-03-27T15:42:36.112+0200: 14209.386: [GC pause (G1 Evacuation Pause) (young) 5457M->2559M(6144M), 0.0415444 secs]
2018-03-27T15:42:38.195+0200: 14211.468: [GC pause (G1 Evacuation Pause) (young) 5455M->2563M(6144M), 0.0569732 secs]
2018-03-27T15:42:39.757+0200: 14213.031: [GC pause (G1 Evacuation Pause) (young) 5458M->2563M(6144M), 0.0365746 secs]
2018-03-27T15:42:41.793+0200: 14215.066: [GC pause (G1 Evacuation Pause) (young) 5457M->2566M(6144M), 0.0360470 secs]
2018-03-27T15:42:44.050+0200: 14217.324: [GC pause (G1 Evacuation Pause) (young) 5458M->2568M(6144M), 0.0521725 secs]
2018-03-27T15:42:45.738+0200: 14219.012: [GC pause (G1 Evacuation Pause) (young) 5458M->2570M(6144M), 0.0452427 secs]
2018-03-27T15:42:47.897+0200: 14221.171: [GC pause (GCLocker Initiated GC) (young) 5459M->2571M(6144M), 0.0358747 secs]
2018-03-27T15:42:49.959+0200: 14223.232: [GC pause (G1 Evacuation Pause) (young) 5461M->2574M(6144M), 0.0424082 secs]
2018-03-27T15:42:52.658+0200: 14225.931: [GC pause (G1 Evacuation Pause) (young) 5458M->2582M(6144M), 0.0409711 secs]
2018-03-27T15:42:54.778+0200: 14228.052: [GC pause (G1 Evacuation Pause) (young) 5454M->2581M(6144M), 0.0410089 secs]
2018-03-27T15:42:56.721+0200: 14229.994: [GC pause (G1 Evacuation Pause) (young) 5457M->2581M(6144M), 0.0421914 secs]
2018-03-27T15:42:58.758+0200: 14232.032: [GC pause (G1 Evacuation Pause) (young) 5459M->2585M(6144M), 0.0401226 secs]
2018-03-27T15:43:00.931+0200: 14234.204: [GC pause (G1 Evacuation Pause) (young) 5457M->2588M(6144M), 0.0374979 secs]
2018-03-27T15:43:02.688+0200: 14235.962: [GC pause (G1 Evacuation Pause) (young) 5454M->2590M(6144M), 0.0368818 secs]
2018-03-27T15:43:03.932+0200: 14237.205: [GC pause (G1 Evacuation Pause) (young) 4514M->2594M(6144M), 0.0582279 secs]
2018-03-27T15:43:04.115+0200: 14237.389: [GC pause (G1 Evacuation Pause) (young) 2886M->2602M(6144M), 0.0419685 secs]
2018-03-27T15:43:04.292+0200: 14237.566: [GC pause (G1 Evacuation Pause) (young) 2885M->2603M(6144M), 0.0247483 secs]
2018-03-27T15:43:04.454+0200: 14237.728: [GC pause (G1 Evacuation Pause) (young) 2885M->2609M(6144M), 0.0236908 secs]
2018-03-27T15:43:04.684+0200: 14237.958: [GC pause (GCLocker Initiated GC) (young) 2901M->2604M(6144M), 0.0240253 secs]
2018-03-27T15:43:05.262+0200: 14238.535: [GC pause (G1 Evacuation Pause) (young) 3286M->2607M(6144M), 0.0260461 secs]
2018-03-27T15:43:06.050+0200: 14239.324: [GC pause (G1 Evacuation Pause) (young) 3807M->2611M(6144M), 0.0243584 secs]
2018-03-27T15:43:07.142+0200: 14240.416: [GC pause (G1 Evacuation Pause) (young) 4557M->2613M(6144M), 0.0259925 secs]
2018-03-27T15:43:09.294+0200: 14242.568: [GC pause (G1 Evacuation Pause) (young) 5476M->2616M(6144M), 0.0385448 secs]
2018-03-27T15:43:11.525+0200: 14244.799: [GC pause (G1 Evacuation Pause) (young) 5484M->2622M(6144M), 0.0359649 secs]
2018-03-27T15:43:13.380+0200: 14246.654: [GC pause (GCLocker Initiated GC) (young) 5487M->2623M(6144M), 0.0299575 secs]
2018-03-27T15:43:15.608+0200: 14248.881: [GC pause (G1 Evacuation Pause) (young) 5487M->2631M(6144M), 0.0408723 secs]
2018-03-27T15:43:17.777+0200: 14251.050: [GC pause (GCLocker Initiated GC) (young) 5509M->2633M(6144M), 0.0360400 secs]
2018-03-27T15:43:20.303+0200: 14253.577: [GC pause (GCLocker Initiated GC) (young) 5479M->2638M(6144M), 0.0393782 secs]
2018-03-27T15:43:22.738+0200: 14256.011: [GC pause (G1 Evacuation Pause) (young) 5488M->2639M(6144M), 0.0423807 secs]
2018-03-27T15:43:24.970+0200: 14258.243: [GC pause (G1 Evacuation Pause) (young) 5471M->2642M(6144M), 0.0378384 secs]
2018-03-27T15:43:26.721+0200: 14259.995: [GC pause (G1 Evacuation Pause) (young) 5468M->2647M(6144M), 0.0384308 secs]
2018-03-27T15:43:28.753+0200: 14262.027: [GC pause (G1 Evacuation Pause) (young) 5465M->2653M(6144M), 0.0397975 secs]
2018-03-27T15:43:30.581+0200: 14263.855: [GC pause (G1 Evacuation Pause) (young) 5459M->2653M(6144M), 0.0387632 secs]
2018-03-27T15:43:32.845+0200: 14266.119: [GC pause (G1 Evacuation Pause) (young) 5461M->2657M(6144M), 0.0366849 secs]
2018-03-27T15:43:34.999+0200: 14268.273: [GC pause (G1 Evacuation Pause) (young) 5459M->2660M(6144M), 0.0370552 secs]
2018-03-27T15:43:37.276+0200: 14270.550: [GC pause (G1 Evacuation Pause) (young) 5463M->2668M(6144M), 0.0410071 secs]
2018-03-27T15:43:39.455+0200: 14272.729: [GC pause (G1 Evacuation Pause) (young) 5454M->2665M(6144M), 0.0384449 secs]
2018-03-27T15:43:41.580+0200: 14274.854: [GC pause (G1 Evacuation Pause) (young) 5455M->2665M(6144M), 0.0475528 secs]
2018-03-27T15:43:43.819+0200: 14277.093: [GC pause (GCLocker Initiated GC) (young) 5475M->2668M(6144M), 0.0401647 secs]
2018-03-27T15:43:45.988+0200: 14279.262: [GC pause (G1 Evacuation Pause) (young) 5458M->2668M(6144M), 0.0383020 secs]
2018-03-27T15:43:48.441+0200: 14281.715: [GC pause (G1 Evacuation Pause) (young) 5460M->2668M(6144M), 0.0401747 secs]
2018-03-27T15:43:50.437+0200: 14283.711: [GC pause (G1 Evacuation Pause) (young) 5460M->2675M(6144M), 0.0409832 secs]
2018-03-27T15:43:52.340+0200: 14285.614: [GC pause (G1 Evacuation Pause) (young) 5500M->2674M(6144M), 0.0686629 secs]
2018-03-27T15:43:54.147+0200: 14287.420: [GC pause (G1 Evacuation Pause) (young) 5462M->2679M(6144M), 0.0555805 secs]
2018-03-27T15:43:56.478+0200: 14289.752: [GC pause (G1 Evacuation Pause) (young) 5459M->2680M(6144M), 0.0455487 secs]
2018-03-27T15:43:58.369+0200: 14291.643: [GC pause (G1 Evacuation Pause) (young) 5463M->2683M(6144M), 0.0375535 secs]
2018-03-27T15:44:00.414+0200: 14293.688: [GC pause (G1 Evacuation Pause) (young) 5461M->2686M(6144M), 0.0438646 secs]
2018-03-27T15:44:02.542+0200: 14295.815: [GC pause (G1 Evacuation Pause) (young) 5462M->2689M(6144M), 0.0413873 secs]
2018-03-27T15:44:04.462+0200: 14297.736: [GC pause (G1 Evacuation Pause) (young) 5485M->2693M(6144M), 0.0515650 secs]
2018-03-27T15:44:06.558+0200: 14299.832: [GC pause (G1 Evacuation Pause) (young) 5459M->2698M(6144M), 0.0399338 secs]
2018-03-27T15:44:08.935+0200: 14302.209: [GC pause (G1 Evacuation Pause) (young) 5464M->2700M(6144M), 0.0575440 secs]
2018-03-27T15:44:11.090+0200: 14304.364: [GC pause (G1 Evacuation Pause) (young) 5460M->2703M(6144M), 0.0392800 secs]
2018-03-27T15:44:13.087+0200: 14306.360: [GC pause (G1 Evacuation Pause) (young) 5457M->2707M(6144M), 0.0704343 secs]
2018-03-27T15:44:15.488+0200: 14308.762: [GC pause (G1 Evacuation Pause) (young) 5455M->2709M(6144M), 0.0637638 secs]
2018-03-27T15:44:17.539+0200: 14310.813: [GC pause (G1 Evacuation Pause) (young) 5455M->2710M(6144M), 0.0545155 secs]
2018-03-27T15:44:19.496+0200: 14312.770: [GC pause (G1 Evacuation Pause) (young) 5458M->2712M(6144M), 0.0468657 secs]
2018-03-27T15:44:21.459+0200: 14314.733: [GC pause (G1 Evacuation Pause) (young) 5458M->2718M(6144M), 0.0408647 secs]
2018-03-27T15:44:23.449+0200: 14316.722: [GC pause (G1 Evacuation Pause) (young) 5456M->2718M(6144M), 0.0439274 secs]
2018-03-27T15:44:25.414+0200: 14318.687: [GC pause (GCLocker Initiated GC) (young) 5461M->2720M(6144M), 0.0419644 secs]
2018-03-27T15:44:27.721+0200: 14320.994: [GC pause (G1 Evacuation Pause) (young) 5458M->2723M(6144M), 0.0430879 secs]
2018-03-27T15:44:29.858+0200: 14323.132: [GC pause (G1 Evacuation Pause) (young) 5457M->2726M(6144M), 0.0372871 secs]
2018-03-27T15:44:32.033+0200: 14325.307: [GC pause (GCLocker Initiated GC) (young) 5476M->2729M(6144M), 0.0377765 secs]
2018-03-27T15:44:33.972+0200: 14327.246: [GC pause (G1 Evacuation Pause) (young) 5455M->2730M(6144M), 0.0381360 secs]
2018-03-27T15:44:35.574+0200: 14328.847: [GC pause (G1 Evacuation Pause) (young) 5458M->2731M(6144M), 0.0380880 secs]
2018-03-27T15:44:38.124+0200: 14331.398: [GC pause (G1 Evacuation Pause) (young) 5461M->2734M(6144M), 0.0386540 secs]
2018-03-27T15:44:40.218+0200: 14333.492: [GC pause (G1 Evacuation Pause) (young) 5460M->2738M(6144M), 0.0468038 secs]
2018-03-27T15:44:42.666+0200: 14335.940: [GC pause (G1 Evacuation Pause) (young) 5460M->2742M(6144M), 0.0409175 secs]
2018-03-27T15:44:44.952+0200: 14338.226: [GC pause (GCLocker Initiated GC) (young) 5459M->2745M(6144M), 0.0458105 secs]
2018-03-27T15:44:47.002+0200: 14340.276: [GC pause (G1 Evacuation Pause) (young) 5455M->2747M(6144M), 0.0457500 secs]
2018-03-27T15:44:49.049+0200: 14342.323: [GC pause (G1 Evacuation Pause) (young) 5459M->2750M(6144M), 0.0373652 secs]
2018-03-27T15:44:51.327+0200: 14344.600: [GC pause (G1 Evacuation Pause) (young) 5454M->2754M(6144M), 0.0402102 secs]
2018-03-27T15:44:53.360+0200: 14346.633: [GC pause (G1 Evacuation Pause) (young) 5456M->2753M(6144M), 0.0384937 secs]
2018-03-27T15:44:55.446+0200: 14348.720: [GC pause (G1 Evacuation Pause) (young) 5459M->2759M(6144M), 0.0540147 secs]
2018-03-27T15:44:57.355+0200: 14350.629: [GC pause (G1 Evacuation Pause) (young) 5479M->2766M(6144M), 0.0636839 secs]
2018-03-27T15:44:59.469+0200: 14352.743: [GC pause (G1 Evacuation Pause) (young) 5456M->2763M(6144M), 0.0418880 secs]
2018-03-27T15:45:01.419+0200: 14354.692: [GC pause (G1 Evacuation Pause) (young) 5459M->2764M(6144M), 0.0405822 secs]
2018-03-27T15:45:03.592+0200: 14356.866: [GC pause (G1 Evacuation Pause) (young) 5456M->2774M(6144M), 0.0647529 secs]
2018-03-27T15:45:05.244+0200: 14358.517: [GC pause (G1 Evacuation Pause) (young) 5452M->2769M(6144M), 0.0460087 secs]
2018-03-27T15:45:07.065+0200: 14360.338: [GC pause (GCLocker Initiated GC) (young) 5461M->2773M(6144M), 0.0452755 secs]
2018-03-27T15:45:09.329+0200: 14362.603: [GC pause (G1 Evacuation Pause) (young) 5455M->2774M(6144M), 0.0370347 secs]
2018-03-27T15:45:11.354+0200: 14364.628: [GC pause (G1 Evacuation Pause) (young) 5458M->2777M(6144M), 0.0414340 secs]
2018-03-27T15:45:13.261+0200: 14366.534: [GC pause (G1 Evacuation Pause) (young) 5457M->2782M(6144M), 0.0400448 secs]
2018-03-27T15:45:14.967+0200: 14368.241: [GC pause (GCLocker Initiated GC) (young) 5464M->2784M(6144M), 0.0373374 secs]
2018-03-27T15:45:16.978+0200: 14370.252: [GC pause (G1 Evacuation Pause) (young) 5458M->2786M(6144M), 0.0480577 secs]
2018-03-27T15:45:19.738+0200: 14373.012: [GC pause (G1 Evacuation Pause) (young) 5460M->2788M(6144M), 0.0389625 secs]
2018-03-27T15:45:21.352+0200: 14374.626: [GC pause (G1 Evacuation Pause) (young) 5460M->2792M(6144M), 0.0364870 secs]
2018-03-27T15:45:23.257+0200: 14376.531: [GC pause (G1 Evacuation Pause) (young) 5458M->2794M(6144M), 0.0382049 secs]
2018-03-27T15:45:25.590+0200: 14378.864: [GC pause (G1 Evacuation Pause) (young) 5458M->2798M(6144M), 0.0529363 secs]
2018-03-27T15:45:27.564+0200: 14380.838: [GC pause (G1 Evacuation Pause) (young) 5458M->2803M(6144M), 0.0386086 secs]
2018-03-27T15:45:29.405+0200: 14382.678: [GC pause (GCLocker Initiated GC) (young) 5462M->2804M(6144M), 0.0379393 secs]
2018-03-27T15:45:31.637+0200: 14384.911: [GC pause (G1 Evacuation Pause) (young) 5456M->2806M(6144M), 0.0451960 secs]
2018-03-27T15:45:34.146+0200: 14387.420: [GC pause (G1 Evacuation Pause) (young) 5456M->2807M(6144M), 0.0402600 secs]
2018-03-27T15:45:35.918+0200: 14389.192: [GC pause (G1 Evacuation Pause) (young) 5457M->2810M(6144M), 0.0443346 secs]
2018-03-27T15:45:37.855+0200: 14391.129: [GC pause (G1 Evacuation Pause) (young) 5458M->2814M(6144M), 0.0389203 secs]
2018-03-27T15:45:39.982+0200: 14393.256: [GC pause (G1 Evacuation Pause) (young) 5456M->2815M(6144M), 0.0392545 secs]
2018-03-27T15:45:42.056+0200: 14395.330: [GC pause (G1 Evacuation Pause) (young) 5459M->2816M(6144M), 0.0406091 secs]
2018-03-27T15:45:43.981+0200: 14397.255: [GC pause (G1 Evacuation Pause) (young) 5456M->2818M(6144M), 0.0381495 secs]
2018-03-27T15:45:46.194+0200: 14399.468: [GC pause (GCLocker Initiated GC) (young) 5462M->2822M(6144M), 0.0650156 secs]
2018-03-27T15:45:47.817+0200: 14401.090: [GC pause (G1 Evacuation Pause) (young) 5458M->2826M(6144M), 0.0472986 secs]
2018-03-27T15:45:49.638+0200: 14402.912: [GC pause (G1 Evacuation Pause) (young) 5458M->2825M(6144M), 0.0498185 secs]
2018-03-27T15:45:51.657+0200: 14404.930: [GC pause (G1 Evacuation Pause) (young) (initial-mark) 5459M->2827M(6144M), 0.0634402 secs]
2018-03-27T15:45:51.720+0200: 14404.994: [GC concurrent-root-region-scan-start]
2018-03-27T15:45:51.769+0200: 14405.043: [GC concurrent-root-region-scan-end, 0.0486413 secs]
2018-03-27T15:45:51.769+0200: 14405.043: [GC concurrent-mark-start]
2018-03-27T15:45:53.780+0200: 14407.054: [GC pause (G1 Evacuation Pause) (young) 5463M->2831M(6144M), 0.0463765 secs]
2018-03-27T15:45:55.093+0200: 14408.367: [GC concurrent-mark-end, 3.3242751 secs]
2018-03-27T15:45:55.096+0200: 14408.370: [GC remark, 0.3280276 secs]
2018-03-27T15:45:55.427+0200: 14408.701: [GC cleanup 4507M->4487M(6144M), 0.0248639 secs]
2018-03-27T15:45:55.453+0200: 14408.726: [GC concurrent-cleanup-start]
2018-03-27T15:45:55.453+0200: 14408.726: [GC concurrent-cleanup-end, 0.0001593 secs]
2018-03-27T15:45:55.859+0200: 14409.133: [GC pause (G1 Evacuation Pause) (young) 5443M->2816M(6144M), 0.0563373 secs]
2018-03-27T15:45:56.025+0200: 14409.299: [GC pause (G1 Evacuation Pause) (mixed) 3058M->2459M(6144M), 0.1747306 secs]
2018-03-27T15:45:56.404+0200: 14409.677: [GC pause (G1 Evacuation Pause) (mixed) 2741M->2450M(6144M), 0.1003049 secs]
2018-03-27T15:45:56.641+0200: 14409.915: [GC pause (G1 Evacuation Pause) (young) 2728M->2449M(6144M), 0.0482965 secs]
2018-03-27T15:45:56.794+0200: 14410.068: [GC pause (G1 Evacuation Pause) (young) 2729M->2450M(6144M), 0.0218190 secs]
2018-03-27T15:45:56.948+0200: 14410.222: [GC pause (G1 Evacuation Pause) (young) 2728M->2449M(6144M), 0.0216547 secs]
2018-03-27T15:45:57.085+0200: 14410.359: [GC pause (G1 Evacuation Pause) (young) 2729M->2447M(6144M), 0.0228932 secs]
2018-03-27T15:45:57.234+0200: 14410.508: [GC pause (G1 Evacuation Pause) (young) 2729M->2450M(6144M), 0.0227378 secs]
2018-03-27T15:45:57.375+0200: 14410.649: [GC pause (G1 Evacuation Pause) (young) 2728M->2449M(6144M), 0.0226988 secs]
2018-03-27T15:45:57.552+0200: 14410.826: [GC pause (GCLocker Initiated GC) (young) 2745M->2451M(6144M), 0.0227950 secs]
2018-03-27T15:45:57.731+0200: 14411.005: [GC pause (G1 Evacuation Pause) (young) 2729M->2450M(6144M), 0.0231722 secs]
2018-03-27T15:45:57.884+0200: 14411.158: [GC pause (GCLocker Initiated GC) (young) 2728M->2450M(6144M), 0.0234548 secs]
2018-03-27T15:45:58.078+0200: 14411.352: [GC pause (G1 Evacuation Pause) (young) 2728M->2449M(6144M), 0.0256223 secs]
2018-03-27T15:45:58.230+0200: 14411.504: [GC pause (GCLocker Initiated GC) (young) 2745M->2451M(6144M), 0.0231705 secs]
2018-03-27T15:45:58.984+0200: 14412.258: [GC pause (GCLocker Initiated GC) (young) 3503M->2453M(6144M), 0.0283199 secs]
2018-03-27T15:46:00.911+0200: 14414.185: [GC pause (G1 Evacuation Pause) (young) 5461M->2464M(6144M), 0.0353458 secs]
2018-03-27T15:46:02.644+0200: 14415.917: [GC pause (G1 Evacuation Pause) (young) 5470M->2473M(6144M), 0.0396895 secs]
2018-03-27T15:46:04.559+0200: 14417.833: [GC pause (G1 Evacuation Pause) (young) 5479M->2475M(6144M), 0.0477367 secs]
2018-03-27T15:46:06.489+0200: 14419.763: [GC pause (G1 Evacuation Pause) (young) 5485M->2479M(6144M), 0.0639398 secs]
2018-03-27T15:46:08.455+0200: 14421.729: [GC pause (G1 Evacuation Pause) (young) 5486M->2483M(6144M), 0.0489824 secs]
2018-03-27T15:46:10.256+0200: 14423.530: [GC pause (G1 Evacuation Pause) (young) 5479M->2490M(6144M), 0.0431468 secs]
2018-03-27T15:46:12.284+0200: 14425.558: [GC pause (G1 Evacuation Pause) (young) 5474M->2491M(6144M), 0.0455021 secs]
2018-03-27T15:46:14.636+0200: 14427.910: [GC pause (G1 Evacuation Pause) (young) 5471M->2498M(6144M), 0.0419221 secs]
2018-03-27T15:46:16.547+0200: 14429.821: [GC pause (G1 Evacuation Pause) (young) 5466M->2499M(6144M), 0.0372692 secs]
2018-03-27T15:46:18.708+0200: 14431.982: [GC pause (G1 Evacuation Pause) (young) 5467M->2499M(6144M), 0.0389380 secs]
2018-03-27T15:46:20.734+0200: 14434.007: [GC pause (G1 Evacuation Pause) (young) 5467M->2504M(6144M), 0.0427200 secs]
2018-03-27T15:46:22.704+0200: 14435.978: [GC pause (G1 Evacuation Pause) (young) 5458M->2503M(6144M), 0.0393066 secs]
2018-03-27T15:46:24.869+0200: 14438.143: [GC pause (GCLocker Initiated GC) (young) 5464M->2508M(6144M), 0.0373921 secs]
2018-03-27T15:46:26.998+0200: 14440.272: [GC pause (G1 Evacuation Pause) (young) 5458M->2508M(6144M), 0.0399117 secs]
2018-03-27T15:46:29.258+0200: 14442.531: [GC pause (G1 Evacuation Pause) (young) 5458M->2512M(6144M), 0.0394966 secs]
2018-03-27T15:46:31.202+0200: 14444.476: [GC pause (G1 Evacuation Pause) (young) 5454M->2513M(6144M), 0.0535482 secs]
2018-03-27T15:46:33.321+0200: 14446.595: [GC pause (G1 Evacuation Pause) (young) 5481M->2525M(6144M), 0.0509810 secs]
2018-03-27T15:46:35.536+0200: 14448.810: [GC pause (G1 Evacuation Pause) (young) 5457M->2520M(6144M), 0.0373419 secs]
2018-03-27T15:46:37.544+0200: 14450.817: [GC pause (G1 Evacuation Pause) (young) 5458M->2523M(6144M), 0.0383112 secs]
2018-03-27T15:46:39.816+0200: 14453.089: [GC pause (GCLocker Initiated GC) (young) 5459M->2526M(6144M), 0.0408439 secs]
2018-03-27T15:46:41.946+0200: 14455.220: [GC pause (G1 Evacuation Pause) (young) 5458M->2526M(6144M), 0.0392808 secs]
2018-03-27T15:46:43.764+0200: 14457.038: [GC pause (G1 Evacuation Pause) (young) 5460M->2530M(6144M), 0.0387405 secs]
2018-03-27T15:46:46.020+0200: 14459.294: [GC pause (G1 Evacuation Pause) (young) 5458M->2530M(6144M), 0.0412098 secs]
2018-03-27T15:46:48.266+0200: 14461.540: [GC pause (G1 Evacuation Pause) (young) 5462M->2533M(6144M), 0.0606128 secs]
2018-03-27T15:46:50.377+0200: 14463.650: [GC pause (GCLocker Initiated GC) (young) 5483M->2538M(6144M), 0.0539943 secs]
2018-03-27T15:46:52.946+0200: 14466.219: [GC pause (G1 Evacuation Pause) (young) 5482M->2549M(6144M), 0.0473713 secs]
2018-03-27T15:46:55.221+0200: 14468.495: [GC pause (G1 Evacuation Pause) (young) 5453M->2541M(6144M), 0.0420129 secs]
2018-03-27T15:46:57.463+0200: 14470.737: [GC pause (G1 Evacuation Pause) (young) 5459M->2543M(6144M), 0.0378093 secs]
2018-03-27T15:47:00.110+0200: 14473.384: [GC pause (G1 Evacuation Pause) (young) 5485M->2549M(6144M), 0.0493188 secs]
2018-03-27T15:47:02.080+0200: 14475.353: [GC pause (G1 Evacuation Pause) (young) 5475M->2551M(6144M), 0.0431353 secs]
2018-03-27T15:47:03.974+0200: 14477.248: [GC pause (G1 Evacuation Pause) (young) 5461M->2551M(6144M), 0.0377116 secs]
2018-03-27T15:47:06.014+0200: 14479.287: [GC pause (G1 Evacuation Pause) (young) 5463M->2553M(6144M), 0.0391324 secs]
2018-03-27T15:47:08.270+0200: 14481.543: [GC pause (G1 Evacuation Pause) (young) 5463M->2556M(6144M), 0.0420272 secs]
2018-03-27T15:47:10.592+0200: 14483.866: [GC pause (G1 Evacuation Pause) (young) 5458M->2560M(6144M), 0.0416856 secs]
2018-03-27T15:47:12.878+0200: 14486.151: [GC pause (G1 Evacuation Pause) (young) 5460M->2558M(6144M), 0.0379870 secs]
2018-03-27T15:47:15.166+0200: 14488.439: [GC pause (G1 Evacuation Pause) (young) 5464M->2562M(6144M), 0.0360836 secs]
2018-03-27T15:47:16.996+0200: 14490.270: [GC pause (GCLocker Initiated GC) (young) 5483M->2567M(6144M), 0.0380259 secs]
2018-03-27T15:47:19.098+0200: 14492.372: [GC pause (G1 Evacuation Pause) (young) 5461M->2569M(6144M), 0.0394625 secs]
2018-03-27T15:47:22.008+0200: 14495.282: [GC pause (G1 Evacuation Pause) (young) 5459M->2571M(6144M), 0.0416396 secs]
2018-03-27T15:47:23.962+0200: 14497.236: [GC pause (G1 Evacuation Pause) (young) 5483M->2583M(6144M), 0.0481259 secs]
2018-03-27T15:47:26.015+0200: 14499.289: [GC pause (G1 Evacuation Pause) (young) 5457M->2575M(6144M), 0.0373385 secs]
2018-03-27T15:47:28.082+0200: 14501.356: [GC pause (G1 Evacuation Pause) (young) 5463M->2577M(6144M), 0.0413006 secs]
2018-03-27T15:47:30.139+0200: 14503.413: [GC pause (G1 Evacuation Pause) (young) 5461M->2579M(6144M), 0.0409341 secs]
2018-03-27T15:47:32.368+0200: 14505.642: [GC pause (G1 Evacuation Pause) (young) 5461M->2581M(6144M), 0.0371316 secs]
2018-03-27T15:47:34.970+0200: 14508.243: [GC pause (G1 Evacuation Pause) (young) 5465M->2583M(6144M), 0.0374283 secs]
2018-03-27T15:47:37.199+0200: 14510.472: [GC pause (GCLocker Initiated GC) (young) 5469M->2586M(6144M), 0.0373159 secs]
2018-03-27T15:47:39.736+0200: 14513.009: [GC pause (G1 Evacuation Pause) (young) 5460M->2587M(6144M), 0.0407869 secs]
2018-03-27T15:47:41.789+0200: 14515.062: [GC pause (G1 Evacuation Pause) (young) 5463M->2586M(6144M), 0.0361881 secs]
2018-03-27T15:47:44.385+0200: 14517.659: [GC pause (G1 Evacuation Pause) (young) 5468M->2592M(6144M), 0.0360673 secs]
2018-03-27T15:47:46.956+0200: 14520.230: [GC pause (GCLocker Initiated GC) (young) 5470M->2593M(6144M), 0.0364044 secs]
2018-03-27T15:47:49.038+0200: 14522.312: [GC pause (GCLocker Initiated GC) (young) 5465M->2596M(6144M), 0.0386760 secs]
2018-03-27T15:47:51.085+0200: 14524.359: [GC pause (G1 Evacuation Pause) (young) 5464M->2597M(6144M), 0.0444145 secs]
2018-03-27T15:47:53.413+0200: 14526.686: [GC pause (G1 Evacuation Pause) (young) 5463M->2602M(6144M), 0.0444311 secs]
2018-03-27T15:47:55.467+0200: 14528.741: [GC pause (G1 Evacuation Pause) (young) 5464M->2603M(6144M), 0.0415254 secs]
2018-03-27T15:47:57.997+0200: 14531.271: [GC pause (G1 Evacuation Pause) (young) 5467M->2604M(6144M), 0.0454040 secs]
2018-03-27T15:48:00.587+0200: 14533.860: [GC pause (G1 Evacuation Pause) (young) 5466M->2609M(6144M), 0.0390831 secs]
2018-03-27T15:48:03.035+0200: 14536.309: [GC pause (G1 Evacuation Pause) (young) 5465M->2611M(6144M), 0.0407012 secs]
2018-03-27T15:48:05.469+0200: 14538.743: [GC pause (G1 Evacuation Pause) (young) 5465M->2613M(6144M), 0.0402175 secs]
2018-03-27T15:48:07.635+0200: 14540.908: [GC pause (G1 Evacuation Pause) (young) 5461M->2617M(6144M), 0.0379589 secs]
2018-03-27T15:48:09.962+0200: 14543.235: [GC pause (G1 Evacuation Pause) (young) 5459M->2614M(6144M), 0.0359356 secs]
2018-03-27T15:48:12.012+0200: 14545.286: [GC pause (G1 Evacuation Pause) (young) 5466M->2624M(6144M), 0.0423821 secs]
2018-03-27T15:48:13.724+0200: 14546.998: [GC pause (G1 Evacuation Pause) (young) 5456M->2624M(6144M), 0.0377869 secs]
2018-03-27T15:48:16.733+0200: 14550.007: [GC pause (G1 Evacuation Pause) (young) 5462M->2627M(6144M), 0.0407374 secs]
2018-03-27T15:48:18.705+0200: 14551.978: [GC pause (G1 Evacuation Pause) (young) 5459M->2628M(6144M), 0.0461292 secs]
2018-03-27T15:48:21.302+0200: 14554.576: [GC pause (G1 Evacuation Pause) (young) 5462M->2632M(6144M), 0.0351044 secs]
2018-03-27T15:48:24.501+0200: 14557.775: [GC pause (GCLocker Initiated GC) (young) 5461M->2631M(6144M), 0.0418553 secs]
2018-03-27T15:48:26.880+0200: 14560.154: [GC pause (G1 Evacuation Pause) (young) 5463M->2634M(6144M), 0.0371003 secs]
2018-03-27T15:48:29.061+0200: 14562.335: [GC pause (G1 Evacuation Pause) (young) 5462M->2636M(6144M), 0.0472979 secs]
2018-03-27T15:48:31.580+0200: 14564.854: [GC pause (G1 Evacuation Pause) (young) 5462M->2643M(6144M), 0.0411574 secs]
2018-03-27T15:48:33.733+0200: 14567.006: [GC pause (G1 Evacuation Pause) (young) 5455M->2645M(6144M), 0.0382504 secs]
2018-03-27T15:48:35.952+0200: 14569.226: [GC pause (G1 Evacuation Pause) (young) 5455M->2651M(6144M), 0.0641038 secs]
2018-03-27T15:48:38.431+0200: 14571.705: [GC pause (G1 Evacuation Pause) (young) 5451M->2650M(6144M), 0.0492220 secs]
2018-03-27T15:48:40.568+0200: 14573.841: [GC pause (G1 Evacuation Pause) (young) 5456M->2648M(6144M), 0.0506585 secs]
2018-03-27T15:48:43.245+0200: 14576.519: [GC pause (G1 Evacuation Pause) (young) 5456M->2653M(6144M), 0.0420103 secs]
2018-03-27T15:48:45.062+0200: 14578.336: [GC pause (GCLocker Initiated GC) (young) 5470M->2652M(6144M), 0.0437362 secs]
2018-03-27T15:48:47.372+0200: 14580.646: [GC pause (G1 Evacuation Pause) (young) 5460M->2659M(6144M), 0.0454376 secs]
2018-03-27T15:48:49.665+0200: 14582.939: [GC pause (G1 Evacuation Pause) (young) 5457M->2658M(6144M), 0.0478769 secs]
2018-03-27T15:48:51.709+0200: 14584.982: [GC pause (G1 Evacuation Pause) (young) 5458M->2663M(6144M), 0.0414773 secs]
2018-03-27T15:48:54.285+0200: 14587.559: [GC pause (G1 Evacuation Pause) (young) 5453M->2663M(6144M), 0.0463552 secs]
2018-03-27T15:48:56.590+0200: 14589.863: [GC pause (G1 Evacuation Pause) (young) 5459M->2664M(6144M), 0.0503019 secs]
2018-03-27T15:48:58.828+0200: 14592.102: [GC pause (G1 Evacuation Pause) (young) 5456M->2665M(6144M), 0.0424220 secs]
2018-03-27T15:49:01.012+0200: 14594.286: [GC pause (G1 Evacuation Pause) (young) 5459M->2670M(6144M), 0.0444069 secs]
2018-03-27T15:49:03.738+0200: 14597.012: [GC pause (GCLocker Initiated GC) (young) 5460M->2671M(6144M), 0.0381632 secs]
2018-03-27T15:49:05.655+0200: 14598.929: [GC pause (G1 Evacuation Pause) (young) 5459M->2673M(6144M), 0.0387473 secs]
2018-03-27T15:49:07.876+0200: 14601.149: [GC pause (G1 Evacuation Pause) (young) 5459M->2675M(6144M), 0.0424565 secs]
2018-03-27T15:49:10.127+0200: 14603.401: [GC pause (G1 Evacuation Pause) (young) 5459M->2678M(6144M), 0.0482105 secs]
2018-03-27T15:49:12.718+0200: 14605.991: [GC pause (G1 Evacuation Pause) (young) 5460M->2679M(6144M), 0.0581289 secs]
2018-03-27T15:49:15.701+0200: 14608.975: [GC pause (G1 Evacuation Pause) (young) 5459M->2681M(6144M), 0.0698075 secs]
2018-03-27T15:49:17.890+0200: 14611.164: [GC pause (GCLocker Initiated GC) (young) 5460M->2683M(6144M), 0.0499134 secs]
2018-03-27T15:49:20.638+0200: 14613.912: [GC pause (G1 Evacuation Pause) (young) 5459M->2686M(6144M), 0.0491191 secs]
2018-03-27T15:49:23.149+0200: 14616.423: [GC pause (G1 Evacuation Pause) (young) 5460M->2688M(6144M), 0.0485827 secs]
2018-03-27T15:49:25.205+0200: 14618.479: [GC pause (G1 Evacuation Pause) (young) 5524M->2691M(6144M), 0.0653946 secs]
2018-03-27T15:49:25.468+0200: 14618.742: [GC pause (G1 Evacuation Pause) (young) 2969M->2700M(6144M), 0.0457514 secs]
2018-03-27T15:49:27.984+0200: 14621.258: [GC pause (G1 Evacuation Pause) (young) 5500M->2707M(6144M), 0.0345611 secs]
2018-03-27T15:49:29.742+0200: 14623.016: [GC pause (G1 Evacuation Pause) (young) 5491M->2718M(6144M), 0.0318094 secs]
2018-03-27T15:49:31.172+0200: 14624.445: [GC pause (G1 Evacuation Pause) (young) 5482M->2719M(6144M), 0.0321792 secs]
2018-03-27T15:49:33.385+0200: 14626.659: [GC pause (G1 Evacuation Pause) (young) 5479M->2720M(6144M), 0.0463894 secs]
2018-03-27T15:49:35.663+0200: 14628.937: [GC pause (G1 Evacuation Pause) (young) 5480M->2724M(6144M), 0.0407273 secs]
2018-03-27T15:49:37.694+0200: 14630.968: [GC pause (G1 Evacuation Pause) (young) 5476M->2731M(6144M), 0.0369242 secs]
2018-03-27T15:49:40.073+0200: 14633.347: [GC pause (G1 Evacuation Pause) (young) 5467M->2729M(6144M), 0.0565186 secs]
2018-03-27T15:49:42.455+0200: 14635.729: [GC pause (G1 Evacuation Pause) (young) 5469M->2734M(6144M), 0.0392439 secs]
2018-03-27T15:49:44.376+0200: 14637.649: [GC pause (G1 Evacuation Pause) (young) 5466M->2738M(6144M), 0.0358517 secs]
2018-03-27T15:49:46.351+0200: 14639.625: [GC pause (G1 Evacuation Pause) (young) 5462M->2738M(6144M), 0.0370248 secs]
2018-03-27T15:49:47.939+0200: 14641.213: [GC pause (G1 Evacuation Pause) (young) 5462M->2739M(6144M), 0.0362607 secs]
2018-03-27T15:49:50.514+0200: 14643.788: [GC pause (G1 Evacuation Pause) (young) 5459M->2744M(6144M), 0.0527261 secs]
2018-03-27T15:49:52.352+0200: 14645.626: [GC pause (G1 Evacuation Pause) (young) 5456M->2745M(6144M), 0.0387064 secs]
2018-03-27T15:49:54.774+0200: 14648.048: [GC pause (G1 Evacuation Pause) (young) 5455M->2746M(6144M), 0.0414449 secs]
2018-03-27T15:49:56.912+0200: 14650.186: [GC pause (G1 Evacuation Pause) (young) 5458M->2750M(6144M), 0.0628338 secs]
2018-03-27T15:49:58.956+0200: 14652.230: [GC pause (G1 Evacuation Pause) (young) 5452M->2747M(6144M), 0.0399722 secs]
2018-03-27T15:50:00.651+0200: 14653.924: [GC pause (GCLocker Initiated GC) (young) 5465M->2757M(6144M), 0.0502032 secs]
2018-03-27T15:50:03.003+0200: 14656.277: [GC pause (G1 Evacuation Pause) (young) 5457M->2754M(6144M), 0.0724530 secs]
2018-03-27T15:50:05.404+0200: 14658.678: [GC pause (G1 Evacuation Pause) (young) 5464M->2760M(6144M), 0.0394241 secs]
2018-03-27T15:50:07.389+0200: 14660.663: [GC pause (G1 Evacuation Pause) (young) 5460M->2761M(6144M), 0.0411791 secs]
2018-03-27T15:50:09.603+0200: 14662.877: [GC pause (GCLocker Initiated GC) (young) 5477M->2762M(6144M), 0.0581989 secs]
2018-03-27T15:50:11.846+0200: 14665.120: [GC pause (G1 Evacuation Pause) (young) 5464M->2764M(6144M), 0.0612647 secs]
2018-03-27T15:50:14.117+0200: 14667.391: [GC pause (G1 Evacuation Pause) (young) 5486M->2767M(6144M), 0.0576117 secs]
2018-03-27T15:50:16.258+0200: 14669.532: [GC pause (G1 Evacuation Pause) (young) 5463M->2769M(6144M), 0.0403735 secs]
2018-03-27T15:50:18.542+0200: 14671.816: [GC pause (GCLocker Initiated GC) (young) 5465M->2773M(6144M), 0.0416156 secs]
2018-03-27T15:50:20.373+0200: 14673.647: [GC pause (G1 Evacuation Pause) (young) 5465M->2776M(6144M), 0.0383249 secs]
2018-03-27T15:50:21.967+0200: 14675.240: [GC pause (G1 Evacuation Pause) (young) 5462M->2779M(6144M), 0.0392969 secs]
2018-03-27T15:50:23.990+0200: 14677.264: [GC pause (G1 Evacuation Pause) (young) 5461M->2783M(6144M), 0.0406792 secs]
2018-03-27T15:50:26.482+0200: 14679.756: [GC pause (G1 Evacuation Pause) (young) 5459M->2783M(6144M), 0.0381503 secs]
2018-03-27T15:50:28.355+0200: 14681.629: [GC pause (GCLocker Initiated GC) (young) 5465M->2789M(6144M), 0.0379895 secs]
2018-03-27T15:50:30.758+0200: 14684.031: [GC pause (GCLocker Initiated GC) (young) 5457M->2791M(6144M), 0.0423506 secs]
2018-03-27T15:50:32.935+0200: 14686.209: [GC pause (G1 Evacuation Pause) (young) 5457M->2795M(6144M), 0.0446424 secs]
2018-03-27T15:50:35.178+0200: 14688.452: [GC pause (G1 Evacuation Pause) (young) 5459M->2796M(6144M), 0.0416520 secs]
2018-03-27T15:50:37.566+0200: 14690.840: [GC pause (G1 Evacuation Pause) (young) 5456M->2800M(6144M), 0.0402551 secs]
2018-03-27T15:50:39.864+0200: 14693.137: [GC pause (G1 Evacuation Pause) (young) 5459M->2802M(6144M), 0.0598925 secs]
2018-03-27T15:50:41.839+0200: 14695.113: [GC pause (GCLocker Initiated GC) (young) 5461M->2805M(6144M), 0.0449962 secs]
2018-03-27T15:50:43.499+0200: 14696.772: [GC pause (G1 Evacuation Pause) (young) 5459M->2804M(6144M), 0.0400452 secs]
2018-03-27T15:50:46.469+0200: 14699.742: [GC pause (G1 Evacuation Pause) (young) 5458M->2810M(6144M), 0.0390609 secs]
2018-03-27T15:50:48.647+0200: 14701.921: [GC pause (G1 Evacuation Pause) (young) 5458M->2812M(6144M), 0.0510696 secs]
2018-03-27T15:50:50.494+0200: 14703.768: [GC pause (G1 Evacuation Pause) (young) 5458M->2812M(6144M), 0.0357709 secs]
2018-03-27T15:50:52.650+0200: 14705.924: [GC pause (G1 Evacuation Pause) (young) 5460M->2815M(6144M), 0.0455657 secs]
2018-03-27T15:50:54.812+0200: 14708.086: [GC pause (G1 Evacuation Pause) (young) 5459M->2818M(6144M), 0.0399247 secs]
2018-03-27T15:50:56.903+0200: 14710.177: [GC pause (G1 Evacuation Pause) (young) 5460M->2818M(6144M), 0.0400283 secs]
2018-03-27T15:50:59.176+0200: 14712.450: [GC pause (G1 Evacuation Pause) (young) 5462M->2818M(6144M), 0.0380356 secs]
2018-03-27T15:51:00.755+0200: 14714.028: [GC pause (G1 Evacuation Pause) (young) 5464M->2821M(6144M), 0.0385463 secs]
2018-03-27T15:51:02.337+0200: 14715.611: [GC pause (G1 Evacuation Pause) (young) (initial-mark) 5463M->2822M(6144M), 0.0487915 secs]
2018-03-27T15:51:02.386+0200: 14715.660: [GC concurrent-root-region-scan-start]
2018-03-27T15:51:02.418+0200: 14715.692: [GC concurrent-root-region-scan-end, 0.0318751 secs]
2018-03-27T15:51:02.418+0200: 14715.692: [GC concurrent-mark-start]
2018-03-27T15:51:04.424+0200: 14717.698: [GC pause (G1 Evacuation Pause) (young) 5466M->2827M(6144M), 0.0404852 secs]
2018-03-27T15:51:05.747+0200: 14719.021: [GC concurrent-mark-end, 3.3290260 secs]
2018-03-27T15:51:05.750+0200: 14719.024: [GC remark, 0.3572559 secs]
2018-03-27T15:51:06.115+0200: 14719.389: [GC cleanup 4669M->4669M(6144M), 0.0249644 secs]
2018-03-27T15:51:06.622+0200: 14719.896: [GC pause (G1 Evacuation Pause) (young) 5461M->2833M(6144M), 0.0680326 secs]
2018-03-27T15:51:06.842+0200: 14720.116: [GC pause (G1 Evacuation Pause) (mixed) 3073M->2480M(6144M), 0.1647997 secs]
2018-03-27T15:51:07.176+0200: 14720.450: [GC pause (G1 Evacuation Pause) (mixed) 2760M->2461M(6144M), 0.1219592 secs]
2018-03-27T15:51:07.429+0200: 14720.703: [GC pause (GCLocker Initiated GC) (young) 2755M->2461M(6144M), 0.0559791 secs]
2018-03-27T15:51:07.610+0200: 14720.883: [GC pause (G1 Evacuation Pause) (young) 2739M->2463M(6144M), 0.0277429 secs]
2018-03-27T15:51:07.750+0200: 14721.024: [GC pause (G1 Evacuation Pause) (young) 2739M->2468M(6144M), 0.0236195 secs]
2018-03-27T15:51:07.919+0200: 14721.192: [GC pause (G1 Evacuation Pause) (young) 2750M->2471M(6144M), 0.0282977 secs]
2018-03-27T15:51:08.080+0200: 14721.354: [GC pause (GCLocker Initiated GC) (young) 2749M->2472M(6144M), 0.0213661 secs]
2018-03-27T15:51:08.255+0200: 14721.529: [GC pause (GCLocker Initiated GC) (young) 2751M->2467M(6144M), 0.0231720 secs]
2018-03-27T15:51:08.426+0200: 14721.700: [GC pause (G1 Evacuation Pause) (young) 2755M->2469M(6144M), 0.0261716 secs]
2018-03-27T15:51:08.666+0200: 14721.940: [GC pause (G1 Evacuation Pause) (young) 2755M->2473M(6144M), 0.0215204 secs]
2018-03-27T15:51:08.830+0200: 14722.104: [GC pause (G1 Evacuation Pause) (young) 2755M->2468M(6144M), 0.0231335 secs]
2018-03-27T15:51:09.018+0200: 14722.292: [GC pause (G1 Evacuation Pause) (young) 2756M->2472M(6144M), 0.0236058 secs]
2018-03-27T15:51:09.164+0200: 14722.438: [GC pause (G1 Evacuation Pause) (young) 2756M->2473M(6144M), 0.0223873 secs]
2018-03-27T15:51:09.963+0200: 14723.237: [GC pause (G1 Evacuation Pause) (young) 3347M->2475M(6144M), 0.0224021 secs]
2018-03-27T15:51:12.663+0200: 14725.936: [GC pause (G1 Evacuation Pause) (young) 5463M->2479M(6144M), 0.0481643 secs]
2018-03-27T15:51:15.085+0200: 14728.359: [GC pause (G1 Evacuation Pause) (young) 5473M->2481M(6144M), 0.0409006 secs]
2018-03-27T15:51:17.380+0200: 14730.654: [GC pause (G1 Evacuation Pause) (young) 5483M->2487M(6144M), 0.0411502 secs]
2018-03-27T15:51:20.669+0200: 14733.943: [GC pause (G1 Evacuation Pause) (young) 5487M->2491M(6144M), 0.0483481 secs]
2018-03-27T15:51:23.094+0200: 14736.367: [GC pause (G1 Evacuation Pause) (young) 5483M->2502M(6144M), 0.0341986 secs]
2018-03-27T15:51:25.543+0200: 14738.816: [GC pause (G1 Evacuation Pause) (young) 5474M->2500M(6144M), 0.0335491 secs]
2018-03-27T15:51:27.336+0200: 14740.610: [GC pause (G1 Evacuation Pause) (young) 5474M->2507M(6144M), 0.0345766 secs]
2018-03-27T15:51:29.614+0200: 14742.887: [GC pause (G1 Evacuation Pause) (young) 5469M->2508M(6144M), 0.0441843 secs]
2018-03-27T15:51:31.936+0200: 14745.209: [GC pause (G1 Evacuation Pause) (young) 5470M->2509M(6144M), 0.0407651 secs]
2018-03-27T15:51:34.305+0200: 14747.578: [GC pause (G1 Evacuation Pause) (young) 5467M->2512M(6144M), 0.0443267 secs]
2018-03-27T15:51:36.279+0200: 14749.553: [GC pause (G1 Evacuation Pause) (young) 5466M->2517M(6144M), 0.0369517 secs]
2018-03-27T15:51:38.893+0200: 14752.167: [GC pause (G1 Evacuation Pause) (young) 5463M->2519M(6144M), 0.0389756 secs]
2018-03-27T15:51:41.028+0200: 14754.302: [GC pause (GCLocker Initiated GC) (young) 5483M->2521M(6144M), 0.0498696 secs]
2018-03-27T15:51:43.251+0200: 14756.524: [GC pause (G1 Evacuation Pause) (young) 5459M->2529M(6144M), 0.0404190 secs]
2018-03-27T15:51:44.850+0200: 14758.123: [GC pause (G1 Evacuation Pause) (young) 5449M->2525M(6144M), 0.0402615 secs]
2018-03-27T15:51:47.277+0200: 14760.551: [GC pause (G1 Evacuation Pause) (young) 5453M->2531M(6144M), 0.0400987 secs]
2018-03-27T15:51:49.622+0200: 14762.896: [GC pause (G1 Evacuation Pause) (young) 5449M->2534M(6144M), 0.0413886 secs]
2018-03-27T15:51:52.002+0200: 14765.275: [GC pause (G1 Evacuation Pause) (young) 5450M->2530M(6144M), 0.0416580 secs]
2018-03-27T15:51:54.121+0200: 14767.395: [GC pause (G1 Evacuation Pause) (young) 5456M->2535M(6144M), 0.0440981 secs]
2018-03-27T15:51:55.958+0200: 14769.232: [GC pause (G1 Evacuation Pause) (young) 5451M->2536M(6144M), 0.0389891 secs]
2018-03-27T15:51:58.913+0200: 14772.187: [GC pause (G1 Evacuation Pause) (young) 5456M->2537M(6144M), 0.0376328 secs]
2018-03-27T15:52:01.236+0200: 14774.510: [GC pause (G1 Evacuation Pause) (young) 5479M->2544M(6144M), 0.0486895 secs]
2018-03-27T15:52:03.405+0200: 14776.679: [GC pause (GCLocker Initiated GC) (young) 5462M->2547M(6144M), 0.0684019 secs]
2018-03-27T15:52:05.697+0200: 14778.971: [GC pause (G1 Evacuation Pause) (young) 5455M->2545M(6144M), 0.0553557 secs]
2018-03-27T15:52:07.899+0200: 14781.173: [GC pause (G1 Evacuation Pause) (young) 5465M->2548M(6144M), 0.0578161 secs]
2018-03-27T15:52:09.609+0200: 14782.883: [GC pause (G1 Evacuation Pause) (young) 5458M->2551M(6144M), 0.0451851 secs]
2018-03-27T15:52:11.503+0200: 14784.777: [GC pause (GCLocker Initiated GC) (young) 5501M->2553M(6144M), 0.0407930 secs]
2018-03-27T15:52:13.802+0200: 14787.076: [GC pause (G1 Evacuation Pause) (young) 5457M->2556M(6144M), 0.0402331 secs]
2018-03-27T15:52:16.266+0200: 14789.540: [GC pause (G1 Evacuation Pause) (young) 5456M->2556M(6144M), 0.0728115 secs]
2018-03-27T15:52:18.501+0200: 14791.775: [GC pause (G1 Evacuation Pause) (young) 5458M->2557M(6144M), 0.0432181 secs]
2018-03-27T15:52:20.712+0200: 14793.986: [GC pause (G1 Evacuation Pause) (young) 5461M->2558M(6144M), 0.0541200 secs]
2018-03-27T15:52:23.144+0200: 14796.418: [GC pause (G1 Evacuation Pause) (young) 5460M->2561M(6144M), 0.0343048 secs]
2018-03-27T15:52:25.842+0200: 14799.115: [GC pause (GCLocker Initiated GC) (young) 5463M->2563M(6144M), 0.0411521 secs]
2018-03-27T15:52:27.790+0200: 14801.064: [GC pause (G1 Evacuation Pause) (young) 5461M->2567M(6144M), 0.0428489 secs]
2018-03-27T15:52:30.193+0200: 14803.467: [GC pause (GCLocker Initiated GC) (young) 5462M->2571M(6144M), 0.0413221 secs]
2018-03-27T15:52:32.501+0200: 14805.775: [GC pause (G1 Evacuation Pause) (young) 5457M->2569M(6144M), 0.0619724 secs]
2018-03-27T15:52:34.932+0200: 14808.206: [GC pause (G1 Evacuation Pause) (young) 5461M->2572M(6144M), 0.0694561 secs]
2018-03-27T15:52:37.052+0200: 14810.326: [GC pause (G1 Evacuation Pause) (young) 5462M->2575M(6144M), 0.0486169 secs]
2018-03-27T15:52:39.589+0200: 14812.863: [GC pause (GCLocker Initiated GC) (young) 5459M->2577M(6144M), 0.0459391 secs]
2018-03-27T15:52:41.754+0200: 14815.027: [GC pause (G1 Evacuation Pause) (young) 5463M->2581M(6144M), 0.0456377 secs]
2018-03-27T15:52:43.638+0200: 14816.912: [GC pause (G1 Evacuation Pause) (young) 5459M->2582M(6144M), 0.0401475 secs]
2018-03-27T15:52:46.317+0200: 14819.591: [GC pause (G1 Evacuation Pause) (young) 5462M->2585M(6144M), 0.0438152 secs]
2018-03-27T15:52:49.289+0200: 14822.563: [GC pause (G1 Evacuation Pause) (young) 5463M->2587M(6144M), 0.0524992 secs]
2018-03-27T15:52:52.010+0200: 14825.284: [GC pause (G1 Evacuation Pause) (young) 5461M->2589M(6144M), 0.0394571 secs]
2018-03-27T15:52:54.125+0200: 14827.399: [GC pause (G1 Evacuation Pause) (young) 5461M->2590M(6144M), 0.0452942 secs]
2018-03-27T15:52:56.945+0200: 14830.219: [GC pause (G1 Evacuation Pause) (young) 5464M->2593M(6144M), 0.0548183 secs]
2018-03-27T15:52:59.352+0200: 14832.626: [GC pause (G1 Evacuation Pause) (young) 5461M->2596M(6144M), 0.0354088 secs]
2018-03-27T15:53:01.868+0200: 14835.141: [GC pause (G1 Evacuation Pause) (young) 5462M->2596M(6144M), 0.0443039 secs]
2018-03-27T15:53:04.139+0200: 14837.413: [GC pause (G1 Evacuation Pause) (young) 5464M->2601M(6144M), 0.0421621 secs]
2018-03-27T15:53:06.677+0200: 14839.951: [GC pause (G1 Evacuation Pause) (young) 5459M->2602M(6144M), 0.0628729 secs]
2018-03-27T15:53:09.201+0200: 14842.475: [GC pause (G1 Evacuation Pause) (young) 5462M->2603M(6144M), 0.0461987 secs]
2018-03-27T15:53:11.364+0200: 14844.638: [GC pause (G1 Evacuation Pause) (young) 5461M->2606M(6144M), 0.0369962 secs]
2018-03-27T15:53:13.686+0200: 14846.960: [GC pause (G1 Evacuation Pause) (young) 5462M->2608M(6144M), 0.0452739 secs]
2018-03-27T15:53:15.894+0200: 14849.167: [GC pause (G1 Evacuation Pause) (young) 5471M->2611M(6144M), 0.0392607 secs]
2018-03-27T15:53:18.376+0200: 14851.649: [GC pause (G1 Evacuation Pause) (young) 5461M->2613M(6144M), 0.0490423 secs]
2018-03-27T15:53:20.996+0200: 14854.270: [GC pause (G1 Evacuation Pause) (young) 5461M->2617M(6144M), 0.0371471 secs]
2018-03-27T15:53:22.695+0200: 14855.968: [GC pause (G1 Evacuation Pause) (young) 5459M->2620M(6144M), 0.0404974 secs]
2018-03-27T15:53:24.988+0200: 14858.262: [GC pause (G1 Evacuation Pause) (young) 5458M->2618M(6144M), 0.0499982 secs]
2018-03-27T15:53:27.195+0200: 14860.468: [GC pause (GCLocker Initiated GC) (young) 5461M->2621M(6144M), 0.0367510 secs]
2018-03-27T15:53:29.770+0200: 14863.044: [GC pause (G1 Evacuation Pause) (young) 5461M->2625M(6144M), 0.0391227 secs]
2018-03-27T15:53:32.029+0200: 14865.303: [GC pause (GCLocker Initiated GC) (young) 5482M->2626M(6144M), 0.0435028 secs]
2018-03-27T15:53:34.674+0200: 14867.947: [GC pause (G1 Evacuation Pause) (young) 5466M->2631M(6144M), 0.0564049 secs]
2018-03-27T15:53:37.109+0200: 14870.383: [GC pause (G1 Evacuation Pause) (young) 5455M->2631M(6144M), 0.0408200 secs]
2018-03-27T15:53:39.358+0200: 14872.631: [GC pause (G1 Evacuation Pause) (young) 5459M->2635M(6144M), 0.0367195 secs]
2018-03-27T15:53:41.907+0200: 14875.181: [GC pause (G1 Evacuation Pause) (young) 5457M->2635M(6144M), 0.0379684 secs]
2018-03-27T15:53:43.922+0200: 14877.196: [GC pause (G1 Evacuation Pause) (young) 5459M->2636M(6144M), 0.0360812 secs]
2018-03-27T15:53:46.513+0200: 14879.787: [GC pause (G1 Evacuation Pause) (young) 5462M->2639M(6144M), 0.0359299 secs]
2018-03-27T15:53:48.542+0200: 14881.816: [GC pause (G1 Evacuation Pause) (young) 5459M->2643M(6144M), 0.0399246 secs]
2018-03-27T15:53:50.494+0200: 14883.768: [GC pause (G1 Evacuation Pause) (young) 5475M->2645M(6144M), 0.0444993 secs]
2018-03-27T15:53:52.655+0200: 14885.929: [GC pause (G1 Evacuation Pause) (young) 5459M->2643M(6144M), 0.0387356 secs]
2018-03-27T15:53:54.995+0200: 14888.269: [GC pause (G1 Evacuation Pause) (young) 5463M->2645M(6144M), 0.0413261 secs]
2018-03-27T15:53:57.541+0200: 14890.815: [GC pause (G1 Evacuation Pause) (young) 5461M->2649M(6144M), 0.0499117 secs]
2018-03-27T15:54:00.035+0200: 14893.309: [GC pause (G1 Evacuation Pause) (young) 5459M->2651M(6144M), 0.0427075 secs]
2018-03-27T15:54:01.962+0200: 14895.235: [GC pause (G1 Evacuation Pause) (young) 5459M->2652M(6144M), 0.0560008 secs]
2018-03-27T15:54:04.224+0200: 14897.498: [GC pause (G1 Evacuation Pause) (young) 5462M->2655M(6144M), 0.0502088 secs]
2018-03-27T15:54:06.541+0200: 14899.814: [GC pause (G1 Evacuation Pause) (young) 5459M->2660M(6144M), 0.0672416 secs]
2018-03-27T15:54:08.802+0200: 14902.076: [GC pause (G1 Evacuation Pause) (young) 5458M->2663M(6144M), 0.0540636 secs]
2018-03-27T15:54:11.416+0200: 14904.689: [GC pause (G1 Evacuation Pause) (young) 5459M->2665M(6144M), 0.0564999 secs]
2018-03-27T15:54:13.098+0200: 14906.372: [GC pause (G1 Evacuation Pause) (young) 5459M->2668M(6144M), 0.0522202 secs]
2018-03-27T15:54:14.865+0200: 14908.139: [GC pause (G1 Evacuation Pause) (young) 5454M->2667M(6144M), 0.0429156 secs]
2018-03-27T15:54:16.681+0200: 14909.955: [GC pause (GCLocker Initiated GC) (young) 5463M->2673M(6144M), 0.0392521 secs]
2018-03-27T15:54:18.652+0200: 14911.926: [GC pause (G1 Evacuation Pause) (young) 5459M->2674M(6144M), 0.0426323 secs]
2018-03-27T15:54:21.154+0200: 14914.428: [GC pause (G1 Evacuation Pause) (young) 5458M->2680M(6144M), 0.0401256 secs]
2018-03-27T15:54:23.210+0200: 14916.484: [GC pause (G1 Evacuation Pause) (young) 5454M->2682M(6144M), 0.0429576 secs]
2018-03-27T15:54:25.173+0200: 14918.446: [GC pause (G1 Evacuation Pause) (young) 5464M->2690M(6144M), 0.0450446 secs]
2018-03-27T15:54:26.725+0200: 14919.999: [GC pause (G1 Evacuation Pause) (young) 5448M->2686M(6144M), 0.0387550 secs]
2018-03-27T15:54:29.109+0200: 14922.382: [GC pause (G1 Evacuation Pause) (young) 5456M->2687M(6144M), 0.0408445 secs]
2018-03-27T15:54:31.285+0200: 14924.558: [GC pause (G1 Evacuation Pause) (young) 5467M->2691M(6144M), 0.0434344 secs]
2018-03-27T15:54:33.755+0200: 14927.028: [GC pause (G1 Evacuation Pause) (young) 5459M->2694M(6144M), 0.0469542 secs]
2018-03-27T15:54:36.045+0200: 14929.319: [GC pause (GCLocker Initiated GC) (young) 5456M->2695M(6144M), 0.0453394 secs]
2018-03-27T15:54:38.030+0200: 14931.304: [GC pause (G1 Evacuation Pause) (young) 5495M->2701M(6144M), 0.0790631 secs]
2018-03-27T15:54:40.163+0200: 14933.437: [GC pause (G1 Evacuation Pause) (young) 5470M->2706M(6144M), 0.0470016 secs]
2018-03-27T15:54:41.809+0200: 14935.082: [GC pause (G1 Evacuation Pause) (young) 5456M->2708M(6144M), 0.0387650 secs]
2018-03-27T15:54:43.671+0200: 14936.944: [GC pause (G1 Evacuation Pause) (young) 5456M->2709M(6144M), 0.0429688 secs]
2018-03-27T15:54:46.291+0200: 14939.565: [GC pause (GCLocker Initiated GC) (young) 5461M->2710M(6144M), 0.0432580 secs]
2018-03-27T15:54:48.854+0200: 14942.127: [GC pause (GCLocker Initiated GC) (young) 5461M->2714M(6144M), 0.0389008 secs]
2018-03-27T15:54:50.935+0200: 14944.208: [GC pause (G1 Evacuation Pause) (young) 5458M->2714M(6144M), 0.0362022 secs]
2018-03-27T15:54:53.516+0200: 14946.790: [GC pause (G1 Evacuation Pause) (young) 5458M->2719M(6144M), 0.0379699 secs]
2018-03-27T15:54:55.655+0200: 14948.928: [GC pause (G1 Evacuation Pause) (young) 5483M->2727M(6144M), 0.0471675 secs]
2018-03-27T15:54:57.576+0200: 14950.850: [GC pause (G1 Evacuation Pause) (young) 5459M->2723M(6144M), 0.0450038 secs]
2018-03-27T15:55:00.089+0200: 14953.362: [GC pause (G1 Evacuation Pause) (young) 5461M->2724M(6144M), 0.0365739 secs]
2018-03-27T15:55:02.388+0200: 14955.661: [GC pause (GCLocker Initiated GC) (young) 5464M->2728M(6144M), 0.0434329 secs]
2018-03-27T15:55:05.137+0200: 14958.411: [GC pause (G1 Evacuation Pause) (young) 5458M->2727M(6144M), 0.0532136 secs]
2018-03-27T15:55:06.932+0200: 14960.205: [GC pause (G1 Evacuation Pause) (young) 5463M->2729M(6144M), 0.0404070 secs]
2018-03-27T15:55:09.082+0200: 14962.356: [GC pause (G1 Evacuation Pause) (young) 5463M->2734M(6144M), 0.0407442 secs]
2018-03-27T15:55:11.242+0200: 14964.515: [GC pause (GCLocker Initiated GC) (young) 5470M->2737M(6144M), 0.0426140 secs]
2018-03-27T15:55:13.530+0200: 14966.804: [GC pause (G1 Evacuation Pause) (young) 5459M->2738M(6144M), 0.0397307 secs]
2018-03-27T15:55:15.926+0200: 14969.199: [GC pause (G1 Evacuation Pause) (young) 5462M->2740M(6144M), 0.0415452 secs]
2018-03-27T15:55:18.695+0200: 14971.968: [GC pause (G1 Evacuation Pause) (young) 5462M->2744M(6144M), 0.0430650 secs]
2018-03-27T15:55:21.184+0200: 14974.458: [GC pause (G1 Evacuation Pause) (young) 5458M->2744M(6144M), 0.0444443 secs]
2018-03-27T15:55:22.777+0200: 14976.051: [GC pause (G1 Evacuation Pause) (young) 5460M->2748M(6144M), 0.0488919 secs]
2018-03-27T15:55:24.918+0200: 14978.191: [GC pause (G1 Evacuation Pause) (young) 5458M->2750M(6144M), 0.0551408 secs]
2018-03-27T15:55:26.777+0200: 14980.051: [GC pause (G1 Evacuation Pause) (young) 5462M->2756M(6144M), 0.0403906 secs]
2018-03-27T15:55:28.443+0200: 14981.717: [GC pause (G1 Evacuation Pause) (young) 5458M->2752M(6144M), 0.0396594 secs]
2018-03-27T15:55:30.888+0200: 14984.162: [GC pause (G1 Evacuation Pause) (young) 5464M->2755M(6144M), 0.0384794 secs]
2018-03-27T15:55:33.046+0200: 14986.320: [GC pause (G1 Evacuation Pause) (young) 5461M->2757M(6144M), 0.0389148 secs]
2018-03-27T15:55:35.203+0200: 14988.477: [GC pause (GCLocker Initiated GC) (young) 5463M->2761M(6144M), 0.0377607 secs]
2018-03-27T15:55:37.219+0200: 14990.492: [GC pause (GCLocker Initiated GC) (young) 5465M->2764M(6144M), 0.0384253 secs]
2018-03-27T15:55:38.849+0200: 14992.122: [GC pause (G1 Evacuation Pause) (young) 5460M->2766M(6144M), 0.0366907 secs]
2018-03-27T15:55:41.007+0200: 14994.280: [GC pause (G1 Evacuation Pause) (young) 5460M->2767M(6144M), 0.0371977 secs]
2018-03-27T15:55:43.322+0200: 14996.595: [GC pause (G1 Evacuation Pause) (young) 5459M->2768M(6144M), 0.0435828 secs]
2018-03-27T15:55:45.743+0200: 14999.017: [GC pause (GCLocker Initiated GC) (young) 5462M->2770M(6144M), 0.0373154 secs]
2018-03-27T15:55:47.695+0200: 15000.969: [GC pause (G1 Evacuation Pause) (young) 5464M->2773M(6144M), 0.0365677 secs]
2018-03-27T15:55:49.830+0200: 15003.104: [GC pause (G1 Evacuation Pause) (young) 5461M->2776M(6144M), 0.0393418 secs]
2018-03-27T15:55:51.730+0200: 15005.004: [GC pause (G1 Evacuation Pause) (young) 5460M->2780M(6144M), 0.0363296 secs]
2018-03-27T15:55:54.088+0200: 15007.362: [GC pause (G1 Evacuation Pause) (young) 5458M->2780M(6144M), 0.0393274 secs]
2018-03-27T15:55:55.967+0200: 15009.240: [GC pause (G1 Evacuation Pause) (young) 5473M->2785M(6144M), 0.0413068 secs]
2018-03-27T15:55:57.339+0200: 15010.612: [GC pause (G1 Evacuation Pause) (young) 5461M->2785M(6144M), 0.0373374 secs]
2018-03-27T15:55:59.245+0200: 15012.518: [GC pause (G1 Evacuation Pause) (young) 5463M->2790M(6144M), 0.0381273 secs]
2018-03-27T15:56:00.791+0200: 15014.065: [GC pause (G1 Evacuation Pause) (young) 5460M->2794M(6144M), 0.0378570 secs]
2018-03-27T15:56:02.418+0200: 15015.691: [GC pause (G1 Evacuation Pause) (young) 5460M->2794M(6144M), 0.0442093 secs]
2018-03-27T15:56:04.247+0200: 15017.521: [GC pause (G1 Evacuation Pause) (young) 5462M->2798M(6144M), 0.0521951 secs]
2018-03-27T15:56:06.045+0200: 15019.319: [GC pause (G1 Evacuation Pause) (young) 5462M->2798M(6144M), 0.0442995 secs]
2018-03-27T15:56:07.785+0200: 15021.059: [GC pause (G1 Evacuation Pause) (young) 5464M->2804M(6144M), 0.0487410 secs]
2018-03-27T15:56:10.234+0200: 15023.508: [GC pause (G1 Evacuation Pause) (young) 5458M->2800M(6144M), 0.0434202 secs]
2018-03-27T15:56:11.994+0200: 15025.267: [GC pause (G1 Evacuation Pause) (young) 5464M->2805M(6144M), 0.0405095 secs]
2018-03-27T15:56:14.600+0200: 15027.874: [GC pause (G1 Evacuation Pause) (young) 5463M->2805M(6144M), 0.0634750 secs]
2018-03-27T15:56:17.086+0200: 15030.359: [GC pause (GCLocker Initiated GC) (young) 5469M->2810M(6144M), 0.0444037 secs]
2018-03-27T15:56:19.079+0200: 15032.353: [GC pause (GCLocker Initiated GC) (young) 5466M->2809M(6144M), 0.0464415 secs]
2018-03-27T15:56:21.541+0200: 15034.815: [GC pause (G1 Evacuation Pause) (young) 5465M->2815M(6144M), 0.0399620 secs]
2018-03-27T15:56:24.048+0200: 15037.322: [GC pause (G1 Evacuation Pause) (young) 5463M->2818M(6144M), 0.0373231 secs]
2018-03-27T15:56:26.114+0200: 15039.387: [GC pause (G1 Evacuation Pause) (young) 5464M->2819M(6144M), 0.0402338 secs]
2018-03-27T15:56:28.195+0200: 15041.468: [GC pause (G1 Evacuation Pause) (young) 5463M->2822M(6144M), 0.0362316 secs]
2018-03-27T15:56:29.624+0200: 15042.898: [GC pause (GCLocker Initiated GC) (young) (initial-mark) 5478M->2825M(6144M), 0.0480658 secs]
2018-03-27T15:56:29.673+0200: 15042.946: [GC concurrent-root-region-scan-start]
2018-03-27T15:56:29.755+0200: 15043.028: [GC concurrent-root-region-scan-end, 0.0821067 secs]
2018-03-27T15:56:29.755+0200: 15043.028: [GC concurrent-mark-start]
2018-03-27T15:56:31.649+0200: 15044.923: [GC pause (G1 Evacuation Pause) (young) 5465M->2826M(6144M), 0.0368520 secs]
2018-03-27T15:56:32.899+0200: 15046.173: [GC concurrent-mark-end, 3.1441490 secs]
2018-03-27T15:56:32.913+0200: 15046.186: [GC remark, 0.3445737 secs]
2018-03-27T15:56:33.269+0200: 15046.542: [GC cleanup 4439M->4434M(6144M), 0.0249411 secs]
2018-03-27T15:56:33.294+0200: 15046.568: [GC concurrent-cleanup-start]
2018-03-27T15:56:33.294+0200: 15046.568: [GC concurrent-cleanup-end, 0.0000373 secs]
2018-03-27T15:56:34.027+0200: 15047.301: [GC pause (G1 Evacuation Pause) (young) 5459M->2822M(6144M), 0.0703528 secs]
2018-03-27T15:56:34.196+0200: 15047.470: [GC pause (G1 Evacuation Pause) (mixed) 3068M->2485M(6144M), 0.1646532 secs]
2018-03-27T15:56:34.515+0200: 15047.788: [GC pause (GCLocker Initiated GC) (mixed) 2769M->2462M(6144M), 0.1505231 secs]
2018-03-27T15:56:34.789+0200: 15048.063: [GC pause (G1 Evacuation Pause) (young) 2742M->2463M(6144M), 0.0478675 secs]
2018-03-27T15:56:34.951+0200: 15048.224: [GC pause (G1 Evacuation Pause) (young) 2741M->2464M(6144M), 0.0244725 secs]
2018-03-27T15:56:35.118+0200: 15048.392: [GC pause (GCLocker Initiated GC) (young) 2748M->2460M(6144M), 0.0231719 secs]
2018-03-27T15:56:35.285+0200: 15048.559: [GC pause (G1 Evacuation Pause) (young) 2742M->2463M(6144M), 0.0237284 secs]
2018-03-27T15:56:35.428+0200: 15048.702: [GC pause (G1 Evacuation Pause) (young) 2741M->2462M(6144M), 0.0242247 secs]
2018-03-27T15:56:35.573+0200: 15048.847: [GC pause (GCLocker Initiated GC) (young) 2758M->2465M(6144M), 0.0228527 secs]
2018-03-27T15:56:35.738+0200: 15049.012: [GC pause (G1 Evacuation Pause) (young) 2747M->2463M(6144M), 0.0221926 secs]
2018-03-27T15:56:35.908+0200: 15049.182: [GC pause (G1 Evacuation Pause) (young) 2747M->2466M(6144M), 0.0237940 secs]
2018-03-27T15:56:36.113+0200: 15049.387: [GC pause (GCLocker Initiated GC) (young) 2750M->2466M(6144M), 0.0229121 secs]
2018-03-27T15:56:36.283+0200: 15049.557: [GC pause (G1 Evacuation Pause) (young) 2746M->2467M(6144M), 0.0256175 secs]
2018-03-27T15:56:36.427+0200: 15049.701: [GC pause (G1 Evacuation Pause) (young) 2747M->2467M(6144M), 0.0241803 secs]
2018-03-27T15:56:36.612+0200: 15049.886: [GC pause (G1 Evacuation Pause) (young) 2747M->2469M(6144M), 0.0264245 secs]
2018-03-27T15:56:36.841+0200: 15050.115: [GC pause (G1 Evacuation Pause) (young) 2747M->2468M(6144M), 0.0493130 secs]
2018-03-27T15:56:39.251+0200: 15052.525: [GC pause (G1 Evacuation Pause) (young) 5482M->2476M(6144M), 0.0292048 secs]
2018-03-27T15:56:41.545+0200: 15054.819: [GC pause (G1 Evacuation Pause) (young) 5488M->2480M(6144M), 0.0315148 secs]
2018-03-27T15:56:43.954+0200: 15057.228: [GC pause (G1 Evacuation Pause) (young) 5492M->2483M(6144M), 0.0403013 secs]
2018-03-27T15:56:46.003+0200: 15059.276: [GC pause (G1 Evacuation Pause) (young) 5513M->2495M(6144M), 0.0385916 secs]
2018-03-27T15:56:48.471+0200: 15061.744: [GC pause (G1 Evacuation Pause) (young) 5481M->2497M(6144M), 0.0314899 secs]
2018-03-27T15:56:50.835+0200: 15064.108: [GC pause (G1 Evacuation Pause) (young) 5475M->2501M(6144M), 0.0330485 secs]
2018-03-27T15:56:53.471+0200: 15066.745: [GC pause (G1 Evacuation Pause) (young) 5473M->2503M(6144M), 0.0442054 secs]
2018-03-27T15:56:55.612+0200: 15068.886: [GC pause (G1 Evacuation Pause) (young) 5471M->2507M(6144M), 0.0453497 secs]
2018-03-27T15:56:57.704+0200: 15070.978: [GC pause (GCLocker Initiated GC) (young) 5469M->2506M(6144M), 0.0367965 secs]
2018-03-27T15:56:59.477+0200: 15072.751: [GC pause (G1 Evacuation Pause) (young) 5470M->2509M(6144M), 0.0369098 secs]
2018-03-27T15:57:01.738+0200: 15075.011: [GC pause (G1 Evacuation Pause) (young) 5470M->2511M(6144M), 0.0411738 secs]
2018-03-27T15:57:03.786+0200: 15077.060: [GC pause (G1 Evacuation Pause) (young) 5465M->2514M(6144M), 0.0398297 secs]
2018-03-27T15:57:06.266+0200: 15079.540: [GC pause (GCLocker Initiated GC) (young) 5488M->2514M(6144M), 0.0416366 secs]
2018-03-27T15:57:08.335+0200: 15081.609: [GC pause (G1 Evacuation Pause) (young) 5464M->2519M(6144M), 0.0444050 secs]
2018-03-27T15:57:10.666+0200: 15083.940: [GC pause (GCLocker Initiated GC) (young) 5461M->2521M(6144M), 0.0494385 secs]
2018-03-27T15:57:13.031+0200: 15086.304: [GC pause (G1 Evacuation Pause) (young) 5479M->2535M(6144M), 0.0623750 secs]
2018-03-27T15:57:15.827+0200: 15089.101: [GC pause (G1 Evacuation Pause) (young) 5447M->2525M(6144M), 0.0392559 secs]
2018-03-27T15:57:18.178+0200: 15091.452: [GC pause (G1 Evacuation Pause) (young) 5455M->2526M(6144M), 0.0381947 secs]
2018-03-27T15:57:19.928+0200: 15093.202: [GC pause (G1 Evacuation Pause) (young) 5458M->2531M(6144M), 0.0419353 secs]
2018-03-27T15:57:22.548+0200: 15095.822: [GC pause (G1 Evacuation Pause) (young) 5453M->2528M(6144M), 0.0382745 secs]
2018-03-27T15:57:24.431+0200: 15097.704: [GC pause (G1 Evacuation Pause) (young) 5460M->2538M(6144M), 0.0445506 secs]
2018-03-27T15:57:26.846+0200: 15100.119: [GC pause (G1 Evacuation Pause) (young) 5458M->2543M(6144M), 0.0495533 secs]
2018-03-27T15:57:28.918+0200: 15102.191: [GC pause (G1 Evacuation Pause) (young) 5465M->2541M(6144M), 0.0445665 secs]
2018-03-27T15:57:31.372+0200: 15104.645: [GC pause (G1 Evacuation Pause) (young) 5457M->2545M(6144M), 0.0466876 secs]
2018-03-27T15:57:33.231+0200: 15106.505: [GC pause (G1 Evacuation Pause) (young) 5473M->2562M(6144M), 0.0494424 secs]
2018-03-27T15:57:34.851+0200: 15108.125: [GC pause (G1 Evacuation Pause) (young) 5466M->2555M(6144M), 0.0455019 secs]
2018-03-27T15:57:36.804+0200: 15110.077: [GC pause (G1 Evacuation Pause) (young) 5452M->2556M(6144M), 0.0470644 secs]
2018-03-27T15:57:38.791+0200: 15112.065: [GC pause (G1 Evacuation Pause) (young) 5452M->2557M(6144M), 0.0379433 secs]
2018-03-27T15:57:40.841+0200: 15114.115: [GC pause (G1 Evacuation Pause) (young) 5455M->2565M(6144M), 0.0574137 secs]
2018-03-27T15:57:42.390+0200: 15115.664: [GC pause (G1 Evacuation Pause) (young) 5449M->2564M(6144M), 0.0397982 secs]
2018-03-27T15:57:44.315+0200: 15117.589: [GC pause (G1 Evacuation Pause) (young) 5450M->2563M(6144M), 0.0392561 secs]
2018-03-27T15:57:46.078+0200: 15119.352: [GC pause (G1 Evacuation Pause) (young) 5455M->2567M(6144M), 0.0380865 secs]
2018-03-27T15:57:48.363+0200: 15121.636: [GC pause (G1 Evacuation Pause) (young) 5460M->2569M(6144M), 0.0516146 secs]
2018-03-27T15:57:50.633+0200: 15123.907: [GC pause (G1 Evacuation Pause) (young) 5455M->2571M(6144M), 0.0424410 secs]
2018-03-27T15:57:53.272+0200: 15126.546: [GC pause (G1 Evacuation Pause) (young) 5453M->2577M(6144M), 0.0478909 secs]
2018-03-27T15:57:55.235+0200: 15128.509: [GC pause (G1 Evacuation Pause) (young) 5449M->2577M(6144M), 0.0377016 secs]
2018-03-27T15:57:57.147+0200: 15130.421: [GC pause (G1 Evacuation Pause) (young) 5459M->2581M(6144M), 0.0395603 secs]
2018-03-27T15:57:59.385+0200: 15132.659: [GC pause (G1 Evacuation Pause) (young) 5457M->2583M(6144M), 0.0394783 secs]
2018-03-27T15:58:01.592+0200: 15134.866: [GC pause (G1 Evacuation Pause) (young) 5461M->2586M(6144M), 0.0397381 secs]
2018-03-27T15:58:03.440+0200: 15136.714: [GC pause (G1 Evacuation Pause) (young) 5460M->2592M(6144M), 0.0794293 secs]
2018-03-27T15:58:05.113+0200: 15138.387: [GC pause (G1 Evacuation Pause) (young) 5458M->2591M(6144M), 0.0838413 secs]
2018-03-27T15:58:06.874+0200: 15140.147: [GC pause (G1 Evacuation Pause) (young) 5464M->2592M(6144M), 0.0623078 secs]
2018-03-27T15:58:08.978+0200: 15142.252: [GC pause (G1 Evacuation Pause) (young) 5462M->2599M(6144M), 0.0378049 secs]
2018-03-27T15:58:11.109+0200: 15144.383: [GC pause (GCLocker Initiated GC) (young) 5460M->2598M(6144M), 0.0385905 secs]
2018-03-27T15:58:13.024+0200: 15146.298: [GC pause (G1 Evacuation Pause) (young) 5462M->2599M(6144M), 0.0355256 secs]
2018-03-27T15:58:15.417+0200: 15148.690: [GC pause (G1 Evacuation Pause) (young) 5483M->2600M(6144M), 0.0472145 secs]
2018-03-27T15:58:18.168+0200: 15151.442: [GC pause (G1 Evacuation Pause) (young) 5464M->2603M(6144M), 0.0423580 secs]
2018-03-27T15:58:20.554+0200: 15153.828: [GC pause (G1 Evacuation Pause) (young) 5465M->2605M(6144M), 0.0392373 secs]
2018-03-27T15:58:23.259+0200: 15156.533: [GC pause (GCLocker Initiated GC) (young) 5482M->2607M(6144M), 0.0441205 secs]
2018-03-27T15:58:25.069+0200: 15158.342: [GC pause (G1 Evacuation Pause) (young) 5474M->2618M(6144M), 0.0526290 secs]
2018-03-27T15:58:27.086+0200: 15160.360: [GC pause (G1 Evacuation Pause) (young) 5470M->2609M(6144M), 0.0438649 secs]
2018-03-27T15:58:29.734+0200: 15163.008: [GC pause (G1 Evacuation Pause) (young) 5467M->2613M(6144M), 0.0466116 secs]
2018-03-27T15:58:31.883+0200: 15165.157: [GC pause (G1 Evacuation Pause) (young) 5461M->2616M(6144M), 0.0381428 secs]
2018-03-27T15:58:32.143+0200: 15165.417: [GC pause (G1 Evacuation Pause) (young) 3124M->2617M(6144M), 0.0492788 secs]
2018-03-27T15:58:33.942+0200: 15167.215: [GC pause (G1 Evacuation Pause) (young) 5504M->2621M(6144M), 0.0542397 secs]
2018-03-27T15:58:36.077+0200: 15169.350: [GC pause (G1 Evacuation Pause) (young) 5496M->2630M(6144M), 0.0300801 secs]
2018-03-27T15:58:38.207+0200: 15171.480: [GC pause (G1 Evacuation Pause) (young) 5486M->2631M(6144M), 0.0401407 secs]
2018-03-27T15:58:39.857+0200: 15173.131: [GC pause (G1 Evacuation Pause) (young) 5485M->2634M(6144M), 0.0431746 secs]
2018-03-27T15:58:41.652+0200: 15174.925: [GC pause (G1 Evacuation Pause) (young) 5489M->2634M(6144M), 0.0417913 secs]
2018-03-27T15:58:43.458+0200: 15176.731: [GC pause (G1 Evacuation Pause) (young) 5480M->2639M(6144M), 0.0346280 secs]
2018-03-27T15:58:45.457+0200: 15178.731: [GC pause (G1 Evacuation Pause) (young) 5477M->2643M(6144M), 0.0678201 secs]
2018-03-27T15:58:47.799+0200: 15181.073: [GC pause (G1 Evacuation Pause) (young) 5473M->2643M(6144M), 0.0487822 secs]
2018-03-27T15:58:49.450+0200: 15182.724: [GC pause (G1 Evacuation Pause) (young) 5473M->2647M(6144M), 0.0376203 secs]
2018-03-27T15:58:51.309+0200: 15184.583: [GC pause (G1 Evacuation Pause) (young) 5478M->2649M(6144M), 0.0390711 secs]
2018-03-27T15:58:53.110+0200: 15186.384: [GC pause (G1 Evacuation Pause) (young) 5467M->2650M(6144M), 0.0464868 secs]
2018-03-27T15:58:55.648+0200: 15188.921: [GC pause (G1 Evacuation Pause) (young) 5464M->2655M(6144M), 0.0391753 secs]
2018-03-27T15:58:57.828+0200: 15191.102: [GC pause (G1 Evacuation Pause) (young) 5461M->2656M(6144M), 0.0370863 secs]
2018-03-27T15:58:59.915+0200: 15193.189: [GC pause (G1 Evacuation Pause) (young) 5460M->2655M(6144M), 0.0474215 secs]
2018-03-27T15:59:01.860+0200: 15195.134: [GC pause (G1 Evacuation Pause) (young) 5475M->2663M(6144M), 0.0405607 secs]
2018-03-27T15:59:04.185+0200: 15197.459: [GC pause (G1 Evacuation Pause) (young) 5455M->2663M(6144M), 0.0490267 secs]
2018-03-27T15:59:06.577+0200: 15199.850: [GC pause (G1 Evacuation Pause) (young) 5462M->2667M(6144M), 0.0413330 secs]
2018-03-27T15:59:08.656+0200: 15201.930: [GC pause (GCLocker Initiated GC) (young) 5461M->2669M(6144M), 0.0378609 secs]
2018-03-27T15:59:10.949+0200: 15204.222: [GC pause (G1 Evacuation Pause) (young) 5459M->2670M(6144M), 0.0368481 secs]
2018-03-27T15:59:13.455+0200: 15206.729: [GC pause (G1 Evacuation Pause) (young) 5458M->2673M(6144M), 0.0387274 secs]
2018-03-27T15:59:15.591+0200: 15208.865: [GC pause (G1 Evacuation Pause) (young) 5457M->2677M(6144M), 0.0402543 secs]
2018-03-27T15:59:17.942+0200: 15211.216: [GC pause (G1 Evacuation Pause) (young) 5459M->2675M(6144M), 0.0380280 secs]
2018-03-27T15:59:19.808+0200: 15213.081: [GC pause (G1 Evacuation Pause) (young) 5463M->2677M(6144M), 0.0413705 secs]
2018-03-27T15:59:21.825+0200: 15215.099: [GC pause (G1 Evacuation Pause) (young) 5461M->2680M(6144M), 0.0477266 secs]
2018-03-27T15:59:24.375+0200: 15217.648: [GC pause (G1 Evacuation Pause) (young) 5462M->2686M(6144M), 0.0406050 secs]
2018-03-27T15:59:26.539+0200: 15219.812: [GC pause (G1 Evacuation Pause) (young) 5460M->2686M(6144M), 0.0536135 secs]
2018-03-27T15:59:28.385+0200: 15221.659: [GC pause (G1 Evacuation Pause) (young) 5460M->2686M(6144M), 0.0377144 secs]
2018-03-27T15:59:30.926+0200: 15224.200: [GC pause (G1 Evacuation Pause) (young) 5462M->2689M(6144M), 0.0376188 secs]
2018-03-27T15:59:32.589+0200: 15225.863: [GC pause (G1 Evacuation Pause) (young) 5470M->2694M(6144M), 0.0413610 secs]
2018-03-27T15:59:34.923+0200: 15228.197: [GC pause (G1 Evacuation Pause) (young) 5456M->2693M(6144M), 0.0559836 secs]
2018-03-27T15:59:37.111+0200: 15230.385: [GC pause (G1 Evacuation Pause) (young) 5459M->2692M(6144M), 0.0419198 secs]
2018-03-27T15:59:39.639+0200: 15232.912: [GC pause (GCLocker Initiated GC) (young) 5476M->2697M(6144M), 0.0394295 secs]
2018-03-27T15:59:41.700+0200: 15234.974: [GC pause (G1 Evacuation Pause) (young) 5463M->2698M(6144M), 0.0440133 secs]
2018-03-27T15:59:43.990+0200: 15237.264: [GC pause (G1 Evacuation Pause) (young) 5462M->2702M(6144M), 0.0413729 secs]
2018-03-27T15:59:46.301+0200: 15239.575: [GC pause (G1 Evacuation Pause) (young) 5460M->2704M(6144M), 0.0465543 secs]
2018-03-27T15:59:48.593+0200: 15241.867: [GC pause (G1 Evacuation Pause) (young) 5460M->2706M(6144M), 0.0370159 secs]
2018-03-27T15:59:50.769+0200: 15244.042: [GC pause (GCLocker Initiated GC) (young) 5520M->2708M(6144M), 0.0462582 secs]
2018-03-27T15:59:52.966+0200: 15246.239: [GC pause (G1 Evacuation Pause) (young) 5462M->2712M(6144M), 0.0392658 secs]
2018-03-27T15:59:55.107+0200: 15248.381: [GC pause (G1 Evacuation Pause) (young) 5460M->2711M(6144M), 0.0427457 secs]
2018-03-27T15:59:56.828+0200: 15250.102: [GC pause (G1 Evacuation Pause) (young) 5462M->2714M(6144M), 0.0386367 secs]
2018-03-27T15:59:58.987+0200: 15252.261: [GC pause (G1 Evacuation Pause) (young) 5462M->2717M(6144M), 0.0794372 secs]
2018-03-27T16:00:00.801+0200: 15254.075: [GC pause (G1 Evacuation Pause) (young) 5467M->2722M(6144M), 0.0467414 secs]
2018-03-27T16:00:02.596+0200: 15255.870: [GC pause (G1 Evacuation Pause) (young) 5459M->2724M(6144M), 0.0664956 secs]
2018-03-27T16:00:04.272+0200: 15257.546: [GC pause (G1 Evacuation Pause) (young) 5462M->2734M(6144M), 0.0663106 secs]
2018-03-27T16:00:06.446+0200: 15259.720: [GC pause (G1 Evacuation Pause) (young) 5451M->2728M(6144M), 0.0561338 secs]
2018-03-27T16:00:08.371+0200: 15261.645: [GC pause (GCLocker Initiated GC) (young) 5458M->2733M(6144M), 0.0827601 secs]
2018-03-27T16:00:10.293+0200: 15263.566: [GC pause (G1 Evacuation Pause) (young) 5457M->2733M(6144M), 0.0515359 secs]
2018-03-27T16:00:11.784+0200: 15265.057: [GC pause (G1 Evacuation Pause) (young) 5468M->2738M(6144M), 0.0429515 secs]
2018-03-27T16:00:13.575+0200: 15266.849: [GC pause (G1 Evacuation Pause) (young) 5456M->2737M(6144M), 0.0340963 secs]
2018-03-27T16:00:15.893+0200: 15269.166: [GC pause (G1 Evacuation Pause) (young) 5455M->2740M(6144M), 0.0420961 secs]
2018-03-27T16:00:17.671+0200: 15270.945: [GC pause (G1 Evacuation Pause) (young) 5456M->2740M(6144M), 0.0560301 secs]
2018-03-27T16:00:19.989+0200: 15273.263: [GC pause (G1 Evacuation Pause) (young) 5460M->2743M(6144M), 0.0365733 secs]
2018-03-27T16:00:22.018+0200: 15275.291: [GC pause (G1 Evacuation Pause) (young) 5461M->2748M(6144M), 0.0437520 secs]
2018-03-27T16:00:23.834+0200: 15277.107: [GC pause (G1 Evacuation Pause) (young) 5462M->2747M(6144M), 0.0568301 secs]
2018-03-27T16:00:26.067+0200: 15279.341: [GC pause (G1 Evacuation Pause) (young) 5459M->2751M(6144M), 0.0623416 secs]
2018-03-27T16:00:28.244+0200: 15281.518: [GC pause (G1 Evacuation Pause) (young) 5461M->2754M(6144M), 0.0395371 secs]
2018-03-27T16:00:30.280+0200: 15283.553: [GC pause (G1 Evacuation Pause) (young) 5458M->2759M(6144M), 0.0445226 secs]
2018-03-27T16:00:32.299+0200: 15285.573: [GC pause (G1 Evacuation Pause) (young) 5457M->2763M(6144M), 0.0461627 secs]
2018-03-27T16:00:33.802+0200: 15287.075: [GC pause (G1 Evacuation Pause) (young) 5455M->2762M(6144M), 0.0396961 secs]
2018-03-27T16:00:35.574+0200: 15288.848: [GC pause (G1 Evacuation Pause) (young) 5459M->2761M(6144M), 0.0760876 secs]
2018-03-27T16:00:37.725+0200: 15290.999: [GC pause (GCLocker Initiated GC) (young) 5466M->2763M(6144M), 0.0404421 secs]
2018-03-27T16:00:40.296+0200: 15293.570: [GC pause (G1 Evacuation Pause) (young) 5465M->2767M(6144M), 0.0418718 secs]
2018-03-27T16:00:42.398+0200: 15295.672: [GC pause (G1 Evacuation Pause) (young) 5463M->2771M(6144M), 0.0508935 secs]
2018-03-27T16:00:44.042+0200: 15297.316: [GC pause (GCLocker Initiated GC) (young) 5465M->2769M(6144M), 0.0384195 secs]
2018-03-27T16:00:45.845+0200: 15299.119: [GC pause (G1 Evacuation Pause) (young) 5461M->2773M(6144M), 0.0393884 secs]
2018-03-27T16:00:47.458+0200: 15300.732: [GC pause (G1 Evacuation Pause) (young) 5459M->2774M(6144M), 0.0378164 secs]
2018-03-27T16:00:49.665+0200: 15302.939: [GC pause (G1 Evacuation Pause) (young) 5462M->2778M(6144M), 0.0452017 secs]
2018-03-27T16:00:51.763+0200: 15305.037: [GC pause (GCLocker Initiated GC) (young) 5462M->2782M(6144M), 0.0416166 secs]
2018-03-27T16:00:53.730+0200: 15307.004: [GC pause (G1 Evacuation Pause) (young) 5460M->2782M(6144M), 0.0648558 secs]
2018-03-27T16:00:55.838+0200: 15309.112: [GC pause (G1 Evacuation Pause) (young) 5462M->2784M(6144M), 0.0383375 secs]
2018-03-27T16:00:57.992+0200: 15311.266: [GC pause (G1 Evacuation Pause) (young) 5462M->2788M(6144M), 0.0442897 secs]
2018-03-27T16:01:00.072+0200: 15313.346: [GC pause (G1 Evacuation Pause) (young) 5467M->2790M(6144M), 0.0382837 secs]
2018-03-27T16:01:02.453+0200: 15315.727: [GC pause (G1 Evacuation Pause) (young) 5468M->2795M(6144M), 0.0407358 secs]
2018-03-27T16:01:03.902+0200: 15317.176: [GC pause (G1 Evacuation Pause) (young) 5463M->2797M(6144M), 0.0385258 secs]
2018-03-27T16:01:05.825+0200: 15319.099: [GC pause (G1 Evacuation Pause) (young) 5464M->2799M(6144M), 0.0360972 secs]
2018-03-27T16:01:07.604+0200: 15320.878: [GC pause (GCLocker Initiated GC) (young) 5489M->2805M(6144M), 0.0427401 secs]
2018-03-27T16:01:08.997+0200: 15322.271: [GC pause (GCLocker Initiated GC) (young) 5460M->2808M(6144M), 0.0394927 secs]
2018-03-27T16:01:10.708+0200: 15323.982: [GC pause (G1 Evacuation Pause) (young) 5456M->2805M(6144M), 0.0403606 secs]
2018-03-27T16:01:12.170+0200: 15325.444: [GC pause (GCLocker Initiated GC) (young) 5469M->2810M(6144M), 0.0439902 secs]
2018-03-27T16:01:13.838+0200: 15327.112: [GC pause (G1 Evacuation Pause) (young) 5458M->2814M(6144M), 0.0354042 secs]
2018-03-27T16:01:16.275+0200: 15329.549: [GC pause (GCLocker Initiated GC) (young) 5457M->2815M(6144M), 0.0404692 secs]
2018-03-27T16:01:17.956+0200: 15331.230: [GC pause (G1 Evacuation Pause) (young) 5459M->2818M(6144M), 0.0368067 secs]
2018-03-27T16:01:19.748+0200: 15333.022: [GC pause (GCLocker Initiated GC) (young) 5469M->2822M(6144M), 0.0402049 secs]
2018-03-27T16:01:21.542+0200: 15334.816: [GC pause (G1 Evacuation Pause) (young) 5456M->2820M(6144M), 0.0385820 secs]
2018-03-27T16:01:23.714+0200: 15336.988: [GC pause (GCLocker Initiated GC) (young) 5476M->2822M(6144M), 0.0412043 secs]
2018-03-27T16:01:25.796+0200: 15339.069: [GC pause (G1 Evacuation Pause) (young) (initial-mark) 5460M->2826M(6144M), 0.0533873 secs]
2018-03-27T16:01:25.850+0200: 15339.124: [GC concurrent-root-region-scan-start]
2018-03-27T16:01:25.889+0200: 15339.162: [GC concurrent-root-region-scan-end, 0.0388753 secs]
2018-03-27T16:01:25.889+0200: 15339.162: [GC concurrent-mark-start]
2018-03-27T16:01:27.931+0200: 15341.205: [GC pause (GCLocker Initiated GC) (young) 5466M->2832M(6144M), 0.0403273 secs]
2018-03-27T16:01:29.384+0200: 15342.657: [GC concurrent-mark-end, 3.4949685 secs]
2018-03-27T16:01:29.390+0200: 15342.664: [GC remark, 0.2832347 secs]
2018-03-27T16:01:29.679+0200: 15342.953: [GC cleanup 4557M->4550M(6144M), 0.0328986 secs]
2018-03-27T16:01:29.713+0200: 15342.986: [GC concurrent-cleanup-start]
2018-03-27T16:01:29.713+0200: 15342.987: [GC concurrent-cleanup-end, 0.0000759 secs]
2018-03-27T16:01:30.017+0200: 15343.291: [GC pause (G1 Evacuation Pause) (young) 4901M->2829M(6144M), 0.0668231 secs]
2018-03-27T16:01:30.248+0200: 15343.522: [GC pause (G1 Evacuation Pause) (mixed) 3107M->2529M(6144M), 0.1531608 secs]
2018-03-27T16:01:30.593+0200: 15343.867: [GC pause (G1 Evacuation Pause) (mixed) 2809M->2494M(6144M), 0.1123826 secs]
2018-03-27T16:01:30.842+0200: 15344.115: [GC pause (G1 Evacuation Pause) (young) 2772M->2491M(6144M), 0.0446091 secs]
2018-03-27T16:01:30.990+0200: 15344.264: [GC pause (G1 Evacuation Pause) (young) 2771M->2488M(6144M), 0.0244732 secs]
2018-03-27T16:01:31.124+0200: 15344.397: [GC pause (G1 Evacuation Pause) (young) 2770M->2489M(6144M), 0.0250358 secs]
2018-03-27T16:01:31.250+0200: 15344.524: [GC pause (G1 Evacuation Pause) (young) 2769M->2491M(6144M), 0.0209248 secs]
2018-03-27T16:01:31.401+0200: 15344.675: [GC pause (G1 Evacuation Pause) (young) 2769M->2489M(6144M), 0.0223159 secs]
2018-03-27T16:01:31.585+0200: 15344.859: [GC pause (GCLocker Initiated GC) (young) 2785M->2491M(6144M), 0.0335432 secs]
2018-03-27T16:01:31.803+0200: 15345.076: [GC pause (GCLocker Initiated GC) (young) 2773M->2489M(6144M), 0.0244511 secs]
2018-03-27T16:01:31.998+0200: 15345.272: [GC pause (G1 Evacuation Pause) (young) 2782M->2495M(6144M), 0.0264942 secs]
2018-03-27T16:01:32.283+0200: 15345.557: [GC pause (G1 Evacuation Pause) (young) 2774M->2495M(6144M), 0.0240192 secs]
2018-03-27T16:01:32.567+0200: 15345.841: [GC pause (GCLocker Initiated GC) (young) 2778M->2492M(6144M), 0.0265038 secs]
2018-03-27T16:01:33.738+0200: 15347.012: [GC pause (G1 Evacuation Pause) (young) 4090M->2495M(6144M), 0.0293869 secs]
2018-03-27T16:01:35.847+0200: 15349.121: [GC pause (G1 Evacuation Pause) (young) 5453M->2500M(6144M), 0.0434771 secs]
2018-03-27T16:01:36.089+0200: 15349.363: [GC pause (G1 Evacuation Pause) (young) 2776M->2503M(6144M), 0.0292306 secs]
2018-03-27T16:01:36.520+0200: 15349.794: [GC pause (G1 Evacuation Pause) (young) 3173M->2508M(6144M), 0.0329302 secs]
2018-03-27T16:01:38.402+0200: 15351.675: [GC pause (GCLocker Initiated GC) (young) 5480M->2520M(6144M), 0.0406896 secs]
2018-03-27T16:01:41.260+0200: 15354.533: [GC pause (GCLocker Initiated GC) (young) 5479M->2513M(6144M), 0.0343817 secs]
2018-03-27T16:01:43.625+0200: 15356.898: [GC pause (G1 Evacuation Pause) (young) 5485M->2516M(6144M), 0.0409217 secs]
2018-03-27T16:01:45.198+0200: 15358.472: [GC pause (G1 Evacuation Pause) (young) 5484M->2522M(6144M), 0.0353067 secs]
2018-03-27T16:01:47.466+0200: 15360.740: [GC pause (G1 Evacuation Pause) (young) 5478M->2524M(6144M), 0.0393753 secs]
2018-03-27T16:01:49.733+0200: 15363.007: [GC pause (G1 Evacuation Pause) (young) 5474M->2530M(6144M), 0.0424557 secs]
2018-03-27T16:01:51.915+0200: 15365.188: [GC pause (G1 Evacuation Pause) (young) 5468M->2534M(6144M), 0.0358665 secs]
2018-03-27T16:01:54.151+0200: 15367.425: [GC pause (G1 Evacuation Pause) (young) 5469M->2532M(6144M), 0.0386547 secs]
2018-03-27T16:01:56.278+0200: 15369.552: [GC pause (G1 Evacuation Pause) (young) 5470M->2537M(6144M), 0.0407168 secs]
2018-03-27T16:01:58.164+0200: 15371.438: [GC pause (G1 Evacuation Pause) (young) 5463M->2542M(6144M), 0.0387850 secs]
2018-03-27T16:02:00.482+0200: 15373.755: [GC pause (G1 Evacuation Pause) (young) 5460M->2544M(6144M), 0.0540821 secs]
2018-03-27T16:02:03.192+0200: 15376.466: [GC pause (G1 Evacuation Pause) (young) 5458M->2545M(6144M), 0.0543064 secs]
2018-03-27T16:02:05.271+0200: 15378.545: [GC pause (G1 Evacuation Pause) (young) 5457M->2548M(6144M), 0.0468798 secs]
2018-03-27T16:02:07.302+0200: 15380.575: [GC pause (GCLocker Initiated GC) (young) 5458M->2549M(6144M), 0.0399536 secs]
2018-03-27T16:02:09.981+0200: 15383.255: [GC pause (G1 Evacuation Pause) (young) 5459M->2551M(6144M), 0.0581262 secs]
2018-03-27T16:02:11.837+0200: 15385.111: [GC pause (G1 Evacuation Pause) (young) 5455M->2555M(6144M), 0.0625059 secs]
2018-03-27T16:02:14.316+0200: 15387.589: [GC pause (G1 Evacuation Pause) (young) 5453M->2557M(6144M), 0.0473760 secs]
2018-03-27T16:02:16.489+0200: 15389.763: [GC pause (G1 Evacuation Pause) (young) 5466M->2558M(6144M), 0.0454806 secs]
2018-03-27T16:02:18.865+0200: 15392.139: [GC pause (G1 Evacuation Pause) (young) 5480M->2566M(6144M), 0.0483437 secs]
2018-03-27T16:02:21.154+0200: 15394.428: [GC pause (G1 Evacuation Pause) (young) 5452M->2561M(6144M), 0.0388421 secs]
2018-03-27T16:02:23.216+0200: 15396.490: [GC pause (G1 Evacuation Pause) (young) 5457M->2560M(6144M), 0.0498279 secs]
2018-03-27T16:02:25.260+0200: 15398.534: [GC pause (G1 Evacuation Pause) (young) 5462M->2564M(6144M), 0.0508377 secs]
2018-03-27T16:02:27.690+0200: 15400.963: [GC pause (G1 Evacuation Pause) (young) 5458M->2567M(6144M), 0.0470319 secs]
2018-03-27T16:02:29.752+0200: 15403.025: [GC pause (G1 Evacuation Pause) (young) 5463M->2569M(6144M), 0.0395562 secs]
2018-03-27T16:02:31.911+0200: 15405.185: [GC pause (G1 Evacuation Pause) (young) 5461M->2572M(6144M), 0.0987264 secs]
2018-03-27T16:02:34.058+0200: 15407.332: [GC pause (G1 Evacuation Pause) (young) 5462M->2576M(6144M), 0.0490832 secs]
2018-03-27T16:02:36.143+0200: 15409.416: [GC pause (G1 Evacuation Pause) (young) 5462M->2578M(6144M), 0.0483937 secs]
2018-03-27T16:02:38.067+0200: 15411.340: [GC pause (G1 Evacuation Pause) (young) 5462M->2580M(6144M), 0.0399792 secs]
2018-03-27T16:02:40.755+0200: 15414.029: [GC pause (G1 Evacuation Pause) (young) 5462M->2582M(6144M), 0.0441841 secs]
2018-03-27T16:02:42.908+0200: 15416.182: [GC pause (G1 Evacuation Pause) (young) 5462M->2583M(6144M), 0.0409911 secs]
2018-03-27T16:02:45.600+0200: 15418.874: [GC pause (G1 Evacuation Pause) (young) 5463M->2587M(6144M), 0.0382696 secs]
2018-03-27T16:02:47.353+0200: 15420.627: [GC pause (G1 Evacuation Pause) (young) 5461M->2590M(6144M), 0.0402405 secs]
2018-03-27T16:02:49.021+0200: 15422.295: [GC pause (G1 Evacuation Pause) (young) 5462M->2589M(6144M), 0.0422722 secs]
2018-03-27T16:02:51.198+0200: 15424.471: [GC pause (G1 Evacuation Pause) (young) 5463M->2594M(6144M), 0.0386632 secs]
2018-03-27T16:02:53.132+0200: 15426.406: [GC pause (G1 Evacuation Pause) (young) 5462M->2594M(6144M), 0.0569614 secs]
2018-03-27T16:02:55.666+0200: 15428.939: [GC pause (G1 Evacuation Pause) (young) 5464M->2598M(6144M), 0.0405175 secs]
2018-03-27T16:02:57.963+0200: 15431.236: [GC pause (G1 Evacuation Pause) (young) 5462M->2600M(6144M), 0.0676563 secs]
2018-03-27T16:03:00.925+0200: 15434.199: [GC pause (G1 Evacuation Pause) (young) 5463M->2604M(6144M), 0.0384044 secs]
2018-03-27T16:03:04.089+0200: 15437.363: [GC pause (G1 Evacuation Pause) (young) 5460M->2608M(6144M), 0.0379528 secs]
2018-03-27T16:03:06.577+0200: 15439.851: [GC pause (G1 Evacuation Pause) (young) 5458M->2608M(6144M), 0.0445724 secs]
2018-03-27T16:03:08.884+0200: 15442.158: [GC pause (GCLocker Initiated GC) (young) 5458M->2611M(6144M), 0.0369697 secs]
2018-03-27T16:03:11.974+0200: 15445.248: [GC pause (GCLocker Initiated GC) (young) 5463M->2613M(6144M), 0.0386481 secs]
2018-03-27T16:03:14.289+0200: 15447.563: [GC pause (G1 Evacuation Pause) (young) 5461M->2615M(6144M), 0.0365989 secs]
2018-03-27T16:03:16.909+0200: 15450.183: [GC pause (GCLocker Initiated GC) (young) 5474M->2620M(6144M), 0.0454950 secs]
2018-03-27T16:03:19.364+0200: 15452.638: [GC pause (G1 Evacuation Pause) (young) 5456M->2619M(6144M), 0.0406502 secs]
2018-03-27T16:03:22.143+0200: 15455.416: [GC pause (G1 Evacuation Pause) (young) 5459M->2621M(6144M), 0.0355805 secs]
2018-03-27T16:03:24.722+0200: 15457.995: [GC pause (G1 Evacuation Pause) (young) 5459M->2622M(6144M), 0.0428375 secs]
2018-03-27T16:03:27.177+0200: 15460.451: [GC pause (G1 Evacuation Pause) (young) 5462M->2627M(6144M), 0.0445471 secs]
2018-03-27T16:03:29.473+0200: 15462.746: [GC pause (G1 Evacuation Pause) (young) 5457M->2626M(6144M), 0.0422082 secs]
2018-03-27T16:03:31.956+0200: 15465.230: [GC pause (G1 Evacuation Pause) (young) 5462M->2626M(6144M), 0.0428311 secs]
2018-03-27T16:03:34.129+0200: 15467.403: [GC pause (G1 Evacuation Pause) (young) 5464M->2630M(6144M), 0.0405345 secs]
2018-03-27T16:03:37.222+0200: 15470.496: [GC pause (G1 Evacuation Pause) (young) 5462M->2630M(6144M), 0.0445524 secs]
2018-03-27T16:03:39.614+0200: 15472.887: [GC pause (G1 Evacuation Pause) (young) 5464M->2636M(6144M), 0.0438917 secs]
2018-03-27T16:03:42.212+0200: 15475.486: [GC pause (GCLocker Initiated GC) (young) 5472M->2633M(6144M), 0.0376071 secs]
2018-03-27T16:03:44.259+0200: 15477.532: [GC pause (G1 Evacuation Pause) (young) 5465M->2636M(6144M), 0.0374769 secs]
2018-03-27T16:03:46.327+0200: 15479.601: [GC pause (G1 Evacuation Pause) (young) 5466M->2640M(6144M), 0.0369549 secs]
2018-03-27T16:03:49.155+0200: 15482.429: [GC pause (G1 Evacuation Pause) (young) 5464M->2641M(6144M), 0.0404080 secs]
2018-03-27T16:03:51.455+0200: 15484.728: [GC pause (G1 Evacuation Pause) (young) 5465M->2649M(6144M), 0.0360258 secs]
2018-03-27T16:03:53.296+0200: 15486.570: [GC pause (G1 Evacuation Pause) (young) 5459M->2648M(6144M), 0.0363806 secs]
2018-03-27T16:03:55.572+0200: 15488.845: [GC pause (G1 Evacuation Pause) (young) 5460M->2646M(6144M), 0.0358519 secs]
2018-03-27T16:03:57.793+0200: 15491.066: [GC pause (GCLocker Initiated GC) (young) 5465M->2651M(6144M), 0.0507910 secs]
2018-03-27T16:04:00.837+0200: 15494.111: [GC pause (G1 Evacuation Pause) (young) 5463M->2651M(6144M), 0.0365476 secs]
2018-03-27T16:04:02.873+0200: 15496.147: [GC pause (G1 Evacuation Pause) (young) 5468M->2656M(6144M), 0.0722761 secs]
2018-03-27T16:04:04.783+0200: 15498.056: [GC pause (G1 Evacuation Pause) (young) 5469M->2656M(6144M), 0.0650789 secs]
2018-03-27T16:04:07.059+0200: 15500.333: [GC pause (G1 Evacuation Pause) (young) 5464M->2657M(6144M), 0.0583170 secs]
2018-03-27T16:04:09.097+0200: 15502.370: [GC pause (GCLocker Initiated GC) (young) 5464M->2660M(6144M), 0.0455813 secs]
2018-03-27T16:04:10.807+0200: 15504.081: [GC pause (G1 Evacuation Pause) (young) 5464M->2661M(6144M), 0.0411293 secs]
2018-03-27T16:04:13.245+0200: 15506.519: [GC pause (G1 Evacuation Pause) (young) 5467M->2663M(6144M), 0.0432514 secs]
2018-03-27T16:04:15.311+0200: 15508.585: [GC pause (G1 Evacuation Pause) (young) 5465M->2666M(6144M), 0.0448528 secs]
2018-03-27T16:04:17.415+0200: 15510.689: [GC pause (G1 Evacuation Pause) (young) 5462M->2669M(6144M), 0.0497050 secs]
2018-03-27T16:04:19.758+0200: 15513.032: [GC pause (G1 Evacuation Pause) (young) 5463M->2671M(6144M), 0.0475835 secs]
2018-03-27T16:04:21.916+0200: 15515.190: [GC pause (GCLocker Initiated GC) (young) 5477M->2674M(6144M), 0.0425795 secs]
2018-03-27T16:04:24.069+0200: 15517.343: [GC pause (G1 Evacuation Pause) (young) 5462M->2675M(6144M), 0.0498627 secs]
2018-03-27T16:04:26.304+0200: 15519.578: [GC pause (G1 Evacuation Pause) (young) 5467M->2682M(6144M), 0.0418782 secs]
2018-03-27T16:04:28.521+0200: 15521.795: [GC pause (G1 Evacuation Pause) (young) 5460M->2679M(6144M), 0.0421253 secs]
2018-03-27T16:04:31.108+0200: 15524.382: [GC pause (G1 Evacuation Pause) (young) 5465M->2680M(6144M), 0.0426823 secs]
2018-03-27T16:04:33.510+0200: 15526.784: [GC pause (G1 Evacuation Pause) (young) 5464M->2684M(6144M), 0.0381070 secs]
2018-03-27T16:04:35.718+0200: 15528.992: [GC pause (G1 Evacuation Pause) (young) 5462M->2684M(6144M), 0.0441104 secs]
2018-03-27T16:04:38.028+0200: 15531.302: [GC pause (G1 Evacuation Pause) (young) 5464M->2686M(6144M), 0.0392908 secs]
2018-03-27T16:04:40.302+0200: 15533.576: [GC pause (G1 Evacuation Pause) (young) 5464M->2694M(6144M), 0.0423349 secs]
2018-03-27T16:04:42.131+0200: 15535.405: [GC pause (G1 Evacuation Pause) (young) 5458M->2695M(6144M), 0.0531902 secs]
2018-03-27T16:04:44.057+0200: 15537.331: [GC pause (G1 Evacuation Pause) (young) 5463M->2694M(6144M), 0.0372363 secs]
2018-03-27T16:04:46.350+0200: 15539.624: [GC pause (G1 Evacuation Pause) (young) 5462M->2698M(6144M), 0.0370236 secs]
2018-03-27T16:04:48.190+0200: 15541.463: [GC pause (G1 Evacuation Pause) (young) 5460M->2700M(6144M), 0.0406263 secs]
2018-03-27T16:04:50.097+0200: 15543.370: [GC pause (G1 Evacuation Pause) (young) 5462M->2704M(6144M), 0.0356030 secs]
2018-03-27T16:04:52.666+0200: 15545.939: [GC pause (GCLocker Initiated GC) (young) 5460M->2706M(6144M), 0.0397243 secs]
2018-03-27T16:04:55.386+0200: 15548.660: [GC pause (G1 Evacuation Pause) (young) 5460M->2709M(6144M), 0.0515655 secs]
2018-03-27T16:04:57.298+0200: 15550.572: [GC pause (G1 Evacuation Pause) (young) 5457M->2710M(6144M), 0.0378646 secs]
2018-03-27T16:04:59.063+0200: 15552.337: [GC pause (G1 Evacuation Pause) (young) 5456M->2711M(6144M), 0.0348565 secs]
2018-03-27T16:05:01.363+0200: 15554.637: [GC pause (G1 Evacuation Pause) (young) 5460M->2711M(6144M), 0.0453198 secs]
2018-03-27T16:05:03.729+0200: 15557.003: [GC pause (G1 Evacuation Pause) (young) 5461M->2712M(6144M), 0.0382417 secs]
2018-03-27T16:05:05.561+0200: 15558.835: [GC pause (G1 Evacuation Pause) (young) 5481M->2715M(6144M), 0.0484321 secs]
2018-03-27T16:05:07.772+0200: 15561.046: [GC pause (GCLocker Initiated GC) (young) 5464M->2719M(6144M), 0.0371473 secs]
2018-03-27T16:05:09.878+0200: 15563.151: [GC pause (G1 Evacuation Pause) (young) 5459M->2722M(6144M), 0.0376417 secs]
2018-03-27T16:05:12.204+0200: 15565.477: [GC pause (GCLocker Initiated GC) (young) 5464M->2725M(6144M), 0.0361030 secs]
2018-03-27T16:05:14.619+0200: 15567.893: [GC pause (G1 Evacuation Pause) (young) 5461M->2728M(6144M), 0.0387367 secs]
2018-03-27T16:05:16.660+0200: 15569.934: [GC pause (G1 Evacuation Pause) (young) 5457M->2728M(6144M), 0.0378068 secs]
2018-03-27T16:05:19.141+0200: 15572.415: [GC pause (G1 Evacuation Pause) (young) 5458M->2732M(6144M), 0.0476342 secs]
2018-03-27T16:05:21.047+0200: 15574.320: [GC pause (G1 Evacuation Pause) (young) 5456M->2735M(6144M), 0.0370396 secs]
2018-03-27T16:05:23.098+0200: 15576.372: [GC pause (G1 Evacuation Pause) (young) 5457M->2737M(6144M), 0.0369371 secs]
2018-03-27T16:05:25.505+0200: 15578.778: [GC pause (G1 Evacuation Pause) (young) 5457M->2737M(6144M), 0.0405889 secs]
2018-03-27T16:05:27.881+0200: 15581.155: [GC pause (G1 Evacuation Pause) (young) 5459M->2741M(6144M), 0.0463040 secs]
2018-03-27T16:05:30.725+0200: 15583.999: [GC pause (G1 Evacuation Pause) (young) 5461M->2749M(6144M), 0.0532405 secs]
2018-03-27T16:05:32.659+0200: 15585.933: [GC pause (G1 Evacuation Pause) (young) 5453M->2751M(6144M), 0.0406475 secs]
2018-03-27T16:05:34.374+0200: 15587.648: [GC pause (GCLocker Initiated GC) (young) 5469M->2754M(6144M), 0.0386103 secs]
2018-03-27T16:05:36.573+0200: 15589.846: [GC pause (G1 Evacuation Pause) (young) 5450M->2756M(6144M), 0.0420267 secs]
2018-03-27T16:05:38.651+0200: 15591.925: [GC pause (G1 Evacuation Pause) (young) 5454M->2756M(6144M), 0.0497956 secs]
2018-03-27T16:05:40.690+0200: 15593.963: [GC pause (G1 Evacuation Pause) (young) 5457M->2761M(6144M), 0.0393342 secs]
2018-03-27T16:05:43.087+0200: 15596.360: [GC pause (G1 Evacuation Pause) (young) 5453M->2762M(6144M), 0.0408823 secs]
2018-03-27T16:05:45.154+0200: 15598.428: [GC pause (G1 Evacuation Pause) (young) 5456M->2761M(6144M), 0.0544688 secs]
2018-03-27T16:05:46.730+0200: 15600.004: [GC pause (G1 Evacuation Pause) (young) 5457M->2764M(6144M), 0.0385266 secs]
2018-03-27T16:05:48.369+0200: 15601.643: [GC pause (G1 Evacuation Pause) (young) 5458M->2767M(6144M), 0.0395580 secs]
2018-03-27T16:05:50.854+0200: 15604.128: [GC pause (G1 Evacuation Pause) (young) 5455M->2773M(6144M), 0.0468595 secs]
2018-03-27T16:05:52.618+0200: 15605.892: [GC pause (G1 Evacuation Pause) (young) 5455M->2771M(6144M), 0.0418594 secs]
2018-03-27T16:05:54.206+0200: 15607.480: [GC pause (G1 Evacuation Pause) (young) 5457M->2774M(6144M), 0.0391046 secs]
2018-03-27T16:05:56.097+0200: 15609.370: [GC pause (G1 Evacuation Pause) (young) 5458M->2775M(6144M), 0.0370743 secs]
2018-03-27T16:05:58.175+0200: 15611.449: [GC pause (GCLocker Initiated GC) (young) 5485M->2782M(6144M), 0.0552084 secs]
2018-03-27T16:05:59.507+0200: 15612.780: [GC pause (G1 Evacuation Pause) (young) 5454M->2787M(6144M), 0.0422681 secs]
2018-03-27T16:06:01.126+0200: 15614.400: [GC pause (GCLocker Initiated GC) (young) 5475M->2789M(6144M), 0.0415608 secs]
2018-03-27T16:06:03.455+0200: 15616.729: [GC pause (G1 Evacuation Pause) (young) 5457M->2793M(6144M), 0.0414487 secs]
2018-03-27T16:06:05.774+0200: 15619.048: [GC pause (G1 Evacuation Pause) (young) 5455M->2795M(6144M), 0.0402293 secs]
2018-03-27T16:06:07.841+0200: 15621.115: [GC pause (G1 Evacuation Pause) (young) 5455M->2796M(6144M), 0.0454556 secs]
2018-03-27T16:06:09.887+0200: 15623.161: [GC pause (G1 Evacuation Pause) (young) 5458M->2796M(6144M), 0.0432380 secs]
2018-03-27T16:06:12.092+0200: 15625.366: [GC pause (G1 Evacuation Pause) (young) 5460M->2800M(6144M), 0.0382643 secs]
2018-03-27T16:06:14.041+0200: 15627.314: [GC pause (G1 Evacuation Pause) (young) 5469M->2801M(6144M), 0.0399055 secs]
2018-03-27T16:06:14.840+0200: 15628.114: [GC pause (G1 Humongous Allocation) (young) (initial-mark) 4015M->2806M(6144M), 0.0469915 secs]
2018-03-27T16:06:14.887+0200: 15628.161: [GC concurrent-root-region-scan-start]
2018-03-27T16:06:14.922+0200: 15628.195: [GC concurrent-root-region-scan-end, 0.0345315 secs]
2018-03-27T16:06:14.922+0200: 15628.195: [GC concurrent-mark-start]
2018-03-27T16:06:17.142+0200: 15630.415: [GC pause (G1 Evacuation Pause) (young) 5467M->2804M(6144M), 0.0380891 secs]
2018-03-27T16:06:17.937+0200: 15631.211: [GC concurrent-mark-end, 3.0156159 secs]
2018-03-27T16:06:17.940+0200: 15631.214: [GC remark, 0.2483227 secs]
2018-03-27T16:06:18.192+0200: 15631.466: [GC cleanup 3711M->3703M(6144M), 0.0235344 secs]
2018-03-27T16:06:18.216+0200: 15631.490: [GC concurrent-cleanup-start]
2018-03-27T16:06:18.216+0200: 15631.490: [GC concurrent-cleanup-end, 0.0000621 secs]
2018-03-27T16:06:19.193+0200: 15632.466: [GC pause (G1 Evacuation Pause) (young) 5454M->2799M(6144M), 0.0653182 secs]
2018-03-27T16:06:19.426+0200: 15632.700: [GC pause (G1 Evacuation Pause) (mixed) 3043M->2459M(6144M), 0.1803838 secs]
2018-03-27T16:06:19.797+0200: 15633.071: [GC pause (G1 Evacuation Pause) (young) 2741M->2458M(6144M), 0.0511588 secs]
2018-03-27T16:06:19.998+0200: 15633.272: [GC pause (GCLocker Initiated GC) (young) 2742M->2461M(6144M), 0.0244187 secs]
2018-03-27T16:06:20.193+0200: 15633.467: [GC pause (GCLocker Initiated GC) (young) 2743M->2461M(6144M), 0.0232535 secs]
2018-03-27T16:06:20.390+0200: 15633.663: [GC pause (G1 Evacuation Pause) (young) 2741M->2461M(6144M), 0.0254037 secs]
2018-03-27T16:06:20.550+0200: 15633.824: [GC pause (G1 Evacuation Pause) (young) 2741M->2463M(6144M), 0.0235603 secs]
2018-03-27T16:06:20.700+0200: 15633.974: [GC pause (G1 Evacuation Pause) (young) 2741M->2463M(6144M), 0.0235146 secs]
2018-03-27T16:06:20.866+0200: 15634.140: [GC pause (G1 Evacuation Pause) (young) 2743M->2462M(6144M), 0.0371502 secs]
2018-03-27T16:06:21.064+0200: 15634.338: [GC pause (GCLocker Initiated GC) (young) 2745M->2463M(6144M), 0.0212136 secs]
2018-03-27T16:06:21.245+0200: 15634.519: [GC pause (G1 Evacuation Pause) (young) 2743M->2462M(6144M), 0.0362381 secs]
2018-03-27T16:06:21.538+0200: 15634.812: [GC pause (G1 Evacuation Pause) (young) 2742M->2464M(6144M), 0.0255668 secs]
2018-03-27T16:06:21.784+0200: 15635.058: [GC pause (G1 Evacuation Pause) (young) 2742M->2464M(6144M), 0.0303915 secs]
2018-03-27T16:06:22.202+0200: 15635.476: [GC pause (G1 Evacuation Pause) (young) 2742M->2466M(6144M), 0.0319194 secs]
2018-03-27T16:06:22.433+0200: 15635.707: [GC pause (G1 Evacuation Pause) (young) 2748M->2469M(6144M), 0.0329958 secs]
2018-03-27T16:06:22.832+0200: 15636.106: [GC pause (G1 Evacuation Pause) (young) 2747M->2467M(6144M), 0.0396748 secs]
2018-03-27T16:06:25.391+0200: 15638.665: [GC pause (GCLocker Initiated GC) (young) 5357M->2476M(6144M), 0.0380712 secs]
2018-03-27T16:06:27.676+0200: 15640.950: [GC pause (G1 Evacuation Pause) (young) 5482M->2479M(6144M), 0.0563131 secs]
2018-03-27T16:06:29.796+0200: 15643.070: [GC pause (G1 Evacuation Pause) (young) 5487M->2486M(6144M), 0.0312483 secs]
2018-03-27T16:06:31.553+0200: 15644.827: [GC pause (GCLocker Initiated GC) (young) 5489M->2489M(6144M), 0.0434065 secs]
2018-03-27T16:06:33.379+0200: 15646.653: [GC pause (GCLocker Initiated GC) (young) 5491M->2494M(6144M), 0.0341909 secs]
2018-03-27T16:06:35.901+0200: 15649.175: [GC pause (G1 Evacuation Pause) (young) 5482M->2497M(6144M), 0.0447356 secs]
2018-03-27T16:06:38.674+0200: 15651.947: [GC pause (GCLocker Initiated GC) (young) 5503M->2504M(6144M), 0.0378947 secs]
2018-03-27T16:06:40.881+0200: 15654.155: [GC pause (G1 Evacuation Pause) (young) 5470M->2507M(6144M), 0.0542881 secs]
2018-03-27T16:06:43.535+0200: 15656.809: [GC pause (G1 Evacuation Pause) (young) 5469M->2508M(6144M), 0.0380556 secs]
2018-03-27T16:06:45.766+0200: 15659.040: [GC pause (G1 Evacuation Pause) (young) 5470M->2508M(6144M), 0.0381851 secs]
2018-03-27T16:06:47.676+0200: 15660.950: [GC pause (GCLocker Initiated GC) (young) 5472M->2511M(6144M), 0.0365802 secs]
2018-03-27T16:06:50.037+0200: 15663.311: [GC pause (G1 Evacuation Pause) (young) 5469M->2519M(6144M), 0.0400374 secs]
2018-03-27T16:06:52.146+0200: 15665.420: [GC pause (G1 Evacuation Pause) (young) 5465M->2520M(6144M), 0.0401700 secs]
2018-03-27T16:06:54.238+0200: 15667.512: [GC pause (G1 Evacuation Pause) (young) 5456M->2526M(6144M), 0.0371866 secs]
2018-03-27T16:06:56.266+0200: 15669.540: [GC pause (G1 Evacuation Pause) (young) 5454M->2526M(6144M), 0.0365083 secs]
2018-03-27T16:06:58.430+0200: 15671.703: [GC pause (G1 Evacuation Pause) (young) 5454M->2526M(6144M), 0.0366334 secs]
2018-03-27T16:07:00.245+0200: 15673.519: [GC pause (G1 Evacuation Pause) (young) 5456M->2528M(6144M), 0.0363933 secs]
2018-03-27T16:07:02.747+0200: 15676.021: [GC pause (G1 Evacuation Pause) (young) 5456M->2532M(6144M), 0.0415147 secs]
2018-03-27T16:07:05.109+0200: 15678.383: [GC pause (G1 Evacuation Pause) (young) 5454M->2537M(6144M), 0.0415227 secs]
2018-03-27T16:07:07.160+0200: 15680.434: [GC pause (G1 Evacuation Pause) (young) 5453M->2539M(6144M), 0.0535134 secs]
2018-03-27T16:07:09.666+0200: 15682.940: [GC pause (G1 Evacuation Pause) (young) 5451M->2541M(6144M), 0.0431468 secs]
2018-03-27T16:07:12.139+0200: 15685.413: [GC pause (G1 Evacuation Pause) (young) 5451M->2544M(6144M), 0.0440187 secs]
2018-03-27T16:07:14.459+0200: 15687.733: [GC pause (G1 Evacuation Pause) (young) 5450M->2547M(6144M), 0.0375569 secs]
2018-03-27T16:07:17.218+0200: 15690.492: [GC pause (G1 Evacuation Pause) (young) 5451M->2549M(6144M), 0.0408256 secs]
2018-03-27T16:07:19.742+0200: 15693.016: [GC pause (G1 Evacuation Pause) (young) 5455M->2550M(6144M), 0.0401937 secs]
2018-03-27T16:07:22.180+0200: 15695.454: [GC pause (G1 Evacuation Pause) (young) 5456M->2555M(6144M), 0.0408463 secs]
2018-03-27T16:07:24.133+0200: 15697.406: [GC pause (G1 Evacuation Pause) (young) 5473M->2556M(6144M), 0.0490971 secs]
2018-03-27T16:07:26.562+0200: 15699.836: [GC pause (G1 Evacuation Pause) (young) 5456M->2557M(6144M), 0.0382341 secs]
2018-03-27T16:07:28.427+0200: 15701.701: [GC pause (G1 Evacuation Pause) (young) 5457M->2562M(6144M), 0.0452974 secs]
2018-03-27T16:07:30.326+0200: 15703.600: [GC pause (GCLocker Initiated GC) (young) 5459M->2562M(6144M), 0.0375842 secs]
2018-03-27T16:07:32.694+0200: 15705.967: [GC pause (G1 Evacuation Pause) (young) 5456M->2564M(6144M), 0.0393779 secs]
2018-03-27T16:07:35.051+0200: 15708.324: [GC pause (G1 Evacuation Pause) (young) 5456M->2570M(6144M), 0.0377041 secs]
2018-03-27T16:07:38.050+0200: 15711.324: [GC pause (G1 Evacuation Pause) (young) 5456M->2570M(6144M), 0.0569367 secs]
2018-03-27T16:07:40.831+0200: 15714.105: [GC pause (GCLocker Initiated GC) (young) 5466M->2573M(6144M), 0.0421727 secs]
2018-03-27T16:07:42.619+0200: 15715.892: [GC pause (G1 Evacuation Pause) (young) 5457M->2576M(6144M), 0.0428489 secs]
2018-03-27T16:07:44.770+0200: 15718.044: [GC pause (G1 Evacuation Pause) (young) 5464M->2580M(6144M), 0.0401176 secs]
2018-03-27T16:07:47.330+0200: 15720.604: [GC pause (G1 Evacuation Pause) (young) 5456M->2582M(6144M), 0.0414858 secs]
2018-03-27T16:07:49.402+0200: 15722.676: [GC pause (G1 Evacuation Pause) (young) 5467M->2583M(6144M), 0.0397479 secs]
2018-03-27T16:07:52.192+0200: 15725.465: [GC pause (G1 Evacuation Pause) (young) 5461M->2588M(6144M), 0.0631454 secs]
2018-03-27T16:07:54.282+0200: 15727.555: [GC pause (G1 Evacuation Pause) (young) 5456M->2587M(6144M), 0.0345448 secs]
2018-03-27T16:07:56.162+0200: 15729.436: [GC pause (G1 Evacuation Pause) (young) 5457M->2589M(6144M), 0.0424430 secs]
2018-03-27T16:07:58.474+0200: 15731.748: [GC pause (G1 Evacuation Pause) (young) 5485M->2596M(6144M), 0.0473109 secs]
2018-03-27T16:08:00.274+0200: 15733.548: [GC pause (G1 Evacuation Pause) (young) 5458M->2593M(6144M), 0.0393704 secs]
2018-03-27T16:08:03.102+0200: 15736.376: [GC pause (G1 Evacuation Pause) (young) 5461M->2599M(6144M), 0.0391792 secs]
2018-03-27T16:08:05.509+0200: 15738.783: [GC pause (G1 Evacuation Pause) (young) 5455M->2594M(6144M), 0.0360981 secs]
2018-03-27T16:08:07.845+0200: 15741.119: [GC pause (G1 Evacuation Pause) (young) 5464M->2600M(6144M), 0.0358192 secs]
2018-03-27T16:08:09.737+0200: 15743.011: [GC pause (GCLocker Initiated GC) (young) 5460M->2601M(6144M), 0.0396370 secs]
2018-03-27T16:08:12.109+0200: 15745.383: [GC pause (G1 Evacuation Pause) (young) 5461M->2606M(6144M), 0.0461199 secs]
2018-03-27T16:08:14.571+0200: 15747.845: [GC pause (GCLocker Initiated GC) (young) 5486M->2608M(6144M), 0.0468957 secs]
2018-03-27T16:08:16.933+0200: 15750.207: [GC pause (G1 Evacuation Pause) (young) 5458M->2613M(6144M), 0.0394436 secs]
2018-03-27T16:08:19.556+0200: 15752.830: [GC pause (G1 Evacuation Pause) (young) 5457M->2614M(6144M), 0.0384770 secs]
2018-03-27T16:08:22.182+0200: 15755.456: [GC pause (G1 Evacuation Pause) (young) 5468M->2619M(6144M), 0.0389399 secs]
2018-03-27T16:08:24.125+0200: 15757.398: [GC pause (GCLocker Initiated GC) (young) 5468M->2622M(6144M), 0.0420111 secs]
2018-03-27T16:08:26.315+0200: 15759.588: [GC pause (G1 Evacuation Pause) (young) 5454M->2618M(6144M), 0.0510916 secs]
2018-03-27T16:08:29.435+0200: 15762.709: [GC pause (G1 Evacuation Pause) (young) 5462M->2618M(6144M), 0.0360612 secs]
2018-03-27T16:08:31.710+0200: 15764.983: [GC pause (GCLocker Initiated GC) (young) 5501M->2622M(6144M), 0.0568332 secs]
2018-03-27T16:08:34.139+0200: 15767.413: [GC pause (G1 Evacuation Pause) (young) 5462M->2625M(6144M), 0.0453744 secs]
2018-03-27T16:08:35.898+0200: 15769.172: [GC pause (G1 Evacuation Pause) (young) 5459M->2625M(6144M), 0.0373579 secs]
2018-03-27T16:08:38.023+0200: 15771.297: [GC pause (G1 Evacuation Pause) (young) 5462M->2625M(6144M), 0.0375412 secs]
2018-03-27T16:08:40.705+0200: 15773.979: [GC pause (G1 Evacuation Pause) (young) 5467M->2629M(6144M), 0.0552640 secs]
2018-03-27T16:08:42.897+0200: 15776.170: [GC pause (G1 Evacuation Pause) (young) 5465M->2634M(6144M), 0.0469428 secs]
2018-03-27T16:08:44.716+0200: 15777.989: [GC pause (G1 Evacuation Pause) (young) 5460M->2633M(6144M), 0.0440522 secs]
2018-03-27T16:08:47.478+0200: 15780.751: [GC pause (GCLocker Initiated GC) (young) 5465M->2637M(6144M), 0.0378716 secs]
2018-03-27T16:08:49.815+0200: 15783.089: [GC pause (G1 Evacuation Pause) (young) 5463M->2638M(6144M), 0.0372188 secs]
2018-03-27T16:08:52.061+0200: 15785.335: [GC pause (G1 Evacuation Pause) (young) 5462M->2643M(6144M), 0.0383857 secs]
2018-03-27T16:08:55.085+0200: 15788.358: [GC pause (G1 Evacuation Pause) (young) 5461M->2643M(6144M), 0.0389973 secs]
2018-03-27T16:08:57.788+0200: 15791.062: [GC pause (G1 Evacuation Pause) (young) 5459M->2645M(6144M), 0.0440273 secs]
2018-03-27T16:09:00.534+0200: 15793.808: [GC pause (G1 Evacuation Pause) (young) 5481M->2647M(6144M), 0.0464800 secs]
2018-03-27T16:09:02.952+0200: 15796.226: [GC pause (GCLocker Initiated GC) (young) 5462M->2650M(6144M), 0.0374253 secs]
2018-03-27T16:09:05.480+0200: 15798.754: [GC pause (G1 Evacuation Pause) (young) 5460M->2656M(6144M), 0.0366642 secs]
2018-03-27T16:09:08.179+0200: 15801.453: [GC pause (G1 Evacuation Pause) (young) 5456M->2652M(6144M), 0.0377193 secs]
2018-03-27T16:09:10.509+0200: 15803.783: [GC pause (G1 Evacuation Pause) (young) 5480M->2656M(6144M), 0.0439343 secs]
2018-03-27T16:09:12.400+0200: 15805.674: [GC pause (G1 Evacuation Pause) (young) 5461M->2657M(6144M), 0.0538458 secs]
2018-03-27T16:09:14.302+0200: 15807.575: [GC pause (G1 Evacuation Pause) (young) 5463M->2660M(6144M), 0.0358924 secs]
2018-03-27T16:09:16.623+0200: 15809.897: [GC pause (G1 Evacuation Pause) (young) 5460M->2660M(6144M), 0.0384360 secs]
2018-03-27T16:09:19.012+0200: 15812.285: [GC pause (G1 Evacuation Pause) (young) 5462M->2663M(6144M), 0.0351939 secs]
2018-03-27T16:09:21.613+0200: 15814.887: [GC pause (G1 Evacuation Pause) (young) 5465M->2665M(6144M), 0.0559273 secs]
2018-03-27T16:09:23.521+0200: 15816.795: [GC pause (G1 Evacuation Pause) (young) 5461M->2669M(6144M), 0.0377079 secs]
2018-03-27T16:09:26.165+0200: 15819.439: [GC pause (G1 Evacuation Pause) (young) 5459M->2668M(6144M), 0.0646248 secs]
2018-03-27T16:09:28.224+0200: 15821.498: [GC pause (G1 Evacuation Pause) (young) 5464M->2674M(6144M), 0.0358463 secs]
2018-03-27T16:09:30.347+0200: 15823.621: [GC pause (G1 Evacuation Pause) (young) 5460M->2676M(6144M), 0.0389691 secs]
2018-03-27T16:09:32.489+0200: 15825.763: [GC pause (G1 Evacuation Pause) (young) 5460M->2678M(6144M), 0.0378342 secs]
2018-03-27T16:09:35.011+0200: 15828.285: [GC pause (G1 Evacuation Pause) (young) 5460M->2681M(6144M), 0.0368188 secs]
2018-03-27T16:09:37.194+0200: 15830.468: [GC pause (G1 Evacuation Pause) (young) 5461M->2684M(6144M), 0.0362483 secs]
2018-03-27T16:09:38.963+0200: 15832.237: [GC pause (G1 Evacuation Pause) (young) 5458M->2689M(6144M), 0.0356619 secs]
2018-03-27T16:09:40.450+0200: 15833.724: [GC pause (G1 Evacuation Pause) (young) 5453M->2690M(6144M), 0.0380624 secs]
2018-03-27T16:09:42.271+0200: 15835.545: [GC pause (G1 Evacuation Pause) (young) 5457M->2690M(6144M), 0.0417919 secs]
2018-03-27T16:09:44.365+0200: 15837.639: [GC pause (G1 Evacuation Pause) (young) 5458M->2691M(6144M), 0.0343271 secs]
2018-03-27T16:09:46.850+0200: 15840.124: [GC pause (G1 Evacuation Pause) (young) 5461M->2692M(6144M), 0.0349946 secs]
2018-03-27T16:09:48.745+0200: 15842.019: [GC pause (G1 Evacuation Pause) (young) 5460M->2696M(6144M), 0.0364834 secs]
2018-03-27T16:09:50.702+0200: 15843.976: [GC pause (GCLocker Initiated GC) (young) 5461M->2700M(6144M), 0.0370252 secs]
2018-03-27T16:09:53.312+0200: 15846.586: [GC pause (G1 Evacuation Pause) (young) 5456M->2701M(6144M), 0.0391404 secs]
2018-03-27T16:09:55.564+0200: 15848.838: [GC pause (G1 Evacuation Pause) (young) 5457M->2704M(6144M), 0.0493857 secs]
2018-03-27T16:09:57.698+0200: 15850.972: [GC pause (G1 Evacuation Pause) (young) 5458M->2704M(6144M), 0.0400127 secs]
2018-03-27T16:10:00.127+0200: 15853.401: [GC pause (G1 Evacuation Pause) (young) 5462M->2707M(6144M), 0.0437320 secs]
2018-03-27T16:10:01.454+0200: 15854.728: [GC pause (G1 Evacuation Pause) (young) 5459M->2713M(6144M), 0.0357119 secs]
2018-03-27T16:10:03.591+0200: 15856.864: [GC pause (G1 Evacuation Pause) (young) 5455M->2713M(6144M), 0.1063186 secs]
2018-03-27T16:10:05.837+0200: 15859.110: [GC pause (G1 Evacuation Pause) (young) 5461M->2713M(6144M), 0.0392972 secs]
2018-03-27T16:10:07.524+0200: 15860.798: [GC pause (G1 Evacuation Pause) (young) 5463M->2715M(6144M), 0.0453154 secs]
2018-03-27T16:10:09.456+0200: 15862.730: [GC pause (G1 Evacuation Pause) (young) 5462M->2719M(6144M), 0.0394116 secs]
2018-03-27T16:10:11.424+0200: 15864.698: [GC pause (G1 Evacuation Pause) (young) 5459M->2721M(6144M), 0.0570947 secs]
2018-03-27T16:10:13.338+0200: 15866.612: [GC pause (G1 Evacuation Pause) (young) 5463M->2723M(6144M), 0.0465049 secs]
2018-03-27T16:10:15.676+0200: 15868.950: [GC pause (G1 Evacuation Pause) (young) 5461M->2725M(6144M), 0.0529024 secs]
2018-03-27T16:10:17.820+0200: 15871.094: [GC pause (G1 Evacuation Pause) (young) 5461M->2731M(6144M), 0.0449359 secs]
2018-03-27T16:10:20.355+0200: 15873.629: [GC pause (G1 Evacuation Pause) (young) 5457M->2734M(6144M), 0.0443707 secs]
2018-03-27T16:10:22.437+0200: 15875.711: [GC pause (G1 Evacuation Pause) (young) 5458M->2735M(6144M), 0.0431954 secs]
2018-03-27T16:10:24.279+0200: 15877.553: [GC pause (G1 Evacuation Pause) (young) 5457M->2736M(6144M), 0.0363052 secs]
2018-03-27T16:10:26.238+0200: 15879.512: [GC pause (G1 Evacuation Pause) (young) 5460M->2737M(6144M), 0.0382925 secs]
2018-03-27T16:10:28.371+0200: 15881.644: [GC pause (G1 Evacuation Pause) (young) 5461M->2739M(6144M), 0.0363230 secs]
2018-03-27T16:10:30.256+0200: 15883.530: [GC pause (G1 Evacuation Pause) (young) 5461M->2740M(6144M), 0.0362104 secs]
2018-03-27T16:10:32.318+0200: 15885.592: [GC pause (G1 Evacuation Pause) (young) 5464M->2745M(6144M), 0.0367165 secs]
2018-03-27T16:10:34.615+0200: 15887.889: [GC pause (G1 Evacuation Pause) (young) 5463M->2745M(6144M), 0.0383984 secs]
2018-03-27T16:10:36.311+0200: 15889.584: [GC pause (G1 Evacuation Pause) (young) 5466M->2747M(6144M), 0.0394381 secs]
2018-03-27T16:10:38.717+0200: 15891.991: [GC pause (G1 Evacuation Pause) (young) 5463M->2750M(6144M), 0.0347125 secs]
2018-03-27T16:10:40.892+0200: 15894.166: [GC pause (G1 Evacuation Pause) (young) 5464M->2752M(6144M), 0.0435055 secs]
2018-03-27T16:10:42.863+0200: 15896.136: [GC pause (G1 Evacuation Pause) (young) 5464M->2754M(6144M), 0.0538474 secs]
2018-03-27T16:10:44.957+0200: 15898.231: [GC pause (G1 Evacuation Pause) (young) 5464M->2756M(6144M), 0.0425980 secs]
2018-03-27T16:10:46.814+0200: 15900.087: [GC pause (G1 Evacuation Pause) (young) 5462M->2758M(6144M), 0.0390151 secs]
2018-03-27T16:10:48.838+0200: 15902.112: [GC pause (GCLocker Initiated GC) (young) 5468M->2761M(6144M), 0.0370515 secs]
2018-03-27T16:10:51.538+0200: 15904.812: [GC pause (G1 Evacuation Pause) (young) 5463M->2764M(6144M), 0.0379992 secs]
2018-03-27T16:10:53.363+0200: 15906.637: [GC pause (G1 Evacuation Pause) (young) 5464M->2765M(6144M), 0.0477007 secs]
2018-03-27T16:10:55.607+0200: 15908.881: [GC pause (G1 Evacuation Pause) (young) 5465M->2767M(6144M), 0.0398132 secs]
2018-03-27T16:10:57.560+0200: 15910.834: [GC pause (G1 Evacuation Pause) (young) 5465M->2770M(6144M), 0.0388331 secs]
2018-03-27T16:10:59.754+0200: 15913.027: [GC pause (GCLocker Initiated GC) (young) 5471M->2773M(6144M), 0.0383230 secs]
2018-03-27T16:11:01.617+0200: 15914.891: [GC pause (GCLocker Initiated GC) (young) 5519M->2777M(6144M), 0.0431007 secs]
2018-03-27T16:11:03.808+0200: 15917.082: [GC pause (GCLocker Initiated GC) (young) 5461M->2777M(6144M), 0.0409351 secs]
2018-03-27T16:11:05.865+0200: 15919.139: [GC pause (G1 Evacuation Pause) (young) 5461M->2781M(6144M), 0.0419764 secs]
2018-03-27T16:11:08.002+0200: 15921.276: [GC pause (G1 Evacuation Pause) (young) 5460M->2779M(6144M), 0.0489438 secs]
2018-03-27T16:11:10.304+0200: 15923.578: [GC pause (G1 Evacuation Pause) (young) 5463M->2783M(6144M), 0.0461078 secs]
2018-03-27T16:11:12.609+0200: 15925.883: [GC pause (G1 Evacuation Pause) (young) 5461M->2784M(6144M), 0.0412114 secs]
2018-03-27T16:11:14.145+0200: 15927.419: [GC pause (G1 Evacuation Pause) (young) 5464M->2785M(6144M), 0.0573359 secs]
2018-03-27T16:11:16.409+0200: 15929.682: [GC pause (G1 Evacuation Pause) (young) 5463M->2790M(6144M), 0.0411186 secs]
2018-03-27T16:11:18.948+0200: 15932.222: [GC pause (G1 Evacuation Pause) (young) 5462M->2790M(6144M), 0.0374779 secs]
2018-03-27T16:11:21.145+0200: 15934.419: [GC pause (G1 Evacuation Pause) (young) 5464M->2792M(6144M), 0.0392269 secs]
2018-03-27T16:11:23.605+0200: 15936.879: [GC pause (G1 Evacuation Pause) (young) 5464M->2792M(6144M), 0.0369129 secs]
2018-03-27T16:11:25.885+0200: 15939.158: [GC pause (G1 Evacuation Pause) (young) 5466M->2795M(6144M), 0.0391357 secs]
2018-03-27T16:11:28.632+0200: 15941.905: [GC pause (G1 Evacuation Pause) (young) 5467M->2796M(6144M), 0.0451538 secs]
2018-03-27T16:11:30.949+0200: 15944.223: [GC pause (G1 Evacuation Pause) (young) 5466M->2801M(6144M), 0.0425644 secs]
2018-03-27T16:11:33.810+0200: 15947.083: [GC pause (G1 Evacuation Pause) (young) 5463M->2801M(6144M), 0.0366718 secs]
2018-03-27T16:11:35.698+0200: 15948.971: [GC pause (G1 Evacuation Pause) (young) 5465M->2806M(6144M), 0.0362831 secs]
2018-03-27T16:11:37.538+0200: 15950.812: [GC pause (G1 Evacuation Pause) (young) 5464M->2807M(6144M), 0.0377513 secs]
2018-03-27T16:11:39.844+0200: 15953.118: [GC pause (G1 Evacuation Pause) (young) 5465M->2814M(6144M), 0.0415471 secs]
2018-03-27T16:11:42.190+0200: 15955.464: [GC pause (G1 Evacuation Pause) (young) 5458M->2813M(6144M), 0.0367485 secs]
2018-03-27T16:11:44.322+0200: 15957.596: [GC pause (G1 Evacuation Pause) (young) 5463M->2815M(6144M), 0.0386725 secs]
2018-03-27T16:11:46.196+0200: 15959.469: [GC pause (G1 Evacuation Pause) (young) 5465M->2819M(6144M), 0.0374655 secs]
2018-03-27T16:11:48.427+0200: 15961.701: [GC pause (G1 Evacuation Pause) (young) 5461M->2821M(6144M), 0.0435623 secs]
2018-03-27T16:11:50.696+0200: 15963.970: [GC pause (G1 Evacuation Pause) (young) 5463M->2823M(6144M), 0.0428655 secs]
2018-03-27T16:11:53.047+0200: 15966.321: [GC pause (G1 Evacuation Pause) (young) 5463M->2826M(6144M), 0.0405645 secs]
2018-03-27T16:11:55.814+0200: 15969.087: [GC pause (G1 Evacuation Pause) (young) (initial-mark) 5460M->2826M(6144M), 0.0569494 secs]
2018-03-27T16:11:55.871+0200: 15969.145: [GC concurrent-root-region-scan-start]
2018-03-27T16:11:55.935+0200: 15969.209: [GC concurrent-root-region-scan-end, 0.0639381 secs]
2018-03-27T16:11:55.935+0200: 15969.209: [GC concurrent-mark-start]
2018-03-27T16:11:57.738+0200: 15971.012: [GC pause (G1 Evacuation Pause) (young) 5462M->2830M(6144M), 0.0391871 secs]
2018-03-27T16:11:59.070+0200: 15972.344: [GC concurrent-mark-end, 3.1348822 secs]
2018-03-27T16:11:59.074+0200: 15972.347: [GC remark, 0.3392116 secs]
2018-03-27T16:11:59.417+0200: 15972.691: [GC cleanup 4311M->4311M(6144M), 0.0316484 secs]
2018-03-27T16:12:00.210+0200: 15973.484: [GC pause (G1 Evacuation Pause) (young) 5460M->2832M(6144M), 0.0810845 secs]
2018-03-27T16:12:00.388+0200: 15973.662: [GC pause (G1 Evacuation Pause) (mixed) 3074M->2484M(6144M), 0.1700808 secs]
2018-03-27T16:12:00.710+0200: 15973.984: [GC pause (G1 Evacuation Pause) (mixed) 2764M->2465M(6144M), 0.1664114 secs]
2018-03-27T16:12:00.996+0200: 15974.270: [GC pause (G1 Evacuation Pause) (young) 2743M->2465M(6144M), 0.0464805 secs]
2018-03-27T16:12:01.156+0200: 15974.430: [GC pause (GCLocker Initiated GC) (young) 2756M->2465M(6144M), 0.0261191 secs]
2018-03-27T16:12:01.293+0200: 15974.567: [GC pause (G1 Evacuation Pause) (young) 2743M->2467M(6144M), 0.0239287 secs]
2018-03-27T16:12:01.421+0200: 15974.695: [GC pause (G1 Evacuation Pause) (young) 2749M->2469M(6144M), 0.0235527 secs]
2018-03-27T16:12:01.575+0200: 15974.849: [GC pause (G1 Evacuation Pause) (young) 2749M->2468M(6144M), 0.0278622 secs]
2018-03-27T16:12:01.769+0200: 15975.043: [GC pause (GCLocker Initiated GC) (young) 2752M->2469M(6144M), 0.0280246 secs]
2018-03-27T16:12:01.961+0200: 15975.235: [GC pause (GCLocker Initiated GC) (young) 2765M->2467M(6144M), 0.0268107 secs]
2018-03-27T16:12:02.239+0200: 15975.512: [GC pause (GCLocker Initiated GC) (young) 2753M->2472M(6144M), 0.0222030 secs]
2018-03-27T16:12:02.472+0200: 15975.745: [GC pause (G1 Evacuation Pause) (young) 2750M->2468M(6144M), 0.0445907 secs]
2018-03-27T16:12:02.732+0200: 15976.006: [GC pause (G1 Evacuation Pause) (young) 2750M->2471M(6144M), 0.0288991 secs]
2018-03-27T16:12:02.957+0200: 15976.231: [GC pause (G1 Evacuation Pause) (young) 2749M->2468M(6144M), 0.0490689 secs]
2018-03-27T16:12:03.184+0200: 15976.458: [GC pause (G1 Evacuation Pause) (young) 2750M->2475M(6144M), 0.0375826 secs]
2018-03-27T16:12:03.375+0200: 15976.649: [GC pause (G1 Evacuation Pause) (young) 2749M->2472M(6144M), 0.0355563 secs]
2018-03-27T16:12:06.432+0200: 15979.706: [GC pause (G1 Evacuation Pause) (young) 5410M->2478M(6144M), 0.0399410 secs]
2018-03-27T16:12:08.856+0200: 15982.130: [GC pause (G1 Evacuation Pause) (young) 5432M->2484M(6144M), 0.0453282 secs]
2018-03-27T16:12:11.630+0200: 15984.904: [GC pause (G1 Evacuation Pause) (young) 5448M->2491M(6144M), 0.0416442 secs]
2018-03-27T16:12:14.497+0200: 15987.771: [GC pause (G1 Evacuation Pause) (young) 5463M->2495M(6144M), 0.0390514 secs]
2018-03-27T16:12:16.954+0200: 15990.228: [GC pause (G1 Evacuation Pause) (young) 5473M->2504M(6144M), 0.0474116 secs]
2018-03-27T16:12:19.089+0200: 15992.363: [GC pause (G1 Evacuation Pause) (young) 5472M->2509M(6144M), 0.0403589 secs]
2018-03-27T16:12:21.225+0200: 15994.499: [GC pause (G1 Evacuation Pause) (young) 5467M->2513M(6144M), 0.0486382 secs]
2018-03-27T16:12:23.103+0200: 15996.376: [GC pause (G1 Evacuation Pause) (young) 5463M->2516M(6144M), 0.0360177 secs]
2018-03-27T16:12:25.559+0200: 15998.832: [GC pause (G1 Evacuation Pause) (young) 5462M->2516M(6144M), 0.0374676 secs]
2018-03-27T16:12:27.607+0200: 16000.881: [GC pause (G1 Evacuation Pause) (young) 5462M->2519M(6144M), 0.0376165 secs]
2018-03-27T16:12:29.472+0200: 16002.746: [GC pause (G1 Evacuation Pause) (young) 5461M->2520M(6144M), 0.0371008 secs]
2018-03-27T16:12:31.849+0200: 16005.123: [GC pause (G1 Evacuation Pause) (young) 5458M->2523M(6144M), 0.0392550 secs]
2018-03-27T16:12:34.204+0200: 16007.478: [GC pause (G1 Evacuation Pause) (young) 5455M->2527M(6144M), 0.0563090 secs]
2018-03-27T16:12:36.222+0200: 16009.496: [GC pause (G1 Evacuation Pause) (young) 5451M->2525M(6144M), 0.0403899 secs]
2018-03-27T16:12:38.625+0200: 16011.899: [GC pause (G1 Evacuation Pause) (young) 5453M->2527M(6144M), 0.0446651 secs]
2018-03-27T16:12:40.982+0200: 16014.256: [GC pause (G1 Evacuation Pause) (young) 5451M->2530M(6144M), 0.0484958 secs]
2018-03-27T16:12:43.080+0200: 16016.354: [GC pause (G1 Evacuation Pause) (young) 5452M->2531M(6144M), 0.0472027 secs]
2018-03-27T16:12:44.811+0200: 16018.085: [GC pause (G1 Evacuation Pause) (young) 5454M->2531M(6144M), 0.0436248 secs]
2018-03-27T16:12:46.958+0200: 16020.232: [GC pause (G1 Evacuation Pause) (young) 5455M->2537M(6144M), 0.0387409 secs]
2018-03-27T16:12:48.790+0200: 16022.063: [GC pause (G1 Evacuation Pause) (young) 5453M->2539M(6144M), 0.0408295 secs]
2018-03-27T16:12:51.325+0200: 16024.599: [GC pause (G1 Evacuation Pause) (young) 5461M->2543M(6144M), 0.0387268 secs]
2018-03-27T16:12:53.215+0200: 16026.489: [GC pause (G1 Evacuation Pause) (young) 5468M->2545M(6144M), 0.0443048 secs]
2018-03-27T16:12:55.829+0200: 16029.103: [GC pause (G1 Evacuation Pause) (young) 5463M->2548M(6144M), 0.0397601 secs]
2018-03-27T16:12:58.010+0200: 16031.283: [GC pause (GCLocker Initiated GC) (young) 5460M->2551M(6144M), 0.0372698 secs]
2018-03-27T16:13:00.387+0200: 16033.661: [GC pause (G1 Evacuation Pause) (young) 5459M->2552M(6144M), 0.0553431 secs]
2018-03-27T16:13:02.333+0200: 16035.607: [GC pause (G1 Evacuation Pause) (young) 5460M->2557M(6144M), 0.0476315 secs]
2018-03-27T16:13:04.146+0200: 16037.420: [GC pause (G1 Evacuation Pause) (young) 5481M->2558M(6144M), 0.0478644 secs]
2018-03-27T16:13:06.718+0200: 16039.992: [GC pause (G1 Evacuation Pause) (young) 5458M->2559M(6144M), 0.0462705 secs]
2018-03-27T16:13:08.677+0200: 16041.950: [GC pause (G1 Evacuation Pause) (young) 5465M->2565M(6144M), 0.0412400 secs]
2018-03-27T16:13:10.761+0200: 16044.035: [GC pause (G1 Evacuation Pause) (young) 5462M->2564M(6144M), 0.0630861 secs]
2018-03-27T16:13:13.130+0200: 16046.404: [GC pause (G1 Evacuation Pause) (young) 5463M->2567M(6144M), 0.0405476 secs]
2018-03-27T16:13:15.380+0200: 16048.653: [GC pause (G1 Evacuation Pause) (young) 5485M->2569M(6144M), 0.0475972 secs]
2018-03-27T16:13:17.749+0200: 16051.022: [GC pause (G1 Evacuation Pause) (young) 5461M->2573M(6144M), 0.0366166 secs]
2018-03-27T16:13:19.746+0200: 16053.020: [GC pause (G1 Evacuation Pause) (young) 5459M->2571M(6144M), 0.0439121 secs]
2018-03-27T16:13:22.486+0200: 16055.760: [GC pause (G1 Evacuation Pause) (young) 5463M->2576M(6144M), 0.0369185 secs]
2018-03-27T16:13:24.319+0200: 16057.593: [GC pause (GCLocker Initiated GC) (young) 5479M->2577M(6144M), 0.0395111 secs]
2018-03-27T16:13:26.873+0200: 16060.147: [GC pause (G1 Evacuation Pause) (young) 5461M->2580M(6144M), 0.0400428 secs]
2018-03-27T16:13:29.338+0200: 16062.612: [GC pause (G1 Evacuation Pause) (young) 5462M->2581M(6144M), 0.0470103 secs]
2018-03-27T16:13:31.970+0200: 16065.244: [GC pause (GCLocker Initiated GC) (young) 5469M->2584M(6144M), 0.0480787 secs]
2018-03-27T16:13:34.450+0200: 16067.724: [GC pause (GCLocker Initiated GC) (young) 5461M->2582M(6144M), 0.0392901 secs]
2018-03-27T16:13:37.118+0200: 16070.391: [GC pause (G1 Evacuation Pause) (young) 5466M->2588M(6144M), 0.0397441 secs]
2018-03-27T16:13:39.410+0200: 16072.684: [GC pause (G1 Evacuation Pause) (young) 5462M->2591M(6144M), 0.0387877 secs]
2018-03-27T16:13:41.638+0200: 16074.912: [GC pause (G1 Evacuation Pause) (young) 5464M->2595M(6144M), 0.0458021 secs]
2018-03-27T16:13:44.172+0200: 16077.445: [GC pause (G1 Evacuation Pause) (young) 5461M->2600M(6144M), 0.0453067 secs]
2018-03-27T16:13:46.608+0200: 16079.882: [GC pause (GCLocker Initiated GC) (young) 5460M->2597M(6144M), 0.0498642 secs]
2018-03-27T16:13:48.645+0200: 16081.918: [GC pause (G1 Evacuation Pause) (young) 5461M->2595M(6144M), 0.0454714 secs]
2018-03-27T16:13:51.392+0200: 16084.666: [GC pause (G1 Evacuation Pause) (young) 5465M->2601M(6144M), 0.0386263 secs]
2018-03-27T16:13:53.728+0200: 16087.002: [GC pause (G1 Evacuation Pause) (young) 5461M->2603M(6144M), 0.0461990 secs]
2018-03-27T16:13:55.769+0200: 16089.043: [GC pause (G1 Evacuation Pause) (young) 5461M->2605M(6144M), 0.0446832 secs]
2018-03-27T16:13:58.598+0200: 16091.872: [GC pause (G1 Evacuation Pause) (young) 5461M->2611M(6144M), 0.0405362 secs]
2018-03-27T16:14:01.240+0200: 16094.514: [GC pause (G1 Evacuation Pause) (young) 5457M->2608M(6144M), 0.0582517 secs]
2018-03-27T16:14:04.024+0200: 16097.298: [GC pause (G1 Evacuation Pause) (young) 5462M->2610M(6144M), 0.0555757 secs]
2018-03-27T16:14:06.697+0200: 16099.971: [GC pause (G1 Evacuation Pause) (young) 5464M->2611M(6144M), 0.0756509 secs]
2018-03-27T16:14:08.607+0200: 16101.881: [GC pause (GCLocker Initiated GC) (young) 5469M->2618M(6144M), 0.0657730 secs]
2018-03-27T16:14:10.354+0200: 16103.628: [GC pause (G1 Evacuation Pause) (young) 5461M->2620M(6144M), 0.0434497 secs]
2018-03-27T16:14:12.110+0200: 16105.383: [GC pause (G1 Evacuation Pause) (young) 5463M->2622M(6144M), 0.0440098 secs]
2018-03-27T16:14:14.838+0200: 16108.111: [GC pause (G1 Evacuation Pause) (young) 5466M->2622M(6144M), 0.0413153 secs]
2018-03-27T16:14:16.820+0200: 16110.094: [GC pause (G1 Evacuation Pause) (young) 5462M->2624M(6144M), 0.0527791 secs]
2018-03-27T16:14:18.878+0200: 16112.152: [GC pause (G1 Evacuation Pause) (young) 5462M->2625M(6144M), 0.0401977 secs]
2018-03-27T16:14:21.831+0200: 16115.105: [GC pause (GCLocker Initiated GC) (young) 5465M->2630M(6144M), 0.0423428 secs]
2018-03-27T16:14:24.382+0200: 16117.656: [GC pause (G1 Evacuation Pause) (young) 5462M->2632M(6144M), 0.0485395 secs]
2018-03-27T16:14:26.626+0200: 16119.900: [GC pause (G1 Evacuation Pause) (young) 5458M->2633M(6144M), 0.0432121 secs]
2018-03-27T16:14:28.504+0200: 16121.778: [GC pause (G1 Evacuation Pause) (young) 5463M->2641M(6144M), 0.0503065 secs]
2018-03-27T16:14:30.330+0200: 16123.603: [GC pause (G1 Evacuation Pause) (young) 5455M->2640M(6144M), 0.0411584 secs]
2018-03-27T16:14:32.542+0200: 16125.815: [GC pause (G1 Evacuation Pause) (young) 5461M->2645M(6144M), 0.0413615 secs]
2018-03-27T16:14:35.354+0200: 16128.628: [GC pause (G1 Evacuation Pause) (young) 5457M->2647M(6144M), 0.0524003 secs]
2018-03-27T16:14:37.713+0200: 16130.986: [GC pause (G1 Evacuation Pause) (young) 5457M->2647M(6144M), 0.0440101 secs]
2018-03-27T16:14:40.163+0200: 16133.437: [GC pause (G1 Evacuation Pause) (young) 5467M->2651M(6144M), 0.0456744 secs]
2018-03-27T16:14:42.307+0200: 16135.580: [GC pause (G1 Evacuation Pause) (young) 5457M->2651M(6144M), 0.0404825 secs]
2018-03-27T16:14:44.641+0200: 16137.914: [GC pause (G1 Evacuation Pause) (young) 5460M->2654M(6144M), 0.0397353 secs]
2018-03-27T16:14:47.242+0200: 16140.516: [GC pause (G1 Evacuation Pause) (young) 5460M->2656M(6144M), 0.0398961 secs]
2018-03-27T16:14:49.745+0200: 16143.019: [GC pause (G1 Evacuation Pause) (young) 5460M->2658M(6144M), 0.0357359 secs]
2018-03-27T16:14:52.260+0200: 16145.534: [GC pause (G1 Evacuation Pause) (young) 5460M->2660M(6144M), 0.0370585 secs]
2018-03-27T16:14:54.200+0200: 16147.474: [GC pause (G1 Evacuation Pause) (young) 5460M->2661M(6144M), 0.0428817 secs]
2018-03-27T16:14:56.969+0200: 16150.243: [GC pause (G1 Evacuation Pause) (young) 5459M->2663M(6144M), 0.0379454 secs]
2018-03-27T16:14:59.187+0200: 16152.461: [GC pause (G1 Evacuation Pause) (young) 5459M->2667M(6144M), 0.0394716 secs]
2018-03-27T16:15:01.771+0200: 16155.045: [GC pause (GCLocker Initiated GC) (young) 5471M->2669M(6144M), 0.0685040 secs]
2018-03-27T16:15:03.906+0200: 16157.180: [GC pause (G1 Evacuation Pause) (young) 5461M->2671M(6144M), 0.0425987 secs]
2018-03-27T16:15:06.854+0200: 16160.128: [GC pause (G1 Evacuation Pause) (young) 5459M->2671M(6144M), 0.0556232 secs]
2018-03-27T16:15:08.978+0200: 16162.252: [GC pause (G1 Evacuation Pause) (young) 5461M->2673M(6144M), 0.0415002 secs]
2018-03-27T16:15:10.991+0200: 16164.265: [GC pause (G1 Evacuation Pause) (young) 5461M->2673M(6144M), 0.0397921 secs]
2018-03-27T16:15:12.928+0200: 16166.201: [GC pause (G1 Evacuation Pause) (young) 5464M->2678M(6144M), 0.0421769 secs]
2018-03-27T16:15:15.667+0200: 16168.940: [GC pause (G1 Evacuation Pause) (young) 5462M->2682M(6144M), 0.0421326 secs]
2018-03-27T16:15:18.007+0200: 16171.280: [GC pause (G1 Evacuation Pause) (young) 5460M->2684M(6144M), 0.0446870 secs]
2018-03-27T16:15:20.712+0200: 16173.986: [GC pause (G1 Evacuation Pause) (young) 5460M->2686M(6144M), 0.0383005 secs]
2018-03-27T16:15:23.155+0200: 16176.429: [GC pause (G1 Evacuation Pause) (young) 5460M->2686M(6144M), 0.0685738 secs]
2018-03-27T16:15:25.061+0200: 16178.334: [GC pause (G1 Evacuation Pause) (young) 5460M->2690M(6144M), 0.0386961 secs]
2018-03-27T16:15:27.177+0200: 16180.451: [GC pause (G1 Evacuation Pause) (young) 5458M->2693M(6144M), 0.0455259 secs]
2018-03-27T16:15:29.966+0200: 16183.240: [GC pause (G1 Evacuation Pause) (young) 5459M->2694M(6144M), 0.0405948 secs]
2018-03-27T16:15:31.927+0200: 16185.200: [GC pause (G1 Evacuation Pause) (young) 5458M->2699M(6144M), 0.0412562 secs]
2018-03-27T16:15:33.893+0200: 16187.167: [GC pause (G1 Evacuation Pause) (young) 5457M->2699M(6144M), 0.0370522 secs]
2018-03-27T16:15:36.289+0200: 16189.563: [GC pause (G1 Evacuation Pause) (young) 5459M->2702M(6144M), 0.0370478 secs]
2018-03-27T16:15:38.772+0200: 16192.046: [GC pause (G1 Evacuation Pause) (young) 5460M->2707M(6144M), 0.0420053 secs]
2018-03-27T16:15:41.061+0200: 16194.335: [GC pause (G1 Evacuation Pause) (young) 5460M->2709M(6144M), 0.0406232 secs]
2018-03-27T16:15:43.581+0200: 16196.855: [GC pause (G1 Evacuation Pause) (young) 5457M->2713M(6144M), 0.0391061 secs]
2018-03-27T16:15:45.654+0200: 16198.928: [GC pause (G1 Evacuation Pause) (young) 5455M->2713M(6144M), 0.0415402 secs]
2018-03-27T16:15:48.294+0200: 16201.568: [GC pause (G1 Evacuation Pause) (young) 5457M->2714M(6144M), 0.0357913 secs]
2018-03-27T16:15:50.673+0200: 16203.947: [GC pause (G1 Evacuation Pause) (young) 5460M->2713M(6144M), 0.0395569 secs]
2018-03-27T16:15:52.979+0200: 16206.252: [GC pause (G1 Evacuation Pause) (young) 5463M->2717M(6144M), 0.0385182 secs]
2018-03-27T16:15:54.932+0200: 16208.205: [GC pause (G1 Evacuation Pause) (young) 5461M->2720M(6144M), 0.0343727 secs]
2018-03-27T16:15:57.293+0200: 16210.566: [GC pause (G1 Evacuation Pause) (young) 5471M->2720M(6144M), 0.0423439 secs]
2018-03-27T16:15:59.710+0200: 16212.984: [GC pause (G1 Evacuation Pause) (young) 5464M->2721M(6144M), 0.0365617 secs]
2018-03-27T16:16:02.232+0200: 16215.506: [GC pause (G1 Evacuation Pause) (young) 5463M->2726M(6144M), 0.0368222 secs]
2018-03-27T16:16:04.141+0200: 16217.415: [GC pause (GCLocker Initiated GC) (young) 5464M->2728M(6144M), 0.0478559 secs]
2018-03-27T16:16:06.386+0200: 16219.660: [GC pause (G1 Evacuation Pause) (young) 5464M->2733M(6144M), 0.0408373 secs]
2018-03-27T16:16:07.890+0200: 16221.164: [GC pause (G1 Evacuation Pause) (young) 5461M->2735M(6144M), 0.0557066 secs]
2018-03-27T16:16:10.061+0200: 16223.335: [GC pause (G1 Evacuation Pause) (young) 5462M->2735M(6144M), 0.0401215 secs]
2018-03-27T16:16:12.415+0200: 16225.689: [GC pause (G1 Evacuation Pause) (young) 5463M->2736M(6144M), 0.0369890 secs]
2018-03-27T16:16:14.366+0200: 16227.640: [GC pause (G1 Evacuation Pause) (young) 5462M->2740M(6144M), 0.0468656 secs]
2018-03-27T16:16:16.397+0200: 16229.671: [GC pause (GCLocker Initiated GC) (young) 5466M->2742M(6144M), 0.0576731 secs]
2018-03-27T16:16:18.476+0200: 16231.750: [GC pause (G1 Evacuation Pause) (young) 5464M->2750M(6144M), 0.0459576 secs]
2018-03-27T16:16:20.674+0200: 16233.948: [GC pause (G1 Evacuation Pause) (young) 5458M->2755M(6144M), 0.0413989 secs]
2018-03-27T16:16:22.558+0200: 16235.832: [GC pause (G1 Evacuation Pause) (young) 5453M->2752M(6144M), 0.0369191 secs]
2018-03-27T16:16:24.730+0200: 16238.004: [GC pause (G1 Evacuation Pause) (young) 5460M->2757M(6144M), 0.0373171 secs]
2018-03-27T16:16:27.127+0200: 16240.401: [GC pause (G1 Evacuation Pause) (young) 5457M->2764M(6144M), 0.0729194 secs]
2018-03-27T16:16:29.242+0200: 16242.516: [GC pause (G1 Evacuation Pause) (young) 5454M->2765M(6144M), 0.0472119 secs]
2018-03-27T16:16:30.999+0200: 16244.273: [GC pause (G1 Evacuation Pause) (young) 5453M->2765M(6144M), 0.0432115 secs]
2018-03-27T16:16:33.060+0200: 16246.334: [GC pause (G1 Evacuation Pause) (young) 5455M->2767M(6144M), 0.0407638 secs]
2018-03-27T16:16:35.012+0200: 16248.286: [GC pause (G1 Evacuation Pause) (young) 5460M->2770M(6144M), 0.0407257 secs]
2018-03-27T16:16:36.829+0200: 16250.103: [GC pause (G1 Evacuation Pause) (young) 5456M->2771M(6144M), 0.0390070 secs]
2018-03-27T16:16:39.636+0200: 16252.910: [GC pause (G1 Evacuation Pause) (young) 5457M->2774M(6144M), 0.0431880 secs]
2018-03-27T16:16:41.676+0200: 16254.950: [GC pause (G1 Evacuation Pause) (young) 5454M->2776M(6144M), 0.0431345 secs]
2018-03-27T16:16:43.975+0200: 16257.249: [GC pause (G1 Evacuation Pause) (young) 5454M->2781M(6144M), 0.0416394 secs]
2018-03-27T16:16:45.563+0200: 16258.837: [GC pause (GCLocker Initiated GC) (young) 5454M->2782M(6144M), 0.0416952 secs]
2018-03-27T16:16:47.667+0200: 16260.941: [GC pause (G1 Evacuation Pause) (young) 5456M->2785M(6144M), 0.0692311 secs]
2018-03-27T16:16:50.073+0200: 16263.347: [GC pause (G1 Evacuation Pause) (young) 5457M->2785M(6144M), 0.0431835 secs]
2018-03-27T16:16:52.569+0200: 16265.843: [GC pause (G1 Evacuation Pause) (young) 5455M->2791M(6144M), 0.0416156 secs]
2018-03-27T16:16:55.406+0200: 16268.680: [GC pause (G1 Evacuation Pause) (young) 5459M->2797M(6144M), 0.0383591 secs]
2018-03-27T16:16:57.567+0200: 16270.841: [GC pause (G1 Evacuation Pause) (young) 5455M->2799M(6144M), 0.0434098 secs]
2018-03-27T16:16:59.883+0200: 16273.157: [GC pause (G1 Evacuation Pause) (young) 5459M->2800M(6144M), 0.0439152 secs]
2018-03-27T16:17:01.666+0200: 16274.940: [GC pause (GCLocker Initiated GC) (young) 5467M->2806M(6144M), 0.0438719 secs]
2018-03-27T16:17:04.032+0200: 16277.306: [GC pause (G1 Evacuation Pause) (young) 5458M->2805M(6144M), 0.0435876 secs]
2018-03-27T16:17:05.874+0200: 16279.148: [GC pause (G1 Evacuation Pause) (young) 5461M->2808M(6144M), 0.0444692 secs]
2018-03-27T16:17:07.640+0200: 16280.914: [GC pause (G1 Evacuation Pause) (young) 5464M->2814M(6144M), 0.0416837 secs]
2018-03-27T16:17:10.265+0200: 16283.539: [GC pause (G1 Evacuation Pause) (young) 5460M->2817M(6144M), 0.0556125 secs]
2018-03-27T16:17:12.561+0200: 16285.834: [GC pause (G1 Evacuation Pause) (young) 5457M->2817M(6144M), 0.0439325 secs]
2018-03-27T16:17:15.177+0200: 16288.451: [GC pause (GCLocker Initiated GC) (young) 5463M->2819M(6144M), 0.0394432 secs]
2018-03-27T16:17:17.340+0200: 16290.614: [GC pause (G1 Evacuation Pause) (young) 5463M->2821M(6144M), 0.0584487 secs]
2018-03-27T16:17:19.325+0200: 16292.598: [GC pause (GCLocker Initiated GC) (young) 5464M->2827M(6144M), 0.0379282 secs]
2018-03-27T16:17:21.603+0200: 16294.876: [GC pause (G1 Evacuation Pause) (young) 5459M->2823M(6144M), 0.0359711 secs]
2018-03-27T16:17:23.329+0200: 16296.603: [GC pause (G1 Evacuation Pause) (young) (initial-mark) 5461M->2826M(6144M), 0.0629504 secs]
2018-03-27T16:17:23.393+0200: 16296.666: [GC concurrent-root-region-scan-start]
2018-03-27T16:17:23.452+0200: 16296.726: [GC concurrent-root-region-scan-end, 0.0595114 secs]
2018-03-27T16:17:23.452+0200: 16296.726: [GC concurrent-mark-start]
2018-03-27T16:17:25.205+0200: 16298.479: [GC pause (G1 Evacuation Pause) (young) 5462M->2828M(6144M), 0.0379392 secs]
2018-03-27T16:17:26.784+0200: 16300.058: [GC concurrent-mark-end, 3.3319337 secs]
2018-03-27T16:17:26.788+0200: 16300.061: [GC remark, 0.3351102 secs]
2018-03-27T16:17:27.128+0200: 16300.402: [GC cleanup 4376M->4354M(6144M), 0.0259480 secs]
2018-03-27T16:17:27.154+0200: 16300.428: [GC concurrent-cleanup-start]
2018-03-27T16:17:27.155+0200: 16300.428: [GC concurrent-cleanup-end, 0.0002255 secs]
2018-03-27T16:17:27.903+0200: 16301.176: [GC pause (GCLocker Initiated GC) (young) 5444M->2807M(6144M), 0.0576380 secs]
2018-03-27T16:17:28.071+0200: 16301.344: [GC pause (G1 Evacuation Pause) (mixed) 3053M->2471M(6144M), 0.1533485 secs]
2018-03-27T16:17:28.333+0200: 16301.607: [GC pause (G1 Evacuation Pause) (mixed) 2751M->2477M(6144M), 0.1237220 secs]
2018-03-27T16:17:28.544+0200: 16301.817: [GC pause (G1 Evacuation Pause) (young) 2761M->2487M(6144M), 0.0340737 secs]
2018-03-27T16:17:28.680+0200: 16301.954: [GC pause (G1 Evacuation Pause) (young) 2767M->2488M(6144M), 0.0268788 secs]
2018-03-27T16:17:28.839+0200: 16302.113: [GC pause (G1 Evacuation Pause) (young) 2766M->2495M(6144M), 0.0248928 secs]
2018-03-27T16:17:29.016+0200: 16302.290: [GC pause (G1 Evacuation Pause) (young) 2775M->2494M(6144M), 0.0285367 secs]
2018-03-27T16:17:29.215+0200: 16302.489: [GC pause (G1 Evacuation Pause) (young) 2774M->2495M(6144M), 0.0223186 secs]
2018-03-27T16:17:29.453+0200: 16302.727: [GC pause (GCLocker Initiated GC) (young) 2791M->2494M(6144M), 0.0268011 secs]
2018-03-27T16:17:29.621+0200: 16302.894: [GC pause (G1 Evacuation Pause) (young) 2774M->2497M(6144M), 0.0267696 secs]
2018-03-27T16:17:29.796+0200: 16303.070: [GC pause (G1 Evacuation Pause) (young) 2775M->2495M(6144M), 0.0257430 secs]
2018-03-27T16:17:29.987+0200: 16303.261: [GC pause (GCLocker Initiated GC) (young) 2783M->2495M(6144M), 0.0288613 secs]
2018-03-27T16:17:30.186+0200: 16303.460: [GC pause (GCLocker Initiated GC) (young) 2778M->2499M(6144M), 0.0272398 secs]
2018-03-27T16:17:30.371+0200: 16303.645: [GC pause (G1 Evacuation Pause) (young) 2775M->2495M(6144M), 0.0230157 secs]
2018-03-27T16:17:30.551+0200: 16303.824: [GC pause (GCLocker Initiated GC) (young) 2779M->2495M(6144M), 0.0402691 secs]
2018-03-27T16:17:31.343+0200: 16304.617: [GC pause (G1 Evacuation Pause) (young) 3741M->2499M(6144M), 0.0256471 secs]
2018-03-27T16:17:33.481+0200: 16306.754: [GC pause (G1 Evacuation Pause) (young) 5360M->2503M(6144M), 0.0323283 secs]
2018-03-27T16:17:35.440+0200: 16308.714: [GC pause (G1 Evacuation Pause) (young) 5391M->2507M(6144M), 0.0309100 secs]
2018-03-27T16:17:37.849+0200: 16311.123: [GC pause (G1 Evacuation Pause) (young) 5417M->2516M(6144M), 0.0360144 secs]
2018-03-27T16:17:40.082+0200: 16313.356: [GC pause (G1 Evacuation Pause) (young) 5439M->2519M(6144M), 0.0359827 secs]
2018-03-27T16:17:42.430+0200: 16315.704: [GC pause (G1 Evacuation Pause) (young) 5455M->2522M(6144M), 0.0417099 secs]
2018-03-27T16:17:44.598+0200: 16317.872: [GC pause (G1 Evacuation Pause) (young) 5464M->2531M(6144M), 0.0348580 secs]
2018-03-27T16:17:46.761+0200: 16320.035: [GC pause (G1 Evacuation Pause) (young) 5471M->2534M(6144M), 0.0356832 secs]
2018-03-27T16:17:48.816+0200: 16322.090: [GC pause (G1 Evacuation Pause) (young) 5474M->2539M(6144M), 0.0338237 secs]
2018-03-27T16:17:50.939+0200: 16324.213: [GC pause (G1 Evacuation Pause) (young) 5471M->2542M(6144M), 0.0348082 secs]
2018-03-27T16:17:52.370+0200: 16325.644: [GC pause (G1 Evacuation Pause) (young) 5466M->2547M(6144M), 0.0358519 secs]
2018-03-27T16:17:54.675+0200: 16327.949: [GC pause (G1 Evacuation Pause) (young) 5461M->2547M(6144M), 0.0523991 secs]
2018-03-27T16:17:56.375+0200: 16329.649: [GC pause (G1 Evacuation Pause) (young) 5462M->2551M(6144M), 0.0377878 secs]
2018-03-27T16:17:58.297+0200: 16331.571: [GC pause (G1 Evacuation Pause) (young) 5457M->2550M(6144M), 0.0366551 secs]
2018-03-27T16:18:00.207+0200: 16333.481: [GC pause (G1 Evacuation Pause) (young) 5460M->2552M(6144M), 0.0387520 secs]
2018-03-27T16:18:02.786+0200: 16336.060: [GC pause (G1 Evacuation Pause) (young) 5458M->2553M(6144M), 0.0714138 secs]
2018-03-27T16:18:04.768+0200: 16338.042: [GC pause (G1 Evacuation Pause) (young) 5459M->2554M(6144M), 0.0462422 secs]
2018-03-27T16:18:07.244+0200: 16340.518: [GC pause (G1 Evacuation Pause) (young) 5458M->2557M(6144M), 0.0571943 secs]
2018-03-27T16:18:09.615+0200: 16342.889: [GC pause (G1 Evacuation Pause) (young) 5457M->2562M(6144M), 0.0489240 secs]
2018-03-27T16:18:12.223+0200: 16345.496: [GC pause (G1 Evacuation Pause) (young) 5456M->2563M(6144M), 0.0475298 secs]
2018-03-27T16:18:14.448+0200: 16347.721: [GC pause (G1 Evacuation Pause) (young) 5459M->2565M(6144M), 0.0462748 secs]
2018-03-27T16:18:16.502+0200: 16349.775: [GC pause (G1 Evacuation Pause) (young) 5457M->2570M(6144M), 0.0386721 secs]
2018-03-27T16:18:17.739+0200: 16351.013: [GC pause (G1 Evacuation Pause) (young) 5456M->2572M(6144M), 0.0425842 secs]
2018-03-27T16:18:19.791+0200: 16353.064: [GC pause (G1 Evacuation Pause) (young) 5458M->2572M(6144M), 0.0408489 secs]
2018-03-27T16:18:21.983+0200: 16355.257: [GC pause (G1 Evacuation Pause) (young) 5484M->2574M(6144M), 0.0477773 secs]
2018-03-27T16:18:24.202+0200: 16357.476: [GC pause (G1 Evacuation Pause) (young) 5462M->2574M(6144M), 0.0632517 secs]
2018-03-27T16:18:26.125+0200: 16359.399: [GC pause (G1 Evacuation Pause) (young) 5465M->2578M(6144M), 0.0453075 secs]
2018-03-27T16:18:28.266+0200: 16361.540: [GC pause (GCLocker Initiated GC) (young) 5462M->2578M(6144M), 0.0440424 secs]
2018-03-27T16:18:30.596+0200: 16363.870: [GC pause (G1 Evacuation Pause) (young) 5464M->2582M(6144M), 0.0380544 secs]
2018-03-27T16:18:33.023+0200: 16366.297: [GC pause (G1 Evacuation Pause) (young) 5484M->2587M(6144M), 0.0568235 secs]
2018-03-27T16:18:35.602+0200: 16368.875: [GC pause (G1 Evacuation Pause) (young) 5461M->2588M(6144M), 0.0457038 secs]
2018-03-27T16:18:37.461+0200: 16370.734: [GC pause (G1 Evacuation Pause) (young) 5460M->2592M(6144M), 0.0408703 secs]
2018-03-27T16:18:40.086+0200: 16373.359: [GC pause (GCLocker Initiated GC) (young) 5458M->2594M(6144M), 0.0367402 secs]
2018-03-27T16:18:41.949+0200: 16375.223: [GC pause (G1 Evacuation Pause) (young) 5460M->2594M(6144M), 0.0368869 secs]
2018-03-27T16:18:44.450+0200: 16377.724: [GC pause (G1 Evacuation Pause) (young) 5462M->2596M(6144M), 0.0384161 secs]
2018-03-27T16:18:47.180+0200: 16380.454: [GC pause (G1 Evacuation Pause) (young) 5462M->2600M(6144M), 0.0379045 secs]
2018-03-27T16:18:49.299+0200: 16382.572: [GC pause (G1 Evacuation Pause) (young) 5466M->2601M(6144M), 0.0511498 secs]
2018-03-27T16:18:51.766+0200: 16385.040: [GC pause (G1 Evacuation Pause) (young) 5463M->2604M(6144M), 0.0390363 secs]
2018-03-27T16:18:54.135+0200: 16387.408: [GC pause (G1 Evacuation Pause) (young) 5460M->2605M(6144M), 0.0608792 secs]
2018-03-27T16:18:56.378+0200: 16389.652: [GC pause (G1 Evacuation Pause) (young) 5464M->2609M(6144M), 0.0389479 secs]
2018-03-27T16:18:58.787+0200: 16392.061: [GC pause (GCLocker Initiated GC) (young) 5491M->2612M(6144M), 0.0393334 secs]
2018-03-27T16:19:00.599+0200: 16393.873: [GC pause (GCLocker Initiated GC) (young) 5472M->2614M(6144M), 0.0391894 secs]
2018-03-27T16:19:02.420+0200: 16395.693: [GC pause (GCLocker Initiated GC) (young) 5524M->2618M(6144M), 0.0441700 secs]
2018-03-27T16:19:04.655+0200: 16397.929: [GC pause (GCLocker Initiated GC) (young) 5469M->2620M(6144M), 0.0463145 secs]
2018-03-27T16:19:07.163+0200: 16400.436: [GC pause (GCLocker Initiated GC) (young) 5455M->2621M(6144M), 0.0463199 secs]
2018-03-27T16:19:09.781+0200: 16403.055: [GC pause (G1 Evacuation Pause) (young) 5457M->2624M(6144M), 0.0375631 secs]
2018-03-27T16:19:12.232+0200: 16405.506: [GC pause (G1 Evacuation Pause) (young) 5473M->2627M(6144M), 0.0454579 secs]
2018-03-27T16:19:14.349+0200: 16407.622: [GC pause (G1 Evacuation Pause) (young) 5457M->2627M(6144M), 0.0429553 secs]
2018-03-27T16:19:17.324+0200: 16410.598: [GC pause (G1 Evacuation Pause) (young) 5457M->2630M(6144M), 0.0379772 secs]
2018-03-27T16:19:20.368+0200: 16413.642: [GC pause (G1 Evacuation Pause) (young) 5456M->2635M(6144M), 0.0413698 secs]
2018-03-27T16:19:23.202+0200: 16416.476: [GC pause (G1 Evacuation Pause) (young) 5455M->2633M(6144M), 0.0650561 secs]
2018-03-27T16:19:24.969+0200: 16418.243: [GC pause (G1 Evacuation Pause) (young) 5457M->2636M(6144M), 0.0417714 secs]
2018-03-27T16:19:26.898+0200: 16420.171: [GC pause (G1 Evacuation Pause) (young) 5459M->2638M(6144M), 0.0486746 secs]
2018-03-27T16:19:28.763+0200: 16422.037: [GC pause (G1 Evacuation Pause) (young) 5460M->2639M(6144M), 0.0378020 secs]
2018-03-27T16:19:31.629+0200: 16424.902: [GC pause (G1 Evacuation Pause) (young) 5474M->2642M(6144M), 0.0473578 secs]
2018-03-27T16:19:33.924+0200: 16427.197: [GC pause (G1 Evacuation Pause) (young) 5460M->2646M(6144M), 0.0385914 secs]
2018-03-27T16:19:36.293+0200: 16429.567: [GC pause (G1 Evacuation Pause) (young) 5458M->2647M(6144M), 0.0455621 secs]
2018-03-27T16:19:38.968+0200: 16432.241: [GC pause (GCLocker Initiated GC) (young) 5460M->2652M(6144M), 0.0386073 secs]
2018-03-27T16:19:40.876+0200: 16434.150: [GC pause (G1 Evacuation Pause) (young) 5458M->2655M(6144M), 0.0431137 secs]
2018-03-27T16:19:43.537+0200: 16436.810: [GC pause (GCLocker Initiated GC) (young) 5459M->2658M(6144M), 0.0381846 secs]
2018-03-27T16:19:45.738+0200: 16439.012: [GC pause (G1 Evacuation Pause) (young) 5458M->2657M(6144M), 0.0369530 secs]
2018-03-27T16:19:47.354+0200: 16440.628: [GC pause (G1 Evacuation Pause) (young) 5459M->2658M(6144M), 0.0366777 secs]
2018-03-27T16:19:49.649+0200: 16442.923: [GC pause (G1 Evacuation Pause) (young) 5471M->2660M(6144M), 0.0566823 secs]
2018-03-27T16:19:52.078+0200: 16445.352: [GC pause (G1 Evacuation Pause) (young) 5464M->2664M(6144M), 0.0381245 secs]
2018-03-27T16:19:54.548+0200: 16447.822: [GC pause (G1 Evacuation Pause) (young) 5463M->2664M(6144M), 0.0363450 secs]
2018-03-27T16:19:57.003+0200: 16450.276: [GC pause (G1 Evacuation Pause) (young) 5466M->2669M(6144M), 0.0417841 secs]
2018-03-27T16:19:58.818+0200: 16452.092: [GC pause (G1 Evacuation Pause) (young) 5461M->2671M(6144M), 0.0465969 secs]
2018-03-27T16:20:00.915+0200: 16454.189: [GC pause (G1 Evacuation Pause) (young) 5461M->2678M(6144M), 0.0377620 secs]
2018-03-27T16:20:03.415+0200: 16456.689: [GC pause (G1 Evacuation Pause) (young) 5458M->2676M(6144M), 0.0510948 secs]
2018-03-27T16:20:05.573+0200: 16458.847: [GC pause (G1 Evacuation Pause) (young) 5462M->2678M(6144M), 0.0413445 secs]
2018-03-27T16:20:08.236+0200: 16461.510: [GC pause (G1 Evacuation Pause) (young) 5462M->2678M(6144M), 0.0633934 secs]
2018-03-27T16:20:10.895+0200: 16464.169: [GC pause (G1 Evacuation Pause) (young) 5464M->2682M(6144M), 0.0457462 secs]
2018-03-27T16:20:13.361+0200: 16466.635: [GC pause (GCLocker Initiated GC) (young) 5464M->2685M(6144M), 0.0358191 secs]
2018-03-27T16:20:15.873+0200: 16469.147: [GC pause (G1 Evacuation Pause) (young) 5465M->2686M(6144M), 0.0518556 secs]
2018-03-27T16:20:18.565+0200: 16471.839: [GC pause (G1 Evacuation Pause) (young) 5464M->2688M(6144M), 0.0411450 secs]
2018-03-27T16:20:20.850+0200: 16474.124: [GC pause (G1 Evacuation Pause) (young) 5464M->2689M(6144M), 0.0397420 secs]
2018-03-27T16:20:23.006+0200: 16476.280: [GC pause (G1 Evacuation Pause) (young) 5467M->2692M(6144M), 0.0382956 secs]
2018-03-27T16:20:25.154+0200: 16478.428: [GC pause (G1 Evacuation Pause) (young) 5464M->2695M(6144M), 0.0771359 secs]
2018-03-27T16:20:27.422+0200: 16480.695: [GC pause (G1 Evacuation Pause) (young) 5466M->2701M(6144M), 0.0567829 secs]
2018-03-27T16:20:29.405+0200: 16482.679: [GC pause (G1 Evacuation Pause) (young) 5457M->2700M(6144M), 0.0482372 secs]
2018-03-27T16:20:32.318+0200: 16485.592: [GC pause (G1 Evacuation Pause) (young) 5462M->2702M(6144M), 0.0364498 secs]
2018-03-27T16:20:34.238+0200: 16487.511: [GC pause (G1 Evacuation Pause) (young) 5462M->2704M(6144M), 0.0374493 secs]
2018-03-27T16:20:36.133+0200: 16489.407: [GC pause (GCLocker Initiated GC) (young) 5463M->2706M(6144M), 0.0425441 secs]
2018-03-27T16:20:38.356+0200: 16491.630: [GC pause (G1 Evacuation Pause) (young) 5458M->2708M(6144M), 0.0375112 secs]
2018-03-27T16:20:40.649+0200: 16493.923: [GC pause (G1 Evacuation Pause) (young) 5458M->2711M(6144M), 0.0563276 secs]
2018-03-27T16:20:43.127+0200: 16496.400: [GC pause (G1 Evacuation Pause) (young) 5459M->2716M(6144M), 0.0449336 secs]
2018-03-27T16:20:45.175+0200: 16498.449: [GC pause (G1 Evacuation Pause) (young) 5454M->2716M(6144M), 0.0373386 secs]
2018-03-27T16:20:47.568+0200: 16500.841: [GC pause (GCLocker Initiated GC) (young) 5462M->2717M(6144M), 0.0367200 secs]
2018-03-27T16:20:50.079+0200: 16503.353: [GC pause (G1 Evacuation Pause) (young) 5459M->2717M(6144M), 0.0601472 secs]
2018-03-27T16:20:52.598+0200: 16505.872: [GC pause (GCLocker Initiated GC) (young) 5462M->2721M(6144M), 0.0435754 secs]
2018-03-27T16:20:55.007+0200: 16508.281: [GC pause (GCLocker Initiated GC) (young) 5468M->2723M(6144M), 0.0384987 secs]
2018-03-27T16:20:56.613+0200: 16509.887: [GC pause (GCLocker Initiated GC) (young) 5461M->2725M(6144M), 0.0387573 secs]
2018-03-27T16:20:58.932+0200: 16512.205: [GC pause (GCLocker Initiated GC) (young) 5471M->2728M(6144M), 0.0383040 secs]
2018-03-27T16:21:01.129+0200: 16514.402: [GC pause (G1 Evacuation Pause) (young) 5462M->2730M(6144M), 0.0487824 secs]
2018-03-27T16:21:02.807+0200: 16516.080: [GC pause (G1 Evacuation Pause) (young) 5467M->2732M(6144M), 0.0374765 secs]
2018-03-27T16:21:04.885+0200: 16518.159: [GC pause (G1 Evacuation Pause) (young) 5462M->2734M(6144M), 0.0367643 secs]
2018-03-27T16:21:06.771+0200: 16520.044: [GC pause (G1 Evacuation Pause) (young) 5462M->2736M(6144M), 0.0368561 secs]
2018-03-27T16:21:08.562+0200: 16521.835: [GC pause (G1 Evacuation Pause) (young) 5462M->2735M(6144M), 0.0359944 secs]
2018-03-27T16:21:10.792+0200: 16524.066: [GC pause (G1 Evacuation Pause) (young) 5463M->2736M(6144M), 0.0551766 secs]
2018-03-27T16:21:12.682+0200: 16525.956: [GC pause (G1 Evacuation Pause) (young) 5466M->2740M(6144M), 0.0404531 secs]
2018-03-27T16:21:15.339+0200: 16528.613: [GC pause (G1 Evacuation Pause) (young) 5464M->2742M(6144M), 0.0358019 secs]
2018-03-27T16:21:17.493+0200: 16530.766: [GC pause (G1 Evacuation Pause) (young) 5462M->2742M(6144M), 0.0375131 secs]
2018-03-27T16:21:19.898+0200: 16533.171: [GC pause (G1 Evacuation Pause) (young) 5464M->2747M(6144M), 0.0479333 secs]
2018-03-27T16:21:22.042+0200: 16535.316: [GC pause (G1 Evacuation Pause) (young) 5463M->2748M(6144M), 0.0459279 secs]
2018-03-27T16:21:24.416+0200: 16537.690: [GC pause (G1 Evacuation Pause) (young) 5467M->2747M(6144M), 0.0375522 secs]
2018-03-27T16:21:26.553+0200: 16539.827: [GC pause (G1 Evacuation Pause) (young) 5467M->2750M(6144M), 0.0391501 secs]
2018-03-27T16:21:28.481+0200: 16541.755: [GC pause (G1 Evacuation Pause) (young) 5468M->2751M(6144M), 0.0394671 secs]
2018-03-27T16:21:30.403+0200: 16543.676: [GC pause (G1 Evacuation Pause) (young) 5469M->2759M(6144M), 0.0368429 secs]
2018-03-27T16:21:32.348+0200: 16545.622: [GC pause (GCLocker Initiated GC) (young) 5479M->2761M(6144M), 0.0374788 secs]
2018-03-27T16:21:34.731+0200: 16548.005: [GC pause (G1 Evacuation Pause) (young) 5463M->2763M(6144M), 0.0372447 secs]
2018-03-27T16:21:36.891+0200: 16550.164: [GC pause (G1 Evacuation Pause) (young) 5463M->2767M(6144M), 0.0359269 secs]
2018-03-27T16:21:39.311+0200: 16552.584: [GC pause (G1 Evacuation Pause) (young) 5463M->2770M(6144M), 0.0386522 secs]
2018-03-27T16:21:42.098+0200: 16555.371: [GC pause (G1 Evacuation Pause) (young) 5460M->2769M(6144M), 0.0364779 secs]
2018-03-27T16:21:43.765+0200: 16557.039: [GC pause (G1 Evacuation Pause) (young) 5461M->2774M(6144M), 0.0359834 secs]
2018-03-27T16:21:46.226+0200: 16559.500: [GC pause (G1 Evacuation Pause) (young) 5460M->2776M(6144M), 0.0425616 secs]
2018-03-27T16:21:48.564+0200: 16561.838: [GC pause (GCLocker Initiated GC) (young) 5461M->2777M(6144M), 0.0370259 secs]
2018-03-27T16:21:51.156+0200: 16564.430: [GC pause (G1 Evacuation Pause) (young) 5463M->2778M(6144M), 0.0373684 secs]
2018-03-27T16:21:53.306+0200: 16566.580: [GC pause (G1 Evacuation Pause) (young) 5463M->2782M(6144M), 0.0375856 secs]
2018-03-27T16:21:55.830+0200: 16569.103: [GC pause (G1 Evacuation Pause) (young) 5460M->2784M(6144M), 0.0381077 secs]
2018-03-27T16:21:58.053+0200: 16571.326: [GC pause (G1 Evacuation Pause) (young) 5460M->2785M(6144M), 0.0358391 secs]
2018-03-27T16:21:59.901+0200: 16573.174: [GC pause (GCLocker Initiated GC) (young) 5501M->2790M(6144M), 0.0409560 secs]
2018-03-27T16:22:01.849+0200: 16575.123: [GC pause (G1 Evacuation Pause) (young) 5460M->2794M(6144M), 0.0360511 secs]
2018-03-27T16:22:03.861+0200: 16577.134: [GC pause (G1 Evacuation Pause) (young) 5466M->2794M(6144M), 0.0466833 secs]
2018-03-27T16:22:06.198+0200: 16579.472: [GC pause (G1 Evacuation Pause) (young) 5462M->2797M(6144M), 0.0377852 secs]
2018-03-27T16:22:08.892+0200: 16582.165: [GC pause (G1 Evacuation Pause) (young) 5459M->2801M(6144M), 0.0451407 secs]
2018-03-27T16:22:11.058+0200: 16584.332: [GC pause (G1 Evacuation Pause) (young) 5461M->2804M(6144M), 0.0547331 secs]
2018-03-27T16:22:13.298+0200: 16586.572: [GC pause (G1 Evacuation Pause) (young) 5456M->2808M(6144M), 0.0372257 secs]
2018-03-27T16:22:15.178+0200: 16588.452: [GC pause (GCLocker Initiated GC) (young) 5474M->2810M(6144M), 0.0398733 secs]
2018-03-27T16:22:17.846+0200: 16591.119: [GC pause (G1 Evacuation Pause) (young) 5458M->2813M(6144M), 0.0404657 secs]
2018-03-27T16:22:19.823+0200: 16593.097: [GC pause (GCLocker Initiated GC) (young) 5462M->2814M(6144M), 0.0514898 secs]
2018-03-27T16:22:20.081+0200: 16593.354: [GC pause (G1 Humongous Allocation) (young) (initial-mark) 3076M->2818M(6144M), 0.0595352 secs]
2018-03-27T16:22:20.140+0200: 16593.414: [GC concurrent-root-region-scan-start]
2018-03-27T16:22:20.175+0200: 16593.448: [GC concurrent-root-region-scan-end, 0.0344090 secs]
2018-03-27T16:22:20.175+0200: 16593.449: [GC concurrent-mark-start]
2018-03-27T16:22:21.758+0200: 16595.032: [GC pause (G1 Evacuation Pause) (young) 5454M->2817M(6144M), 0.0662788 secs]
2018-03-27T16:22:23.785+0200: 16597.059: [GC concurrent-mark-end, 3.6100952 secs]
2018-03-27T16:22:23.788+0200: 16597.062: [GC remark, 0.4100710 secs]
2018-03-27T16:22:24.204+0200: 16597.478: [GC cleanup 5335M->5327M(6144M), 0.0253496 secs]
2018-03-27T16:22:24.230+0200: 16597.504: [GC concurrent-cleanup-start]
2018-03-27T16:22:24.230+0200: 16597.504: [GC concurrent-cleanup-end, 0.0000961 secs]
2018-03-27T16:22:24.342+0200: 16597.616: [GC pause (G1 Evacuation Pause) (young) 5452M->2812M(6144M), 0.0543485 secs]
2018-03-27T16:22:24.498+0200: 16597.771: [GC pause (G1 Evacuation Pause) (mixed) 3054M->2483M(6144M), 0.1730948 secs]
2018-03-27T16:22:24.814+0200: 16598.088: [GC pause (G1 Evacuation Pause) (mixed) 2761M->2481M(6144M), 0.1117479 secs]
2018-03-27T16:22:25.034+0200: 16598.308: [GC pause (G1 Evacuation Pause) (young) 2759M->2480M(6144M), 0.0349405 secs]
2018-03-27T16:22:25.230+0200: 16598.504: [GC pause (G1 Evacuation Pause) (young) 2760M->2481M(6144M), 0.0438773 secs]
2018-03-27T16:22:25.443+0200: 16598.717: [GC pause (G1 Evacuation Pause) (young) 2759M->2480M(6144M), 0.0410413 secs]
2018-03-27T16:22:25.609+0200: 16598.883: [GC pause (G1 Evacuation Pause) (young) 2760M->2480M(6144M), 0.0259217 secs]
2018-03-27T16:22:25.733+0200: 16599.007: [GC pause (G1 Evacuation Pause) (young) 2760M->2481M(6144M), 0.0242296 secs]
2018-03-27T16:22:25.860+0200: 16599.134: [GC pause (G1 Evacuation Pause) (young) 2759M->2480M(6144M), 0.0237993 secs]
2018-03-27T16:22:25.998+0200: 16599.272: [GC pause (G1 Evacuation Pause) (young) 2760M->2486M(6144M), 0.0269551 secs]
2018-03-27T16:22:26.139+0200: 16599.413: [GC pause (G1 Evacuation Pause) (young) 2764M->2484M(6144M), 0.0239847 secs]
2018-03-27T16:22:26.262+0200: 16599.536: [GC pause (G1 Evacuation Pause) (young) 2764M->2485M(6144M), 0.0238660 secs]
2018-03-27T16:22:26.403+0200: 16599.676: [GC pause (G1 Evacuation Pause) (young) 2765M->2488M(6144M), 0.0215442 secs]
2018-03-27T16:22:26.531+0200: 16599.805: [GC pause (G1 Evacuation Pause) (young) 2764M->2488M(6144M), 0.0242981 secs]
2018-03-27T16:22:26.698+0200: 16599.972: [GC pause (G1 Evacuation Pause) (young) 2770M->2485M(6144M), 0.0238533 secs]
2018-03-27T16:22:28.248+0200: 16601.522: [GC pause (GCLocker Initiated GC) (young) 4527M->2488M(6144M), 0.0237296 secs]
2018-03-27T16:22:30.489+0200: 16603.762: [GC pause (G1 Evacuation Pause) (young) 5446M->2493M(6144M), 0.0338687 secs]
2018-03-27T16:22:32.448+0200: 16605.722: [GC pause (G1 Evacuation Pause) (young) 5479M->2499M(6144M), 0.0424489 secs]
2018-03-27T16:22:35.239+0200: 16608.513: [GC pause (G1 Evacuation Pause) (young) 5471M->2502M(6144M), 0.0416218 secs]
2018-03-27T16:22:37.295+0200: 16610.569: [GC pause (G1 Evacuation Pause) (young) 5480M->2506M(6144M), 0.0343693 secs]
2018-03-27T16:22:39.290+0200: 16612.564: [GC pause (G1 Evacuation Pause) (young) 5484M->2512M(6144M), 0.0329802 secs]
2018-03-27T16:22:41.994+0200: 16615.267: [GC pause (G1 Evacuation Pause) (young) 5478M->2513M(6144M), 0.0303745 secs]
2018-03-27T16:22:45.021+0200: 16618.295: [GC pause (G1 Evacuation Pause) (young) 5479M->2517M(6144M), 0.0319136 secs]
2018-03-27T16:22:47.359+0200: 16620.633: [GC pause (G1 Evacuation Pause) (young) 5475M->2518M(6144M), 0.0378974 secs]
2018-03-27T16:22:49.684+0200: 16622.958: [GC pause (G1 Evacuation Pause) (young) 5470M->2526M(6144M), 0.0358530 secs]
2018-03-27T16:22:52.466+0200: 16625.740: [GC pause (G1 Evacuation Pause) (young) 5466M->2523M(6144M), 0.0371764 secs]
2018-03-27T16:22:55.071+0200: 16628.345: [GC pause (G1 Evacuation Pause) (young) 5489M->2526M(6144M), 0.0398723 secs]
2018-03-27T16:22:57.295+0200: 16630.569: [GC pause (G1 Evacuation Pause) (young) 5467M->2528M(6144M), 0.0369826 secs]
2018-03-27T16:22:59.756+0200: 16633.029: [GC pause (G1 Evacuation Pause) (young) 5464M->2530M(6144M), 0.0392265 secs]
2018-03-27T16:23:02.531+0200: 16635.805: [GC pause (GCLocker Initiated GC) (young) 5463M->2532M(6144M), 0.0409214 secs]
2018-03-27T16:23:05.113+0200: 16638.387: [GC pause (G1 Evacuation Pause) (young) 5480M->2543M(6144M), 0.0472705 secs]
2018-03-27T16:23:07.899+0200: 16641.172: [GC pause (G1 Evacuation Pause) (young) 5453M->2535M(6144M), 0.0382773 secs]
2018-03-27T16:23:10.858+0200: 16644.132: [GC pause (G1 Evacuation Pause) (young) 5463M->2538M(6144M), 0.0457895 secs]
2018-03-27T16:23:13.246+0200: 16646.520: [GC pause (G1 Evacuation Pause) (young) 5458M->2537M(6144M), 0.0402785 secs]
2018-03-27T16:23:15.493+0200: 16648.766: [GC pause (G1 Evacuation Pause) (young) 5463M->2544M(6144M), 0.0378628 secs]
2018-03-27T16:23:17.803+0200: 16651.077: [GC pause (G1 Evacuation Pause) (young) 5460M->2545M(6144M), 0.0382921 secs]
2018-03-27T16:23:20.459+0200: 16653.733: [GC pause (G1 Evacuation Pause) (young) 5459M->2545M(6144M), 0.0403977 secs]
2018-03-27T16:23:22.754+0200: 16656.028: [GC pause (G1 Evacuation Pause) (young) 5468M->2549M(6144M), 0.0467896 secs]
2018-03-27T16:23:25.298+0200: 16658.572: [GC pause (GCLocker Initiated GC) (young) 5485M->2550M(6144M), 0.0376109 secs]
2018-03-27T16:23:27.258+0200: 16660.531: [GC pause (G1 Evacuation Pause) (young) 5463M->2552M(6144M), 0.0372022 secs]
2018-03-27T16:23:29.686+0200: 16662.960: [GC pause (G1 Evacuation Pause) (young) 5462M->2555M(6144M), 0.0384464 secs]
2018-03-27T16:23:32.510+0200: 16665.784: [GC pause (G1 Evacuation Pause) (young) 5464M->2554M(6144M), 0.0423883 secs]
2018-03-27T16:23:34.738+0200: 16668.012: [GC pause (G1 Evacuation Pause) (young) 5462M->2557M(6144M), 0.0438108 secs]
2018-03-27T16:23:37.093+0200: 16670.366: [GC pause (G1 Evacuation Pause) (young) 5463M->2559M(6144M), 0.0459305 secs]
2018-03-27T16:23:39.380+0200: 16672.654: [GC pause (G1 Evacuation Pause) (young) 5472M->2562M(6144M), 0.0532120 secs]
2018-03-27T16:23:42.013+0200: 16675.287: [GC pause (G1 Evacuation Pause) (young) 5460M->2562M(6144M), 0.0391607 secs]
2018-03-27T16:23:44.158+0200: 16677.432: [GC pause (G1 Evacuation Pause) (young) 5464M->2566M(6144M), 0.0377247 secs]
2018-03-27T16:23:46.133+0200: 16679.406: [GC pause (G1 Evacuation Pause) (young) 5462M->2567M(6144M), 0.0425386 secs]
2018-03-27T16:23:48.796+0200: 16682.069: [GC pause (G1 Evacuation Pause) (young) 5463M->2571M(6144M), 0.0412401 secs]
2018-03-27T16:23:50.436+0200: 16683.710: [GC pause (G1 Evacuation Pause) (young) 5461M->2569M(6144M), 0.0416687 secs]
2018-03-27T16:23:52.610+0200: 16685.883: [GC pause (G1 Evacuation Pause) (young) 5465M->2576M(6144M), 0.0414303 secs]
2018-03-27T16:23:54.363+0200: 16687.637: [GC pause (G1 Evacuation Pause) (young) 5462M->2577M(6144M), 0.0375411 secs]
2018-03-27T16:23:56.046+0200: 16689.319: [GC pause (GCLocker Initiated GC) (young) 5476M->2579M(6144M), 0.0382473 secs]
2018-03-27T16:23:58.651+0200: 16691.925: [GC pause (G1 Evacuation Pause) (young) 5462M->2580M(6144M), 0.0379650 secs]
2018-03-27T16:24:01.050+0200: 16694.324: [GC pause (GCLocker Initiated GC) (young) 5467M->2585M(6144M), 0.0350491 secs]
2018-03-27T16:24:03.757+0200: 16697.031: [GC pause (G1 Evacuation Pause) (young) 5459M->2585M(6144M), 0.0641581 secs]
2018-03-27T16:24:03.832+0200: 16697.106: [GC pause (GCLocker Initiated GC) (young) 2600M->2586M(6144M), 0.0392753 secs]
2018-03-27T16:24:05.879+0200: 16699.153: [GC pause (G1 Evacuation Pause) (young) 5462M->2589M(6144M), 0.0495750 secs]
2018-03-27T16:24:08.616+0200: 16701.890: [GC pause (G1 Evacuation Pause) (young) 5463M->2592M(6144M), 0.0569109 secs]
2018-03-27T16:24:11.041+0200: 16704.315: [GC pause (G1 Evacuation Pause) (young) 5460M->2592M(6144M), 0.0458059 secs]
2018-03-27T16:24:14.437+0200: 16707.710: [GC pause (GCLocker Initiated GC) (young) 5464M->2593M(6144M), 0.0447274 secs]
2018-03-27T16:24:17.235+0200: 16710.509: [GC pause (G1 Evacuation Pause) (young) 5465M->2598M(6144M), 0.0389578 secs]
2018-03-27T16:24:19.756+0200: 16713.030: [GC pause (G1 Evacuation Pause) (young) 5464M->2598M(6144M), 0.0382285 secs]
2018-03-27T16:24:22.132+0200: 16715.406: [GC pause (GCLocker Initiated GC) (young) 5471M->2603M(6144M), 0.0457833 secs]
2018-03-27T16:24:24.256+0200: 16717.529: [GC pause (G1 Evacuation Pause) (young) 5461M->2605M(6144M), 0.0381568 secs]
2018-03-27T16:24:26.710+0200: 16719.984: [GC pause (G1 Evacuation Pause) (young) 5461M->2606M(6144M), 0.0458618 secs]
2018-03-27T16:24:29.342+0200: 16722.616: [GC pause (G1 Evacuation Pause) (young) 5464M->2611M(6144M), 0.0436234 secs]
2018-03-27T16:24:31.690+0200: 16724.964: [GC pause (G1 Evacuation Pause) (young) 5463M->2613M(6144M), 0.0365123 secs]
2018-03-27T16:24:34.125+0200: 16727.399: [GC pause (G1 Evacuation Pause) (young) 5459M->2612M(6144M), 0.0657440 secs]
2018-03-27T16:24:36.819+0200: 16730.093: [GC pause (G1 Evacuation Pause) (young) 5464M->2618M(6144M), 0.0387237 secs]
2018-03-27T16:24:39.060+0200: 16732.334: [GC pause (G1 Evacuation Pause) (young) 5460M->2617M(6144M), 0.0428170 secs]
2018-03-27T16:24:41.216+0200: 16734.489: [GC pause (GCLocker Initiated GC) (young) 5482M->2622M(6144M), 0.0408643 secs]
2018-03-27T16:24:43.314+0200: 16736.587: [GC pause (G1 Evacuation Pause) (young) 5458M->2621M(6144M), 0.0408354 secs]
2018-03-27T16:24:45.289+0200: 16738.562: [GC pause (G1 Evacuation Pause) (young) 5460M->2623M(6144M), 0.0362774 secs]
2018-03-27T16:24:47.586+0200: 16740.860: [GC pause (G1 Evacuation Pause) (young) 5459M->2625M(6144M), 0.0386437 secs]
2018-03-27T16:24:49.633+0200: 16742.906: [GC pause (G1 Evacuation Pause) (young) 5459M->2627M(6144M), 0.0390996 secs]
2018-03-27T16:24:52.004+0200: 16745.278: [GC pause (GCLocker Initiated GC) (young) 5463M->2636M(6144M), 0.0397766 secs]
2018-03-27T16:24:53.647+0200: 16746.921: [GC pause (GCLocker Initiated GC) (young) 5459M->2636M(6144M), 0.0467653 secs]
2018-03-27T16:24:55.798+0200: 16749.072: [GC pause (G1 Evacuation Pause) (young) 5456M->2637M(6144M), 0.0433505 secs]
2018-03-27T16:24:58.415+0200: 16751.689: [GC pause (G1 Evacuation Pause) (young) 5457M->2639M(6144M), 0.0519875 secs]
2018-03-27T16:25:01.616+0200: 16754.890: [GC pause (G1 Evacuation Pause) (young) 5457M->2639M(6144M), 0.0430705 secs]
2018-03-27T16:25:03.937+0200: 16757.211: [GC pause (G1 Evacuation Pause) (young) 5463M->2643M(6144M), 0.0358275 secs]
2018-03-27T16:25:05.881+0200: 16759.155: [GC pause (G1 Evacuation Pause) (young) 5461M->2644M(6144M), 0.0370985 secs]
2018-03-27T16:25:08.158+0200: 16761.432: [GC pause (G1 Evacuation Pause) (young) 5460M->2646M(6144M), 0.0439807 secs]
2018-03-27T16:25:10.208+0200: 16763.481: [GC pause (G1 Evacuation Pause) (young) 5462M->2648M(6144M), 0.0574073 secs]
2018-03-27T16:25:13.025+0200: 16766.299: [GC pause (G1 Evacuation Pause) (young) 5462M->2648M(6144M), 0.0429387 secs]
2018-03-27T16:25:14.816+0200: 16768.090: [GC pause (G1 Evacuation Pause) (young) 5464M->2652M(6144M), 0.0366083 secs]
2018-03-27T16:25:17.216+0200: 16770.489: [GC pause (GCLocker Initiated GC) (young) 5474M->2653M(6144M), 0.0402320 secs]
2018-03-27T16:25:19.852+0200: 16773.126: [GC pause (G1 Evacuation Pause) (young) 5463M->2655M(6144M), 0.0373816 secs]
2018-03-27T16:25:21.771+0200: 16775.045: [GC pause (G1 Evacuation Pause) (young) 5467M->2659M(6144M), 0.0361007 secs]
2018-03-27T16:25:23.963+0200: 16777.236: [GC pause (G1 Evacuation Pause) (young) 5461M->2656M(6144M), 0.0448376 secs]
2018-03-27T16:25:26.702+0200: 16779.976: [GC pause (G1 Evacuation Pause) (young) 5468M->2662M(6144M), 0.0385476 secs]
2018-03-27T16:25:29.410+0200: 16782.684: [GC pause (G1 Evacuation Pause) (young) 5464M->2666M(6144M), 0.0418295 secs]
2018-03-27T16:25:32.075+0200: 16785.348: [GC pause (GCLocker Initiated GC) (young) 5468M->2666M(6144M), 0.0464888 secs]
2018-03-27T16:25:34.342+0200: 16787.616: [GC pause (G1 Evacuation Pause) (young) 5462M->2670M(6144M), 0.0438081 secs]
2018-03-27T16:25:37.036+0200: 16790.310: [GC pause (G1 Evacuation Pause) (young) 5464M->2673M(6144M), 0.0603015 secs]
2018-03-27T16:25:39.522+0200: 16792.795: [GC pause (GCLocker Initiated GC) (young) 5467M->2674M(6144M), 0.0411515 secs]
2018-03-27T16:25:41.802+0200: 16795.076: [GC pause (G1 Evacuation Pause) (young) 5464M->2679M(6144M), 0.0390702 secs]
2018-03-27T16:25:43.914+0200: 16797.188: [GC pause (G1 Evacuation Pause) (young) 5459M->2682M(6144M), 0.0365458 secs]
2018-03-27T16:25:45.537+0200: 16798.811: [GC pause (G1 Evacuation Pause) (young) 5460M->2680M(6144M), 0.0370483 secs]
2018-03-27T16:25:47.871+0200: 16801.144: [GC pause (G1 Evacuation Pause) (young) 5465M->2683M(6144M), 0.0377432 secs]
2018-03-27T16:25:50.829+0200: 16804.103: [GC pause (G1 Evacuation Pause) (young) 5465M->2685M(6144M), 0.0441506 secs]
2018-03-27T16:25:53.459+0200: 16806.733: [GC pause (G1 Evacuation Pause) (young) 5465M->2688M(6144M), 0.0577628 secs]
2018-03-27T16:25:55.742+0200: 16809.016: [GC pause (G1 Evacuation Pause) (young) 5462M->2690M(6144M), 0.0388325 secs]
2018-03-27T16:25:58.372+0200: 16811.646: [GC pause (G1 Evacuation Pause) (young) 5462M->2692M(6144M), 0.0359568 secs]
2018-03-27T16:26:01.158+0200: 16814.432: [GC pause (G1 Evacuation Pause) (young) 5462M->2693M(6144M), 0.0508760 secs]
2018-03-27T16:26:03.762+0200: 16817.036: [GC pause (G1 Evacuation Pause) (young) 5461M->2698M(6144M), 0.0444356 secs]
2018-03-27T16:26:06.242+0200: 16819.515: [GC pause (G1 Evacuation Pause) (young) 5460M->2700M(6144M), 0.0806006 secs]
2018-03-27T16:26:08.650+0200: 16821.924: [GC pause (G1 Evacuation Pause) (young) 5460M->2702M(6144M), 0.0506627 secs]
2018-03-27T16:26:10.728+0200: 16824.002: [GC pause (GCLocker Initiated GC) (young) 5464M->2703M(6144M), 0.0575815 secs]
2018-03-27T16:26:12.550+0200: 16825.824: [GC pause (G1 Evacuation Pause) (young) 5463M->2707M(6144M), 0.0476757 secs]
2018-03-27T16:26:15.017+0200: 16828.291: [GC pause (G1 Evacuation Pause) (young) 5461M->2709M(6144M), 0.0389218 secs]
2018-03-27T16:26:16.878+0200: 16830.151: [GC pause (G1 Evacuation Pause) (young) 5457M->2710M(6144M), 0.0398280 secs]
2018-03-27T16:26:18.885+0200: 16832.158: [GC pause (G1 Evacuation Pause) (young) 5461M->2711M(6144M), 0.0481993 secs]
2018-03-27T16:26:21.482+0200: 16834.756: [GC pause (G1 Evacuation Pause) (young) 5461M->2712M(6144M), 0.0458146 secs]
2018-03-27T16:26:24.216+0200: 16837.490: [GC pause (GCLocker Initiated GC) (young) 5602M->2715M(6144M), 0.0381710 secs]
2018-03-27T16:26:25.890+0200: 16839.164: [GC pause (GCLocker Initiated GC) (young) 5463M->2716M(6144M), 0.0391557 secs]
2018-03-27T16:26:28.137+0200: 16841.410: [GC pause (G1 Evacuation Pause) (young) 5460M->2719M(6144M), 0.0429099 secs]
2018-03-27T16:26:30.651+0200: 16843.925: [GC pause (G1 Evacuation Pause) (young) 5463M->2720M(6144M), 0.0411122 secs]
2018-03-27T16:26:32.664+0200: 16845.937: [GC pause (G1 Evacuation Pause) (young) 5464M->2723M(6144M), 0.0455004 secs]
2018-03-27T16:26:35.119+0200: 16848.393: [GC pause (G1 Evacuation Pause) (young) 5461M->2725M(6144M), 0.0475658 secs]
2018-03-27T16:26:37.064+0200: 16850.338: [GC pause (GCLocker Initiated GC) (young) 5473M->2725M(6144M), 0.0406295 secs]
2018-03-27T16:26:38.934+0200: 16852.208: [GC pause (G1 Evacuation Pause) (young) 5476M->2729M(6144M), 0.0386066 secs]
2018-03-27T16:26:41.017+0200: 16854.291: [GC pause (G1 Evacuation Pause) (young) 5465M->2726M(6144M), 0.0421098 secs]
2018-03-27T16:26:43.324+0200: 16856.598: [GC pause (GCLocker Initiated GC) (young) 5469M->2729M(6144M), 0.0401297 secs]
2018-03-27T16:26:45.786+0200: 16859.060: [GC pause (G1 Evacuation Pause) (young) 5465M->2731M(6144M), 0.0486100 secs]
2018-03-27T16:26:47.607+0200: 16860.881: [GC pause (G1 Evacuation Pause) (young) 5466M->2737M(6144M), 0.0383804 secs]
2018-03-27T16:26:49.598+0200: 16862.872: [GC pause (G1 Evacuation Pause) (young) 5464M->2736M(6144M), 0.0416384 secs]
2018-03-27T16:26:51.826+0200: 16865.100: [GC pause (G1 Evacuation Pause) (young) 5464M->2738M(6144M), 0.0348864 secs]
2018-03-27T16:26:54.016+0200: 16867.290: [GC pause (G1 Evacuation Pause) (young) 5464M->2740M(6144M), 0.0429568 secs]
2018-03-27T16:26:55.585+0200: 16868.859: [GC pause (G1 Evacuation Pause) (young) 5464M->2740M(6144M), 0.0352466 secs]
2018-03-27T16:26:57.766+0200: 16871.039: [GC pause (G1 Evacuation Pause) (young) 5466M->2744M(6144M), 0.0402753 secs]
2018-03-27T16:26:59.714+0200: 16872.987: [GC pause (G1 Evacuation Pause) (young) 5464M->2745M(6144M), 0.0361039 secs]
2018-03-27T16:27:02.114+0200: 16875.388: [GC pause (G1 Evacuation Pause) (young) 5463M->2745M(6144M), 0.0373184 secs]
2018-03-27T16:27:04.634+0200: 16877.908: [GC pause (G1 Evacuation Pause) (young) 5465M->2748M(6144M), 0.0413970 secs]
2018-03-27T16:27:06.866+0200: 16880.140: [GC pause (G1 Evacuation Pause) (young) 5466M->2752M(6144M), 0.0387461 secs]
2018-03-27T16:27:09.415+0200: 16882.689: [GC pause (G1 Evacuation Pause) (young) 5462M->2754M(6144M), 0.0374221 secs]
2018-03-27T16:27:11.875+0200: 16885.148: [GC pause (G1 Evacuation Pause) (young) 5463M->2757M(6144M), 0.0341180 secs]
2018-03-27T16:27:14.033+0200: 16887.307: [GC pause (G1 Evacuation Pause) (young) 5463M->2757M(6144M), 0.0548559 secs]
2018-03-27T16:27:15.707+0200: 16888.980: [GC pause (G1 Evacuation Pause) (young) 5466M->2761M(6144M), 0.0381024 secs]
2018-03-27T16:27:17.777+0200: 16891.051: [GC pause (G1 Evacuation Pause) (young) 5465M->2762M(6144M), 0.0354370 secs]
2018-03-27T16:27:19.903+0200: 16893.177: [GC pause (G1 Evacuation Pause) (young) 5464M->2764M(6144M), 0.0393141 secs]
2018-03-27T16:27:22.043+0200: 16895.316: [GC pause (GCLocker Initiated GC) (young) 5466M->2766M(6144M), 0.0377483 secs]
2018-03-27T16:27:23.707+0200: 16896.981: [GC pause (G1 Evacuation Pause) (young) 5464M->2767M(6144M), 0.0344078 secs]
2018-03-27T16:27:25.987+0200: 16899.260: [GC pause (GCLocker Initiated GC) (young) 5475M->2771M(6144M), 0.0384638 secs]
2018-03-27T16:27:28.170+0200: 16901.444: [GC pause (G1 Evacuation Pause) (young) 5465M->2773M(6144M), 0.0503373 secs]
2018-03-27T16:27:30.382+0200: 16903.655: [GC pause (G1 Evacuation Pause) (young) 5465M->2775M(6144M), 0.0415482 secs]
2018-03-27T16:27:32.938+0200: 16906.212: [GC pause (G1 Evacuation Pause) (young) 5465M->2778M(6144M), 0.0398266 secs]
2018-03-27T16:27:35.473+0200: 16908.747: [GC pause (G1 Evacuation Pause) (young) 5462M->2780M(6144M), 0.0378609 secs]
2018-03-27T16:27:38.215+0200: 16911.489: [GC pause (GCLocker Initiated GC) (young) 5472M->2781M(6144M), 0.0378228 secs]
2018-03-27T16:27:39.934+0200: 16913.207: [GC pause (G1 Evacuation Pause) (young) 5463M->2785M(6144M), 0.0364437 secs]
2018-03-27T16:27:41.828+0200: 16915.101: [GC pause (G1 Evacuation Pause) (young) 5461M->2788M(6144M), 0.0363464 secs]
2018-03-27T16:27:43.966+0200: 16917.239: [GC pause (G1 Evacuation Pause) (young) 5463M->2786M(6144M), 0.0363376 secs]
2018-03-27T16:27:46.432+0200: 16919.706: [GC pause (G1 Evacuation Pause) (young) 5466M->2791M(6144M), 0.0404596 secs]
2018-03-27T16:27:48.517+0200: 16921.791: [GC pause (G1 Evacuation Pause) (young) 5461M->2790M(6144M), 0.0367834 secs]
2018-03-27T16:27:50.720+0200: 16923.994: [GC pause (G1 Evacuation Pause) (young) 5466M->2792M(6144M), 0.0386473 secs]
2018-03-27T16:27:52.408+0200: 16925.682: [GC pause (G1 Humongous Allocation) (young) (initial-mark) 4882M->2798M(6144M), 0.0551413 secs]
2018-03-27T16:27:52.463+0200: 16925.737: [GC concurrent-root-region-scan-start]
2018-03-27T16:27:52.505+0200: 16925.779: [GC concurrent-root-region-scan-end, 0.0420046 secs]
2018-03-27T16:27:52.505+0200: 16925.779: [GC concurrent-mark-start]
2018-03-27T16:27:52.569+0200: 16925.843: [GC pause (G1 Evacuation Pause) (young) 3137M->2798M(6144M), 0.0570835 secs]
2018-03-27T16:27:54.684+0200: 16927.958: [GC pause (G1 Evacuation Pause) (young) 5498M->2802M(6144M), 0.0385528 secs]
2018-03-27T16:27:55.686+0200: 16928.960: [GC concurrent-mark-end, 3.1805159 secs]
2018-03-27T16:27:55.689+0200: 16928.963: [GC remark, 0.3181473 secs]
2018-03-27T16:27:56.012+0200: 16929.286: [GC cleanup 4037M->4037M(6144M), 0.0256486 secs]
2018-03-27T16:27:57.462+0200: 16930.736: [GC pause (G1 Evacuation Pause) (young) 5495M->2806M(6144M), 0.0640137 secs]
2018-03-27T16:27:57.915+0200: 16931.188: [GC pause (GCLocker Initiated GC) (mixed) 3086M->2497M(6144M), 0.1616034 secs]
2018-03-27T16:27:58.283+0200: 16931.557: [GC pause (G1 Evacuation Pause) (mixed) 2775M->2481M(6144M), 0.0886633 secs]
2018-03-27T16:27:58.530+0200: 16931.804: [GC pause (G1 Evacuation Pause) (young) 2757M->2478M(6144M), 0.0416147 secs]
2018-03-27T16:27:58.765+0200: 16932.038: [GC pause (G1 Evacuation Pause) (young) 2758M->2481M(6144M), 0.0399350 secs]
2018-03-27T16:27:58.946+0200: 16932.219: [GC pause (G1 Evacuation Pause) (young) 2757M->2485M(6144M), 0.0226600 secs]
2018-03-27T16:27:59.186+0200: 16932.459: [GC pause (GCLocker Initiated GC) (young) 2781M->2485M(6144M), 0.0377714 secs]
2018-03-27T16:27:59.615+0200: 16932.888: [GC pause (G1 Evacuation Pause) (young) 2765M->2485M(6144M), 0.0235799 secs]
2018-03-27T16:28:00.084+0200: 16933.358: [GC pause (G1 Evacuation Pause) (young) 2765M->2487M(6144M), 0.0236665 secs]
2018-03-27T16:28:00.318+0200: 16933.592: [GC pause (GCLocker Initiated GC) (young) 2767M->2487M(6144M), 0.0286096 secs]
2018-03-27T16:28:00.491+0200: 16933.765: [GC pause (G1 Evacuation Pause) (young) 2765M->2488M(6144M), 0.0231985 secs]
2018-03-27T16:28:00.678+0200: 16933.951: [GC pause (G1 Evacuation Pause) (young) 2770M->2488M(6144M), 0.0260692 secs]
2018-03-27T16:28:00.852+0200: 16934.126: [GC pause (G1 Evacuation Pause) (young) 2770M->2488M(6144M), 0.0267588 secs]
2018-03-27T16:28:01.120+0200: 16934.394: [GC pause (GCLocker Initiated GC) (young) 2770M->2490M(6144M), 0.0324186 secs]
2018-03-27T16:28:01.459+0200: 16934.732: [GC pause (G1 Evacuation Pause) (young) 2770M->2489M(6144M), 0.0259737 secs]
2018-03-27T16:28:01.681+0200: 16934.955: [GC pause (GCLocker Initiated GC) (young) 2769M->2491M(6144M), 0.0286780 secs]
2018-03-27T16:28:04.456+0200: 16937.730: [GC pause (G1 Evacuation Pause) (young) 5465M->2496M(6144M), 0.0570220 secs]
2018-03-27T16:28:07.016+0200: 16940.290: [GC pause (G1 Evacuation Pause) (young) 5474M->2500M(6144M), 0.0552898 secs]
2018-03-27T16:28:09.717+0200: 16942.991: [GC pause (G1 Evacuation Pause) (young) 5480M->2509M(6144M), 0.0292377 secs]
2018-03-27T16:28:11.806+0200: 16945.079: [GC pause (G1 Evacuation Pause) (young) 5485M->2513M(6144M), 0.0466787 secs]
2018-03-27T16:28:14.340+0200: 16947.614: [GC pause (G1 Evacuation Pause) (young) 5485M->2516M(6144M), 0.0296600 secs]
2018-03-27T16:28:16.559+0200: 16949.833: [GC pause (G1 Evacuation Pause) (young) 5479M->2521M(6144M), 0.0365401 secs]
2018-03-27T16:28:19.020+0200: 16952.294: [GC pause (G1 Evacuation Pause) (young) 5486M->2522M(6144M), 0.0514143 secs]
2018-03-27T16:28:21.542+0200: 16954.815: [GC pause (G1 Evacuation Pause) (young) 5476M->2524M(6144M), 0.0379808 secs]
2018-03-27T16:28:23.939+0200: 16957.213: [GC pause (G1 Evacuation Pause) (young) 5474M->2525M(6144M), 0.0338080 secs]
2018-03-27T16:28:26.715+0200: 16959.988: [GC pause (GCLocker Initiated GC) (young) 5475M->2529M(6144M), 0.0387630 secs]
2018-03-27T16:28:28.683+0200: 16961.956: [GC pause (GCLocker Initiated GC) (young) 5471M->2532M(6144M), 0.0368680 secs]
2018-03-27T16:28:30.683+0200: 16963.957: [GC pause (G1 Evacuation Pause) (young) 5468M->2534M(6144M), 0.0835256 secs]
2018-03-27T16:28:33.158+0200: 16966.432: [GC pause (GCLocker Initiated GC) (young) 5468M->2535M(6144M), 0.0561618 secs]
2018-03-27T16:28:35.224+0200: 16968.498: [GC pause (G1 Evacuation Pause) (young) 5463M->2538M(6144M), 0.0541988 secs]
2018-03-27T16:28:38.136+0200: 16971.410: [GC pause (G1 Evacuation Pause) (young) 5462M->2539M(6144M), 0.0385504 secs]
2018-03-27T16:28:40.590+0200: 16973.864: [GC pause (G1 Evacuation Pause) (young) 5463M->2542M(6144M), 0.0400793 secs]
2018-03-27T16:28:42.698+0200: 16975.972: [GC pause (G1 Evacuation Pause) (young) 5460M->2542M(6144M), 0.0464204 secs]
2018-03-27T16:28:45.153+0200: 16978.426: [GC pause (G1 Evacuation Pause) (young) 5462M->2544M(6144M), 0.0516542 secs]
2018-03-27T16:28:47.935+0200: 16981.208: [GC pause (G1 Evacuation Pause) (young) 5462M->2547M(6144M), 0.0416122 secs]
2018-03-27T16:28:49.963+0200: 16983.237: [GC pause (G1 Evacuation Pause) (young) 5463M->2549M(6144M), 0.0383364 secs]
2018-03-27T16:28:52.203+0200: 16985.477: [GC pause (G1 Evacuation Pause) (young) 5462M->2552M(6144M), 0.0388369 secs]
2018-03-27T16:28:54.702+0200: 16987.976: [GC pause (GCLocker Initiated GC) (young) 5468M->2559M(6144M), 0.0458903 secs]
2018-03-27T16:28:57.090+0200: 16990.364: [GC pause (G1 Evacuation Pause) (young) 5455M->2556M(6144M), 0.0383590 secs]
2018-03-27T16:28:59.000+0200: 16992.274: [GC pause (GCLocker Initiated GC) (young) 5464M->2559M(6144M), 0.0378439 secs]
2018-03-27T16:29:01.314+0200: 16994.587: [GC pause (G1 Evacuation Pause) (young) 5478M->2562M(6144M), 0.0450775 secs]
2018-03-27T16:29:03.590+0200: 16996.863: [GC pause (G1 Evacuation Pause) (young) 5460M->2564M(6144M), 0.0394298 secs]
2018-03-27T16:29:05.204+0200: 16998.477: [GC pause (GCLocker Initiated GC) (young) 5461M->2564M(6144M), 0.0383253 secs]
2018-03-27T16:29:07.762+0200: 17001.036: [GC pause (G1 Evacuation Pause) (young) 5460M->2569M(6144M), 0.0380176 secs]
2018-03-27T16:29:10.534+0200: 17003.808: [GC pause (G1 Evacuation Pause) (young) 5459M->2570M(6144M), 0.0380054 secs]
2018-03-27T16:29:12.937+0200: 17006.211: [GC pause (GCLocker Initiated GC) (young) 5464M->2575M(6144M), 0.0394306 secs]
2018-03-27T16:29:15.107+0200: 17008.381: [GC pause (G1 Evacuation Pause) (young) 5461M->2577M(6144M), 0.0388969 secs]
2018-03-27T16:29:17.681+0200: 17010.955: [GC pause (G1 Evacuation Pause) (young) 5457M->2579M(6144M), 0.0371866 secs]
2018-03-27T16:29:19.740+0200: 17013.014: [GC pause (G1 Evacuation Pause) (young) 5457M->2580M(6144M), 0.0479566 secs]
2018-03-27T16:29:22.341+0200: 17015.615: [GC pause (G1 Evacuation Pause) (young) 5479M->2579M(6144M), 0.0413028 secs]
2018-03-27T16:29:24.794+0200: 17018.068: [GC pause (G1 Evacuation Pause) (young) 5461M->2582M(6144M), 0.0353530 secs]
2018-03-27T16:29:27.483+0200: 17020.757: [GC pause (G1 Evacuation Pause) (young) 5458M->2587M(6144M), 0.0380171 secs]
2018-03-27T16:29:30.420+0200: 17023.694: [GC pause (G1 Evacuation Pause) (young) 5457M->2589M(6144M), 0.0510013 secs]
2018-03-27T16:29:33.056+0200: 17026.330: [GC pause (G1 Evacuation Pause) (young) 5457M->2591M(6144M), 0.0382151 secs]
2018-03-27T16:29:36.397+0200: 17029.671: [GC pause (G1 Evacuation Pause) (young) 5457M->2592M(6144M), 0.0390863 secs]
2018-03-27T16:29:39.333+0200: 17032.606: [GC pause (GCLocker Initiated GC) (young) 5462M->2594M(6144M), 0.0416698 secs]
2018-03-27T16:29:41.728+0200: 17035.002: [GC pause (G1 Evacuation Pause) (young) 5460M->2595M(6144M), 0.0470921 secs]
2018-03-27T16:29:43.919+0200: 17037.193: [GC pause (G1 Evacuation Pause) (young) 5459M->2599M(6144M), 0.0551710 secs]
2018-03-27T16:29:46.322+0200: 17039.595: [GC pause (G1 Evacuation Pause) (young) 5457M->2598M(6144M), 0.0454940 secs]
2018-03-27T16:29:48.379+0200: 17041.653: [GC pause (G1 Evacuation Pause) (young) 5463M->2602M(6144M), 0.0559956 secs]
2018-03-27T16:29:50.641+0200: 17043.915: [GC pause (GCLocker Initiated GC) (young) 5466M->2605M(6144M), 0.0463760 secs]
2018-03-27T16:29:52.670+0200: 17045.943: [GC pause (G1 Evacuation Pause) (young) 5459M->2604M(6144M), 0.0466609 secs]
2018-03-27T16:29:54.885+0200: 17048.159: [GC pause (G1 Evacuation Pause) (young) 5464M->2610M(6144M), 0.0469526 secs]
2018-03-27T16:29:57.130+0200: 17050.403: [GC pause (G1 Evacuation Pause) (young) 5458M->2611M(6144M), 0.0507845 secs]
2018-03-27T16:29:59.345+0200: 17052.619: [GC pause (G1 Evacuation Pause) (young) 5461M->2614M(6144M), 0.0426773 secs]
2018-03-27T16:30:01.390+0200: 17054.663: [GC pause (GCLocker Initiated GC) (young) 5464M->2617M(6144M), 0.0553948 secs]
2018-03-27T16:30:03.804+0200: 17057.077: [GC pause (G1 Evacuation Pause) (young) 5459M->2618M(6144M), 0.0649659 secs]
2018-03-27T16:30:06.069+0200: 17059.342: [GC pause (G1 Evacuation Pause) (young) 5462M->2621M(6144M), 0.0440777 secs]
2018-03-27T16:30:08.769+0200: 17062.042: [GC pause (G1 Evacuation Pause) (young) 5459M->2629M(6144M), 0.0579184 secs]
2018-03-27T16:30:10.912+0200: 17064.186: [GC pause (G1 Evacuation Pause) (young) 5457M->2630M(6144M), 0.0616510 secs]
2018-03-27T16:30:12.786+0200: 17066.060: [GC pause (GCLocker Initiated GC) (young) 5466M->2634M(6144M), 0.0494868 secs]
2018-03-27T16:30:14.686+0200: 17067.959: [GC pause (G1 Evacuation Pause) (young) 5456M->2637M(6144M), 0.0435080 secs]
2018-03-27T16:30:17.286+0200: 17070.560: [GC pause (G1 Evacuation Pause) (young) 5454M->2635M(6144M), 0.0470990 secs]
2018-03-27T16:30:19.712+0200: 17072.986: [GC pause (G1 Evacuation Pause) (young) 5457M->2640M(6144M), 0.0397642 secs]
2018-03-27T16:30:22.366+0200: 17075.639: [GC pause (G1 Evacuation Pause) (young) 5456M->2641M(6144M), 0.0400001 secs]
2018-03-27T16:30:24.534+0200: 17077.808: [GC pause (G1 Evacuation Pause) (young) 5455M->2643M(6144M), 0.0430746 secs]
2018-03-27T16:30:27.319+0200: 17080.592: [GC pause (G1 Evacuation Pause) (young) 5455M->2645M(6144M), 0.0532562 secs]
2018-03-27T16:30:30.273+0200: 17083.546: [GC pause (G1 Evacuation Pause) (young) 5455M->2648M(6144M), 0.0616879 secs]
2018-03-27T16:30:32.217+0200: 17085.491: [GC pause (G1 Evacuation Pause) (young) 5456M->2651M(6144M), 0.0396648 secs]
2018-03-27T16:30:34.560+0200: 17087.834: [GC pause (G1 Evacuation Pause) (young) 5453M->2651M(6144M), 0.0388159 secs]
2018-03-27T16:30:37.089+0200: 17090.363: [GC pause (G1 Evacuation Pause) (young) 5455M->2654M(6144M), 0.0601346 secs]
2018-03-27T16:30:39.353+0200: 17092.627: [GC pause (G1 Evacuation Pause) (young) 5456M->2656M(6144M), 0.0407988 secs]
2018-03-27T16:30:41.287+0200: 17094.561: [GC pause (G1 Evacuation Pause) (young) 5454M->2657M(6144M), 0.0540401 secs]
2018-03-27T16:30:43.453+0200: 17096.727: [GC pause (G1 Evacuation Pause) (young) 5457M->2663M(6144M), 0.0393354 secs]
2018-03-27T16:30:45.530+0200: 17098.804: [GC pause (G1 Evacuation Pause) (young) 5462M->2666M(6144M), 0.0552757 secs]
2018-03-27T16:30:48.098+0200: 17101.371: [GC pause (G1 Evacuation Pause) (young) 5458M->2668M(6144M), 0.0490107 secs]
2018-03-27T16:30:50.075+0200: 17103.349: [GC pause (G1 Evacuation Pause) (young) 5458M->2670M(6144M), 0.0485427 secs]
2018-03-27T16:30:51.866+0200: 17105.140: [GC pause (G1 Evacuation Pause) (young) 5462M->2672M(6144M), 0.0516990 secs]
2018-03-27T16:30:54.089+0200: 17107.363: [GC pause (G1 Evacuation Pause) (young) 5462M->2676M(6144M), 0.0599059 secs]
2018-03-27T16:30:56.415+0200: 17109.689: [GC pause (G1 Evacuation Pause) (young) 5460M->2681M(6144M), 0.0416344 secs]
2018-03-27T16:30:58.485+0200: 17111.759: [GC pause (GCLocker Initiated GC) (young) 5478M->2678M(6144M), 0.0446284 secs]
2018-03-27T16:31:01.286+0200: 17114.559: [GC pause (G1 Evacuation Pause) (young) 5462M->2679M(6144M), 0.0379083 secs]
2018-03-27T16:31:03.413+0200: 17116.686: [GC pause (G1 Evacuation Pause) (young) 5465M->2684M(6144M), 0.0378684 secs]
2018-03-27T16:31:05.514+0200: 17118.787: [GC pause (G1 Evacuation Pause) (young) 5461M->2682M(6144M), 0.0392956 secs]
2018-03-27T16:31:08.107+0200: 17121.381: [GC pause (G1 Evacuation Pause) (young) 5464M->2688M(6144M), 0.0381804 secs]
2018-03-27T16:31:10.832+0200: 17124.105: [GC pause (G1 Evacuation Pause) (young) 5460M->2689M(6144M), 0.0574781 secs]
2018-03-27T16:31:12.910+0200: 17126.183: [GC pause (G1 Evacuation Pause) (young) 5459M->2693M(6144M), 0.0398910 secs]
2018-03-27T16:31:15.350+0200: 17128.624: [GC pause (G1 Evacuation Pause) (young) 5462M->2693M(6144M), 0.0559041 secs]
2018-03-27T16:31:17.843+0200: 17131.117: [GC pause (G1 Evacuation Pause) (young) 5463M->2695M(6144M), 0.0386434 secs]
2018-03-27T16:31:20.173+0200: 17133.447: [GC pause (G1 Evacuation Pause) (young) 5461M->2696M(6144M), 0.0401732 secs]
2018-03-27T16:31:22.313+0200: 17135.587: [GC pause (G1 Evacuation Pause) (young) 5464M->2699M(6144M), 0.0455202 secs]
2018-03-27T16:31:24.899+0200: 17138.172: [GC pause (G1 Evacuation Pause) (young) 5461M->2702M(6144M), 0.0358129 secs]
2018-03-27T16:31:27.037+0200: 17140.311: [GC pause (G1 Evacuation Pause) (young) 5462M->2704M(6144M), 0.0381037 secs]
2018-03-27T16:31:28.962+0200: 17142.236: [GC pause (G1 Evacuation Pause) (young) 5462M->2709M(6144M), 0.0404524 secs]
2018-03-27T16:31:31.122+0200: 17144.396: [GC pause (G1 Evacuation Pause) (young) 5461M->2711M(6144M), 0.0418473 secs]
2018-03-27T16:31:33.379+0200: 17146.653: [GC pause (G1 Evacuation Pause) (young) 5457M->2712M(6144M), 0.0565232 secs]
2018-03-27T16:31:35.594+0200: 17148.868: [GC pause (G1 Evacuation Pause) (young) 5460M->2712M(6144M), 0.0368136 secs]
2018-03-27T16:31:38.287+0200: 17151.561: [GC pause (G1 Evacuation Pause) (young) 5484M->2716M(6144M), 0.0490227 secs]
2018-03-27T16:31:40.760+0200: 17154.034: [GC pause (G1 Evacuation Pause) (young) 5460M->2718M(6144M), 0.0371288 secs]
2018-03-27T16:31:43.275+0200: 17156.549: [GC pause (G1 Evacuation Pause) (young) 5460M->2718M(6144M), 0.0374676 secs]
2018-03-27T16:31:45.616+0200: 17158.890: [GC pause (GCLocker Initiated GC) (young) 5463M->2720M(6144M), 0.0403561 secs]
2018-03-27T16:31:48.601+0200: 17161.875: [GC pause (G1 Evacuation Pause) (young) 5462M->2721M(6144M), 0.0516409 secs]
2018-03-27T16:31:50.977+0200: 17164.251: [GC pause (G1 Evacuation Pause) (young) 5461M->2726M(6144M), 0.0407240 secs]
2018-03-27T16:31:53.394+0200: 17166.667: [GC pause (G1 Evacuation Pause) (young) 5460M->2725M(6144M), 0.0430004 secs]
2018-03-27T16:31:56.542+0200: 17169.816: [GC pause (G1 Evacuation Pause) (young) 5463M->2729M(6144M), 0.0391305 secs]
2018-03-27T16:31:58.600+0200: 17171.874: [GC pause (G1 Evacuation Pause) (young) 5461M->2730M(6144M), 0.0382907 secs]
2018-03-27T16:32:00.792+0200: 17174.066: [GC pause (G1 Evacuation Pause) (young) 5460M->2737M(6144M), 0.0365219 secs]
2018-03-27T16:32:02.983+0200: 17176.256: [GC pause (G1 Evacuation Pause) (young) 5457M->2738M(6144M), 0.0460368 secs]
2018-03-27T16:32:05.683+0200: 17178.957: [GC pause (G1 Evacuation Pause) (young) 5466M->2742M(6144M), 0.0447522 secs]
2018-03-27T16:32:07.957+0200: 17181.231: [GC pause (G1 Evacuation Pause) (young) 5456M->2744M(6144M), 0.0487882 secs]
2018-03-27T16:32:10.366+0200: 17183.640: [GC pause (G1 Evacuation Pause) (young) 5456M->2749M(6144M), 0.0430983 secs]
2018-03-27T16:32:12.373+0200: 17185.646: [GC pause (G1 Evacuation Pause) (young) 5455M->2744M(6144M), 0.0443213 secs]
2018-03-27T16:32:14.900+0200: 17188.174: [GC pause (G1 Evacuation Pause) (young) 5464M->2750M(6144M), 0.0847748 secs]
2018-03-27T16:32:17.457+0200: 17190.731: [GC pause (G1 Evacuation Pause) (young) 5460M->2751M(6144M), 0.0627775 secs]
2018-03-27T16:32:19.918+0200: 17193.192: [GC pause (GCLocker Initiated GC) (young) 5465M->2751M(6144M), 0.0448587 secs]
2018-03-27T16:32:21.939+0200: 17195.212: [GC pause (GCLocker Initiated GC) (young) 5485M->2754M(6144M), 0.0360988 secs]
2018-03-27T16:32:23.968+0200: 17197.242: [GC pause (G1 Evacuation Pause) (young) 5462M->2757M(6144M), 0.0336352 secs]
2018-03-27T16:32:25.773+0200: 17199.046: [GC pause (G1 Evacuation Pause) (young) 5460M->2760M(6144M), 0.0377258 secs]
2018-03-27T16:32:27.673+0200: 17200.946: [GC pause (G1 Evacuation Pause) (young) 5458M->2761M(6144M), 0.0420263 secs]
2018-03-27T16:32:30.385+0200: 17203.659: [GC pause (G1 Evacuation Pause) (young) 5463M->2758M(6144M), 0.0504565 secs]
2018-03-27T16:32:32.229+0200: 17205.503: [GC pause (G1 Evacuation Pause) (young) 5466M->2762M(6144M), 0.0408514 secs]
2018-03-27T16:32:34.887+0200: 17208.161: [GC pause (G1 Evacuation Pause) (young) 5462M->2764M(6144M), 0.0365076 secs]
2018-03-27T16:32:37.272+0200: 17210.546: [GC pause (G1 Evacuation Pause) (young) 5464M->2769M(6144M), 0.0553995 secs]
2018-03-27T16:32:40.664+0200: 17213.938: [GC pause (GCLocker Initiated GC) (young) 5464M->2765M(6144M), 0.0419784 secs]
2018-03-27T16:32:43.194+0200: 17216.467: [GC pause (G1 Evacuation Pause) (young) 5469M->2771M(6144M), 0.0368026 secs]
2018-03-27T16:32:45.421+0200: 17218.694: [GC pause (G1 Evacuation Pause) (young) 5463M->2773M(6144M), 0.0371562 secs]
2018-03-27T16:32:47.304+0200: 17220.578: [GC pause (G1 Evacuation Pause) (young) 5463M->2774M(6144M), 0.0366220 secs]
2018-03-27T16:32:49.047+0200: 17222.320: [GC pause (G1 Evacuation Pause) (young) 5470M->2780M(6144M), 0.0437932 secs]
2018-03-27T16:32:50.991+0200: 17224.265: [GC pause (G1 Evacuation Pause) (young) 5460M->2780M(6144M), 0.0349451 secs]
2018-03-27T16:32:52.929+0200: 17226.203: [GC pause (G1 Evacuation Pause) (young) 5461M->2784M(6144M), 0.0422238 secs]
2018-03-27T16:32:55.160+0200: 17228.434: [GC pause (G1 Evacuation Pause) (young) 5460M->2785M(6144M), 0.0445015 secs]
2018-03-27T16:32:57.005+0200: 17230.278: [GC pause (G1 Evacuation Pause) (young) 5461M->2787M(6144M), 0.0397378 secs]
2018-03-27T16:32:58.748+0200: 17232.022: [GC pause (G1 Evacuation Pause) (young) 5461M->2788M(6144M), 0.0405137 secs]
2018-03-27T16:33:00.870+0200: 17234.143: [GC pause (GCLocker Initiated GC) (young) 5460M->2789M(6144M), 0.0358919 secs]
2018-03-27T16:33:03.014+0200: 17236.288: [GC pause (G1 Evacuation Pause) (young) 5465M->2790M(6144M), 0.0380718 secs]
2018-03-27T16:33:05.278+0200: 17238.552: [GC pause (G1 Evacuation Pause) (young) 5464M->2795M(6144M), 0.0397829 secs]
2018-03-27T16:33:07.241+0200: 17240.515: [GC pause (G1 Evacuation Pause) (young) 5459M->2795M(6144M), 0.0386171 secs]
2018-03-27T16:33:08.580+0200: 17241.854: [GC pause (G1 Evacuation Pause) (young) 5461M->2798M(6144M), 0.0372554 secs]
2018-03-27T16:33:10.122+0200: 17243.396: [GC pause (G1 Evacuation Pause) (young) 5462M->2799M(6144M), 0.0414482 secs]
2018-03-27T16:33:12.773+0200: 17246.047: [GC pause (GCLocker Initiated GC) (young) 5464M->2803M(6144M), 0.0392569 secs]
2018-03-27T16:33:14.920+0200: 17248.194: [GC pause (G1 Evacuation Pause) (young) 5461M->2809M(6144M), 0.0393020 secs]
2018-03-27T16:33:17.338+0200: 17250.611: [GC pause (G1 Evacuation Pause) (young) 5459M->2809M(6144M), 0.0372938 secs]
2018-03-27T16:33:18.910+0200: 17252.184: [GC pause (G1 Evacuation Pause) (young) 5461M->2812M(6144M), 0.0385502 secs]
2018-03-27T16:33:21.096+0200: 17254.370: [GC pause (GCLocker Initiated GC) (young) 5509M->2819M(6144M), 0.0392173 secs]
2018-03-27T16:33:23.026+0200: 17256.300: [GC pause (G1 Evacuation Pause) (young) 5462M->2819M(6144M), 0.0382005 secs]
2018-03-27T16:33:23.772+0200: 17257.045: [GC pause (G1 Humongous Allocation) (young) (initial-mark) 3895M->2821M(6144M), 0.0457935 secs]
2018-03-27T16:33:23.818+0200: 17257.091: [GC concurrent-root-region-scan-start]
2018-03-27T16:33:23.870+0200: 17257.144: [GC concurrent-root-region-scan-end, 0.0524350 secs]
2018-03-27T16:33:23.870+0200: 17257.144: [GC concurrent-mark-start]
2018-03-27T16:33:25.859+0200: 17259.133: [GC pause (G1 Evacuation Pause) (young) 5464M->2821M(6144M), 0.0399686 secs]
2018-03-27T16:33:27.024+0200: 17260.298: [GC concurrent-mark-end, 3.1539216 secs]
2018-03-27T16:33:27.028+0200: 17260.302: [GC remark, 0.3162403 secs]
2018-03-27T16:33:27.352+0200: 17260.626: [GC cleanup 4371M->4371M(6144M), 0.0284719 secs]
2018-03-27T16:33:28.293+0200: 17261.567: [GC pause (G1 Evacuation Pause) (young) 5461M->2825M(6144M), 0.0707869 secs]
2018-03-27T16:33:28.497+0200: 17261.771: [GC pause (GCLocker Initiated GC) (mixed) 3069M->2482M(6144M), 0.1677218 secs]
2018-03-27T16:33:28.857+0200: 17262.131: [GC pause (GCLocker Initiated GC) (mixed) 2780M->2480M(6144M), 0.1002339 secs]
2018-03-27T16:33:29.124+0200: 17262.398: [GC pause (GCLocker Initiated GC) (young) 2776M->2481M(6144M), 0.0253617 secs]
2018-03-27T16:33:29.314+0200: 17262.587: [GC pause (GCLocker Initiated GC) (young) 2761M->2482M(6144M), 0.0234696 secs]
2018-03-27T16:33:29.458+0200: 17262.732: [GC pause (G1 Evacuation Pause) (young) 2760M->2483M(6144M), 0.0234194 secs]
2018-03-27T16:33:29.622+0200: 17262.895: [GC pause (GCLocker Initiated GC) (young) 2767M->2483M(6144M), 0.0228612 secs]
2018-03-27T16:33:29.862+0200: 17263.136: [GC pause (GCLocker Initiated GC) (young) 2759M->2482M(6144M), 0.0256317 secs]
2018-03-27T16:33:30.045+0200: 17263.319: [GC pause (G1 Evacuation Pause) (young) 2762M->2484M(6144M), 0.0274871 secs]
2018-03-27T16:33:30.190+0200: 17263.464: [GC pause (G1 Evacuation Pause) (young) 2762M->2484M(6144M), 0.0255998 secs]
2018-03-27T16:33:30.330+0200: 17263.603: [GC pause (G1 Evacuation Pause) (young) 2762M->2483M(6144M), 0.0245473 secs]
2018-03-27T16:33:30.484+0200: 17263.758: [GC pause (G1 Evacuation Pause) (young) 2761M->2483M(6144M), 0.0313704 secs]
2018-03-27T16:33:30.661+0200: 17263.935: [GC pause (G1 Evacuation Pause) (young) 2765M->2486M(6144M), 0.0274337 secs]
2018-03-27T16:33:30.842+0200: 17264.115: [GC pause (G1 Evacuation Pause) (young) 2766M->2483M(6144M), 0.0258193 secs]
2018-03-27T16:33:31.086+0200: 17264.360: [GC pause (GCLocker Initiated GC) (young) 2766M->2484M(6144M), 0.0334885 secs]
2018-03-27T16:33:31.392+0200: 17264.665: [GC pause (G1 Evacuation Pause) (young) 2766M->2484M(6144M), 0.0237197 secs]
2018-03-27T16:33:31.598+0200: 17264.872: [GC pause (G1 Evacuation Pause) (young) 2770M->2486M(6144M), 0.0277681 secs]
2018-03-27T16:33:34.059+0200: 17267.333: [GC pause (G1 Evacuation Pause) (young) 5492M->2493M(6144M), 0.0281810 secs]
2018-03-27T16:33:36.251+0200: 17269.525: [GC pause (GCLocker Initiated GC) (young) 5495M->2499M(6144M), 0.0414076 secs]
2018-03-27T16:33:38.814+0200: 17272.088: [GC pause (G1 Evacuation Pause) (young) 5495M->2503M(6144M), 0.0291407 secs]
2018-03-27T16:33:41.634+0200: 17274.908: [GC pause (G1 Evacuation Pause) (young) 5489M->2508M(6144M), 0.0677404 secs]
2018-03-27T16:33:44.519+0200: 17277.793: [GC pause (G1 Evacuation Pause) (young) 5486M->2510M(6144M), 0.0363311 secs]
2018-03-27T16:33:46.740+0200: 17280.014: [GC pause (G1 Evacuation Pause) (young) 5484M->2516M(6144M), 0.0321564 secs]
2018-03-27T16:33:49.463+0200: 17282.737: [GC pause (GCLocker Initiated GC) (young) 5483M->2518M(6144M), 0.0377607 secs]
2018-03-27T16:33:52.590+0200: 17285.863: [GC pause (G1 Evacuation Pause) (young) 5474M->2523M(6144M), 0.0328048 secs]
2018-03-27T16:33:54.817+0200: 17288.091: [GC pause (G1 Evacuation Pause) (young) 5471M->2523M(6144M), 0.0418898 secs]
2018-03-27T16:33:56.794+0200: 17290.068: [GC pause (G1 Evacuation Pause) (young) 5471M->2526M(6144M), 0.0554011 secs]
2018-03-27T16:33:59.276+0200: 17292.550: [GC pause (G1 Evacuation Pause) (young) 5471M->2530M(6144M), 0.0400289 secs]
2018-03-27T16:34:01.787+0200: 17295.061: [GC pause (G1 Evacuation Pause) (young) 5466M->2528M(6144M), 0.0388760 secs]
2018-03-27T16:34:04.719+0200: 17297.993: [GC pause (G1 Evacuation Pause) (young) 5468M->2534M(6144M), 0.0447401 secs]
2018-03-27T16:34:07.225+0200: 17300.499: [GC pause (G1 Evacuation Pause) (young) 5462M->2534M(6144M), 0.0451215 secs]
2018-03-27T16:34:10.062+0200: 17303.336: [GC pause (G1 Evacuation Pause) (young) 5460M->2536M(6144M), 0.0456912 secs]
2018-03-27T16:34:12.559+0200: 17305.833: [GC pause (G1 Evacuation Pause) (young) 5458M->2539M(6144M), 0.0513114 secs]
2018-03-27T16:34:15.517+0200: 17308.791: [GC pause (G1 Evacuation Pause) (young) 5461M->2541M(6144M), 0.0497087 secs]
2018-03-27T16:34:18.235+0200: 17311.509: [GC pause (GCLocker Initiated GC) (young) 5459M->2545M(6144M), 0.0456109 secs]
2018-03-27T16:34:21.093+0200: 17314.367: [GC pause (G1 Evacuation Pause) (young) 5457M->2545M(6144M), 0.0687191 secs]
2018-03-27T16:34:23.799+0200: 17317.073: [GC pause (G1 Evacuation Pause) (young) 5459M->2547M(6144M), 0.0487386 secs]
2018-03-27T16:34:26.667+0200: 17319.941: [GC pause (G1 Evacuation Pause) (young) 5463M->2552M(6144M), 0.0500214 secs]
2018-03-27T16:34:29.343+0200: 17322.616: [GC pause (G1 Evacuation Pause) (young) 5460M->2552M(6144M), 0.0401006 secs]
2018-03-27T16:34:32.260+0200: 17325.534: [GC pause (G1 Evacuation Pause) (young) 5462M->2552M(6144M), 0.0440016 secs]
2018-03-27T16:34:34.831+0200: 17328.105: [GC pause (G1 Evacuation Pause) (young) 5464M->2555M(6144M), 0.0570164 secs]
2018-03-27T16:34:37.711+0200: 17330.985: [GC pause (G1 Evacuation Pause) (young) 5461M->2560M(6144M), 0.0542511 secs]
2018-03-27T16:34:40.366+0200: 17333.640: [GC pause (G1 Evacuation Pause) (young) 5460M->2560M(6144M), 0.0509847 secs]
2018-03-27T16:34:43.187+0200: 17336.461: [GC pause (G1 Evacuation Pause) (young) 5469M->2564M(6144M), 0.0435558 secs]
2018-03-27T16:34:46.271+0200: 17339.545: [GC pause (G1 Evacuation Pause) (young) 5458M->2567M(6144M), 0.0526759 secs]
2018-03-27T16:34:49.272+0200: 17342.546: [GC pause (G1 Evacuation Pause) (young) 5459M->2567M(6144M), 0.0380829 secs]
2018-03-27T16:34:52.615+0200: 17345.889: [GC pause (G1 Evacuation Pause) (young) 5461M->2566M(6144M), 0.0375659 secs]
2018-03-27T16:34:54.869+0200: 17348.143: [GC pause (G1 Evacuation Pause) (young) 5464M->2570M(6144M), 0.0404133 secs]
2018-03-27T16:34:55.267+0200: 17348.540: [GC pause (G1 Evacuation Pause) (young) 3200M->2573M(6144M), 0.0434233 secs]
2018-03-27T16:34:56.197+0200: 17349.471: [GC pause (G1 Evacuation Pause) (young) 4051M->2575M(6144M), 0.0334225 secs]
2018-03-27T16:34:59.226+0200: 17352.500: [GC pause (G1 Evacuation Pause) (young) 5497M->2580M(6144M), 0.0331006 secs]
2018-03-27T16:35:01.670+0200: 17354.944: [GC pause (G1 Evacuation Pause) (young) 5492M->2585M(6144M), 0.0430537 secs]
2018-03-27T16:35:04.205+0200: 17357.479: [GC pause (G1 Evacuation Pause) (young) 5490M->2587M(6144M), 0.0426899 secs]
2018-03-27T16:35:07.088+0200: 17360.362: [GC pause (G1 Evacuation Pause) (young) 5487M->2593M(6144M), 0.0382528 secs]
2018-03-27T16:35:09.564+0200: 17362.838: [GC pause (G1 Evacuation Pause) (young) 5481M->2596M(6144M), 0.0327459 secs]
2018-03-27T16:35:11.895+0200: 17365.168: [GC pause (G1 Evacuation Pause) (young) 5476M->2597M(6144M), 0.0357441 secs]
2018-03-27T16:35:14.650+0200: 17367.924: [GC pause (G1 Evacuation Pause) (young) 5477M->2599M(6144M), 0.0414474 secs]
2018-03-27T16:35:17.086+0200: 17370.359: [GC pause (G1 Evacuation Pause) (young) 5484M->2605M(6144M), 0.0365719 secs]
2018-03-27T16:35:20.005+0200: 17373.278: [GC pause (G1 Evacuation Pause) (young) 5469M->2605M(6144M), 0.0348543 secs]
2018-03-27T16:35:22.951+0200: 17376.224: [GC pause (G1 Evacuation Pause) (young) 5469M->2607M(6144M), 0.0636498 secs]
2018-03-27T16:35:26.238+0200: 17379.512: [GC pause (G1 Evacuation Pause) (young) 5485M->2606M(6144M), 0.0460569 secs]
2018-03-27T16:35:28.625+0200: 17381.899: [GC pause (GCLocker Initiated GC) (young) 5480M->2620M(6144M), 0.0428120 secs]
2018-03-27T16:35:31.094+0200: 17384.368: [GC pause (G1 Evacuation Pause) (young) 5487M->2636M(6144M), 0.0505116 secs]
2018-03-27T16:35:33.623+0200: 17386.897: [GC pause (G1 Evacuation Pause) (young) 5455M->2615M(6144M), 0.0502951 secs]
2018-03-27T16:35:36.242+0200: 17389.516: [GC pause (G1 Evacuation Pause) (young) 5461M->2612M(6144M), 0.0392745 secs]
2018-03-27T16:35:38.519+0200: 17391.793: [GC pause (G1 Evacuation Pause) (young) 5466M->2615M(6144M), 0.0382302 secs]
2018-03-27T16:35:40.150+0200: 17393.423: [GC pause (G1 Evacuation Pause) (young) 5463M->2620M(6144M), 0.0401272 secs]
2018-03-27T16:35:42.307+0200: 17395.581: [GC pause (G1 Evacuation Pause) (young) 5462M->2618M(6144M), 0.0450064 secs]
2018-03-27T16:35:44.591+0200: 17397.865: [GC pause (G1 Evacuation Pause) (young) 5462M->2620M(6144M), 0.0511659 secs]
2018-03-27T16:35:46.656+0200: 17399.930: [GC pause (G1 Evacuation Pause) (young) 5462M->2622M(6144M), 0.0442029 secs]
2018-03-27T16:35:49.030+0200: 17402.303: [GC pause (G1 Evacuation Pause) (young) 5462M->2625M(6144M), 0.0399246 secs]
2018-03-27T16:35:51.297+0200: 17404.571: [GC pause (G1 Evacuation Pause) (young) 5463M->2628M(6144M), 0.0459867 secs]
2018-03-27T16:35:53.339+0200: 17406.612: [GC pause (G1 Evacuation Pause) (young) 5464M->2629M(6144M), 0.0562207 secs]
2018-03-27T16:35:55.483+0200: 17408.757: [GC pause (G1 Evacuation Pause) (young) 5463M->2631M(6144M), 0.0473191 secs]
2018-03-27T16:35:57.629+0200: 17410.902: [GC pause (G1 Evacuation Pause) (young) 5467M->2636M(6144M), 0.0383745 secs]
2018-03-27T16:35:59.879+0200: 17413.153: [GC pause (G1 Evacuation Pause) (young) 5460M->2638M(6144M), 0.0371968 secs]
2018-03-27T16:36:01.905+0200: 17415.179: [GC pause (G1 Evacuation Pause) (young) 5462M->2641M(6144M), 0.0551699 secs]
2018-03-27T16:36:03.959+0200: 17417.232: [GC pause (G1 Evacuation Pause) (young) 5464M->2643M(6144M), 0.0608571 secs]
2018-03-27T16:36:06.838+0200: 17420.112: [GC pause (G1 Evacuation Pause) (young) 5481M->2648M(6144M), 0.0431386 secs]
2018-03-27T16:36:08.903+0200: 17422.177: [GC pause (G1 Evacuation Pause) (young) 5458M->2645M(6144M), 0.0457664 secs]
2018-03-27T16:36:10.474+0200: 17423.748: [GC pause (GCLocker Initiated GC) (young) 5465M->2650M(6144M), 0.0516663 secs]
2018-03-27T16:36:12.719+0200: 17425.993: [GC pause (G1 Evacuation Pause) (young) 5460M->2649M(6144M), 0.0574536 secs]
2018-03-27T16:36:14.813+0200: 17428.087: [GC pause (G1 Evacuation Pause) (young) 5461M->2653M(6144M), 0.0401920 secs]
2018-03-27T16:36:17.188+0200: 17430.462: [GC pause (G1 Evacuation Pause) (young) 5459M->2655M(6144M), 0.0471314 secs]
2018-03-27T16:36:19.129+0200: 17432.403: [GC pause (G1 Evacuation Pause) (young) 5459M->2656M(6144M), 0.0388473 secs]
2018-03-27T16:36:21.170+0200: 17434.443: [GC pause (G1 Evacuation Pause) (young) 5462M->2659M(6144M), 0.0499281 secs]
2018-03-27T16:36:23.331+0200: 17436.605: [GC pause (G1 Evacuation Pause) (young) 5463M->2660M(6144M), 0.0367114 secs]
2018-03-27T16:36:25.715+0200: 17438.989: [GC pause (G1 Evacuation Pause) (young) 5464M->2664M(6144M), 0.0429128 secs]
2018-03-27T16:36:28.205+0200: 17441.478: [GC pause (G1 Evacuation Pause) (young) 5462M->2666M(6144M), 0.0451604 secs]
2018-03-27T16:36:30.730+0200: 17444.004: [GC pause (G1 Evacuation Pause) (young) 5462M->2671M(6144M), 0.0431623 secs]
2018-03-27T16:36:33.350+0200: 17446.623: [GC pause (G1 Evacuation Pause) (young) 5457M->2673M(6144M), 0.0371458 secs]
2018-03-27T16:36:35.759+0200: 17449.033: [GC pause (G1 Evacuation Pause) (young) 5461M->2677M(6144M), 0.0565729 secs]
2018-03-27T16:36:37.511+0200: 17450.785: [GC pause (G1 Evacuation Pause) (young) 5458M->2683M(6144M), 0.0390031 secs]
2018-03-27T16:36:39.246+0200: 17452.520: [GC pause (G1 Evacuation Pause) (young) 5457M->2681M(6144M), 0.0404179 secs]
2018-03-27T16:36:41.935+0200: 17455.209: [GC pause (G1 Evacuation Pause) (young) 5457M->2682M(6144M), 0.0411276 secs]
2018-03-27T16:36:44.282+0200: 17457.556: [GC pause (G1 Evacuation Pause) (young) 5468M->2690M(6144M), 0.0444537 secs]
2018-03-27T16:36:46.309+0200: 17459.582: [GC pause (G1 Evacuation Pause) (young) 5454M->2692M(6144M), 0.0415960 secs]
2018-03-27T16:36:48.683+0200: 17461.957: [GC pause (G1 Evacuation Pause) (young) 5454M->2694M(6144M), 0.0556982 secs]
2018-03-27T16:36:50.701+0200: 17463.974: [GC pause (GCLocker Initiated GC) (young) 5457M->2693M(6144M), 0.0430509 secs]
2018-03-27T16:36:52.953+0200: 17466.227: [GC pause (G1 Evacuation Pause) (young) 5457M->2696M(6144M), 0.0408371 secs]
2018-03-27T16:36:55.273+0200: 17468.546: [GC pause (GCLocker Initiated GC) (young) 5468M->2698M(6144M), 0.0405178 secs]
2018-03-27T16:36:57.476+0200: 17470.750: [GC pause (GCLocker Initiated GC) (young) 5461M->2699M(6144M), 0.0347843 secs]
2018-03-27T16:36:59.811+0200: 17473.085: [GC pause (G1 Evacuation Pause) (young) 5459M->2703M(6144M), 0.0468258 secs]
2018-03-27T16:37:02.348+0200: 17475.622: [GC pause (G1 Evacuation Pause) (young) 5463M->2703M(6144M), 0.0489467 secs]
2018-03-27T16:37:04.602+0200: 17477.875: [GC pause (G1 Evacuation Pause) (young) 5463M->2706M(6144M), 0.0404168 secs]
2018-03-27T16:37:06.590+0200: 17479.864: [GC pause (G1 Evacuation Pause) (young) 5461M->2713M(6144M), 0.0402735 secs]
2018-03-27T16:37:08.800+0200: 17482.074: [GC pause (G1 Evacuation Pause) (young) 5457M->2709M(6144M), 0.0395809 secs]
2018-03-27T16:37:11.272+0200: 17484.545: [GC pause (G1 Evacuation Pause) (young) 5465M->2717M(6144M), 0.0547415 secs]
2018-03-27T16:37:13.462+0200: 17486.736: [GC pause (G1 Evacuation Pause) (young) 5465M->2720M(6144M), 0.0393745 secs]
2018-03-27T16:37:15.524+0200: 17488.798: [GC pause (G1 Evacuation Pause) (young) 5460M->2722M(6144M), 0.0725775 secs]
2018-03-27T16:37:17.931+0200: 17491.205: [GC pause (GCLocker Initiated GC) (young) 5466M->2722M(6144M), 0.0375608 secs]
2018-03-27T16:37:20.842+0200: 17494.116: [GC pause (G1 Evacuation Pause) (young) 5466M->2725M(6144M), 0.0455113 secs]
2018-03-27T16:37:22.797+0200: 17496.071: [GC pause (G1 Evacuation Pause) (young) 5463M->2726M(6144M), 0.0368192 secs]
2018-03-27T16:37:24.749+0200: 17498.023: [GC pause (GCLocker Initiated GC) (young) 5480M->2729M(6144M), 0.0380930 secs]
2018-03-27T16:37:27.073+0200: 17500.347: [GC pause (G1 Evacuation Pause) (young) 5485M->2730M(6144M), 0.0414357 secs]
2018-03-27T16:37:29.482+0200: 17502.755: [GC pause (G1 Evacuation Pause) (young) 5466M->2734M(6144M), 0.0354839 secs]
2018-03-27T16:37:31.839+0200: 17505.113: [GC pause (G1 Evacuation Pause) (young) 5464M->2737M(6144M), 0.0374481 secs]
2018-03-27T16:37:33.956+0200: 17507.230: [GC pause (G1 Evacuation Pause) (young) 5465M->2739M(6144M), 0.0395147 secs]
2018-03-27T16:37:36.082+0200: 17509.356: [GC pause (G1 Evacuation Pause) (young) 5466M->2739M(6144M), 0.0387118 secs]
2018-03-27T16:37:38.034+0200: 17511.308: [GC pause (G1 Evacuation Pause) (young) 5467M->2742M(6144M), 0.0420890 secs]
2018-03-27T16:37:40.582+0200: 17513.856: [GC pause (G1 Evacuation Pause) (young) 5462M->2748M(6144M), 0.0385896 secs]
2018-03-27T16:37:40.627+0200: 17513.901: [GC pause (GCLocker Initiated GC) (young) 2750M->2746M(6144M), 0.0334027 secs]
2018-03-27T16:37:42.643+0200: 17515.916: [GC pause (G1 Evacuation Pause) (young) 5464M->2747M(6144M), 0.0479650 secs]
2018-03-27T16:37:45.134+0200: 17518.407: [GC pause (G1 Evacuation Pause) (young) 5467M->2751M(6144M), 0.0370223 secs]
2018-03-27T16:37:47.870+0200: 17521.144: [GC pause (G1 Evacuation Pause) (young) 5463M->2753M(6144M), 0.0377676 secs]
2018-03-27T16:37:49.852+0200: 17523.126: [GC pause (G1 Evacuation Pause) (young) 5463M->2756M(6144M), 0.0373776 secs]
2018-03-27T16:37:52.426+0200: 17525.700: [GC pause (G1 Evacuation Pause) (young) 5464M->2758M(6144M), 0.0382950 secs]
2018-03-27T16:37:54.971+0200: 17528.245: [GC pause (GCLocker Initiated GC) (young) 5480M->2757M(6144M), 0.0427099 secs]
2018-03-27T16:37:57.982+0200: 17531.255: [GC pause (G1 Evacuation Pause) (young) 5469M->2761M(6144M), 0.0635386 secs]
2018-03-27T16:38:00.315+0200: 17533.589: [GC pause (G1 Evacuation Pause) (young) 5467M->2761M(6144M), 0.0372768 secs]
2018-03-27T16:38:02.637+0200: 17535.911: [GC pause (G1 Evacuation Pause) (young) 5469M->2764M(6144M), 0.0427420 secs]
2018-03-27T16:38:04.761+0200: 17538.035: [GC pause (G1 Evacuation Pause) (young) 5469M->2766M(6144M), 0.0632145 secs]
2018-03-27T16:38:06.732+0200: 17540.005: [GC pause (G1 Evacuation Pause) (young) 5490M->2770M(6144M), 0.0480280 secs]
2018-03-27T16:38:08.921+0200: 17542.194: [GC pause (GCLocker Initiated GC) (young) 5466M->2773M(6144M), 0.0550743 secs]
2018-03-27T16:38:10.806+0200: 17544.079: [GC pause (G1 Evacuation Pause) (young) 5467M->2774M(6144M), 0.0465164 secs]
2018-03-27T16:38:12.582+0200: 17545.855: [GC pause (G1 Evacuation Pause) (young) 5466M->2776M(6144M), 0.0532052 secs]
2018-03-27T16:38:14.972+0200: 17548.246: [GC pause (G1 Evacuation Pause) (young) 5466M->2779M(6144M), 0.0505180 secs]
2018-03-27T16:38:17.375+0200: 17550.648: [GC pause (G1 Evacuation Pause) (young) 5461M->2778M(6144M), 0.0405216 secs]
2018-03-27T16:38:19.576+0200: 17552.850: [GC pause (G1 Evacuation Pause) (young) 5462M->2780M(6144M), 0.0346299 secs]
2018-03-27T16:38:21.591+0200: 17554.865: [GC pause (G1 Evacuation Pause) (young) 5469M->2778M(6144M), 0.0381241 secs]
2018-03-27T16:38:23.784+0200: 17557.058: [GC pause (G1 Evacuation Pause) (young) 5466M->2783M(6144M), 0.0481066 secs]
2018-03-27T16:38:25.711+0200: 17558.984: [GC pause (G1 Evacuation Pause) (young) 5465M->2788M(6144M), 0.0382324 secs]
2018-03-27T16:38:27.353+0200: 17560.627: [GC pause (GCLocker Initiated GC) (young) 5467M->2785M(6144M), 0.0408831 secs]
2018-03-27T16:38:29.416+0200: 17562.690: [GC pause (GCLocker Initiated GC) (young) 5477M->2788M(6144M), 0.0353107 secs]
2018-03-27T16:38:31.673+0200: 17564.947: [GC pause (GCLocker Initiated GC) (young) 5469M->2792M(6144M), 0.0433897 secs]
2018-03-27T16:38:33.791+0200: 17567.064: [GC pause (G1 Evacuation Pause) (young) 5466M->2791M(6144M), 0.0367464 secs]
2018-03-27T16:38:35.942+0200: 17569.216: [GC pause (G1 Evacuation Pause) (young) 5472M->2793M(6144M), 0.0372271 secs]
2018-03-27T16:38:38.390+0200: 17571.664: [GC pause (G1 Evacuation Pause) (young) 5471M->2796M(6144M), 0.0356291 secs]
2018-03-27T16:38:40.981+0200: 17574.255: [GC pause (GCLocker Initiated GC) (young) 5468M->2799M(6144M), 0.0356173 secs]
2018-03-27T16:38:42.594+0200: 17575.868: [GC pause (G1 Evacuation Pause) (young) 5469M->2800M(6144M), 0.0429316 secs]
2018-03-27T16:38:44.961+0200: 17578.234: [GC pause (G1 Evacuation Pause) (young) 5468M->2803M(6144M), 0.0448981 secs]
2018-03-27T16:38:48.098+0200: 17581.372: [GC pause (G1 Evacuation Pause) (young) 5465M->2805M(6144M), 0.0356285 secs]
2018-03-27T16:38:50.132+0200: 17583.406: [GC pause (G1 Evacuation Pause) (young) 5465M->2806M(6144M), 0.0385803 secs]
2018-03-27T16:38:52.888+0200: 17586.161: [GC pause (G1 Evacuation Pause) (young) 5468M->2809M(6144M), 0.0375936 secs]
2018-03-27T16:38:55.252+0200: 17588.526: [GC pause (G1 Evacuation Pause) (young) 5465M->2811M(6144M), 0.0434386 secs]
2018-03-27T16:38:57.407+0200: 17590.680: [GC pause (G1 Evacuation Pause) (young) 5467M->2813M(6144M), 0.0537051 secs]
2018-03-27T16:38:59.651+0200: 17592.925: [GC pause (GCLocker Initiated GC) (young) 5467M->2816M(6144M), 0.0399793 secs]
2018-03-27T16:39:01.853+0200: 17595.127: [GC pause (G1 Evacuation Pause) (young) 5462M->2817M(6144M), 0.0373687 secs]
2018-03-27T16:39:03.602+0200: 17596.876: [GC pause (G1 Evacuation Pause) (young) 5463M->2819M(6144M), 0.0378325 secs]
2018-03-27T16:39:04.526+0200: 17597.800: [GC pause (GCLocker Initiated GC) (young) (initial-mark) 4387M->2820M(6144M), 0.0477211 secs]
2018-03-27T16:39:04.574+0200: 17597.848: [GC concurrent-root-region-scan-start]
2018-03-27T16:39:04.599+0200: 17597.873: [GC concurrent-root-region-scan-end, 0.0247638 secs]
2018-03-27T16:39:04.599+0200: 17597.873: [GC concurrent-mark-start]
2018-03-27T16:39:06.319+0200: 17599.592: [GC pause (G1 Evacuation Pause) (young) 5467M->2821M(6144M), 0.0422892 secs]
2018-03-27T16:39:08.108+0200: 17601.382: [GC concurrent-mark-end, 3.5091444 secs]
2018-03-27T16:39:08.113+0200: 17601.387: [GC remark, 0.3534433 secs]
2018-03-27T16:39:08.470+0200: 17601.743: [GC cleanup 4802M->4802M(6144M), 0.0296133 secs]
2018-03-27T16:39:08.945+0200: 17602.219: [GC pause (G1 Evacuation Pause) (young) 5465M->2823M(6144M), 0.0633442 secs]
2018-03-27T16:39:09.274+0200: 17602.547: [GC pause (G1 Evacuation Pause) (mixed) 3071M->2499M(6144M), 0.1956586 secs]
2018-03-27T16:39:09.670+0200: 17602.944: [GC pause (GCLocker Initiated GC) (mixed) 2795M->2488M(6144M), 0.1074737 secs]
2018-03-27T16:39:09.887+0200: 17603.160: [GC pause (G1 Evacuation Pause) (young) 2766M->2487M(6144M), 0.0503735 secs]
2018-03-27T16:39:10.116+0200: 17603.390: [GC pause (G1 Evacuation Pause) (young) 2765M->2487M(6144M), 0.0349255 secs]
2018-03-27T16:39:10.407+0200: 17603.681: [GC pause (G1 Evacuation Pause) (young) 2765M->2487M(6144M), 0.0639434 secs]
2018-03-27T16:39:10.646+0200: 17603.919: [GC pause (G1 Evacuation Pause) (young) 2765M->2489M(6144M), 0.0279798 secs]
2018-03-27T16:39:10.833+0200: 17604.106: [GC pause (G1 Evacuation Pause) (young) 2765M->2489M(6144M), 0.0235746 secs]
2018-03-27T16:39:11.002+0200: 17604.276: [GC pause (G1 Evacuation Pause) (young) 2767M->2489M(6144M), 0.0339460 secs]
2018-03-27T16:39:11.240+0200: 17604.514: [GC pause (G1 Evacuation Pause) (young) 2767M->2490M(6144M), 0.0328743 secs]
2018-03-27T16:39:11.410+0200: 17604.684: [GC pause (G1 Evacuation Pause) (young) 2768M->2491M(6144M), 0.0236025 secs]
2018-03-27T16:39:11.547+0200: 17604.820: [GC pause (G1 Evacuation Pause) (young) 2767M->2491M(6144M), 0.0214334 secs]
2018-03-27T16:39:11.736+0200: 17605.010: [GC pause (G1 Evacuation Pause) (young) 2771M->2491M(6144M), 0.0258770 secs]
2018-03-27T16:39:11.941+0200: 17605.215: [GC pause (G1 Evacuation Pause) (young) 2771M->2493M(6144M), 0.0384822 secs]
2018-03-27T16:39:12.135+0200: 17605.408: [GC pause (G1 Evacuation Pause) (young) 2771M->2492M(6144M), 0.0231366 secs]
2018-03-27T16:39:12.358+0200: 17605.632: [GC pause (G1 Evacuation Pause) (young) 2772M->2493M(6144M), 0.0266530 secs]
2018-03-27T16:39:12.559+0200: 17605.833: [GC pause (GCLocker Initiated GC) (young) 2790M->2498M(6144M), 0.0225052 secs]
2018-03-27T16:39:14.624+0200: 17607.898: [GC pause (G1 Evacuation Pause) (young) 5486M->2500M(6144M), 0.0376648 secs]
2018-03-27T16:39:17.263+0200: 17610.537: [GC pause (GCLocker Initiated GC) (young) 5495M->2506M(6144M), 0.0397652 secs]
2018-03-27T16:39:20.185+0200: 17613.459: [GC pause (G1 Evacuation Pause) (young) 5494M->2510M(6144M), 0.0425604 secs]
2018-03-27T16:39:22.570+0200: 17615.844: [GC pause (G1 Evacuation Pause) (young) 5490M->2515M(6144M), 0.0349147 secs]
2018-03-27T16:39:25.300+0200: 17618.574: [GC pause (G1 Evacuation Pause) (young) 5485M->2520M(6144M), 0.0344576 secs]
2018-03-27T16:39:28.026+0200: 17621.299: [GC pause (GCLocker Initiated GC) (young) 5484M->2525M(6144M), 0.0330234 secs]
2018-03-27T16:39:30.418+0200: 17623.691: [GC pause (G1 Evacuation Pause) (young) 5477M->2531M(6144M), 0.0320375 secs]
2018-03-27T16:39:33.030+0200: 17626.303: [GC pause (G1 Evacuation Pause) (young) 5471M->2531M(6144M), 0.0312732 secs]
2018-03-27T16:39:35.608+0200: 17628.882: [GC pause (G1 Evacuation Pause) (young) 5472M->2532M(6144M), 0.0324322 secs]
2018-03-27T16:39:38.874+0200: 17632.147: [GC pause (G1 Evacuation Pause) (young) 5472M->2536M(6144M), 0.0330940 secs]
2018-03-27T16:39:41.259+0200: 17634.533: [GC pause (GCLocker Initiated GC) (young) 5469M->2539M(6144M), 0.0355016 secs]
2018-03-27T16:39:43.640+0200: 17636.913: [GC pause (G1 Evacuation Pause) (young) 5463M->2537M(6144M), 0.0508107 secs]
2018-03-27T16:39:46.409+0200: 17639.683: [GC pause (G1 Evacuation Pause) (young) 5465M->2542M(6144M), 0.0381109 secs]
2018-03-27T16:39:48.490+0200: 17641.763: [GC pause (G1 Evacuation Pause) (young) 5462M->2543M(6144M), 0.0386998 secs]
2018-03-27T16:39:50.600+0200: 17643.874: [GC pause (GCLocker Initiated GC) (young) 5463M->2544M(6144M), 0.0528840 secs]
2018-03-27T16:39:52.800+0200: 17646.074: [GC pause (G1 Evacuation Pause) (young) 5460M->2547M(6144M), 0.0542441 secs]
2018-03-27T16:39:54.510+0200: 17647.784: [GC pause (G1 Evacuation Pause) (young) 5461M->2552M(6144M), 0.0395253 secs]
2018-03-27T16:39:57.713+0200: 17650.986: [GC pause (G1 Evacuation Pause) (young) 5456M->2553M(6144M), 0.0479356 secs]
2018-03-27T16:40:00.768+0200: 17654.042: [GC pause (G1 Evacuation Pause) (young) 5459M->2552M(6144M), 0.0391715 secs]
2018-03-27T16:40:03.889+0200: 17657.162: [GC pause (G1 Evacuation Pause) (young) 5458M->2556M(6144M), 0.0488923 secs]
2018-03-27T16:40:06.651+0200: 17659.925: [GC pause (G1 Evacuation Pause) (young) 5461M->2558M(6144M), 0.0619969 secs]
2018-03-27T16:40:09.758+0200: 17663.031: [GC pause (G1 Evacuation Pause) (young) 5460M->2560M(6144M), 0.0718323 secs]
2018-03-27T16:40:12.370+0200: 17665.644: [GC pause (G1 Evacuation Pause) (young) 5460M->2561M(6144M), 0.0474219 secs]
2018-03-27T16:40:14.510+0200: 17667.784: [GC pause (G1 Evacuation Pause) (young) 5463M->2563M(6144M), 0.0481158 secs]
2018-03-27T16:40:17.361+0200: 17670.634: [GC pause (G1 Evacuation Pause) (young) 5459M->2567M(6144M), 0.0388790 secs]
2018-03-27T16:40:19.725+0200: 17672.998: [GC pause (G1 Evacuation Pause) (young) 5461M->2568M(6144M), 0.0439047 secs]
2018-03-27T16:40:23.374+0200: 17676.648: [GC pause (G1 Evacuation Pause) (young) 5462M->2570M(6144M), 0.0394092 secs]
2018-03-27T16:40:26.161+0200: 17679.435: [GC pause (G1 Evacuation Pause) (young) 5462M->2572M(6144M), 0.0558822 secs]
2018-03-27T16:40:28.693+0200: 17681.967: [GC pause (G1 Evacuation Pause) (young) 5462M->2576M(6144M), 0.0403819 secs]
2018-03-27T16:40:31.849+0200: 17685.123: [GC pause (G1 Evacuation Pause) (young) 5460M->2574M(6144M), 0.0366900 secs]
2018-03-27T16:40:34.504+0200: 17687.778: [GC pause (G1 Evacuation Pause) (young) 5464M->2578M(6144M), 0.0397755 secs]
2018-03-27T16:40:36.501+0200: 17689.775: [GC pause (G1 Evacuation Pause) (young) 5463M->2581M(6144M), 0.0385480 secs]
2018-03-27T16:40:39.285+0200: 17692.559: [GC pause (G1 Evacuation Pause) (young) 5459M->2581M(6144M), 0.0629957 secs]
2018-03-27T16:40:42.000+0200: 17695.274: [GC pause (G1 Evacuation Pause) (young) 5461M->2582M(6144M), 0.0380777 secs]
2018-03-27T16:40:44.238+0200: 17697.511: [GC pause (G1 Evacuation Pause) (young) 5464M->2585M(6144M), 0.0360037 secs]
2018-03-27T16:40:46.605+0200: 17699.879: [GC pause (G1 Evacuation Pause) (young) 5465M->2588M(6144M), 0.0418602 secs]
2018-03-27T16:40:49.260+0200: 17702.534: [GC pause (G1 Evacuation Pause) (young) 5462M->2589M(6144M), 0.0392507 secs]
2018-03-27T16:40:51.413+0200: 17704.687: [GC pause (GCLocker Initiated GC) (young) 5475M->2592M(6144M), 0.0498787 secs]
2018-03-27T16:40:53.513+0200: 17706.786: [GC pause (G1 Evacuation Pause) (young) 5462M->2593M(6144M), 0.0465410 secs]
2018-03-27T16:40:55.458+0200: 17708.732: [GC pause (G1 Evacuation Pause) (young) 5465M->2594M(6144M), 0.0394442 secs]
2018-03-27T16:40:58.289+0200: 17711.563: [GC pause (G1 Evacuation Pause) (young) 5462M->2598M(6144M), 0.0388290 secs]
2018-03-27T16:41:00.617+0200: 17713.891: [GC pause (G1 Evacuation Pause) (young) 5460M->2602M(6144M), 0.0409123 secs]
2018-03-27T16:41:03.150+0200: 17716.424: [GC pause (G1 Evacuation Pause) (young) 5458M->2601M(6144M), 0.0497426 secs]
2018-03-27T16:41:06.105+0200: 17719.379: [GC pause (GCLocker Initiated GC) (young) 5465M->2606M(6144M), 0.0509896 secs]
2018-03-27T16:41:08.534+0200: 17721.808: [GC pause (G1 Evacuation Pause) (young) 5463M->2609M(6144M), 0.0424847 secs]
2018-03-27T16:41:11.555+0200: 17724.828: [GC pause (G1 Evacuation Pause) (young) 5459M->2608M(6144M), 0.0578358 secs]
2018-03-27T16:41:13.811+0200: 17727.085: [GC pause (G1 Evacuation Pause) (young) 5464M->2609M(6144M), 0.0415022 secs]
2018-03-27T16:41:15.795+0200: 17729.069: [GC pause (G1 Evacuation Pause) (young) 5463M->2610M(6144M), 0.0396970 secs]
2018-03-27T16:41:17.614+0200: 17730.887: [GC pause (GCLocker Initiated GC) (young) 5474M->2612M(6144M), 0.0388832 secs]
2018-03-27T16:41:20.715+0200: 17733.988: [GC pause (G1 Evacuation Pause) (young) 5462M->2615M(6144M), 0.0510720 secs]
2018-03-27T16:41:23.179+0200: 17736.453: [GC pause (G1 Evacuation Pause) (young) 5463M->2616M(6144M), 0.0570352 secs]
2018-03-27T16:41:25.310+0200: 17738.584: [GC pause (GCLocker Initiated GC) (young) 5474M->2619M(6144M), 0.0451543 secs]
2018-03-27T16:41:27.568+0200: 17740.842: [GC pause (G1 Evacuation Pause) (young) 5463M->2621M(6144M), 0.0378273 secs]
2018-03-27T16:41:30.162+0200: 17743.435: [GC pause (G1 Evacuation Pause) (young) 5463M->2621M(6144M), 0.0410488 secs]
2018-03-27T16:41:32.633+0200: 17745.907: [GC pause (G1 Evacuation Pause) (young) 5465M->2624M(6144M), 0.0371330 secs]
2018-03-27T16:41:35.080+0200: 17748.354: [GC pause (G1 Evacuation Pause) (young) 5466M->2628M(6144M), 0.0416738 secs]
2018-03-27T16:41:36.917+0200: 17750.190: [GC pause (G1 Evacuation Pause) (young) 5464M->2632M(6144M), 0.0372441 secs]
2018-03-27T16:41:38.911+0200: 17752.184: [GC pause (G1 Evacuation Pause) (young) 5463M->2632M(6144M), 0.0380093 secs]
2018-03-27T16:41:41.526+0200: 17754.799: [GC pause (G1 Evacuation Pause) (young) 5464M->2635M(6144M), 0.0371472 secs]
2018-03-27T16:41:43.859+0200: 17757.133: [GC pause (G1 Evacuation Pause) (young) 5463M->2636M(6144M), 0.0375175 secs]
2018-03-27T16:41:46.514+0200: 17759.788: [GC pause (G1 Evacuation Pause) (young) 5464M->2639M(6144M), 0.0405500 secs]
2018-03-27T16:41:48.842+0200: 17762.116: [GC pause (G1 Evacuation Pause) (young) 5463M->2642M(6144M), 0.0367173 secs]
2018-03-27T16:41:51.546+0200: 17764.820: [GC pause (GCLocker Initiated GC) (young) 5476M->2645M(6144M), 0.0385270 secs]
2018-03-27T16:41:54.106+0200: 17767.380: [GC pause (G1 Evacuation Pause) (young) 5463M->2649M(6144M), 0.0399762 secs]
2018-03-27T16:41:56.705+0200: 17769.978: [GC pause (GCLocker Initiated GC) (young) 5468M->2650M(6144M), 0.0396521 secs]
2018-03-27T16:41:58.996+0200: 17772.269: [GC pause (G1 Evacuation Pause) (young) 5460M->2653M(6144M), 0.0364513 secs]
2018-03-27T16:42:01.488+0200: 17774.762: [GC pause (G1 Evacuation Pause) (young) 5457M->2655M(6144M), 0.0624053 secs]
2018-03-27T16:42:04.220+0200: 17777.493: [GC pause (G1 Evacuation Pause) (young) 5457M->2656M(6144M), 0.0413749 secs]
2018-03-27T16:42:06.977+0200: 17780.251: [GC pause (G1 Evacuation Pause) (young) 5460M->2659M(6144M), 0.0530235 secs]
2018-03-27T16:42:09.306+0200: 17782.579: [GC pause (G1 Evacuation Pause) (young) 5458M->2662M(6144M), 0.0565814 secs]
2018-03-27T16:42:12.135+0200: 17785.408: [GC pause (G1 Evacuation Pause) (young) 5458M->2660M(6144M), 0.0372722 secs]
2018-03-27T16:42:15.061+0200: 17788.335: [GC pause (G1 Evacuation Pause) (young) 5462M->2662M(6144M), 0.0365351 secs]
2018-03-27T16:42:17.204+0200: 17790.477: [GC pause (G1 Evacuation Pause) (young) 5460M->2664M(6144M), 0.0709840 secs]
2018-03-27T16:42:19.130+0200: 17792.403: [GC pause (G1 Evacuation Pause) (young) 5464M->2667M(6144M), 0.0404161 secs]
2018-03-27T16:42:21.505+0200: 17794.779: [GC pause (G1 Evacuation Pause) (young) 5461M->2671M(6144M), 0.0351763 secs]
2018-03-27T16:42:24.132+0200: 17797.406: [GC pause (G1 Evacuation Pause) (young) 5459M->2669M(6144M), 0.0440223 secs]
2018-03-27T16:42:27.190+0200: 17800.464: [GC pause (G1 Evacuation Pause) (young) 5463M->2672M(6144M), 0.0436121 secs]
2018-03-27T16:42:29.607+0200: 17802.880: [GC pause (G1 Evacuation Pause) (young) 5464M->2676M(6144M), 0.0485976 secs]
2018-03-27T16:42:32.170+0200: 17805.444: [GC pause (G1 Evacuation Pause) (young) 5464M->2677M(6144M), 0.0402757 secs]
2018-03-27T16:42:34.532+0200: 17807.806: [GC pause (G1 Evacuation Pause) (young) 5481M->2678M(6144M), 0.0437585 secs]
2018-03-27T16:42:37.219+0200: 17810.493: [GC pause (G1 Evacuation Pause) (young) 5467M->2679M(6144M), 0.0483933 secs]
2018-03-27T16:42:39.052+0200: 17812.326: [GC pause (G1 Evacuation Pause) (young) 5465M->2683M(6144M), 0.0445741 secs]
2018-03-27T16:42:40.654+0200: 17813.928: [GC pause (G1 Evacuation Pause) (young) 5464M->2687M(6144M), 0.0511264 secs]
2018-03-27T16:42:42.502+0200: 17815.776: [GC pause (G1 Evacuation Pause) (young) 5463M->2686M(6144M), 0.0409739 secs]
2018-03-27T16:42:44.776+0200: 17818.049: [GC pause (G1 Evacuation Pause) (young) 5466M->2690M(6144M), 0.0452074 secs]
2018-03-27T16:42:47.177+0200: 17820.451: [GC pause (G1 Evacuation Pause) (young) 5464M->2692M(6144M), 0.0575865 secs]
2018-03-27T16:42:49.466+0200: 17822.740: [GC pause (G1 Evacuation Pause) (young) 5464M->2694M(6144M), 0.0402443 secs]
2018-03-27T16:42:52.292+0200: 17825.565: [GC pause (G1 Evacuation Pause) (young) 5464M->2695M(6144M), 0.0385272 secs]
2018-03-27T16:42:54.206+0200: 17827.480: [GC pause (G1 Evacuation Pause) (young) 5463M->2698M(6144M), 0.0471100 secs]
2018-03-27T16:42:57.003+0200: 17830.276: [GC pause (G1 Evacuation Pause) (young) 5464M->2701M(6144M), 0.0417570 secs]
2018-03-27T16:42:58.920+0200: 17832.193: [GC pause (G1 Evacuation Pause) (young) 5468M->2708M(6144M), 0.0512674 secs]
2018-03-27T16:43:00.947+0200: 17834.221: [GC pause (G1 Evacuation Pause) (young) 5458M->2712M(6144M), 0.0387187 secs]
2018-03-27T16:43:02.868+0200: 17836.142: [GC pause (G1 Evacuation Pause) (young) 5458M->2712M(6144M), 0.0365601 secs]
2018-03-27T16:43:04.888+0200: 17838.161: [GC pause (G1 Evacuation Pause) (young) 5460M->2715M(6144M), 0.0381042 secs]
2018-03-27T16:43:06.993+0200: 17840.267: [GC pause (G1 Evacuation Pause) (young) 5457M->2717M(6144M), 0.0414608 secs]
2018-03-27T16:43:08.928+0200: 17842.202: [GC pause (G1 Evacuation Pause) (young) 5457M->2719M(6144M), 0.0434543 secs]
2018-03-27T16:43:10.634+0200: 17843.907: [GC pause (G1 Evacuation Pause) (young) 5461M->2720M(6144M), 0.0371493 secs]
2018-03-27T16:43:12.530+0200: 17845.804: [GC pause (GCLocker Initiated GC) (young) 5464M->2726M(6144M), 0.0393320 secs]
2018-03-27T16:43:14.552+0200: 17847.826: [GC pause (G1 Evacuation Pause) (young) 5479M->2726M(6144M), 0.0445042 secs]
2018-03-27T16:43:16.613+0200: 17849.887: [GC pause (G1 Evacuation Pause) (young) 5458M->2728M(6144M), 0.0435961 secs]
2018-03-27T16:43:19.268+0200: 17852.542: [GC pause (GCLocker Initiated GC) (young) 5459M->2727M(6144M), 0.0423426 secs]
2018-03-27T16:43:21.318+0200: 17854.592: [GC pause (G1 Evacuation Pause) (young) 5461M->2732M(6144M), 0.0402103 secs]
2018-03-27T16:43:22.922+0200: 17856.195: [GC pause (G1 Evacuation Pause) (young) 5460M->2733M(6144M), 0.0374709 secs]
2018-03-27T16:43:25.355+0200: 17858.628: [GC pause (G1 Evacuation Pause) (young) 5483M->2735M(6144M), 0.0433654 secs]
2018-03-27T16:43:28.281+0200: 17861.555: [GC pause (G1 Evacuation Pause) (young) 5463M->2736M(6144M), 0.0617169 secs]
2018-03-27T16:43:30.346+0200: 17863.619: [GC pause (G1 Evacuation Pause) (young) 5460M->2740M(6144M), 0.0410678 secs]
2018-03-27T16:43:32.779+0200: 17866.053: [GC pause (GCLocker Initiated GC) (young) 5466M->2743M(6144M), 0.0373528 secs]
2018-03-27T16:43:35.737+0200: 17869.011: [GC pause (G1 Evacuation Pause) (young) 5467M->2745M(6144M), 0.0361101 secs]
2018-03-27T16:43:37.823+0200: 17871.096: [GC pause (GCLocker Initiated GC) (young) 5475M->2749M(6144M), 0.0365558 secs]
2018-03-27T16:43:39.898+0200: 17873.172: [GC pause (G1 Evacuation Pause) (young) 5467M->2748M(6144M), 0.0363349 secs]
2018-03-27T16:43:42.049+0200: 17875.323: [GC pause (G1 Evacuation Pause) (young) 5466M->2754M(6144M), 0.0362883 secs]
2018-03-27T16:43:44.182+0200: 17877.455: [GC pause (G1 Evacuation Pause) (young) 5465M->2755M(6144M), 0.0438018 secs]
2018-03-27T16:43:46.389+0200: 17879.663: [GC pause (G1 Evacuation Pause) (young) 5467M->2758M(6144M), 0.0394401 secs]
2018-03-27T16:43:48.909+0200: 17882.183: [GC pause (G1 Evacuation Pause) (young) 5464M->2758M(6144M), 0.0471514 secs]
2018-03-27T16:43:51.199+0200: 17884.473: [GC pause (G1 Evacuation Pause) (young) 5466M->2763M(6144M), 0.0362969 secs]
2018-03-27T16:43:53.018+0200: 17886.292: [GC pause (G1 Evacuation Pause) (young) 5468M->2764M(6144M), 0.0345874 secs]
2018-03-27T16:43:55.581+0200: 17888.854: [GC pause (G1 Evacuation Pause) (young) 5464M->2768M(6144M), 0.0383234 secs]
2018-03-27T16:43:57.750+0200: 17891.024: [GC pause (G1 Evacuation Pause) (young) 5460M->2768M(6144M), 0.0549058 secs]
2018-03-27T16:44:00.219+0200: 17893.492: [GC pause (G1 Evacuation Pause) (young) 5464M->2768M(6144M), 0.0390015 secs]
2018-03-27T16:44:02.751+0200: 17896.024: [GC pause (G1 Evacuation Pause) (young) 5466M->2771M(6144M), 0.0375584 secs]
2018-03-27T16:44:05.831+0200: 17899.105: [GC pause (G1 Evacuation Pause) (young) 5465M->2774M(6144M), 0.0418987 secs]
2018-03-27T16:44:08.150+0200: 17901.424: [GC pause (GCLocker Initiated GC) (young) 5464M->2778M(6144M), 0.0460543 secs]
2018-03-27T16:44:10.253+0200: 17903.526: [GC pause (GCLocker Initiated GC) (young) 5467M->2778M(6144M), 0.0579495 secs]
2018-03-27T16:44:12.125+0200: 17905.399: [GC pause (G1 Evacuation Pause) (young) 5464M->2780M(6144M), 0.0423578 secs]
2018-03-27T16:44:14.216+0200: 17907.490: [GC pause (G1 Evacuation Pause) (young) 5464M->2784M(6144M), 0.0478112 secs]
2018-03-27T16:44:16.515+0200: 17909.789: [GC pause (G1 Evacuation Pause) (young) 5461M->2782M(6144M), 0.0381469 secs]
2018-03-27T16:44:18.799+0200: 17912.073: [GC pause (G1 Evacuation Pause) (young) 5466M->2786M(6144M), 0.0386550 secs]
2018-03-27T16:44:20.682+0200: 17913.955: [GC pause (G1 Evacuation Pause) (young) 5464M->2786M(6144M), 0.0602085 secs]
2018-03-27T16:44:22.547+0200: 17915.820: [GC pause (G1 Evacuation Pause) (young) 5466M->2790M(6144M), 0.0526087 secs]
2018-03-27T16:44:25.096+0200: 17918.369: [GC pause (G1 Evacuation Pause) (young) 5464M->2790M(6144M), 0.0371056 secs]
2018-03-27T16:44:27.378+0200: 17920.652: [GC pause (G1 Evacuation Pause) (young) 5466M->2793M(6144M), 0.0414662 secs]
2018-03-27T16:44:29.980+0200: 17923.254: [GC pause (GCLocker Initiated GC) (young) 5489M->2793M(6144M), 0.0378377 secs]
2018-03-27T16:44:32.239+0200: 17925.513: [GC pause (G1 Evacuation Pause) (young) 5465M->2795M(6144M), 0.0548391 secs]
2018-03-27T16:44:35.292+0200: 17928.565: [GC pause (G1 Evacuation Pause) (young) 5465M->2798M(6144M), 0.0389569 secs]
2018-03-27T16:44:37.495+0200: 17930.768: [GC pause (G1 Evacuation Pause) (young) 5462M->2798M(6144M), 0.0395941 secs]
2018-03-27T16:44:39.644+0200: 17932.918: [GC pause (G1 Evacuation Pause) (young) 5464M->2805M(6144M), 0.0384537 secs]
2018-03-27T16:44:41.514+0200: 17934.788: [GC pause (G1 Evacuation Pause) (young) 5461M->2807M(6144M), 0.0421157 secs]
2018-03-27T16:44:43.706+0200: 17936.980: [GC pause (GCLocker Initiated GC) (young) 5472M->2810M(6144M), 0.0873654 secs]
2018-03-27T16:44:45.609+0200: 17938.882: [GC pause (G1 Evacuation Pause) (young) 5463M->2814M(6144M), 0.0408417 secs]
2018-03-27T16:44:47.803+0200: 17941.076: [GC pause (G1 Evacuation Pause) (young) 5462M->2814M(6144M), 0.0388061 secs]
2018-03-27T16:44:49.872+0200: 17943.146: [GC pause (G1 Evacuation Pause) (young) 5462M->2813M(6144M), 0.0413065 secs]
2018-03-27T16:44:52.349+0200: 17945.623: [GC pause (G1 Evacuation Pause) (young) 5463M->2818M(6144M), 0.0632442 secs]
2018-03-27T16:44:54.374+0200: 17947.648: [GC pause (G1 Evacuation Pause) (young) 5460M->2819M(6144M), 0.0389107 secs]
2018-03-27T16:44:56.270+0200: 17949.544: [GC pause (G1 Evacuation Pause) (young) 5463M->2819M(6144M), 0.0393511 secs]
2018-03-27T16:44:58.542+0200: 17951.816: [GC pause (G1 Evacuation Pause) (young) 5465M->2820M(6144M), 0.0394119 secs]
2018-03-27T16:45:00.478+0200: 17953.752: [GC pause (G1 Evacuation Pause) (young) 5464M->2824M(6144M), 0.0421696 secs]
2018-03-27T16:45:03.126+0200: 17956.399: [GC pause (GCLocker Initiated GC) (young) (initial-mark) 5483M->2826M(6144M), 0.0711093 secs]
2018-03-27T16:45:03.197+0200: 17956.471: [GC concurrent-root-region-scan-start]
2018-03-27T16:45:03.267+0200: 17956.541: [GC concurrent-root-region-scan-end, 0.0699908 secs]
2018-03-27T16:45:03.267+0200: 17956.541: [GC concurrent-mark-start]
2018-03-27T16:45:04.820+0200: 17958.094: [GC pause (G1 Evacuation Pause) (young) 5462M->2826M(6144M), 0.0377111 secs]
2018-03-27T16:45:06.735+0200: 17960.009: [GC concurrent-mark-end, 3.4684521 secs]
2018-03-27T16:45:06.742+0200: 17960.016: [GC remark, 0.3199359 secs]
2018-03-27T16:45:07.070+0200: 17960.343: [GC cleanup 5380M->5376M(6144M), 0.0277938 secs]
2018-03-27T16:45:07.098+0200: 17960.372: [GC concurrent-cleanup-start]
2018-03-27T16:45:07.098+0200: 17960.372: [GC concurrent-cleanup-end, 0.0000676 secs]
2018-03-27T16:45:07.164+0200: 17960.438: [GC pause (G1 Evacuation Pause) (young) 5460M->2827M(6144M), 0.0478291 secs]
2018-03-27T16:45:07.332+0200: 17960.605: [GC pause (G1 Evacuation Pause) (mixed) 3071M->2499M(6144M), 0.1891252 secs]
2018-03-27T16:45:07.669+0200: 17960.942: [GC pause (GCLocker Initiated GC) (mixed) 2791M->2487M(6144M), 0.1376863 secs]
2018-03-27T16:45:07.916+0200: 17961.190: [GC pause (G1 Evacuation Pause) (young) 2765M->2487M(6144M), 0.0490761 secs]
2018-03-27T16:45:08.105+0200: 17961.378: [GC pause (GCLocker Initiated GC) (young) 2767M->2486M(6144M), 0.0295868 secs]
2018-03-27T16:45:08.358+0200: 17961.631: [GC pause (GCLocker Initiated GC) (young) 2782M->2487M(6144M), 0.0361684 secs]
2018-03-27T16:45:08.560+0200: 17961.834: [GC pause (G1 Evacuation Pause) (young) 2765M->2487M(6144M), 0.0495019 secs]
2018-03-27T16:45:08.757+0200: 17962.030: [GC pause (G1 Evacuation Pause) (young) 2765M->2484M(6144M), 0.0255545 secs]
2018-03-27T16:45:08.881+0200: 17962.155: [GC pause (G1 Evacuation Pause) (young) 2770M->2486M(6144M), 0.0251172 secs]
2018-03-27T16:45:09.006+0200: 17962.280: [GC pause (G1 Evacuation Pause) (young) 2770M->2487M(6144M), 0.0230736 secs]
2018-03-27T16:45:09.158+0200: 17962.431: [GC pause (GCLocker Initiated GC) (young) 2787M->2487M(6144M), 0.0213566 secs]
2018-03-27T16:45:09.300+0200: 17962.573: [GC pause (G1 Evacuation Pause) (young) 2771M->2487M(6144M), 0.0230881 secs]
2018-03-27T16:45:09.431+0200: 17962.705: [GC pause (G1 Evacuation Pause) (young) 2771M->2488M(6144M), 0.0232135 secs]
2018-03-27T16:45:09.587+0200: 17962.861: [GC pause (G1 Evacuation Pause) (young) 2770M->2489M(6144M), 0.0213760 secs]
2018-03-27T16:45:09.748+0200: 17963.021: [GC pause (G1 Evacuation Pause) (young) 2771M->2491M(6144M), 0.0351808 secs]
2018-03-27T16:45:09.973+0200: 17963.247: [GC pause (G1 Evacuation Pause) (young) 2771M->2492M(6144M), 0.0321663 secs]
2018-03-27T16:45:10.740+0200: 17964.014: [GC pause (GCLocker Initiated GC) (young) 3597M->2499M(6144M), 0.0412001 secs]
2018-03-27T16:45:13.429+0200: 17966.703: [GC pause (G1 Evacuation Pause) (young) 5485M->2499M(6144M), 0.0294569 secs]
2018-03-27T16:45:15.963+0200: 17969.237: [GC pause (G1 Evacuation Pause) (young) 5491M->2506M(6144M), 0.0304521 secs]
2018-03-27T16:45:17.765+0200: 17971.038: [GC pause (G1 Evacuation Pause) (young) 5493M->2508M(6144M), 0.0342363 secs]
2018-03-27T16:45:20.275+0200: 17973.549: [GC pause (G1 Evacuation Pause) (young) 5490M->2515M(6144M), 0.0391197 secs]
2018-03-27T16:45:22.941+0200: 17976.214: [GC pause (G1 Evacuation Pause) (young) 5485M->2521M(6144M), 0.0405165 secs]
2018-03-27T16:45:25.442+0200: 17978.716: [GC pause (G1 Evacuation Pause) (young) 5479M->2522M(6144M), 0.0328759 secs]
2018-03-27T16:45:28.181+0200: 17981.455: [GC pause (G1 Evacuation Pause) (young) 5474M->2525M(6144M), 0.0395196 secs]
2018-03-27T16:45:31.102+0200: 17984.375: [GC pause (G1 Evacuation Pause) (young) 5473M->2528M(6144M), 0.0334847 secs]
2018-03-27T16:45:34.064+0200: 17987.338: [GC pause (G1 Evacuation Pause) (young) 5472M->2532M(6144M), 0.0370733 secs]
2018-03-27T16:45:36.426+0200: 17989.700: [GC pause (G1 Evacuation Pause) (young) 5468M->2533M(6144M), 0.0328223 secs]
2018-03-27T16:45:38.539+0200: 17991.813: [GC pause (G1 Evacuation Pause) (young) 5469M->2538M(6144M), 0.0603838 secs]
2018-03-27T16:45:40.886+0200: 17994.160: [GC pause (G1 Evacuation Pause) (young) 5462M->2536M(6144M), 0.0365695 secs]
2018-03-27T16:45:43.093+0200: 17996.367: [GC pause (G1 Evacuation Pause) (young) 5462M->2537M(6144M), 0.0366579 secs]
2018-03-27T16:45:45.554+0200: 17998.828: [GC pause (G1 Evacuation Pause) (young) 5463M->2543M(6144M), 0.0376126 secs]
2018-03-27T16:45:47.720+0200: 18000.994: [GC pause (G1 Evacuation Pause) (young) 5458M->2544M(6144M), 0.0405891 secs]
2018-03-27T16:45:49.789+0200: 18003.063: [GC pause (G1 Evacuation Pause) (young) 5458M->2547M(6144M), 0.0368880 secs]
2018-03-27T16:45:53.000+0200: 18006.273: [GC pause (G1 Evacuation Pause) (young) 5459M->2548M(6144M), 0.0377265 secs]
2018-03-27T16:45:54.757+0200: 18008.030: [GC pause (GCLocker Initiated GC) (young) 5482M->2548M(6144M), 0.0392035 secs]
2018-03-27T16:45:56.597+0200: 18009.871: [GC pause (GCLocker Initiated GC) (young) 5462M->2551M(6144M), 0.0383328 secs]
2018-03-27T16:45:58.877+0200: 18012.151: [GC pause (G1 Evacuation Pause) (young) 5459M->2554M(6144M), 0.0411648 secs]
2018-03-27T16:46:00.304+0200: 18013.578: [GC pause (G1 Evacuation Pause) (young) 4424M->2555M(6144M), 0.0527176 secs]
2018-03-27T16:46:03.333+0200: 18016.607: [GC pause (G1 Evacuation Pause) (young) 5495M->2561M(6144M), 0.0593165 secs]
2018-03-27T16:46:06.148+0200: 18019.422: [GC pause (G1 Evacuation Pause) (young) 5489M->2565M(6144M), 0.0433226 secs]
2018-03-27T16:46:08.524+0200: 18021.798: [GC pause (G1 Evacuation Pause) (young) 5485M->2569M(6144M), 0.0375682 secs]
2018-03-27T16:46:11.509+0200: 18024.783: [GC pause (G1 Evacuation Pause) (young) 5481M->2573M(6144M), 0.0313026 secs]
2018-03-27T16:46:13.906+0200: 18027.179: [GC pause (G1 Evacuation Pause) (young) 5477M->2576M(6144M), 0.0541912 secs]
2018-03-27T16:46:16.214+0200: 18029.488: [GC pause (GCLocker Initiated GC) (young) 5502M->2580M(6144M), 0.0345582 secs]
2018-03-27T16:46:18.609+0200: 18031.882: [GC pause (GCLocker Initiated GC) (young) 5468M->2583M(6144M), 0.0348650 secs]
2018-03-27T16:46:21.258+0200: 18034.532: [GC pause (G1 Evacuation Pause) (young) 5467M->2585M(6144M), 0.0390247 secs]
2018-03-27T16:46:23.485+0200: 18036.759: [GC pause (GCLocker Initiated GC) (young) 5465M->2587M(6144M), 0.0373780 secs]
2018-03-27T16:46:26.211+0200: 18039.484: [GC pause (G1 Evacuation Pause) (young) 5463M->2591M(6144M), 0.0512217 secs]
2018-03-27T16:46:28.916+0200: 18042.190: [GC pause (G1 Evacuation Pause) (young) 5459M->2587M(6144M), 0.0391269 secs]
2018-03-27T16:46:31.587+0200: 18044.861: [GC pause (GCLocker Initiated GC) (young) 5463M->2589M(6144M), 0.0540728 secs]
2018-03-27T16:46:34.320+0200: 18047.594: [GC pause (GCLocker Initiated GC) (young) 5471M->2592M(6144M), 0.0451785 secs]
2018-03-27T16:46:36.294+0200: 18049.568: [GC pause (G1 Evacuation Pause) (young) 5460M->2594M(6144M), 0.0501701 secs]
2018-03-27T16:46:38.590+0200: 18051.864: [GC pause (G1 Evacuation Pause) (young) 5461M->2595M(6144M), 0.0531444 secs]
2018-03-27T16:46:40.866+0200: 18054.139: [GC pause (G1 Evacuation Pause) (young) 5459M->2597M(6144M), 0.0419716 secs]
2018-03-27T16:46:42.713+0200: 18055.986: [GC pause (G1 Evacuation Pause) (young) 5459M->2600M(6144M), 0.0414204 secs]
2018-03-27T16:46:44.287+0200: 18057.561: [GC pause (G1 Evacuation Pause) (young) 5461M->2601M(6144M), 0.0389150 secs]
2018-03-27T16:46:46.718+0200: 18059.992: [GC pause (G1 Evacuation Pause) (young) 5461M->2606M(6144M), 0.0399392 secs]
2018-03-27T16:46:48.456+0200: 18061.730: [GC pause (GCLocker Initiated GC) (young) 5461M->2606M(6144M), 0.0462265 secs]
2018-03-27T16:46:50.816+0200: 18064.090: [GC pause (GCLocker Initiated GC) (young) 5464M->2610M(6144M), 0.0420529 secs]
2018-03-27T16:46:53.466+0200: 18066.740: [GC pause (G1 Evacuation Pause) (young) 5462M->2613M(6144M), 0.0410391 secs]
2018-03-27T16:46:56.064+0200: 18069.338: [GC pause (G1 Evacuation Pause) (young) 5461M->2615M(6144M), 0.0524293 secs]
2018-03-27T16:46:58.614+0200: 18071.888: [GC pause (G1 Evacuation Pause) (young) 5461M->2617M(6144M), 0.0403020 secs]
2018-03-27T16:47:00.884+0200: 18074.158: [GC pause (G1 Evacuation Pause) (young) 5461M->2620M(6144M), 0.0432302 secs]
2018-03-27T16:47:03.609+0200: 18076.882: [GC pause (GCLocker Initiated GC) (young) 5464M->2624M(6144M), 0.0542069 secs]
2018-03-27T16:47:06.403+0200: 18079.676: [GC pause (G1 Evacuation Pause) (young) 5460M->2624M(6144M), 0.0362936 secs]
2018-03-27T16:47:08.421+0200: 18081.694: [GC pause (G1 Evacuation Pause) (young) 5462M->2627M(6144M), 0.0404005 secs]
2018-03-27T16:47:11.079+0200: 18084.352: [GC pause (G1 Evacuation Pause) (young) 5459M->2624M(6144M), 0.0380039 secs]
2018-03-27T16:47:12.723+0200: 18085.997: [GC pause (G1 Evacuation Pause) (young) 5466M->2631M(6144M), 0.0357334 secs]
2018-03-27T16:47:15.170+0200: 18088.443: [GC pause (G1 Evacuation Pause) (young) 5462M->2632M(6144M), 0.0453642 secs]
2018-03-27T16:47:17.284+0200: 18090.558: [GC pause (GCLocker Initiated GC) (young) 5466M->2635M(6144M), 0.0351604 secs]
2018-03-27T16:47:19.749+0200: 18093.023: [GC pause (G1 Evacuation Pause) (young) 5465M->2639M(6144M), 0.0416947 secs]
2018-03-27T16:47:22.331+0200: 18095.605: [GC pause (G1 Evacuation Pause) (young) 5463M->2642M(6144M), 0.0383151 secs]
2018-03-27T16:47:24.879+0200: 18098.153: [GC pause (GCLocker Initiated GC) (young) 5466M->2641M(6144M), 0.0367960 secs]
2018-03-27T16:47:27.364+0200: 18100.638: [GC pause (G1 Evacuation Pause) (young) 5463M->2642M(6144M), 0.0376900 secs]
2018-03-27T16:47:30.042+0200: 18103.316: [GC pause (G1 Evacuation Pause) (young) 5466M->2644M(6144M), 0.0578121 secs]
2018-03-27T16:47:32.822+0200: 18106.095: [GC pause (G1 Evacuation Pause) (young) 5466M->2647M(6144M), 0.0470182 secs]
2018-03-27T16:47:35.035+0200: 18108.309: [GC pause (GCLocker Initiated GC) (young) 5463M->2648M(6144M), 0.0526308 secs]
2018-03-27T16:47:37.439+0200: 18110.712: [GC pause (G1 Evacuation Pause) (young) 5466M->2649M(6144M), 0.0500644 secs]
2018-03-27T16:47:39.674+0200: 18112.948: [GC pause (G1 Evacuation Pause) (young) 5465M->2652M(6144M), 0.0466675 secs]
2018-03-27T16:47:41.728+0200: 18115.002: [GC pause (GCLocker Initiated GC) (young) 5496M->2657M(6144M), 0.0437303 secs]
2018-03-27T16:47:43.857+0200: 18117.131: [GC pause (G1 Evacuation Pause) (young) 5462M->2655M(6144M), 0.0467311 secs]
2018-03-27T16:47:46.056+0200: 18119.330: [GC pause (G1 Evacuation Pause) (young) 5465M->2660M(6144M), 0.0358673 secs]
2018-03-27T16:47:47.873+0200: 18121.147: [GC pause (GCLocker Initiated GC) (young) 5480M->2661M(6144M), 0.0677252 secs]
2018-03-27T16:47:50.233+0200: 18123.507: [GC pause (G1 Evacuation Pause) (young) 5463M->2665M(6144M), 0.0362942 secs]
2018-03-27T16:47:52.656+0200: 18125.930: [GC pause (G1 Evacuation Pause) (young) 5461M->2664M(6144M), 0.0469350 secs]
2018-03-27T16:47:54.875+0200: 18128.149: [GC pause (GCLocker Initiated GC) (young) 5463M->2667M(6144M), 0.0663357 secs]
2018-03-27T16:47:57.070+0200: 18130.343: [GC pause (G1 Evacuation Pause) (young) 5463M->2670M(6144M), 0.0497917 secs]
2018-03-27T16:47:59.439+0200: 18132.713: [GC pause (G1 Evacuation Pause) (young) 5464M->2670M(6144M), 0.0410140 secs]
2018-03-27T16:48:02.100+0200: 18135.374: [GC pause (G1 Evacuation Pause) (young) 5466M->2672M(6144M), 0.0452290 secs]
2018-03-27T16:48:04.262+0200: 18137.536: [GC pause (G1 Evacuation Pause) (young) 5466M->2675M(6144M), 0.0527682 secs]
2018-03-27T16:48:06.554+0200: 18139.827: [GC pause (G1 Evacuation Pause) (young) 5463M->2675M(6144M), 0.0424330 secs]
2018-03-27T16:48:08.403+0200: 18141.677: [GC pause (G1 Evacuation Pause) (young) 5465M->2678M(6144M), 0.0385994 secs]
2018-03-27T16:48:10.458+0200: 18143.731: [GC pause (G1 Evacuation Pause) (young) 5466M->2684M(6144M), 0.0407254 secs]
2018-03-27T16:48:12.417+0200: 18145.691: [GC pause (GCLocker Initiated GC) (young) 5467M->2683M(6144M), 0.0564824 secs]
2018-03-27T16:48:13.954+0200: 18147.228: [GC pause (G1 Evacuation Pause) (young) 5467M->2685M(6144M), 0.0377651 secs]
2018-03-27T16:48:16.230+0200: 18149.504: [GC pause (G1 Evacuation Pause) (young) 5467M->2690M(6144M), 0.0359678 secs]
2018-03-27T16:48:18.381+0200: 18151.655: [GC pause (GCLocker Initiated GC) (young) 5463M->2690M(6144M), 0.0386681 secs]
2018-03-27T16:48:20.411+0200: 18153.685: [GC pause (G1 Evacuation Pause) (young) 5462M->2692M(6144M), 0.0417579 secs]
2018-03-27T16:48:22.569+0200: 18155.843: [GC pause (G1 Evacuation Pause) (young) 5466M->2695M(6144M), 0.0362240 secs]
2018-03-27T16:48:24.716+0200: 18157.990: [GC pause (G1 Evacuation Pause) (young) 5463M->2699M(6144M), 0.0705413 secs]
2018-03-27T16:48:26.930+0200: 18160.204: [GC pause (G1 Evacuation Pause) (young) 5463M->2699M(6144M), 0.0382722 secs]
2018-03-27T16:48:28.759+0200: 18162.033: [GC pause (G1 Evacuation Pause) (young) 5467M->2700M(6144M), 0.0431990 secs]
2018-03-27T16:48:31.227+0200: 18164.500: [GC pause (GCLocker Initiated GC) (young) 5531M->2706M(6144M), 0.0381424 secs]
2018-03-27T16:48:33.183+0200: 18166.457: [GC pause (G1 Evacuation Pause) (young) 5460M->2707M(6144M), 0.0585749 secs]
2018-03-27T16:48:35.842+0200: 18169.116: [GC pause (G1 Evacuation Pause) (young) 5463M->2709M(6144M), 0.0426853 secs]
2018-03-27T16:48:38.422+0200: 18171.696: [GC pause (G1 Evacuation Pause) (young) 5461M->2709M(6144M), 0.0585123 secs]
2018-03-27T16:48:40.451+0200: 18173.725: [GC pause (G1 Evacuation Pause) (young) 5463M->2713M(6144M), 0.0348670 secs]
2018-03-27T16:48:42.703+0200: 18175.977: [GC pause (G1 Evacuation Pause) (young) 5463M->2717M(6144M), 0.0371001 secs]
2018-03-27T16:48:44.970+0200: 18178.244: [GC pause (G1 Evacuation Pause) (young) 5460M->2716M(6144M), 0.0380982 secs]
2018-03-27T16:48:46.809+0200: 18180.082: [GC pause (G1 Evacuation Pause) (young) 5464M->2717M(6144M), 0.0369997 secs]
2018-03-27T16:48:49.281+0200: 18182.555: [GC pause (G1 Evacuation Pause) (young) 5467M->2722M(6144M), 0.0483017 secs]
2018-03-27T16:48:51.746+0200: 18185.020: [GC pause (G1 Evacuation Pause) (young) 5460M->2729M(6144M), 0.0418476 secs]
2018-03-27T16:48:53.670+0200: 18186.943: [GC pause (G1 Evacuation Pause) (young) 5459M->2725M(6144M), 0.0418825 secs]
2018-03-27T16:48:55.509+0200: 18188.782: [GC pause (GCLocker Initiated GC) (young) 5463M->2729M(6144M), 0.0403073 secs]
2018-03-27T16:48:58.081+0200: 18191.354: [GC pause (G1 Evacuation Pause) (young) 5461M->2731M(6144M), 0.0414698 secs]
2018-03-27T16:49:00.493+0200: 18193.767: [GC pause (G1 Evacuation Pause) (young) 5461M->2733M(6144M), 0.0380046 secs]
2018-03-27T16:49:02.599+0200: 18195.873: [GC pause (G1 Evacuation Pause) (young) 5461M->2734M(6144M), 0.0410722 secs]
2018-03-27T16:49:05.074+0200: 18198.347: [GC pause (G1 Evacuation Pause) (young) 5464M->2733M(6144M), 0.0374005 secs]
2018-03-27T16:49:07.638+0200: 18200.912: [GC pause (G1 Evacuation Pause) (young) 5469M->2739M(6144M), 0.0361543 secs]
2018-03-27T16:49:09.882+0200: 18203.156: [GC pause (G1 Evacuation Pause) (young) 5463M->2741M(6144M), 0.0381654 secs]
2018-03-27T16:49:12.055+0200: 18205.329: [GC pause (G1 Evacuation Pause) (young) 5463M->2745M(6144M), 0.0437936 secs]
2018-03-27T16:49:14.184+0200: 18207.457: [GC pause (GCLocker Initiated GC) (young) 5493M->2746M(6144M), 0.0412402 secs]
2018-03-27T16:49:15.834+0200: 18209.108: [GC pause (G1 Evacuation Pause) (young) 5460M->2751M(6144M), 0.0377113 secs]
2018-03-27T16:49:17.695+0200: 18210.968: [GC pause (G1 Evacuation Pause) (young) 5461M->2755M(6144M), 0.0486239 secs]
2018-03-27T16:49:19.770+0200: 18213.044: [GC pause (G1 Evacuation Pause) (young) 5457M->2755M(6144M), 0.0486235 secs]
2018-03-27T16:49:21.650+0200: 18214.924: [GC pause (G1 Evacuation Pause) (young) 5459M->2754M(6144M), 0.0467811 secs]
2018-03-27T16:49:23.674+0200: 18216.948: [GC pause (G1 Evacuation Pause) (young) 5464M->2758M(6144M), 0.0584486 secs]
2018-03-27T16:49:25.950+0200: 18219.223: [GC pause (G1 Evacuation Pause) (young) 5460M->2765M(6144M), 0.0452300 secs]
2018-03-27T16:49:27.986+0200: 18221.260: [GC pause (G1 Evacuation Pause) (young) 5458M->2764M(6144M), 0.0403490 secs]
2018-03-27T16:49:30.341+0200: 18223.615: [GC pause (G1 Evacuation Pause) (young) 5458M->2769M(6144M), 0.0478405 secs]
2018-03-27T16:49:32.755+0200: 18226.029: [GC pause (G1 Evacuation Pause) (young) 5457M->2768M(6144M), 0.0410776 secs]
2018-03-27T16:49:35.009+0200: 18228.282: [GC pause (G1 Evacuation Pause) (young) 5458M->2770M(6144M), 0.0523359 secs]
2018-03-27T16:49:36.906+0200: 18230.179: [GC pause (GCLocker Initiated GC) (young) 5468M->2773M(6144M), 0.0472538 secs]
2018-03-27T16:49:39.370+0200: 18232.644: [GC pause (G1 Evacuation Pause) (young) 5457M->2776M(6144M), 0.0512199 secs]
2018-03-27T16:49:41.410+0200: 18234.684: [GC pause (G1 Evacuation Pause) (young) 5458M->2777M(6144M), 0.0391796 secs]
2018-03-27T16:49:43.567+0200: 18236.841: [GC pause (G1 Evacuation Pause) (young) 5467M->2781M(6144M), 0.0553615 secs]
2018-03-27T16:49:45.360+0200: 18238.634: [GC pause (G1 Evacuation Pause) (young) 5463M->2783M(6144M), 0.0375884 secs]
2018-03-27T16:49:47.364+0200: 18240.638: [GC pause (G1 Evacuation Pause) (young) 5463M->2786M(6144M), 0.0392738 secs]
2018-03-27T16:49:49.580+0200: 18242.853: [GC pause (G1 Evacuation Pause) (young) 5464M->2789M(6144M), 0.0356929 secs]
2018-03-27T16:49:51.934+0200: 18245.208: [GC pause (G1 Evacuation Pause) (young) 5461M->2792M(6144M), 0.0358552 secs]
2018-03-27T16:49:54.178+0200: 18247.452: [GC pause (G1 Evacuation Pause) (young) 5462M->2792M(6144M), 0.0398419 secs]
2018-03-27T16:49:56.058+0200: 18249.332: [GC pause (G1 Evacuation Pause) (young) 5483M->2795M(6144M), 0.0425901 secs]
2018-03-27T16:49:58.330+0200: 18251.604: [GC pause (G1 Evacuation Pause) (young) 5461M->2796M(6144M), 0.0405227 secs]
2018-03-27T16:50:00.518+0200: 18253.791: [GC pause (G1 Evacuation Pause) (young) 5464M->2798M(6144M), 0.0410989 secs]
2018-03-27T16:50:03.300+0200: 18256.574: [GC pause (G1 Evacuation Pause) (young) 5475M->2810M(6144M), 0.0679885 secs]
2018-03-27T16:50:06.377+0200: 18259.651: [GC pause (G1 Evacuation Pause) (young) 5460M->2813M(6144M), 0.0436312 secs]
2018-03-27T16:50:08.578+0200: 18261.852: [GC pause (GCLocker Initiated GC) (young) 5459M->2820M(6144M), 0.0649718 secs]
2018-03-27T16:50:10.719+0200: 18263.993: [GC pause (GCLocker Initiated GC) (young) 5516M->2818M(6144M), 0.0459106 secs]
2018-03-27T16:50:12.971+0200: 18266.244: [GC pause (G1 Evacuation Pause) (young) (initial-mark) 5460M->2819M(6144M), 0.0624059 secs]
2018-03-27T16:50:13.033+0200: 18266.307: [GC concurrent-root-region-scan-start]
2018-03-27T16:50:13.068+0200: 18266.342: [GC concurrent-root-region-scan-end, 0.0349227 secs]
2018-03-27T16:50:13.068+0200: 18266.342: [GC concurrent-mark-start]
2018-03-27T16:50:15.453+0200: 18268.727: [GC pause (G1 Evacuation Pause) (young) 5459M->2822M(6144M), 0.0610592 secs]
2018-03-27T16:50:16.271+0200: 18269.545: [GC concurrent-mark-end, 3.2028608 secs]
2018-03-27T16:50:16.275+0200: 18269.549: [GC remark, 0.3273479 secs]
2018-03-27T16:50:16.605+0200: 18269.879: [GC cleanup 3886M->3874M(6144M), 0.0294587 secs]
2018-03-27T16:50:16.635+0200: 18269.908: [GC concurrent-cleanup-start]
2018-03-27T16:50:16.635+0200: 18269.909: [GC concurrent-cleanup-end, 0.0001210 secs]
2018-03-27T16:50:17.575+0200: 18270.849: [GC pause (G1 Evacuation Pause) (young) 5449M->2813M(6144M), 0.0930011 secs]
2018-03-27T16:50:17.789+0200: 18271.063: [GC pause (GCLocker Initiated GC) (mixed) 3075M->2492M(6144M), 0.1522169 secs]
2018-03-27T16:50:18.074+0200: 18271.348: [GC pause (G1 Evacuation Pause) (mixed) 2774M->2486M(6144M), 0.1462326 secs]
2018-03-27T16:50:18.334+0200: 18271.608: [GC pause (G1 Evacuation Pause) (young) 2764M->2483M(6144M), 0.0530009 secs]
2018-03-27T16:50:18.502+0200: 18271.776: [GC pause (GCLocker Initiated GC) (young) 2765M->2485M(6144M), 0.0239472 secs]
2018-03-27T16:50:18.690+0200: 18271.964: [GC pause (G1 Evacuation Pause) (young) 2763M->2487M(6144M), 0.0259678 secs]
2018-03-27T16:50:18.846+0200: 18272.120: [GC pause (G1 Evacuation Pause) (young) 2763M->2485M(6144M), 0.0232737 secs]
2018-03-27T16:50:19.075+0200: 18272.349: [GC pause (G1 Evacuation Pause) (young) 2769M->2486M(6144M), 0.0237697 secs]
2018-03-27T16:50:19.416+0200: 18272.690: [GC pause (GCLocker Initiated GC) (young) 2786M->2489M(6144M), 0.0240015 secs]
2018-03-27T16:50:19.587+0200: 18272.861: [GC pause (G1 Evacuation Pause) (young) 2769M->2489M(6144M), 0.0247385 secs]
2018-03-27T16:50:19.723+0200: 18272.997: [GC pause (G1 Evacuation Pause) (young) 2769M->2490M(6144M), 0.0252326 secs]
2018-03-27T16:50:19.887+0200: 18273.161: [GC pause (G1 Evacuation Pause) (young) 2770M->2488M(6144M), 0.0224484 secs]
2018-03-27T16:50:20.068+0200: 18273.342: [GC pause (GCLocker Initiated GC) (young) 2775M->2493M(6144M), 0.0220010 secs]
2018-03-27T16:50:20.255+0200: 18273.528: [GC pause (GCLocker Initiated GC) (young) 2785M->2493M(6144M), 0.0237067 secs]
2018-03-27T16:50:20.406+0200: 18273.680: [GC pause (G1 Evacuation Pause) (young) 2769M->2493M(6144M), 0.0386915 secs]
2018-03-27T16:50:22.017+0200: 18275.291: [GC pause (G1 Evacuation Pause) (young) 4095M->2493M(6144M), 0.0283422 secs]
2018-03-27T16:50:24.615+0200: 18277.888: [GC pause (G1 Evacuation Pause) (young) 5397M->2499M(6144M), 0.0365478 secs]
2018-03-27T16:50:27.823+0200: 18281.097: [GC pause (G1 Evacuation Pause) (young) 5421M->2507M(6144M), 0.0358135 secs]
2018-03-27T16:50:30.636+0200: 18283.910: [GC pause (G1 Evacuation Pause) (young) 5459M->2512M(6144M), 0.0364199 secs]
2018-03-27T16:50:32.882+0200: 18286.156: [GC pause (G1 Evacuation Pause) (young) 5458M->2517M(6144M), 0.0309650 secs]
2018-03-27T16:50:35.862+0200: 18289.136: [GC pause (G1 Evacuation Pause) (young) 5467M->2523M(6144M), 0.0386140 secs]
2018-03-27T16:50:38.061+0200: 18291.335: [GC pause (G1 Evacuation Pause) (young) 5474M->2524M(6144M), 0.0503952 secs]
2018-03-27T16:50:40.858+0200: 18294.132: [GC pause (G1 Evacuation Pause) (young) 5472M->2528M(6144M), 0.0386101 secs]
2018-03-27T16:50:43.106+0200: 18296.379: [GC pause (G1 Evacuation Pause) (young) 5466M->2529M(6144M), 0.0365189 secs]
2018-03-27T16:50:46.254+0200: 18299.528: [GC pause (G1 Evacuation Pause) (young) 5467M->2530M(6144M), 0.0399574 secs]
2018-03-27T16:50:49.077+0200: 18302.351: [GC pause (G1 Evacuation Pause) (young) 5468M->2534M(6144M), 0.0473961 secs]
2018-03-27T16:50:51.780+0200: 18305.053: [GC pause (G1 Evacuation Pause) (young) 5464M->2536M(6144M), 0.0554778 secs]
2018-03-27T16:50:54.452+0200: 18307.726: [GC pause (G1 Evacuation Pause) (young) 5460M->2535M(6144M), 0.0459800 secs]
2018-03-27T16:50:57.276+0200: 18310.550: [GC pause (GCLocker Initiated GC) (young) 5475M->2541M(6144M), 0.0504675 secs]
2018-03-27T16:51:00.071+0200: 18313.345: [GC pause (G1 Evacuation Pause) (young) 5463M->2538M(6144M), 0.0440142 secs]
2018-03-27T16:51:02.584+0200: 18315.858: [GC pause (G1 Evacuation Pause) (young) 5464M->2543M(6144M), 0.0398347 secs]
2018-03-27T16:51:03.127+0200: 18316.401: [GC pause (G1 Evacuation Pause) (young) 3531M->2558M(6144M), 0.0471935 secs]
2018-03-27T16:51:03.354+0200: 18316.627: [GC pause (G1 Evacuation Pause) (young) 2840M->2559M(6144M), 0.0410624 secs]
2018-03-27T16:51:05.537+0200: 18318.810: [GC pause (G1 Evacuation Pause) (young) 5445M->2562M(6144M), 0.0312083 secs]
2018-03-27T16:51:08.213+0200: 18321.487: [GC pause (G1 Evacuation Pause) (young) 5460M->2567M(6144M), 0.0305130 secs]
2018-03-27T16:51:10.625+0200: 18323.899: [GC pause (GCLocker Initiated GC) (young) 5469M->2569M(6144M), 0.0308113 secs]
2018-03-27T16:51:13.470+0200: 18326.744: [GC pause (G1 Evacuation Pause) (young) 5518M->2577M(6144M), 0.0440596 secs]
2018-03-27T16:51:16.094+0200: 18329.368: [GC pause (G1 Evacuation Pause) (young) 5471M->2581M(6144M), 0.0422702 secs]
2018-03-27T16:51:18.920+0200: 18332.194: [GC pause (G1 Evacuation Pause) (young) 5467M->2583M(6144M), 0.0327858 secs]
2018-03-27T16:51:21.183+0200: 18334.457: [GC pause (G1 Evacuation Pause) (young) 5465M->2585M(6144M), 0.0408483 secs]
2018-03-27T16:51:23.793+0200: 18337.067: [GC pause (G1 Evacuation Pause) (young) 5463M->2587M(6144M), 0.0404685 secs]
2018-03-27T16:51:25.775+0200: 18339.049: [GC pause (G1 Evacuation Pause) (young) 5461M->2593M(6144M), 0.0365244 secs]
2018-03-27T16:51:28.280+0200: 18341.553: [GC pause (G1 Evacuation Pause) (young) 5455M->2595M(6144M), 0.0354823 secs]
2018-03-27T16:51:30.762+0200: 18344.036: [GC pause (G1 Evacuation Pause) (young) 5453M->2596M(6144M), 0.0462887 secs]
2018-03-27T16:51:33.107+0200: 18346.381: [GC pause (GCLocker Initiated GC) (young) 5462M->2597M(6144M), 0.0374255 secs]
2018-03-27T16:51:35.281+0200: 18348.555: [GC pause (G1 Evacuation Pause) (young) 5453M->2599M(6144M), 0.0434271 secs]
2018-03-27T16:51:37.452+0200: 18350.726: [GC pause (G1 Evacuation Pause) (young) 5453M->2602M(6144M), 0.0367439 secs]
2018-03-27T16:51:39.788+0200: 18353.061: [GC pause (G1 Evacuation Pause) (young) 5452M->2604M(6144M), 0.0393052 secs]
2018-03-27T16:51:42.433+0200: 18355.706: [GC pause (G1 Evacuation Pause) (young) 5450M->2603M(6144M), 0.0374034 secs]
2018-03-27T16:51:44.775+0200: 18358.049: [GC pause (G1 Evacuation Pause) (young) 5451M->2607M(6144M), 0.0383065 secs]
2018-03-27T16:51:47.206+0200: 18360.480: [GC pause (G1 Evacuation Pause) (young) 5449M->2608M(6144M), 0.0370710 secs]
2018-03-27T16:51:49.688+0200: 18362.962: [GC pause (G1 Evacuation Pause) (young) 5452M->2609M(6144M), 0.0527586 secs]
2018-03-27T16:51:52.439+0200: 18365.713: [GC pause (GCLocker Initiated GC) (young) 5452M->2613M(6144M), 0.0530203 secs]
2018-03-27T16:51:54.612+0200: 18367.886: [GC pause (G1 Evacuation Pause) (young) 5449M->2616M(6144M), 0.0377160 secs]
2018-03-27T16:51:57.101+0200: 18370.375: [GC pause (GCLocker Initiated GC) (young) 5449M->2618M(6144M), 0.0598221 secs]
2018-03-27T16:51:59.746+0200: 18373.020: [GC pause (G1 Evacuation Pause) (young) 5448M->2621M(6144M), 0.0410620 secs]
2018-03-27T16:52:02.734+0200: 18376.007: [GC pause (GCLocker Initiated GC) (young) 5449M->2625M(6144M), 0.0546111 secs]
2018-03-27T16:52:05.507+0200: 18378.780: [GC pause (G1 Evacuation Pause) (young) 5445M->2625M(6144M), 0.0433086 secs]
2018-03-27T16:52:08.596+0200: 18381.870: [GC pause (G1 Evacuation Pause) (young) 5451M->2628M(6144M), 0.0374251 secs]
2018-03-27T16:52:11.382+0200: 18384.656: [GC pause (G1 Evacuation Pause) (young) 5452M->2627M(6144M), 0.0393465 secs]
2018-03-27T16:52:14.547+0200: 18387.821: [GC pause (GCLocker Initiated GC) (young) 5452M->2631M(6144M), 0.0370765 secs]
2018-03-27T16:52:16.833+0200: 18390.106: [GC pause (GCLocker Initiated GC) (young) 5454M->2631M(6144M), 0.0373911 secs]
2018-03-27T16:52:19.639+0200: 18392.913: [GC pause (G1 Evacuation Pause) (young) 5461M->2638M(6144M), 0.0399391 secs]
2018-03-27T16:52:22.217+0200: 18395.491: [GC pause (G1 Evacuation Pause) (young) 5450M->2634M(6144M), 0.0441872 secs]
2018-03-27T16:52:25.086+0200: 18398.360: [GC pause (G1 Evacuation Pause) (young) 5456M->2636M(6144M), 0.0523628 secs]
2018-03-27T16:52:27.667+0200: 18400.941: [GC pause (GCLocker Initiated GC) (young) 5479M->2637M(6144M), 0.0666122 secs]
2018-03-27T16:52:30.480+0200: 18403.754: [GC pause (G1 Evacuation Pause) (young) 5455M->2641M(6144M), 0.0386550 secs]
2018-03-27T16:52:32.990+0200: 18406.263: [GC pause (G1 Evacuation Pause) (young) 5453M->2647M(6144M), 0.0352573 secs]
2018-03-27T16:52:35.835+0200: 18409.109: [GC pause (G1 Evacuation Pause) (young) 5449M->2647M(6144M), 0.0356785 secs]
2018-03-27T16:52:37.659+0200: 18410.933: [GC pause (G1 Evacuation Pause) (young) 5451M->2651M(6144M), 0.0379853 secs]
2018-03-27T16:52:40.117+0200: 18413.391: [GC pause (G1 Evacuation Pause) (young) 5449M->2651M(6144M), 0.0481655 secs]
2018-03-27T16:52:42.828+0200: 18416.101: [GC pause (G1 Evacuation Pause) (young) 5451M->2655M(6144M), 0.0552010 secs]
2018-03-27T16:52:45.703+0200: 18418.977: [GC pause (G1 Evacuation Pause) (young) 5449M->2655M(6144M), 0.0457259 secs]
2018-03-27T16:52:48.611+0200: 18421.885: [GC pause (G1 Evacuation Pause) (young) 5451M->2658M(6144M), 0.0401598 secs]
2018-03-27T16:52:50.835+0200: 18424.109: [GC pause (G1 Evacuation Pause) (young) 5452M->2660M(6144M), 0.0385686 secs]
2018-03-27T16:52:53.401+0200: 18426.675: [GC pause (G1 Evacuation Pause) (young) 5453M->2663M(6144M), 0.0373597 secs]
2018-03-27T16:52:55.975+0200: 18429.249: [GC pause (G1 Evacuation Pause) (young) 5449M->2666M(6144M), 0.0412652 secs]
2018-03-27T16:52:58.521+0200: 18431.795: [GC pause (GCLocker Initiated GC) (young) 5450M->2666M(6144M), 0.0408716 secs]
2018-03-27T16:53:00.916+0200: 18434.190: [GC pause (G1 Evacuation Pause) (young) 5452M->2667M(6144M), 0.0441985 secs]
2018-03-27T16:53:03.855+0200: 18437.129: [GC pause (G1 Evacuation Pause) (young) 5451M->2668M(6144M), 0.0368266 secs]
2018-03-27T16:53:06.966+0200: 18440.239: [GC pause (G1 Evacuation Pause) (young) 5452M->2672M(6144M), 0.0356193 secs]
2018-03-27T16:53:09.352+0200: 18442.626: [GC pause (G1 Evacuation Pause) (young) 5450M->2675M(6144M), 0.0365904 secs]
2018-03-27T16:53:10.957+0200: 18444.231: [GC pause (G1 Evacuation Pause) (young) 5451M->2675M(6144M), 0.0419883 secs]
2018-03-27T16:53:12.626+0200: 18445.900: [GC pause (G1 Evacuation Pause) (young) 5461M->2683M(6144M), 0.0476115 secs]
2018-03-27T16:53:14.946+0200: 18448.220: [GC pause (G1 Evacuation Pause) (young) 5449M->2682M(6144M), 0.0383715 secs]
2018-03-27T16:53:17.629+0200: 18450.902: [GC pause (G1 Evacuation Pause) (young) 5452M->2682M(6144M), 0.0384938 secs]
2018-03-27T16:53:20.222+0200: 18453.495: [GC pause (G1 Evacuation Pause) (young) 5452M->2685M(6144M), 0.0454696 secs]
2018-03-27T16:53:23.051+0200: 18456.325: [GC pause (G1 Evacuation Pause) (young) 5453M->2686M(6144M), 0.0363063 secs]
2018-03-27T16:53:25.686+0200: 18458.960: [GC pause (G1 Evacuation Pause) (young) 5452M->2687M(6144M), 0.0413036 secs]
2018-03-27T16:53:28.275+0200: 18461.549: [GC pause (G1 Evacuation Pause) (young) 5455M->2688M(6144M), 0.0377272 secs]
2018-03-27T16:53:30.167+0200: 18463.440: [GC pause (G1 Evacuation Pause) (young) 5454M->2691M(6144M), 0.0482027 secs]
2018-03-27T16:53:32.354+0200: 18465.628: [GC pause (G1 Evacuation Pause) (young) 5455M->2695M(6144M), 0.0365788 secs]
2018-03-27T16:53:34.601+0200: 18467.875: [GC pause (G1 Evacuation Pause) (young) 5453M->2697M(6144M), 0.0391050 secs]
2018-03-27T16:53:36.568+0200: 18469.841: [GC pause (G1 Evacuation Pause) (young) 5453M->2700M(6144M), 0.0472855 secs]
2018-03-27T16:53:39.559+0200: 18472.833: [GC pause (G1 Evacuation Pause) (young) 5454M->2704M(6144M), 0.0361618 secs]
2018-03-27T16:53:41.742+0200: 18475.016: [GC pause (G1 Evacuation Pause) (young) 5450M->2705M(6144M), 0.0427487 secs]
2018-03-27T16:53:44.391+0200: 18477.665: [GC pause (G1 Evacuation Pause) (young) 5453M->2705M(6144M), 0.0383120 secs]
2018-03-27T16:53:46.637+0200: 18479.911: [GC pause (G1 Evacuation Pause) (young) 5455M->2708M(6144M), 0.0448613 secs]
2018-03-27T16:53:48.658+0200: 18481.932: [GC pause (G1 Evacuation Pause) (young) 5456M->2712M(6144M), 0.0385594 secs]
2018-03-27T16:53:50.394+0200: 18483.668: [GC pause (G1 Evacuation Pause) (young) 5450M->2715M(6144M), 0.0397475 secs]
2018-03-27T16:53:52.192+0200: 18485.466: [GC pause (G1 Evacuation Pause) (young) 5451M->2716M(6144M), 0.0555082 secs]
2018-03-27T16:53:54.377+0200: 18487.651: [GC pause (G1 Evacuation Pause) (young) 5450M->2717M(6144M), 0.0396202 secs]
2018-03-27T16:53:56.150+0200: 18489.423: [GC pause (G1 Evacuation Pause) (young) 5453M->2722M(6144M), 0.0352562 secs]
2018-03-27T16:53:58.372+0200: 18491.646: [GC pause (G1 Evacuation Pause) (young) 5448M->2722M(6144M), 0.0677881 secs]
2018-03-27T16:54:00.888+0200: 18494.162: [GC pause (G1 Evacuation Pause) (young) 5450M->2724M(6144M), 0.0358470 secs]
2018-03-27T16:54:03.161+0200: 18496.434: [GC pause (GCLocker Initiated GC) (young) 5466M->2726M(6144M), 0.0436110 secs]
2018-03-27T16:54:05.350+0200: 18498.624: [GC pause (G1 Evacuation Pause) (young) 5450M->2726M(6144M), 0.0413967 secs]
2018-03-27T16:54:07.647+0200: 18500.921: [GC pause (G1 Evacuation Pause) (young) 5452M->2732M(6144M), 0.0570645 secs]
2018-03-27T16:54:10.278+0200: 18503.551: [GC pause (G1 Evacuation Pause) (young) 5448M->2731M(6144M), 0.0516439 secs]
2018-03-27T16:54:12.393+0200: 18505.666: [GC pause (G1 Evacuation Pause) (young) 5453M->2736M(6144M), 0.0472581 secs]
2018-03-27T16:54:15.409+0200: 18508.682: [GC pause (G1 Evacuation Pause) (young) 5450M->2736M(6144M), 0.0492618 secs]
2018-03-27T16:54:18.020+0200: 18511.294: [GC pause (G1 Evacuation Pause) (young) 5456M->2738M(6144M), 0.0490867 secs]
2018-03-27T16:54:20.216+0200: 18513.490: [GC pause (G1 Evacuation Pause) (young) 5454M->2739M(6144M), 0.0393204 secs]
2018-03-27T16:54:22.367+0200: 18515.641: [GC pause (G1 Evacuation Pause) (young) 5455M->2744M(6144M), 0.0451596 secs]
2018-03-27T16:54:24.597+0200: 18517.871: [GC pause (G1 Evacuation Pause) (young) 5452M->2746M(6144M), 0.0454252 secs]
2018-03-27T16:54:26.861+0200: 18520.134: [GC pause (GCLocker Initiated GC) (young) 5453M->2748M(6144M), 0.0382381 secs]
2018-03-27T16:54:29.078+0200: 18522.352: [GC pause (G1 Evacuation Pause) (young) 5452M->2748M(6144M), 0.0341102 secs]
2018-03-27T16:54:31.906+0200: 18525.180: [GC pause (G1 Evacuation Pause) (young) 5458M->2751M(6144M), 0.0443012 secs]
2018-03-27T16:54:33.953+0200: 18527.227: [GC pause (G1 Evacuation Pause) (young) 5457M->2755M(6144M), 0.0361416 secs]
2018-03-27T16:54:36.178+0200: 18529.452: [GC pause (G1 Evacuation Pause) (young) 5451M->2756M(6144M), 0.0452289 secs]
2018-03-27T16:54:37.932+0200: 18531.206: [GC pause (G1 Evacuation Pause) (young) 5456M->2759M(6144M), 0.0377799 secs]
2018-03-27T16:54:40.034+0200: 18533.308: [GC pause (G1 Evacuation Pause) (young) 5451M->2761M(6144M), 0.0389779 secs]
2018-03-27T16:54:42.333+0200: 18535.606: [GC pause (G1 Evacuation Pause) (young) 5455M->2765M(6144M), 0.0995269 secs]
2018-03-27T16:54:44.248+0200: 18537.521: [GC pause (G1 Evacuation Pause) (young) 5453M->2770M(6144M), 0.0576081 secs]
2018-03-27T16:54:47.001+0200: 18540.274: [GC pause (G1 Evacuation Pause) (young) 5448M->2769M(6144M), 0.0582582 secs]
2018-03-27T16:54:49.365+0200: 18542.639: [GC pause (G1 Evacuation Pause) (young) 5453M->2770M(6144M), 0.0432932 secs]
2018-03-27T16:54:51.338+0200: 18544.612: [GC pause (G1 Evacuation Pause) (young) 5452M->2773M(6144M), 0.0379991 secs]
2018-03-27T16:54:53.338+0200: 18546.612: [GC pause (G1 Evacuation Pause) (young) 5453M->2776M(6144M), 0.0358567 secs]
2018-03-27T16:54:56.009+0200: 18549.283: [GC pause (G1 Evacuation Pause) (young) 5450M->2779M(6144M), 0.0397728 secs]
2018-03-27T16:54:58.233+0200: 18551.506: [GC pause (G1 Evacuation Pause) (young) 5451M->2779M(6144M), 0.0377254 secs]
2018-03-27T16:55:00.755+0200: 18554.029: [GC pause (G1 Evacuation Pause) (young) 5453M->2780M(6144M), 0.0407725 secs]
2018-03-27T16:55:03.268+0200: 18556.542: [GC pause (G1 Evacuation Pause) (young) 5456M->2786M(6144M), 0.0578374 secs]
2018-03-27T16:55:05.439+0200: 18558.713: [GC pause (G1 Evacuation Pause) (young) 5452M->2788M(6144M), 0.0390297 secs]
2018-03-27T16:55:07.226+0200: 18560.500: [GC pause (GCLocker Initiated GC) (young) 5454M->2787M(6144M), 0.0399282 secs]
2018-03-27T16:55:09.807+0200: 18563.081: [GC pause (G1 Evacuation Pause) (young) 5453M->2789M(6144M), 0.0368378 secs]
2018-03-27T16:55:11.677+0200: 18564.951: [GC pause (G1 Evacuation Pause) (young) 5455M->2794M(6144M), 0.0445429 secs]
2018-03-27T16:55:14.178+0200: 18567.452: [GC pause (G1 Evacuation Pause) (young) 5454M->2796M(6144M), 0.0454412 secs]
2018-03-27T16:55:15.998+0200: 18569.272: [GC pause (G1 Evacuation Pause) (young) 5452M->2799M(6144M), 0.0357991 secs]
2018-03-27T16:55:18.635+0200: 18571.909: [GC pause (GCLocker Initiated GC) (young) 5454M->2798M(6144M), 0.0475160 secs]
2018-03-27T16:55:21.124+0200: 18574.398: [GC pause (G1 Evacuation Pause) (young) 5458M->2798M(6144M), 0.0386508 secs]
2018-03-27T16:55:23.621+0200: 18576.895: [GC pause (G1 Evacuation Pause) (young) 5456M->2803M(6144M), 0.0389569 secs]
2018-03-27T16:55:26.004+0200: 18579.278: [GC pause (G1 Evacuation Pause) (young) 5455M->2806M(6144M), 0.0335133 secs]
2018-03-27T16:55:28.395+0200: 18581.669: [GC pause (G1 Evacuation Pause) (young) 5456M->2805M(6144M), 0.0352130 secs]
2018-03-27T16:55:29.870+0200: 18583.144: [GC pause (G1 Evacuation Pause) (young) 5457M->2807M(6144M), 0.0467878 secs]
2018-03-27T16:55:32.069+0200: 18585.343: [GC pause (G1 Evacuation Pause) (young) 5457M->2808M(6144M), 0.0365010 secs]
2018-03-27T16:55:34.271+0200: 18587.545: [GC pause (G1 Evacuation Pause) (young) 5460M->2812M(6144M), 0.0436698 secs]
2018-03-27T16:55:36.123+0200: 18589.396: [GC pause (G1 Evacuation Pause) (young) (initial-mark) 5456M->2815M(6144M), 0.0449247 secs]
2018-03-27T16:55:36.168+0200: 18589.442: [GC concurrent-root-region-scan-start]
2018-03-27T16:55:36.193+0200: 18589.466: [GC concurrent-root-region-scan-end, 0.0245197 secs]
2018-03-27T16:55:36.193+0200: 18589.466: [GC concurrent-mark-start]
2018-03-27T16:55:38.498+0200: 18591.771: [GC pause (G1 Evacuation Pause) (young) 5457M->2815M(6144M), 0.0383441 secs]
2018-03-27T16:55:39.638+0200: 18592.912: [GC concurrent-mark-end, 3.4458443 secs]
2018-03-27T16:55:39.647+0200: 18592.920: [GC remark, 0.3411816 secs]
2018-03-27T16:55:39.998+0200: 18593.272: [GC cleanup 4221M->4190M(6144M), 0.0284761 secs]
2018-03-27T16:55:40.027+0200: 18593.301: [GC concurrent-cleanup-start]
2018-03-27T16:55:40.027+0200: 18593.301: [GC concurrent-cleanup-end, 0.0001813 secs]
2018-03-27T16:55:40.804+0200: 18594.077: [GC pause (G1 Evacuation Pause) (young) 5426M->2787M(6144M), 0.0581873 secs]
2018-03-27T16:55:40.951+0200: 18594.225: [GC pause (G1 Evacuation Pause) (mixed) 3035M->2475M(6144M), 0.1814345 secs]
2018-03-27T16:55:41.274+0200: 18594.548: [GC pause (GCLocker Initiated GC) (mixed) 2769M->2472M(6144M), 0.1362972 secs]
2018-03-27T16:55:41.531+0200: 18594.805: [GC pause (G1 Evacuation Pause) (young) 2750M->2471M(6144M), 0.0391141 secs]
2018-03-27T16:55:41.686+0200: 18594.960: [GC pause (G1 Evacuation Pause) (young) 2751M->2470M(6144M), 0.0251451 secs]
2018-03-27T16:55:41.837+0200: 18595.110: [GC pause (GCLocker Initiated GC) (young) 2766M->2472M(6144M), 0.0212903 secs]
2018-03-27T16:55:42.005+0200: 18595.279: [GC pause (GCLocker Initiated GC) (young) 2756M->2472M(6144M), 0.0244492 secs]
2018-03-27T16:55:42.146+0200: 18595.420: [GC pause (G1 Evacuation Pause) (young) 2750M->2472M(6144M), 0.0255373 secs]
2018-03-27T16:55:42.374+0200: 18595.648: [GC pause (G1 Evacuation Pause) (young) 2750M->2471M(6144M), 0.0248706 secs]
2018-03-27T16:55:42.556+0200: 18595.829: [GC pause (G1 Evacuation Pause) (young) 2751M->2475M(6144M), 0.0246546 secs]
2018-03-27T16:55:42.687+0200: 18595.961: [GC pause (G1 Evacuation Pause) (young) 2751M->2473M(6144M), 0.0291621 secs]
2018-03-27T16:55:42.829+0200: 18596.103: [GC pause (G1 Evacuation Pause) (young) 2755M->2474M(6144M), 0.0306051 secs]
2018-03-27T16:55:43.055+0200: 18596.329: [GC pause (GCLocker Initiated GC) (young) 2757M->2472M(6144M), 0.0215399 secs]
2018-03-27T16:55:45.357+0200: 18598.631: [GC pause (G1 Evacuation Pause) (young) 5240M->2478M(6144M), 0.0337053 secs]
2018-03-27T16:55:47.663+0200: 18600.937: [GC pause (GCLocker Initiated GC) (young) 5503M->2481M(6144M), 0.0332663 secs]
2018-03-27T16:55:50.147+0200: 18603.421: [GC pause (GCLocker Initiated GC) (young) 5482M->2486M(6144M), 0.0349629 secs]
2018-03-27T16:55:52.429+0200: 18605.703: [GC pause (G1 Evacuation Pause) (young) 5488M->2493M(6144M), 0.0416117 secs]
2018-03-27T16:55:55.197+0200: 18608.471: [GC pause (G1 Evacuation Pause) (young) 5487M->2497M(6144M), 0.0330369 secs]
2018-03-27T16:55:57.515+0200: 18610.789: [GC pause (G1 Evacuation Pause) (young) 5481M->2504M(6144M), 0.0348553 secs]
2018-03-27T16:55:59.943+0200: 18613.217: [GC pause (G1 Evacuation Pause) (young) 5476M->2504M(6144M), 0.0330608 secs]
2018-03-27T16:56:02.150+0200: 18615.424: [GC pause (G1 Evacuation Pause) (young) 5476M->2507M(6144M), 0.0448518 secs]
2018-03-27T16:56:05.034+0200: 18618.308: [GC pause (GCLocker Initiated GC) (young) 5497M->2507M(6144M), 0.0385579 secs]
2018-03-27T16:56:07.486+0200: 18620.760: [GC pause (G1 Evacuation Pause) (young) 5473M->2510M(6144M), 0.0753703 secs]
2018-03-27T16:56:10.098+0200: 18623.371: [GC pause (G1 Evacuation Pause) (young) 5472M->2513M(6144M), 0.0455967 secs]
2018-03-27T16:56:12.067+0200: 18625.341: [GC pause (G1 Evacuation Pause) (young) 5467M->2513M(6144M), 0.0456364 secs]
2018-03-27T16:56:14.570+0200: 18627.844: [GC pause (G1 Evacuation Pause) (young) 5467M->2517M(6144M), 0.0425920 secs]
2018-03-27T16:56:17.242+0200: 18630.516: [GC pause (GCLocker Initiated GC) (young) 5465M->2517M(6144M), 0.0348007 secs]
2018-03-27T16:56:20.124+0200: 18633.397: [GC pause (G1 Evacuation Pause) (young) 5463M->2520M(6144M), 0.0371170 secs]
2018-03-27T16:56:22.518+0200: 18635.792: [GC pause (G1 Evacuation Pause) (young) 5462M->2521M(6144M), 0.0447842 secs]
2018-03-27T16:56:25.194+0200: 18638.468: [GC pause (G1 Evacuation Pause) (young) 5465M->2524M(6144M), 0.0493242 secs]
2018-03-27T16:56:27.990+0200: 18641.264: [GC pause (G1 Evacuation Pause) (young) 5462M->2528M(6144M), 0.0425273 secs]
2018-03-27T16:56:30.081+0200: 18643.355: [GC pause (G1 Evacuation Pause) (young) 5458M->2527M(6144M), 0.0392732 secs]
2018-03-27T16:56:32.530+0200: 18645.804: [GC pause (G1 Evacuation Pause) (young) 5463M->2529M(6144M), 0.0412133 secs]
2018-03-27T16:56:34.567+0200: 18647.841: [GC pause (G1 Evacuation Pause) (young) 5463M->2533M(6144M), 0.0388674 secs]
2018-03-27T16:56:37.334+0200: 18650.608: [GC pause (G1 Evacuation Pause) (young) 5461M->2537M(6144M), 0.0387209 secs]
2018-03-27T16:56:39.978+0200: 18653.252: [GC pause (G1 Evacuation Pause) (young) 5463M->2538M(6144M), 0.0382968 secs]
2018-03-27T16:56:42.250+0200: 18655.524: [GC pause (G1 Evacuation Pause) (young) 5462M->2541M(6144M), 0.0439551 secs]
2018-03-27T16:56:45.195+0200: 18658.468: [GC pause (G1 Evacuation Pause) (young) 5461M->2540M(6144M), 0.0513200 secs]
2018-03-27T16:56:47.365+0200: 18660.639: [GC pause (G1 Evacuation Pause) (young) 5464M->2544M(6144M), 0.0397691 secs]
2018-03-27T16:56:49.647+0200: 18662.921: [GC pause (G1 Evacuation Pause) (young) 5462M->2546M(6144M), 0.0409420 secs]
2018-03-27T16:56:52.411+0200: 18665.684: [GC pause (G1 Evacuation Pause) (young) 5462M->2547M(6144M), 0.0547384 secs]
2018-03-27T16:56:54.403+0200: 18667.676: [GC pause (G1 Evacuation Pause) (young) 5473M->2552M(6144M), 0.0407529 secs]
2018-03-27T16:56:56.932+0200: 18670.206: [GC pause (G1 Evacuation Pause) (young) 5460M->2550M(6144M), 0.0403188 secs]
2018-03-27T16:57:00.139+0200: 18673.412: [GC pause (G1 Evacuation Pause) (young) 5462M->2555M(6144M), 0.0422510 secs]
2018-03-27T16:57:02.498+0200: 18675.771: [GC pause (G1 Evacuation Pause) (young) 5461M->2555M(6144M), 0.0417101 secs]
2018-03-27T16:57:04.727+0200: 18678.001: [GC pause (GCLocker Initiated GC) (young) 5468M->2559M(6144M), 0.0391773 secs]
2018-03-27T16:57:07.693+0200: 18680.966: [GC pause (G1 Evacuation Pause) (young) 5461M->2562M(6144M), 0.0444493 secs]
2018-03-27T16:57:09.691+0200: 18682.965: [GC pause (G1 Evacuation Pause) (young) 5468M->2564M(6144M), 0.0485611 secs]
2018-03-27T16:57:11.774+0200: 18685.048: [GC pause (G1 Evacuation Pause) (young) 5470M->2564M(6144M), 0.0433441 secs]
2018-03-27T16:57:14.377+0200: 18687.651: [GC pause (G1 Evacuation Pause) (young) 5464M->2567M(6144M), 0.0476715 secs]
2018-03-27T16:57:17.607+0200: 18690.880: [GC pause (G1 Evacuation Pause) (young) 5461M->2570M(6144M), 0.0478679 secs]
2018-03-27T16:57:19.949+0200: 18693.223: [GC pause (G1 Evacuation Pause) (young) 5462M->2573M(6144M), 0.0481657 secs]
2018-03-27T16:57:22.803+0200: 18696.076: [GC pause (G1 Evacuation Pause) (young) 5459M->2572M(6144M), 0.0405283 secs]
2018-03-27T16:57:25.507+0200: 18698.780: [GC pause (G1 Evacuation Pause) (young) 5464M->2576M(6144M), 0.0371340 secs]
2018-03-27T16:57:28.672+0200: 18701.946: [GC pause (G1 Evacuation Pause) (young) 5462M->2579M(6144M), 0.0411065 secs]
2018-03-27T16:57:31.209+0200: 18704.483: [GC pause (G1 Evacuation Pause) (young) 5459M->2583M(6144M), 0.0385584 secs]
2018-03-27T16:57:33.606+0200: 18706.880: [GC pause (G1 Evacuation Pause) (young) 5457M->2582M(6144M), 0.0479531 secs]
2018-03-27T16:57:36.306+0200: 18709.580: [GC pause (G1 Evacuation Pause) (young) 5462M->2587M(6144M), 0.0374428 secs]
2018-03-27T16:57:39.138+0200: 18712.412: [GC pause (G1 Evacuation Pause) (young) 5461M->2588M(6144M), 0.0377982 secs]
2018-03-27T16:57:41.748+0200: 18715.022: [GC pause (G1 Evacuation Pause) (young) 5460M->2591M(6144M), 0.0349816 secs]
2018-03-27T16:57:43.790+0200: 18717.064: [GC pause (G1 Evacuation Pause) (young) 5457M->2589M(6144M), 0.0390286 secs]
2018-03-27T16:57:46.072+0200: 18719.346: [GC pause (G1 Evacuation Pause) (young) 5461M->2590M(6144M), 0.0356556 secs]
2018-03-27T16:57:48.374+0200: 18721.647: [GC pause (G1 Evacuation Pause) (young) 5464M->2595M(6144M), 0.0402119 secs]
2018-03-27T16:57:51.004+0200: 18724.277: [GC pause (G1 Evacuation Pause) (young) 5459M->2596M(6144M), 0.0375996 secs]
2018-03-27T16:57:53.661+0200: 18726.935: [GC pause (G1 Evacuation Pause) (young) 5480M->2599M(6144M), 0.0439446 secs]
2018-03-27T16:57:56.493+0200: 18729.767: [GC pause (GCLocker Initiated GC) (young) 5459M->2602M(6144M), 0.0390925 secs]
2018-03-27T16:57:58.917+0200: 18732.190: [GC pause (G1 Evacuation Pause) (young) 5460M->2600M(6144M), 0.0382156 secs]
2018-03-27T16:58:01.986+0200: 18735.260: [GC pause (GCLocker Initiated GC) (young) 5492M->2606M(6144M), 0.0411005 secs]
2018-03-27T16:58:04.327+0200: 18737.600: [GC pause (G1 Evacuation Pause) (young) 5460M->2606M(6144M), 0.0622711 secs]
2018-03-27T16:58:06.222+0200: 18739.496: [GC pause (G1 Evacuation Pause) (young) 5462M->2612M(6144M), 0.0427393 secs]
2018-03-27T16:58:09.456+0200: 18742.729: [GC pause (G1 Evacuation Pause) (young) 5460M->2612M(6144M), 0.0675082 secs]
2018-03-27T16:58:11.880+0200: 18745.154: [GC pause (G1 Evacuation Pause) (young) 5469M->2614M(6144M), 0.0437028 secs]
2018-03-27T16:58:14.298+0200: 18747.572: [GC pause (G1 Evacuation Pause) (young) 5462M->2613M(6144M), 0.0397909 secs]
2018-03-27T16:58:17.224+0200: 18750.498: [GC pause (G1 Evacuation Pause) (young) 5465M->2612M(6144M), 0.0405702 secs]
2018-03-27T16:58:19.933+0200: 18753.207: [GC pause (G1 Evacuation Pause) (young) 5470M->2615M(6144M), 0.0445694 secs]
2018-03-27T16:58:22.117+0200: 18755.391: [GC pause (G1 Evacuation Pause) (young) 5467M->2618M(6144M), 0.0383313 secs]
2018-03-27T16:58:25.106+0200: 18758.379: [GC pause (G1 Evacuation Pause) (young) 5468M->2623M(6144M), 0.0409715 secs]
2018-03-27T16:58:27.457+0200: 18760.731: [GC pause (G1 Evacuation Pause) (young) 5467M->2622M(6144M), 0.0399797 secs]
2018-03-27T16:58:30.073+0200: 18763.347: [GC pause (G1 Evacuation Pause) (young) 5468M->2622M(6144M), 0.0364273 secs]
2018-03-27T16:58:31.776+0200: 18765.050: [GC pause (G1 Evacuation Pause) (young) 5470M->2628M(6144M), 0.0401329 secs]
2018-03-27T16:58:33.878+0200: 18767.151: [GC pause (GCLocker Initiated GC) (young) 5472M->2629M(6144M), 0.0474202 secs]
2018-03-27T16:58:36.282+0200: 18769.555: [GC pause (G1 Evacuation Pause) (young) 5465M->2630M(6144M), 0.0422970 secs]
2018-03-27T16:58:39.319+0200: 18772.593: [GC pause (G1 Evacuation Pause) (young) 5468M->2632M(6144M), 0.0405474 secs]
2018-03-27T16:58:41.974+0200: 18775.248: [GC pause (G1 Evacuation Pause) (young) 5464M->2635M(6144M), 0.0362777 secs]
2018-03-27T16:58:44.675+0200: 18777.949: [GC pause (G1 Evacuation Pause) (young) 5465M->2638M(6144M), 0.0397420 secs]
2018-03-27T16:58:47.277+0200: 18780.551: [GC pause (GCLocker Initiated GC) (young) 5464M->2635M(6144M), 0.0368992 secs]
2018-03-27T16:58:49.531+0200: 18782.804: [GC pause (G1 Evacuation Pause) (young) 5467M->2638M(6144M), 0.0448988 secs]
2018-03-27T16:58:51.578+0200: 18784.851: [GC pause (G1 Evacuation Pause) (young) 5468M->2640M(6144M), 0.0373428 secs]
2018-03-27T16:58:54.077+0200: 18787.350: [GC pause (GCLocker Initiated GC) (young) 5485M->2645M(6144M), 0.0384262 secs]
2018-03-27T16:58:56.318+0200: 18789.592: [GC pause (G1 Evacuation Pause) (young) 5465M->2645M(6144M), 0.0372390 secs]
2018-03-27T16:58:58.645+0200: 18791.919: [GC pause (G1 Evacuation Pause) (young) 5469M->2646M(6144M), 0.0460159 secs]
2018-03-27T16:59:01.317+0200: 18794.591: [GC pause (G1 Evacuation Pause) (young) 5468M->2651M(6144M), 0.0445528 secs]
2018-03-27T16:59:03.734+0200: 18797.008: [GC pause (GCLocker Initiated GC) (young) 5479M->2651M(6144M), 0.0599528 secs]
2018-03-27T16:59:05.809+0200: 18799.082: [GC pause (G1 Evacuation Pause) (young) 5467M->2652M(6144M), 0.0407716 secs]
2018-03-27T16:59:08.236+0200: 18801.510: [GC pause (GCLocker Initiated GC) (young) 5468M->2654M(6144M), 0.0480551 secs]
2018-03-27T16:59:10.414+0200: 18803.688: [GC pause (G1 Evacuation Pause) (young) 5468M->2656M(6144M), 0.0368205 secs]
2018-03-27T16:59:13.495+0200: 18806.769: [GC pause (G1 Evacuation Pause) (young) 5468M->2657M(6144M), 0.0417599 secs]
2018-03-27T16:59:16.133+0200: 18809.407: [GC pause (G1 Evacuation Pause) (young) 5467M->2661M(6144M), 0.0450926 secs]
2018-03-27T16:59:19.012+0200: 18812.285: [GC pause (G1 Evacuation Pause) (young) 5465M->2662M(6144M), 0.0424911 secs]
2018-03-27T16:59:21.483+0200: 18814.756: [GC pause (G1 Evacuation Pause) (young) 5468M->2665M(6144M), 0.0572935 secs]
2018-03-27T16:59:23.601+0200: 18816.875: [GC pause (G1 Evacuation Pause) (young) 5465M->2668M(6144M), 0.0394980 secs]
2018-03-27T16:59:25.536+0200: 18818.810: [GC pause (GCLocker Initiated GC) (young) 5467M->2669M(6144M), 0.0357801 secs]
2018-03-27T16:59:28.514+0200: 18821.788: [GC pause (G1 Evacuation Pause) (young) 5465M->2671M(6144M), 0.0528627 secs]
2018-03-27T16:59:30.842+0200: 18824.116: [GC pause (GCLocker Initiated GC) (young) 5466M->2673M(6144M), 0.0370960 secs]
2018-03-27T16:59:33.773+0200: 18827.047: [GC pause (G1 Evacuation Pause) (young) 5469M->2676M(6144M), 0.0421699 secs]
2018-03-27T16:59:36.027+0200: 18829.301: [GC pause (G1 Evacuation Pause) (young) 5466M->2679M(6144M), 0.0381610 secs]
2018-03-27T16:59:38.826+0200: 18832.100: [GC pause (G1 Evacuation Pause) (young) 5465M->2682M(6144M), 0.0424597 secs]
2018-03-27T16:59:41.836+0200: 18835.110: [GC pause (G1 Evacuation Pause) (young) 5464M->2681M(6144M), 0.0573983 secs]
2018-03-27T16:59:44.334+0200: 18837.608: [GC pause (G1 Evacuation Pause) (young) 5469M->2682M(6144M), 0.0396588 secs]
2018-03-27T16:59:47.275+0200: 18840.549: [GC pause (G1 Evacuation Pause) (young) 5469M->2688M(6144M), 0.0390898 secs]
2018-03-27T16:59:50.005+0200: 18843.279: [GC pause (G1 Evacuation Pause) (young) 5464M->2692M(6144M), 0.0363307 secs]
2018-03-27T16:59:52.285+0200: 18845.559: [GC pause (G1 Evacuation Pause) (young) 5462M->2693M(6144M), 0.0406481 secs]
2018-03-27T16:59:54.040+0200: 18847.313: [GC pause (G1 Evacuation Pause) (young) 5461M->2692M(6144M), 0.0427134 secs]
2018-03-27T16:59:56.675+0200: 18849.949: [GC pause (G1 Evacuation Pause) (young) 5466M->2693M(6144M), 0.0399880 secs]
2018-03-27T16:59:59.474+0200: 18852.748: [GC pause (G1 Evacuation Pause) (young) 5465M->2696M(6144M), 0.0361685 secs]
2018-03-27T17:00:02.029+0200: 18855.303: [GC pause (G1 Evacuation Pause) (young) 5466M->2700M(6144M), 0.0469518 secs]
2018-03-27T17:00:04.537+0200: 18857.811: [GC pause (G1 Evacuation Pause) (young) 5464M->2701M(6144M), 0.0566498 secs]
2018-03-27T17:00:06.247+0200: 18859.521: [GC pause (G1 Evacuation Pause) (young) 5463M->2705M(6144M), 0.0570305 secs]
2018-03-27T17:00:08.661+0200: 18861.935: [GC pause (G1 Evacuation Pause) (young) 5461M->2707M(6144M), 0.0570450 secs]
2018-03-27T17:00:11.157+0200: 18864.431: [GC pause (G1 Evacuation Pause) (young) 5465M->2709M(6144M), 0.0350811 secs]
2018-03-27T17:00:13.731+0200: 18867.005: [GC pause (G1 Evacuation Pause) (young) 5465M->2711M(6144M), 0.0380902 secs]
2018-03-27T17:00:16.093+0200: 18869.367: [GC pause (G1 Evacuation Pause) (young) 5465M->2710M(6144M), 0.0565331 secs]
2018-03-27T17:00:18.053+0200: 18871.327: [GC pause (G1 Evacuation Pause) (young) 5466M->2716M(6144M), 0.0497619 secs]
2018-03-27T17:00:21.185+0200: 18874.459: [GC pause (G1 Evacuation Pause) (young) 5462M->2715M(6144M), 0.0438340 secs]
2018-03-27T17:00:23.922+0200: 18877.196: [GC pause (G1 Evacuation Pause) (young) 5463M->2718M(6144M), 0.0400505 secs]
2018-03-27T17:00:26.117+0200: 18879.391: [GC pause (G1 Evacuation Pause) (young) 5464M->2722M(6144M), 0.0368349 secs]
2018-03-27T17:00:28.071+0200: 18881.344: [GC pause (G1 Evacuation Pause) (young) 5462M->2722M(6144M), 0.0365889 secs]
2018-03-27T17:00:30.138+0200: 18883.411: [GC pause (G1 Evacuation Pause) (young) 5472M->2722M(6144M), 0.0411581 secs]
2018-03-27T17:00:33.147+0200: 18886.420: [GC pause (G1 Evacuation Pause) (young) 5466M->2725M(6144M), 0.0547428 secs]
2018-03-27T17:00:36.081+0200: 18889.355: [GC pause (G1 Evacuation Pause) (young) 5463M->2728M(6144M), 0.0387327 secs]
2018-03-27T17:00:38.508+0200: 18891.782: [GC pause (G1 Evacuation Pause) (young) 5464M->2728M(6144M), 0.0374022 secs]
2018-03-27T17:00:40.840+0200: 18894.114: [GC pause (G1 Evacuation Pause) (young) 5466M->2731M(6144M), 0.0464592 secs]
2018-03-27T17:00:43.265+0200: 18896.539: [GC pause (GCLocker Initiated GC) (young) 5469M->2733M(6144M), 0.0444588 secs]
2018-03-27T17:00:45.343+0200: 18898.617: [GC pause (G1 Evacuation Pause) (young) 5463M->2737M(6144M), 0.0423961 secs]
2018-03-27T17:00:47.151+0200: 18900.424: [GC pause (G1 Evacuation Pause) (young) 5465M->2738M(6144M), 0.0349893 secs]
2018-03-27T17:00:49.550+0200: 18902.824: [GC pause (G1 Evacuation Pause) (young) 5464M->2742M(6144M), 0.0547004 secs]
2018-03-27T17:00:51.448+0200: 18904.721: [GC pause (G1 Evacuation Pause) (young) 5462M->2744M(6144M), 0.0380256 secs]
2018-03-27T17:00:53.645+0200: 18906.918: [GC pause (G1 Evacuation Pause) (young) 5462M->2748M(6144M), 0.0525097 secs]
2018-03-27T17:00:56.503+0200: 18909.777: [GC pause (G1 Evacuation Pause) (young) 5458M->2749M(6144M), 0.0363264 secs]
2018-03-27T17:00:58.474+0200: 18911.748: [GC pause (G1 Evacuation Pause) (young) 5461M->2754M(6144M), 0.0383717 secs]
2018-03-27T17:01:00.597+0200: 18913.871: [GC pause (G1 Evacuation Pause) (young) 5460M->2752M(6144M), 0.0381004 secs]
2018-03-27T17:01:02.965+0200: 18916.238: [GC pause (G1 Evacuation Pause) (young) 5460M->2757M(6144M), 0.0401307 secs]
2018-03-27T17:01:05.158+0200: 18918.432: [GC pause (GCLocker Initiated GC) (young) 5481M->2758M(6144M), 0.0458854 secs]
2018-03-27T17:01:07.080+0200: 18920.354: [GC pause (GCLocker Initiated GC) (young) 5474M->2759M(6144M), 0.0611913 secs]
2018-03-27T17:01:09.531+0200: 18922.805: [GC pause (G1 Evacuation Pause) (young) 5463M->2761M(6144M), 0.0411090 secs]
2018-03-27T17:01:11.670+0200: 18924.944: [GC pause (GCLocker Initiated GC) (young) 5469M->2762M(6144M), 0.0464053 secs]
2018-03-27T17:01:13.909+0200: 18927.183: [GC pause (G1 Evacuation Pause) (young) 5464M->2766M(6144M), 0.0429435 secs]
2018-03-27T17:01:15.654+0200: 18928.928: [GC pause (G1 Evacuation Pause) (young) 5460M->2770M(6144M), 0.0415007 secs]
2018-03-27T17:01:17.671+0200: 18930.944: [GC pause (GCLocker Initiated GC) (young) 5464M->2769M(6144M), 0.0376968 secs]
2018-03-27T17:01:19.843+0200: 18933.117: [GC pause (G1 Evacuation Pause) (young) 5467M->2771M(6144M), 0.0387116 secs]
2018-03-27T17:01:22.342+0200: 18935.616: [GC pause (G1 Evacuation Pause) (young) 5468M->2773M(6144M), 0.0399903 secs]
2018-03-27T17:01:23.962+0200: 18937.236: [GC pause (G1 Evacuation Pause) (young) 5465M->2778M(6144M), 0.0415477 secs]
2018-03-27T17:01:27.278+0200: 18940.552: [GC pause (G1 Evacuation Pause) (young) 5464M->2778M(6144M), 0.0419769 secs]
2018-03-27T17:01:29.554+0200: 18942.827: [GC pause (G1 Evacuation Pause) (young) 5464M->2779M(6144M), 0.0388202 secs]
2018-03-27T17:01:31.550+0200: 18944.823: [GC pause (G1 Evacuation Pause) (young) 5465M->2782M(6144M), 0.0441722 secs]
2018-03-27T17:01:33.798+0200: 18947.072: [GC pause (G1 Evacuation Pause) (young) 5462M->2784M(6144M), 0.0423221 secs]
2018-03-27T17:01:35.737+0200: 18949.010: [GC pause (G1 Evacuation Pause) (young) 5462M->2786M(6144M), 0.0396153 secs]
2018-03-27T17:01:38.374+0200: 18951.648: [GC pause (G1 Evacuation Pause) (young) 5462M->2788M(6144M), 0.0365147 secs]
2018-03-27T17:01:40.182+0200: 18953.456: [GC pause (G1 Evacuation Pause) (young) 5466M->2794M(6144M), 0.0419204 secs]
2018-03-27T17:01:42.285+0200: 18955.559: [GC pause (G1 Evacuation Pause) (young) 5462M->2796M(6144M), 0.0361416 secs]
2018-03-27T17:01:44.618+0200: 18957.891: [GC pause (GCLocker Initiated GC) (young) 5463M->2795M(6144M), 0.0399913 secs]
2018-03-27T17:01:47.043+0200: 18960.317: [GC pause (G1 Evacuation Pause) (young) 5467M->2802M(6144M), 0.0359863 secs]
2018-03-27T17:01:49.490+0200: 18962.763: [GC pause (G1 Evacuation Pause) (young) 5460M->2802M(6144M), 0.0508003 secs]
2018-03-27T17:01:52.083+0200: 18965.357: [GC pause (G1 Evacuation Pause) (young) 5462M->2805M(6144M), 0.0342689 secs]
2018-03-27T17:01:53.929+0200: 18967.203: [GC pause (G1 Evacuation Pause) (young) 5463M->2805M(6144M), 0.0382948 secs]
2018-03-27T17:01:55.486+0200: 18968.760: [GC pause (G1 Evacuation Pause) (young) 5466M->2809M(6144M), 0.0409214 secs]
2018-03-27T17:01:57.732+0200: 18971.005: [GC pause (G1 Evacuation Pause) (young) 5463M->2810M(6144M), 0.0355539 secs]
2018-03-27T17:01:59.922+0200: 18973.196: [GC pause (G1 Evacuation Pause) (young) 5460M->2813M(6144M), 0.0368026 secs]
2018-03-27T17:02:01.903+0200: 18975.176: [GC pause (G1 Evacuation Pause) (young) 5461M->2817M(6144M), 0.0408994 secs]
2018-03-27T17:02:03.886+0200: 18977.160: [GC pause (GCLocker Initiated GC) (young) 5475M->2818M(6144M), 0.0883957 secs]
2018-03-27T17:02:05.883+0200: 18979.156: [GC pause (G1 Evacuation Pause) (young) 5464M->2819M(6144M), 0.0402850 secs]
2018-03-27T17:02:07.937+0200: 18981.211: [GC pause (G1 Evacuation Pause) (young) 5463M->2824M(6144M), 0.0388445 secs]
2018-03-27T17:02:10.630+0200: 18983.903: [GC pause (G1 Evacuation Pause) (young) (initial-mark) 5462M->2827M(6144M), 0.0491207 secs]
2018-03-27T17:02:10.679+0200: 18983.953: [GC concurrent-root-region-scan-start]
2018-03-27T17:02:10.712+0200: 18983.986: [GC concurrent-root-region-scan-end, 0.0330157 secs]
2018-03-27T17:02:10.712+0200: 18983.986: [GC concurrent-mark-start]
2018-03-27T17:02:12.616+0200: 18985.890: [GC pause (GCLocker Initiated GC) (young) 5460M->2828M(6144M), 0.0419690 secs]
2018-03-27T17:02:14.313+0200: 18987.587: [GC concurrent-mark-end, 3.6008888 secs]
2018-03-27T17:02:14.324+0200: 18987.598: [GC remark, 0.5358425 secs]
2018-03-27T17:02:14.863+0200: 18988.137: [GC cleanup 4277M->4271M(6144M), 0.0535125 secs]
2018-03-27T17:02:14.917+0200: 18988.191: [GC concurrent-cleanup-start]
2018-03-27T17:02:14.917+0200: 18988.191: [GC concurrent-cleanup-end, 0.0000615 secs]
2018-03-27T17:02:15.803+0200: 18989.077: [GC pause (G1 Evacuation Pause) (young) 5456M->2823M(6144M), 0.0974761 secs]
2018-03-27T17:02:16.019+0200: 18989.292: [GC pause (G1 Evacuation Pause) (mixed) 3069M->2491M(6144M), 0.2023450 secs]
2018-03-27T17:02:16.352+0200: 18989.626: [GC pause (GCLocker Initiated GC) (mixed) 2769M->2472M(6144M), 0.1524128 secs]
2018-03-27T17:02:16.619+0200: 18989.893: [GC pause (G1 Evacuation Pause) (young) 2750M->2482M(6144M), 0.0554935 secs]
2018-03-27T17:02:16.774+0200: 18990.047: [GC pause (G1 Evacuation Pause) (young) 2762M->2484M(6144M), 0.0315584 secs]
2018-03-27T17:02:16.931+0200: 18990.204: [GC pause (G1 Evacuation Pause) (young) 2762M->2485M(6144M), 0.0303664 secs]
2018-03-27T17:02:17.065+0200: 18990.339: [GC pause (G1 Evacuation Pause) (young) 2761M->2482M(6144M), 0.0237040 secs]
2018-03-27T17:02:17.199+0200: 18990.473: [GC pause (G1 Evacuation Pause) (young) 2762M->2481M(6144M), 0.0252226 secs]
2018-03-27T17:02:17.356+0200: 18990.630: [GC pause (G1 Evacuation Pause) (young) 2761M->2481M(6144M), 0.0254015 secs]
2018-03-27T17:02:17.507+0200: 18990.781: [GC pause (GCLocker Initiated GC) (young) 2762M->2486M(6144M), 0.0251051 secs]
2018-03-27T17:02:17.690+0200: 18990.964: [GC pause (G1 Evacuation Pause) (young) 2762M->2486M(6144M), 0.0258507 secs]
2018-03-27T17:02:17.922+0200: 18991.195: [GC pause (G1 Evacuation Pause) (young) 2766M->2488M(6144M), 0.0270227 secs]
2018-03-27T17:02:18.174+0200: 18991.448: [GC pause (GCLocker Initiated GC) (young) 2772M->2484M(6144M), 0.0258163 secs]
2018-03-27T17:02:20.199+0200: 18993.472: [GC pause (G1 Evacuation Pause) (young) 5410M->2487M(6144M), 0.0324937 secs]
2018-03-27T17:02:22.335+0200: 18995.609: [GC pause (G1 Evacuation Pause) (young) 5431M->2495M(6144M), 0.0454227 secs]
2018-03-27T17:02:24.442+0200: 18997.716: [GC pause (G1 Evacuation Pause) (young) 5449M->2498M(6144M), 0.0408743 secs]
2018-03-27T17:02:26.605+0200: 18999.878: [GC pause (G1 Evacuation Pause) (young) 5464M->2504M(6144M), 0.0488159 secs]
2018-03-27T17:02:28.550+0200: 19001.824: [GC pause (G1 Evacuation Pause) (young) 5472M->2509M(6144M), 0.0429854 secs]
2018-03-27T17:02:30.966+0200: 19004.239: [GC pause (G1 Evacuation Pause) (young) 5480M->2512M(6144M), 0.0419910 secs]
2018-03-27T17:02:33.433+0200: 19006.707: [GC pause (G1 Evacuation Pause) (young) 5476M->2515M(6144M), 0.0446632 secs]
2018-03-27T17:02:35.915+0200: 19009.189: [GC pause (G1 Evacuation Pause) (young) 5477M->2517M(6144M), 0.0446661 secs]
2018-03-27T17:02:38.209+0200: 19011.483: [GC pause (GCLocker Initiated GC) (young) 5492M->2520M(6144M), 0.0407612 secs]
2018-03-27T17:02:40.167+0200: 19013.441: [GC pause (G1 Evacuation Pause) (young) 5468M->2522M(6144M), 0.0419303 secs]
2018-03-27T17:02:42.411+0200: 19015.685: [GC pause (G1 Evacuation Pause) (young) 5470M->2523M(6144M), 0.0413826 secs]
2018-03-27T17:02:45.339+0200: 19018.613: [GC pause (G1 Evacuation Pause) (young) 5471M->2523M(6144M), 0.0654477 secs]
2018-03-27T17:02:47.496+0200: 19020.769: [GC pause (G1 Evacuation Pause) (young) 5471M->2524M(6144M), 0.0386434 secs]
2018-03-27T17:02:50.229+0200: 19023.503: [GC pause (G1 Evacuation Pause) (young) 5470M->2528M(6144M), 0.0368821 secs]
2018-03-27T17:02:53.128+0200: 19026.402: [GC pause (G1 Evacuation Pause) (young) 5466M->2528M(6144M), 0.0381848 secs]
2018-03-27T17:02:55.544+0200: 19028.818: [GC pause (GCLocker Initiated GC) (young) 5478M->2529M(6144M), 0.0470584 secs]
2018-03-27T17:02:57.838+0200: 19031.112: [GC pause (G1 Evacuation Pause) (young) 5465M->2532M(6144M), 0.0387663 secs]
2018-03-27T17:03:00.441+0200: 19033.715: [GC pause (G1 Evacuation Pause) (young) 5466M->2534M(6144M), 0.0551084 secs]
2018-03-27T17:03:02.311+0200: 19035.585: [GC pause (GCLocker Initiated GC) (young) 5468M->2537M(6144M), 0.0446840 secs]
2018-03-27T17:03:05.051+0200: 19038.324: [GC pause (G1 Evacuation Pause) (young) 5467M->2536M(6144M), 0.0395820 secs]
2018-03-27T17:03:07.511+0200: 19040.785: [GC pause (G1 Evacuation Pause) (young) 5466M->2539M(6144M), 0.0521156 secs]
2018-03-27T17:03:09.475+0200: 19042.749: [GC pause (G1 Evacuation Pause) (young) 5467M->2543M(6144M), 0.0429982 secs]
2018-03-27T17:03:11.868+0200: 19045.141: [GC pause (G1 Evacuation Pause) (young) 5465M->2545M(6144M), 0.0404113 secs]
2018-03-27T17:03:13.869+0200: 19047.142: [GC pause (G1 Evacuation Pause) (young) 5465M->2550M(6144M), 0.0514621 secs]
2018-03-27T17:03:16.521+0200: 19049.795: [GC pause (G1 Evacuation Pause) (young) 5464M->2550M(6144M), 0.0457917 secs]
2018-03-27T17:03:19.212+0200: 19052.486: [GC pause (G1 Evacuation Pause) (young) 5466M->2555M(6144M), 0.0440497 secs]
2018-03-27T17:03:21.584+0200: 19054.857: [GC pause (G1 Evacuation Pause) (young) 5461M->2557M(6144M), 0.0400566 secs]
2018-03-27T17:03:23.950+0200: 19057.223: [GC pause (G1 Evacuation Pause) (young) 5461M->2560M(6144M), 0.0393681 secs]
2018-03-27T17:03:26.406+0200: 19059.680: [GC pause (G1 Evacuation Pause) (young) 5462M->2560M(6144M), 0.0477389 secs]
2018-03-27T17:03:28.527+0200: 19061.801: [GC pause (G1 Evacuation Pause) (young) 5464M->2563M(6144M), 0.0378646 secs]
2018-03-27T17:03:31.019+0200: 19064.293: [GC pause (G1 Evacuation Pause) (young) 5461M->2562M(6144M), 0.0363938 secs]
2018-03-27T17:03:33.066+0200: 19066.340: [GC pause (G1 Evacuation Pause) (young) 5462M->2565M(6144M), 0.0466156 secs]
2018-03-27T17:03:35.934+0200: 19069.208: [GC pause (G1 Evacuation Pause) (young) 5465M->2569M(6144M), 0.0416515 secs]
2018-03-27T17:03:38.348+0200: 19071.622: [GC pause (G1 Evacuation Pause) (young) 5461M->2570M(6144M), 0.0473195 secs]
2018-03-27T17:03:41.147+0200: 19074.421: [GC pause (GCLocker Initiated GC) (young) 5470M->2573M(6144M), 0.0384622 secs]
2018-03-27T17:03:43.091+0200: 19076.365: [GC pause (GCLocker Initiated GC) (young) 5463M->2574M(6144M), 0.0471532 secs]
2018-03-27T17:03:45.766+0200: 19079.039: [GC pause (G1 Evacuation Pause) (young) 5464M->2577M(6144M), 0.0403917 secs]
2018-03-27T17:03:47.756+0200: 19081.030: [GC pause (G1 Evacuation Pause) (young) 5465M->2579M(6144M), 0.0386147 secs]
2018-03-27T17:03:49.569+0200: 19082.843: [GC pause (GCLocker Initiated GC) (young) 5469M->2583M(6144M), 0.0388947 secs]
2018-03-27T17:03:52.017+0200: 19085.291: [GC pause (GCLocker Initiated GC) (young) 5464M->2584M(6144M), 0.0351472 secs]
2018-03-27T17:03:54.722+0200: 19087.995: [GC pause (G1 Evacuation Pause) (young) 5462M->2587M(6144M), 0.0407012 secs]
2018-03-27T17:03:56.638+0200: 19089.912: [GC pause (G1 Evacuation Pause) (young) 5479M->2588M(6144M), 0.0582314 secs]
2018-03-27T17:03:59.336+0200: 19092.609: [GC pause (GCLocker Initiated GC) (young) 5463M->2592M(6144M), 0.0575533 secs]
2018-03-27T17:04:01.655+0200: 19094.929: [GC pause (G1 Evacuation Pause) (young) 5460M->2595M(6144M), 0.0398426 secs]
2018-03-27T17:04:03.822+0200: 19097.095: [GC pause (G1 Evacuation Pause) (young) 5463M->2598M(6144M), 0.0514679 secs]
2018-03-27T17:04:05.975+0200: 19099.249: [GC pause (GCLocker Initiated GC) (young) 5464M->2599M(6144M), 0.0475131 secs]
2018-03-27T17:04:08.600+0200: 19101.873: [GC pause (G1 Evacuation Pause) (young) 5461M->2601M(6144M), 0.0588000 secs]
2018-03-27T17:04:11.393+0200: 19104.666: [GC pause (G1 Evacuation Pause) (young) 5463M->2607M(6144M), 0.0403332 secs]
2018-03-27T17:04:14.002+0200: 19107.276: [GC pause (G1 Evacuation Pause) (young) 5457M->2608M(6144M), 0.0472716 secs]
2018-03-27T17:04:16.126+0200: 19109.400: [GC pause (G1 Evacuation Pause) (young) 5460M->2608M(6144M), 0.0414047 secs]
2018-03-27T17:04:18.327+0200: 19111.601: [GC pause (G1 Evacuation Pause) (young) 5462M->2613M(6144M), 0.0392061 secs]
2018-03-27T17:04:20.719+0200: 19113.993: [GC pause (G1 Evacuation Pause) (young) 5457M->2613M(6144M), 0.0621993 secs]
2018-03-27T17:04:22.867+0200: 19116.140: [GC pause (G1 Evacuation Pause) (young) 5477M->2612M(6144M), 0.0499789 secs]
2018-03-27T17:04:25.131+0200: 19118.404: [GC pause (GCLocker Initiated GC) (young) 5488M->2618M(6144M), 0.0453218 secs]
2018-03-27T17:04:28.242+0200: 19121.515: [GC pause (GCLocker Initiated GC) (young) 5469M->2618M(6144M), 0.0797322 secs]
2018-03-27T17:04:30.521+0200: 19123.794: [GC pause (G1 Evacuation Pause) (young) 5464M->2620M(6144M), 0.0399628 secs]
2018-03-27T17:04:33.089+0200: 19126.362: [GC pause (G1 Evacuation Pause) (young) 5464M->2622M(6144M), 0.0459627 secs]
2018-03-27T17:04:35.658+0200: 19128.932: [GC pause (G1 Evacuation Pause) (young) 5464M->2621M(6144M), 0.0443947 secs]
2018-03-27T17:04:37.616+0200: 19130.889: [GC pause (G1 Evacuation Pause) (young) 5469M->2627M(6144M), 0.0461389 secs]
2018-03-27T17:04:40.028+0200: 19133.302: [GC pause (G1 Evacuation Pause) (young) 5463M->2630M(6144M), 0.0370968 secs]
2018-03-27T17:04:42.590+0200: 19135.864: [GC pause (GCLocker Initiated GC) (young) 5468M->2631M(6144M), 0.0370480 secs]
2018-03-27T17:04:44.897+0200: 19138.171: [GC pause (G1 Evacuation Pause) (young) 5463M->2630M(6144M), 0.0376739 secs]
2018-03-27T17:04:47.264+0200: 19140.538: [GC pause (G1 Evacuation Pause) (young) 5468M->2634M(6144M), 0.0531193 secs]
2018-03-27T17:04:49.414+0200: 19142.688: [GC pause (GCLocker Initiated GC) (young) 5490M->2638M(6144M), 0.0377598 secs]
2018-03-27T17:04:51.386+0200: 19144.660: [GC pause (G1 Evacuation Pause) (young) 5460M->2639M(6144M), 0.0435288 secs]
2018-03-27T17:04:53.530+0200: 19146.803: [GC pause (G1 Evacuation Pause) (young) 5463M->2645M(6144M), 0.0369801 secs]
2018-03-27T17:04:55.960+0200: 19149.234: [GC pause (GCLocker Initiated GC) (young) 5459M->2642M(6144M), 0.0401333 secs]
2018-03-27T17:04:58.109+0200: 19151.383: [GC pause (G1 Evacuation Pause) (young) 5462M->2645M(6144M), 0.0364412 secs]
2018-03-27T17:05:00.406+0200: 19153.680: [GC pause (G1 Evacuation Pause) (young) 5465M->2648M(6144M), 0.0673562 secs]
2018-03-27T17:05:03.070+0200: 19156.344: [GC pause (G1 Evacuation Pause) (young) 5460M->2649M(6144M), 0.0410730 secs]
2018-03-27T17:05:05.204+0200: 19158.478: [GC pause (G1 Evacuation Pause) (young) 5463M->2652M(6144M), 0.0448043 secs]
2018-03-27T17:05:07.455+0200: 19160.728: [GC pause (G1 Evacuation Pause) (young) 5464M->2654M(6144M), 0.0379164 secs]
2018-03-27T17:05:09.421+0200: 19162.695: [GC pause (G1 Evacuation Pause) (young) 5464M->2656M(6144M), 0.0389733 secs]
2018-03-27T17:05:11.561+0200: 19164.835: [GC pause (G1 Evacuation Pause) (young) 5464M->2657M(6144M), 0.0359799 secs]
2018-03-27T17:05:14.011+0200: 19167.284: [GC pause (G1 Evacuation Pause) (young) 5463M->2662M(6144M), 0.0385010 secs]
2018-03-27T17:05:16.132+0200: 19169.406: [GC pause (GCLocker Initiated GC) (young) 5463M->2663M(6144M), 0.0584845 secs]
2018-03-27T17:05:18.439+0200: 19171.713: [GC pause (G1 Evacuation Pause) (young) 5461M->2665M(6144M), 0.0518222 secs]
2018-03-27T17:05:20.411+0200: 19173.685: [GC pause (GCLocker Initiated GC) (young) 5472M->2668M(6144M), 0.0542311 secs]
2018-03-27T17:05:22.905+0200: 19176.179: [GC pause (GCLocker Initiated GC) (young) 5462M->2668M(6144M), 0.0418779 secs]
2018-03-27T17:05:25.512+0200: 19178.785: [GC pause (G1 Evacuation Pause) (young) 5464M->2668M(6144M), 0.0499363 secs]
2018-03-27T17:05:27.812+0200: 19181.086: [GC pause (G1 Evacuation Pause) (young) 5466M->2672M(6144M), 0.0443784 secs]
2018-03-27T17:05:29.917+0200: 19183.190: [GC pause (G1 Evacuation Pause) (young) 5464M->2673M(6144M), 0.0380448 secs]
2018-03-27T17:05:32.104+0200: 19185.378: [GC pause (GCLocker Initiated GC) (young) 5467M->2675M(6144M), 0.0373323 secs]
2018-03-27T17:05:34.033+0200: 19187.306: [GC pause (G1 Evacuation Pause) (young) 5467M->2677M(6144M), 0.0367173 secs]
2018-03-27T17:05:36.383+0200: 19189.657: [GC pause (GCLocker Initiated GC) (young) 5471M->2679M(6144M), 0.0359374 secs]
2018-03-27T17:05:39.407+0200: 19192.681: [GC pause (G1 Evacuation Pause) (young) 5467M->2682M(6144M), 0.0431626 secs]
2018-03-27T17:05:42.448+0200: 19195.722: [GC pause (G1 Evacuation Pause) (young) 5462M->2683M(6144M), 0.0515846 secs]
2018-03-27T17:05:44.986+0200: 19198.260: [GC pause (G1 Evacuation Pause) (young) 5467M->2685M(6144M), 0.0367044 secs]
2018-03-27T17:05:47.810+0200: 19201.084: [GC pause (G1 Evacuation Pause) (young) 5465M->2688M(6144M), 0.0379628 secs]
2018-03-27T17:05:50.245+0200: 19203.519: [GC pause (G1 Evacuation Pause) (young) 5466M->2693M(6144M), 0.0437889 secs]
2018-03-27T17:05:52.787+0200: 19206.060: [GC pause (G1 Evacuation Pause) (young) 5463M->2691M(6144M), 0.0429881 secs]
2018-03-27T17:05:55.199+0200: 19208.472: [GC pause (G1 Evacuation Pause) (young) 5467M->2695M(6144M), 0.0400456 secs]
2018-03-27T17:05:57.284+0200: 19210.558: [GC pause (G1 Evacuation Pause) (young) 5465M->2694M(6144M), 0.0415535 secs]
2018-03-27T17:05:59.523+0200: 19212.796: [GC pause (G1 Evacuation Pause) (young) 5466M->2697M(6144M), 0.0560587 secs]
2018-03-27T17:06:02.036+0200: 19215.310: [GC pause (G1 Evacuation Pause) (young) 5463M->2700M(6144M), 0.0381261 secs]
2018-03-27T17:06:04.840+0200: 19218.113: [GC pause (G1 Evacuation Pause) (young) 5464M->2699M(6144M), 0.0529602 secs]
2018-03-27T17:06:07.054+0200: 19220.328: [GC pause (G1 Evacuation Pause) (young) 5469M->2700M(6144M), 0.0429755 secs]
2018-03-27T17:06:09.512+0200: 19222.786: [GC pause (G1 Evacuation Pause) (young) 5468M->2702M(6144M), 0.0481724 secs]
2018-03-27T17:06:11.920+0200: 19225.194: [GC pause (G1 Evacuation Pause) (young) 5468M->2706M(6144M), 0.0411827 secs]
2018-03-27T17:06:13.993+0200: 19227.267: [GC pause (G1 Evacuation Pause) (young) 5466M->2708M(6144M), 0.0448356 secs]
2018-03-27T17:06:16.658+0200: 19229.932: [GC pause (G1 Evacuation Pause) (young) 5466M->2711M(6144M), 0.0395002 secs]
2018-03-27T17:06:18.762+0200: 19232.036: [GC pause (G1 Evacuation Pause) (young) 5463M->2712M(6144M), 0.0477425 secs]
2018-03-27T17:06:20.927+0200: 19234.201: [GC pause (G1 Evacuation Pause) (young) 5466M->2716M(6144M), 0.0462099 secs]
2018-03-27T17:06:22.894+0200: 19236.167: [GC pause (G1 Evacuation Pause) (young) 5464M->2716M(6144M), 0.0497526 secs]
2018-03-27T17:06:25.521+0200: 19238.795: [GC pause (G1 Evacuation Pause) (young) 5466M->2717M(6144M), 0.0496678 secs]
2018-03-27T17:06:27.806+0200: 19241.080: [GC pause (G1 Evacuation Pause) (young) 5469M->2720M(6144M), 0.0482979 secs]
2018-03-27T17:06:30.142+0200: 19243.416: [GC pause (G1 Evacuation Pause) (young) 5466M->2721M(6144M), 0.0402851 secs]
2018-03-27T17:06:32.706+0200: 19245.979: [GC pause (G1 Evacuation Pause) (young) 5469M->2726M(6144M), 0.0427865 secs]
2018-03-27T17:06:35.011+0200: 19248.284: [GC pause (GCLocker Initiated GC) (young) 5466M->2727M(6144M), 0.0418922 secs]
2018-03-27T17:06:36.965+0200: 19250.238: [GC pause (GCLocker Initiated GC) (young) 5465M->2745M(6144M), 0.0603694 secs]
2018-03-27T17:06:39.083+0200: 19252.357: [GC pause (GCLocker Initiated GC) (young) 5453M->2749M(6144M), 0.0431259 secs]
2018-03-27T17:06:40.746+0200: 19254.019: [GC pause (G1 Evacuation Pause) (young) 5449M->2753M(6144M), 0.0433524 secs]
2018-03-27T17:06:42.697+0200: 19255.971: [GC pause (G1 Evacuation Pause) (young) 5447M->2755M(6144M), 0.0559234 secs]
2018-03-27T17:06:44.590+0200: 19257.864: [GC pause (G1 Evacuation Pause) (young) 5445M->2756M(6144M), 0.0550178 secs]
2018-03-27T17:06:46.342+0200: 19259.616: [GC pause (GCLocker Initiated GC) (young) 5446M->2760M(6144M), 0.0501705 secs]
2018-03-27T17:06:48.206+0200: 19261.480: [GC pause (G1 Evacuation Pause) (young) 5446M->2764M(6144M), 0.0520836 secs]
2018-03-27T17:06:50.114+0200: 19263.388: [GC pause (G1 Evacuation Pause) (young) 5444M->2765M(6144M), 0.0475695 secs]
2018-03-27T17:06:52.029+0200: 19265.302: [GC pause (G1 Evacuation Pause) (young) 5447M->2768M(6144M), 0.0477405 secs]
2018-03-27T17:06:54.141+0200: 19267.415: [GC pause (G1 Evacuation Pause) (young) 5447M->2771M(6144M), 0.0499954 secs]
2018-03-27T17:06:56.681+0200: 19269.955: [GC pause (G1 Evacuation Pause) (young) 5445M->2772M(6144M), 0.0472556 secs]
2018-03-27T17:06:58.971+0200: 19272.245: [GC pause (G1 Evacuation Pause) (young) 5446M->2770M(6144M), 0.0465063 secs]
2018-03-27T17:07:01.665+0200: 19274.939: [GC pause (G1 Evacuation Pause) (young) 5450M->2774M(6144M), 0.0512291 secs]
2018-03-27T17:07:04.065+0200: 19277.339: [GC pause (G1 Evacuation Pause) (young) 5448M->2778M(6144M), 0.0520095 secs]
2018-03-27T17:07:06.099+0200: 19279.373: [GC pause (G1 Evacuation Pause) (young) 5446M->2780M(6144M), 0.0471140 secs]
2018-03-27T17:07:08.172+0200: 19281.446: [GC pause (G1 Evacuation Pause) (young) 5448M->2783M(6144M), 0.0502165 secs]
2018-03-27T17:07:10.336+0200: 19283.610: [GC pause (G1 Evacuation Pause) (young) 5459M->2793M(6144M), 0.0487655 secs]
2018-03-27T17:07:12.807+0200: 19286.080: [GC pause (G1 Evacuation Pause) (young) 5463M->2800M(6144M), 0.0670509 secs]
2018-03-27T17:07:14.657+0200: 19287.931: [GC pause (G1 Evacuation Pause) (young) 5462M->2803M(6144M), 0.0414399 secs]
2018-03-27T17:07:17.425+0200: 19290.699: [GC pause (G1 Evacuation Pause) (young) 5463M->2804M(6144M), 0.0419242 secs]
2018-03-27T17:07:19.543+0200: 19292.817: [GC pause (G1 Evacuation Pause) (young) 5462M->2803M(6144M), 0.0395244 secs]
2018-03-27T17:07:21.645+0200: 19294.919: [GC pause (G1 Evacuation Pause) (young) 5465M->2806M(6144M), 0.0583957 secs]
2018-03-27T17:07:23.270+0200: 19296.544: [GC pause (G1 Evacuation Pause) (young) 5466M->2809M(6144M), 0.0469084 secs]
2018-03-27T17:07:25.723+0200: 19298.996: [GC pause (G1 Evacuation Pause) (young) 5465M->2811M(6144M), 0.0472778 secs]
2018-03-27T17:07:27.848+0200: 19301.122: [GC pause (G1 Evacuation Pause) (young) 5469M->2812M(6144M), 0.0522928 secs]
2018-03-27T17:07:29.892+0200: 19303.166: [GC pause (GCLocker Initiated GC) (young) 5488M->2815M(6144M), 0.0426300 secs]
2018-03-27T17:07:31.691+0200: 19304.964: [GC pause (G1 Evacuation Pause) (young) 5465M->2821M(6144M), 0.0420667 secs]
2018-03-27T17:07:33.893+0200: 19307.167: [GC pause (G1 Evacuation Pause) (young) 5461M->2820M(6144M), 0.0380677 secs]
2018-03-27T17:07:35.656+0200: 19308.930: [GC pause (G1 Evacuation Pause) (young) (initial-mark) 5466M->2821M(6144M), 0.0445415 secs]
2018-03-27T17:07:35.701+0200: 19308.974: [GC concurrent-root-region-scan-start]
2018-03-27T17:07:35.760+0200: 19309.034: [GC concurrent-root-region-scan-end, 0.0598612 secs]
2018-03-27T17:07:35.760+0200: 19309.034: [GC concurrent-mark-start]
2018-03-27T17:07:38.088+0200: 19311.361: [GC pause (G1 Evacuation Pause) (young) 5465M->2826M(6144M), 0.0425255 secs]
2018-03-27T17:07:38.942+0200: 19312.215: [GC concurrent-mark-end, 3.1811157 secs]
2018-03-27T17:07:38.945+0200: 19312.218: [GC remark, 0.3483290 secs]
2018-03-27T17:07:39.312+0200: 19312.586: [GC cleanup 3908M->3908M(6144M), 0.0362367 secs]
2018-03-27T17:07:39.900+0200: 19313.174: [GC pause (G1 Evacuation Pause) (young) 4816M->2829M(6144M), 0.0597127 secs]
2018-03-27T17:07:40.086+0200: 19313.360: [GC pause (G1 Evacuation Pause) (mixed) 3103M->2518M(6144M), 0.1908849 secs]
2018-03-27T17:07:40.407+0200: 19313.681: [GC pause (GCLocker Initiated GC) (mixed) 2809M->2507M(6144M), 0.1401042 secs]
2018-03-27T17:07:40.687+0200: 19313.961: [GC pause (G1 Evacuation Pause) (young) 2785M->2507M(6144M), 0.0450532 secs]
2018-03-27T17:07:40.865+0200: 19314.138: [GC pause (GCLocker Initiated GC) (young) 2801M->2517M(6144M), 0.0251423 secs]
2018-03-27T17:07:41.007+0200: 19314.281: [GC pause (G1 Evacuation Pause) (young) 2799M->2520M(6144M), 0.0261210 secs]
2018-03-27T17:07:41.153+0200: 19314.427: [GC pause (G1 Evacuation Pause) (young) 2798M->2518M(6144M), 0.0224400 secs]
2018-03-27T17:07:41.310+0200: 19314.584: [GC pause (G1 Evacuation Pause) (young) 2798M->2518M(6144M), 0.0234686 secs]
2018-03-27T17:07:41.577+0200: 19314.851: [GC pause (G1 Evacuation Pause) (young) 2798M->2517M(6144M), 0.0221870 secs]
2018-03-27T17:07:41.605+0200: 19314.879: [GC pause (GCLocker Initiated GC) (young) 2520M->2517M(6144M), 0.0233366 secs]
2018-03-27T17:07:41.811+0200: 19315.084: [GC pause (G1 Evacuation Pause) (young) 2799M->2517M(6144M), 0.0319773 secs]
2018-03-27T17:07:42.099+0200: 19315.372: [GC pause (G1 Evacuation Pause) (young) 2799M->2519M(6144M), 0.0231855 secs]
2018-03-27T17:07:42.328+0200: 19315.601: [GC pause (G1 Evacuation Pause) (young) 2799M->2519M(6144M), 0.0402605 secs]
2018-03-27T17:07:42.563+0200: 19315.837: [GC pause (G1 Evacuation Pause) (young) 2799M->2521M(6144M), 0.0266791 secs]
2018-03-27T17:07:42.734+0200: 19316.008: [GC pause (G1 Evacuation Pause) (young) 2799M->2521M(6144M), 0.0246573 secs]
2018-03-27T17:07:42.918+0200: 19316.192: [GC pause (G1 Evacuation Pause) (young) 2805M->2524M(6144M), 0.0280810 secs]
2018-03-27T17:07:44.166+0200: 19317.440: [GC pause (G1 Evacuation Pause) (young) 3692M->2527M(6144M), 0.0305743 secs]
2018-03-27T17:07:47.115+0200: 19320.389: [GC pause (G1 Evacuation Pause) (young) 5407M->2533M(6144M), 0.0503358 secs]
2018-03-27T17:07:49.371+0200: 19322.645: [GC pause (G1 Evacuation Pause) (young) 5429M->2540M(6144M), 0.0515842 secs]
2018-03-27T17:07:51.463+0200: 19324.737: [GC pause (G1 Evacuation Pause) (young) 5448M->2546M(6144M), 0.0316198 secs]
2018-03-27T17:07:53.853+0200: 19327.126: [GC pause (G1 Evacuation Pause) (young) 5462M->2550M(6144M), 0.0347251 secs]
2018-03-27T17:07:56.695+0200: 19329.969: [GC pause (G1 Evacuation Pause) (young) 5470M->2556M(6144M), 0.0426439 secs]
2018-03-27T17:07:58.851+0200: 19332.125: [GC pause (G1 Evacuation Pause) (young) 5478M->2559M(6144M), 0.0335486 secs]
2018-03-27T17:08:01.446+0200: 19334.720: [GC pause (G1 Evacuation Pause) (young) 5473M->2566M(6144M), 0.0329043 secs]
2018-03-27T17:08:03.976+0200: 19337.250: [GC pause (G1 Evacuation Pause) (young) 5468M->2564M(6144M), 0.0411943 secs]
2018-03-27T17:08:06.634+0200: 19339.908: [GC pause (G1 Evacuation Pause) (young) 5470M->2568M(6144M), 0.0459873 secs]
2018-03-27T17:08:08.782+0200: 19342.055: [GC pause (GCLocker Initiated GC) (young) 5467M->2569M(6144M), 0.0499636 secs]
2018-03-27T17:08:11.613+0200: 19344.886: [GC pause (GCLocker Initiated GC) (young) 5472M->2570M(6144M), 0.0507180 secs]
2018-03-27T17:08:13.983+0200: 19347.256: [GC pause (G1 Evacuation Pause) (young) 5466M->2573M(6144M), 0.0411343 secs]
2018-03-27T17:08:16.378+0200: 19349.652: [GC pause (G1 Evacuation Pause) (young) 5461M->2575M(6144M), 0.0396260 secs]
2018-03-27T17:08:19.273+0200: 19352.547: [GC pause (G1 Evacuation Pause) (young) 5459M->2577M(6144M), 0.0511038 secs]
2018-03-27T17:08:21.643+0200: 19354.916: [GC pause (G1 Evacuation Pause) (young) 5458M->2582M(6144M), 0.0389189 secs]
2018-03-27T17:08:24.529+0200: 19357.803: [GC pause (G1 Evacuation Pause) (young) 5456M->2579M(6144M), 0.0571798 secs]
2018-03-27T17:08:26.918+0200: 19360.192: [GC pause (G1 Evacuation Pause) (young) 5459M->2581M(6144M), 0.0406512 secs]
2018-03-27T17:08:29.137+0200: 19362.410: [GC pause (G1 Evacuation Pause) (young) 5459M->2583M(6144M), 0.0652939 secs]
2018-03-27T17:08:31.695+0200: 19364.969: [GC pause (G1 Evacuation Pause) (young) 5463M->2585M(6144M), 0.0504514 secs]
2018-03-27T17:08:34.698+0200: 19367.972: [GC pause (G1 Evacuation Pause) (young) 5461M->2587M(6144M), 0.0447510 secs]
2018-03-27T17:08:37.352+0200: 19370.626: [GC pause (G1 Evacuation Pause) (young) 5461M->2589M(6144M), 0.0461780 secs]
2018-03-27T17:08:40.097+0200: 19373.370: [GC pause (G1 Evacuation Pause) (young) 5465M->2590M(6144M), 0.0426984 secs]
2018-03-27T17:08:42.294+0200: 19375.568: [GC pause (G1 Evacuation Pause) (young) 5464M->2593M(6144M), 0.0398494 secs]
2018-03-27T17:08:45.500+0200: 19378.774: [GC pause (G1 Evacuation Pause) (young) 5461M->2595M(6144M), 0.0383013 secs]
2018-03-27T17:08:48.053+0200: 19381.326: [GC pause (G1 Evacuation Pause) (young) 5465M->2598M(6144M), 0.0702973 secs]
2018-03-27T17:08:50.878+0200: 19384.152: [GC pause (G1 Evacuation Pause) (young) 5462M->2599M(6144M), 0.0382561 secs]
2018-03-27T17:08:53.308+0200: 19386.582: [GC pause (GCLocker Initiated GC) (young) 5465M->2601M(6144M), 0.0394202 secs]
2018-03-27T17:08:56.372+0200: 19389.645: [GC pause (G1 Evacuation Pause) (young) 5465M->2604M(6144M), 0.0374769 secs]
2018-03-27T17:08:58.260+0200: 19391.534: [GC pause (G1 Evacuation Pause) (young) 5462M->2605M(6144M), 0.0373188 secs]
2018-03-27T17:09:01.145+0200: 19394.419: [GC pause (G1 Evacuation Pause) (young) 5463M->2606M(6144M), 0.0363226 secs]
2018-03-27T17:09:03.240+0200: 19396.514: [GC pause (G1 Evacuation Pause) (young) 5466M->2611M(6144M), 0.0453036 secs]
2018-03-27T17:09:05.735+0200: 19399.009: [GC pause (G1 Evacuation Pause) (young) 5462M->2609M(6144M), 0.0421728 secs]
2018-03-27T17:09:08.184+0200: 19401.457: [GC pause (G1 Evacuation Pause) (young) 5465M->2615M(6144M), 0.0429941 secs]
2018-03-27T17:09:10.955+0200: 19404.229: [GC pause (G1 Evacuation Pause) (young) 5461M->2616M(6144M), 0.0375475 secs]
2018-03-27T17:09:13.765+0200: 19407.039: [GC pause (G1 Evacuation Pause) (young) 5464M->2619M(6144M), 0.0640908 secs]
2018-03-27T17:09:16.390+0200: 19409.664: [GC pause (G1 Evacuation Pause) (young) 5461M->2617M(6144M), 0.0368777 secs]
2018-03-27T17:09:18.851+0200: 19412.125: [GC pause (GCLocker Initiated GC) (young) 5465M->2621M(6144M), 0.0394069 secs]
2018-03-27T17:09:21.356+0200: 19414.630: [GC pause (G1 Evacuation Pause) (young) 5463M->2623M(6144M), 0.0488987 secs]
2018-03-27T17:09:24.273+0200: 19417.546: [GC pause (G1 Evacuation Pause) (young) 5463M->2626M(6144M), 0.0386122 secs]
2018-03-27T17:09:26.324+0200: 19419.598: [GC pause (G1 Evacuation Pause) (young) 5460M->2626M(6144M), 0.0445841 secs]
2018-03-27T17:09:29.034+0200: 19422.307: [GC pause (G1 Evacuation Pause) (young) 5462M->2632M(6144M), 0.0477443 secs]
2018-03-27T17:09:31.859+0200: 19425.132: [GC pause (G1 Evacuation Pause) (young) 5458M->2633M(6144M), 0.0525023 secs]
2018-03-27T17:09:34.277+0200: 19427.551: [GC pause (G1 Evacuation Pause) (young) 5461M->2638M(6144M), 0.0436921 secs]
2018-03-27T17:09:36.574+0200: 19429.847: [GC pause (G1 Evacuation Pause) (young) 5467M->2635M(6144M), 0.0414561 secs]
2018-03-27T17:09:39.243+0200: 19432.516: [GC pause (G1 Evacuation Pause) (young) 5463M->2636M(6144M), 0.0507665 secs]
2018-03-27T17:09:41.447+0200: 19434.721: [GC pause (G1 Evacuation Pause) (young) 5466M->2640M(6144M), 0.0388884 secs]
2018-03-27T17:09:43.582+0200: 19436.856: [GC pause (G1 Evacuation Pause) (young) 5464M->2640M(6144M), 0.0363372 secs]
2018-03-27T17:09:46.565+0200: 19439.839: [GC pause (G1 Evacuation Pause) (young) 5466M->2644M(6144M), 0.0421086 secs]
2018-03-27T17:09:48.518+0200: 19441.792: [GC pause (G1 Evacuation Pause) (young) 5464M->2645M(6144M), 0.0378554 secs]
2018-03-27T17:09:50.689+0200: 19443.963: [GC pause (G1 Evacuation Pause) (young) 5467M->2648M(6144M), 0.0437620 secs]
2018-03-27T17:09:52.570+0200: 19445.844: [GC pause (G1 Evacuation Pause) (young) 5464M->2647M(6144M), 0.0539327 secs]
2018-03-27T17:09:54.843+0200: 19448.116: [GC pause (G1 Evacuation Pause) (young) 5465M->2652M(6144M), 0.0364017 secs]
2018-03-27T17:09:57.297+0200: 19450.571: [GC pause (G1 Evacuation Pause) (young) 5464M->2655M(6144M), 0.0660215 secs]
2018-03-27T17:09:59.335+0200: 19452.609: [GC pause (G1 Evacuation Pause) (young) 5461M->2659M(6144M), 0.0463265 secs]
2018-03-27T17:10:01.577+0200: 19454.851: [GC pause (G1 Evacuation Pause) (young) 5463M->2660M(6144M), 0.0671198 secs]
2018-03-27T17:10:03.955+0200: 19457.228: [GC pause (G1 Evacuation Pause) (young) 5462M->2662M(6144M), 0.0664749 secs]
2018-03-27T17:10:06.781+0200: 19460.055: [GC pause (G1 Evacuation Pause) (young) 5462M->2664M(6144M), 0.0598986 secs]
2018-03-27T17:10:08.993+0200: 19462.267: [GC pause (G1 Evacuation Pause) (young) 5462M->2667M(6144M), 0.0459927 secs]
2018-03-27T17:10:11.304+0200: 19464.578: [GC pause (G1 Evacuation Pause) (young) 5459M->2669M(6144M), 0.0437690 secs]
2018-03-27T17:10:13.037+0200: 19466.311: [GC pause (G1 Evacuation Pause) (young) 5459M->2671M(6144M), 0.0413693 secs]
2018-03-27T17:10:15.462+0200: 19468.736: [GC pause (G1 Evacuation Pause) (young) 5459M->2672M(6144M), 0.0408930 secs]
2018-03-27T17:10:17.428+0200: 19470.702: [GC pause (G1 Evacuation Pause) (young) 5462M->2675M(6144M), 0.0442648 secs]
2018-03-27T17:10:19.793+0200: 19473.067: [GC pause (G1 Evacuation Pause) (young) 5459M->2676M(6144M), 0.0566658 secs]
2018-03-27T17:10:22.624+0200: 19475.898: [GC pause (G1 Evacuation Pause) (young) 5462M->2681M(6144M), 0.0370168 secs]
2018-03-27T17:10:25.012+0200: 19478.286: [GC pause (G1 Evacuation Pause) (young) 5461M->2680M(6144M), 0.0375258 secs]
2018-03-27T17:10:27.247+0200: 19480.521: [GC pause (G1 Evacuation Pause) (young) 5460M->2686M(6144M), 0.0431644 secs]
2018-03-27T17:10:29.259+0200: 19482.533: [GC pause (GCLocker Initiated GC) (young) 5476M->2689M(6144M), 0.0410641 secs]
2018-03-27T17:10:31.120+0200: 19484.394: [GC pause (G1 Evacuation Pause) (young) 5457M->2690M(6144M), 0.0814063 secs]
2018-03-27T17:10:33.138+0200: 19486.412: [GC pause (G1 Evacuation Pause) (young) 5461M->2694M(6144M), 0.0433579 secs]
2018-03-27T17:10:35.248+0200: 19488.522: [GC pause (G1 Evacuation Pause) (young) 5460M->2695M(6144M), 0.0437725 secs]
2018-03-27T17:10:37.695+0200: 19490.969: [GC pause (GCLocker Initiated GC) (young) 5471M->2697M(6144M), 0.0453181 secs]
2018-03-27T17:10:39.820+0200: 19493.093: [GC pause (G1 Evacuation Pause) (young) 5461M->2698M(6144M), 0.0388726 secs]
2018-03-27T17:10:42.462+0200: 19495.736: [GC pause (G1 Evacuation Pause) (young) 5458M->2702M(6144M), 0.0593639 secs]
2018-03-27T17:10:44.688+0200: 19497.962: [GC pause (G1 Evacuation Pause) (young) 5460M->2701M(6144M), 0.0556532 secs]
2018-03-27T17:10:47.147+0200: 19500.420: [GC pause (G1 Evacuation Pause) (young) 5461M->2706M(6144M), 0.0412426 secs]
2018-03-27T17:10:49.531+0200: 19502.805: [GC pause (GCLocker Initiated GC) (young) 5468M->2709M(6144M), 0.0372385 secs]
2018-03-27T17:10:51.489+0200: 19504.763: [GC pause (G1 Evacuation Pause) (young) 5457M->2711M(6144M), 0.0378900 secs]
2018-03-27T17:10:53.666+0200: 19506.940: [GC pause (G1 Evacuation Pause) (young) 5457M->2710M(6144M), 0.0449695 secs]
2018-03-27T17:10:56.382+0200: 19509.656: [GC pause (G1 Evacuation Pause) (young) 5462M->2712M(6144M), 0.0422647 secs]
2018-03-27T17:10:58.867+0200: 19512.140: [GC pause (G1 Evacuation Pause) (young) 5460M->2717M(6144M), 0.0520862 secs]
2018-03-27T17:11:01.694+0200: 19514.968: [GC pause (G1 Evacuation Pause) (young) 5459M->2717M(6144M), 0.0401757 secs]
2018-03-27T17:11:03.633+0200: 19516.907: [GC pause (GCLocker Initiated GC) (young) 5469M->2721M(6144M), 0.0486133 secs]
2018-03-27T17:11:06.456+0200: 19519.730: [GC pause (G1 Evacuation Pause) (young) 5461M->2725M(6144M), 0.0415102 secs]
2018-03-27T17:11:09.092+0200: 19522.365: [GC pause (G1 Evacuation Pause) (young) 5459M->2726M(6144M), 0.0534040 secs]
2018-03-27T17:11:10.968+0200: 19524.242: [GC pause (G1 Evacuation Pause) (young) 5462M->2728M(6144M), 0.0377480 secs]
2018-03-27T17:11:12.917+0200: 19526.190: [GC pause (G1 Evacuation Pause) (young) 5462M->2729M(6144M), 0.0481424 secs]
2018-03-27T17:11:15.608+0200: 19528.882: [GC pause (G1 Evacuation Pause) (young) 5464M->2732M(6144M), 0.0474552 secs]
2018-03-27T17:11:17.726+0200: 19531.000: [GC pause (G1 Evacuation Pause) (young) 5464M->2734M(6144M), 0.0426306 secs]
2018-03-27T17:11:19.958+0200: 19533.232: [GC pause (G1 Evacuation Pause) (young) 5466M->2735M(6144M), 0.0429858 secs]
2018-03-27T17:11:22.034+0200: 19535.308: [GC pause (GCLocker Initiated GC) (young) 5469M->2741M(6144M), 0.0441847 secs]
2018-03-27T17:11:23.716+0200: 19536.990: [GC pause (G1 Evacuation Pause) (young) 5465M->2744M(6144M), 0.0408537 secs]
2018-03-27T17:11:25.975+0200: 19539.249: [GC pause (G1 Evacuation Pause) (young) 5462M->2743M(6144M), 0.0461218 secs]
2018-03-27T17:11:28.102+0200: 19541.376: [GC pause (G1 Evacuation Pause) (young) 5463M->2743M(6144M), 0.0593489 secs]
2018-03-27T17:11:30.377+0200: 19543.651: [GC pause (G1 Evacuation Pause) (young) 5465M->2749M(6144M), 0.0468002 secs]
2018-03-27T17:11:33.324+0200: 19546.598: [GC pause (G1 Evacuation Pause) (young) 5461M->2748M(6144M), 0.0725033 secs]
2018-03-27T17:11:35.448+0200: 19548.721: [GC pause (G1 Evacuation Pause) (young) 5466M->2751M(6144M), 0.0445898 secs]
2018-03-27T17:11:37.624+0200: 19550.898: [GC pause (G1 Evacuation Pause) (young) 5467M->2752M(6144M), 0.0514211 secs]
2018-03-27T17:11:39.996+0200: 19553.270: [GC pause (G1 Evacuation Pause) (young) 5466M->2755M(6144M), 0.0540081 secs]
2018-03-27T17:11:42.986+0200: 19556.259: [GC pause (GCLocker Initiated GC) (young) 5465M->2755M(6144M), 0.0623043 secs]
2018-03-27T17:11:44.820+0200: 19558.093: [GC pause (GCLocker Initiated GC) (young) 5477M->2757M(6144M), 0.0417722 secs]
2018-03-27T17:11:47.626+0200: 19560.900: [GC pause (G1 Evacuation Pause) (young) 5465M->2758M(6144M), 0.0348124 secs]
2018-03-27T17:11:49.663+0200: 19562.937: [GC pause (G1 Evacuation Pause) (young) 5464M->2759M(6144M), 0.0367504 secs]
2018-03-27T17:11:52.194+0200: 19565.468: [GC pause (GCLocker Initiated GC) (young) 5479M->2762M(6144M), 0.0423457 secs]
2018-03-27T17:11:54.484+0200: 19567.758: [GC pause (G1 Evacuation Pause) (young) 5468M->2764M(6144M), 0.0367167 secs]
2018-03-27T17:11:56.226+0200: 19569.500: [GC pause (G1 Evacuation Pause) (young) 5468M->2766M(6144M), 0.0395416 secs]
2018-03-27T17:11:58.742+0200: 19572.016: [GC pause (G1 Evacuation Pause) (young) 5468M->2770M(6144M), 0.0427220 secs]
2018-03-27T17:12:00.936+0200: 19574.210: [GC pause (GCLocker Initiated GC) (young) 5467M->2769M(6144M), 0.0541884 secs]
2018-03-27T17:12:02.750+0200: 19576.024: [GC pause (G1 Evacuation Pause) (young) 5469M->2773M(6144M), 0.0426533 secs]
2018-03-27T17:12:05.197+0200: 19578.471: [GC pause (G1 Evacuation Pause) (young) 5469M->2775M(6144M), 0.0424739 secs]
2018-03-27T17:12:07.260+0200: 19580.533: [GC pause (GCLocker Initiated GC) (young) 5480M->2777M(6144M), 0.0449158 secs]
2018-03-27T17:12:09.615+0200: 19582.889: [GC pause (G1 Evacuation Pause) (young) 5469M->2782M(6144M), 0.0380509 secs]
2018-03-27T17:12:11.731+0200: 19585.005: [GC pause (G1 Evacuation Pause) (young) 5463M->2787M(6144M), 0.0392013 secs]
2018-03-27T17:12:13.586+0200: 19586.859: [GC pause (G1 Evacuation Pause) (young) 5461M->2785M(6144M), 0.0351949 secs]
2018-03-27T17:12:16.032+0200: 19589.305: [GC pause (G1 Evacuation Pause) (young) 5467M->2789M(6144M), 0.0369061 secs]
2018-03-27T17:12:18.363+0200: 19591.636: [GC pause (G1 Evacuation Pause) (young) 5465M->2790M(6144M), 0.0458208 secs]
2018-03-27T17:12:21.109+0200: 19594.382: [GC pause (G1 Evacuation Pause) (young) 5464M->2790M(6144M), 0.0358733 secs]
2018-03-27T17:12:23.303+0200: 19596.577: [GC pause (G1 Evacuation Pause) (young) 5466M->2793M(6144M), 0.0368749 secs]
2018-03-27T17:12:25.556+0200: 19598.830: [GC pause (G1 Evacuation Pause) (young) 5463M->2792M(6144M), 0.0570278 secs]
2018-03-27T17:12:27.443+0200: 19600.717: [GC pause (GCLocker Initiated GC) (young) 5469M->2796M(6144M), 0.0566151 secs]
2018-03-27T17:12:29.632+0200: 19602.906: [GC pause (G1 Evacuation Pause) (young) 5466M->2798M(6144M), 0.0467826 secs]
2018-03-27T17:12:32.368+0200: 19605.642: [GC pause (G1 Evacuation Pause) (young) 5466M->2801M(6144M), 0.0411862 secs]
2018-03-27T17:12:34.658+0200: 19607.932: [GC pause (G1 Evacuation Pause) (young) 5467M->2803M(6144M), 0.0733205 secs]
2018-03-27T17:12:36.587+0200: 19609.861: [GC pause (G1 Evacuation Pause) (young) 5465M->2805M(6144M), 0.0498618 secs]
2018-03-27T17:12:38.944+0200: 19612.217: [GC pause (G1 Evacuation Pause) (young) 5465M->2808M(6144M), 0.0437391 secs]
2018-03-27T17:12:39.541+0200: 19612.814: [GC pause (G1 Humongous Allocation) (young) (initial-mark) 3341M->2811M(6144M), 0.0512658 secs]
2018-03-27T17:12:39.592+0200: 19612.866: [GC concurrent-root-region-scan-start]
2018-03-27T17:12:39.636+0200: 19612.909: [GC concurrent-root-region-scan-end, 0.0436855 secs]
2018-03-27T17:12:39.636+0200: 19612.909: [GC concurrent-mark-start]
2018-03-27T17:12:41.869+0200: 19615.143: [GC pause (G1 Evacuation Pause) (young) 5474M->2810M(6144M), 0.0443062 secs]
2018-03-27T17:12:43.084+0200: 19616.357: [GC concurrent-mark-end, 3.4479640 secs]
2018-03-27T17:12:43.087+0200: 19616.361: [GC remark, 0.3127634 secs]
2018-03-27T17:12:43.420+0200: 19616.694: [GC cleanup 4178M->4176M(6144M), 0.0266637 secs]
2018-03-27T17:12:43.447+0200: 19616.721: [GC concurrent-cleanup-start]
2018-03-27T17:12:43.447+0200: 19616.721: [GC concurrent-cleanup-end, 0.0000585 secs]
2018-03-27T17:12:44.295+0200: 19617.569: [GC pause (G1 Evacuation Pause) (young) 5466M->2811M(6144M), 0.0602992 secs]
2018-03-27T17:12:44.475+0200: 19617.749: [GC pause (G1 Evacuation Pause) (mixed) 3061M->2483M(6144M), 0.1885929 secs]
2018-03-27T17:12:44.869+0200: 19618.143: [GC pause (G1 Evacuation Pause) (young) 2765M->2485M(6144M), 0.0737128 secs]
2018-03-27T17:12:45.074+0200: 19618.348: [GC pause (G1 Evacuation Pause) (young) 2765M->2485M(6144M), 0.0227013 secs]
2018-03-27T17:12:45.217+0200: 19618.491: [GC pause (G1 Evacuation Pause) (young) 2765M->2485M(6144M), 0.0255367 secs]
2018-03-27T17:12:45.388+0200: 19618.662: [GC pause (G1 Evacuation Pause) (young) 2765M->2484M(6144M), 0.0296789 secs]
2018-03-27T17:12:45.558+0200: 19618.832: [GC pause (G1 Evacuation Pause) (young) 2764M->2485M(6144M), 0.0230734 secs]
2018-03-27T17:12:45.743+0200: 19619.017: [GC pause (G1 Evacuation Pause) (young) 2765M->2486M(6144M), 0.0227710 secs]
2018-03-27T17:12:45.981+0200: 19619.255: [GC pause (G1 Evacuation Pause) (young) 2764M->2487M(6144M), 0.0353168 secs]
2018-03-27T17:12:46.198+0200: 19619.472: [GC pause (GCLocker Initiated GC) (young) 2766M->2488M(6144M), 0.0422687 secs]
2018-03-27T17:12:46.396+0200: 19619.669: [GC pause (G1 Evacuation Pause) (young) 2764M->2488M(6144M), 0.0230099 secs]
2018-03-27T17:12:46.598+0200: 19619.872: [GC pause (G1 Evacuation Pause) (young) 2770M->2487M(6144M), 0.0387476 secs]
2018-03-27T17:12:46.779+0200: 19620.053: [GC pause (G1 Evacuation Pause) (young) 2769M->2492M(6144M), 0.0220208 secs]
2018-03-27T17:12:47.015+0200: 19620.289: [GC pause (G1 Evacuation Pause) (young) 2770M->2489M(6144M), 0.0246117 secs]
2018-03-27T17:12:47.276+0200: 19620.549: [GC pause (G1 Evacuation Pause) (young) 2769M->2487M(6144M), 0.0265369 secs]
2018-03-27T17:12:47.538+0200: 19620.812: [GC pause (G1 Evacuation Pause) (young) 2769M->2489M(6144M), 0.0272513 secs]
2018-03-27T17:12:47.728+0200: 19621.001: [GC pause (G1 Evacuation Pause) (young) 2775M->2489M(6144M), 0.0358970 secs]
2018-03-27T17:12:47.939+0200: 19621.213: [GC pause (G1 Evacuation Pause) (young) 2777M->2491M(6144M), 0.0210362 secs]
2018-03-27T17:12:48.795+0200: 19622.069: [GC pause (GCLocker Initiated GC) (young) 3501M->2495M(6144M), 0.0263722 secs]
2018-03-27T17:12:51.539+0200: 19624.813: [GC pause (G1 Evacuation Pause) (young) 5460M->2499M(6144M), 0.0286558 secs]
2018-03-27T17:12:53.928+0200: 19627.201: [GC pause (GCLocker Initiated GC) (young) 5469M->2505M(6144M), 0.0319256 secs]
2018-03-27T17:12:57.158+0200: 19630.431: [GC pause (G1 Evacuation Pause) (young) 5477M->2508M(6144M), 0.0321679 secs]
2018-03-27T17:12:59.290+0200: 19632.564: [GC pause (G1 Evacuation Pause) (young) 5486M->2512M(6144M), 0.0371383 secs]
2018-03-27T17:13:01.492+0200: 19634.765: [GC pause (G1 Evacuation Pause) (young) 5484M->2520M(6144M), 0.0355246 secs]
2018-03-27T17:13:03.671+0200: 19636.945: [GC pause (GCLocker Initiated GC) (young) 5482M->2523M(6144M), 0.0326517 secs]
2018-03-27T17:13:05.797+0200: 19639.070: [GC pause (G1 Evacuation Pause) (young) 5486M->2530M(6144M), 0.0356035 secs]
2018-03-27T17:13:08.250+0200: 19641.524: [GC pause (GCLocker Initiated GC) (young) 5501M->2527M(6144M), 0.0342186 secs]
2018-03-27T17:13:10.741+0200: 19644.014: [GC pause (GCLocker Initiated GC) (young) 5478M->2532M(6144M), 0.0446366 secs]
2018-03-27T17:13:13.255+0200: 19646.528: [GC pause (G1 Evacuation Pause) (young) 5470M->2533M(6144M), 0.0361293 secs]
2018-03-27T17:13:15.522+0200: 19648.796: [GC pause (G1 Evacuation Pause) (young) 5467M->2536M(6144M), 0.0468887 secs]
2018-03-27T17:13:17.685+0200: 19650.958: [GC pause (G1 Evacuation Pause) (young) 5466M->2536M(6144M), 0.0390374 secs]
2018-03-27T17:13:19.958+0200: 19653.232: [GC pause (G1 Evacuation Pause) (young) 5466M->2543M(6144M), 0.0392874 secs]
2018-03-27T17:13:22.040+0200: 19655.314: [GC pause (G1 Evacuation Pause) (young) 5457M->2542M(6144M), 0.0381544 secs]
2018-03-27T17:13:23.952+0200: 19657.225: [GC pause (GCLocker Initiated GC) (young) 5488M->2547M(6144M), 0.0434622 secs]
2018-03-27T17:13:26.611+0200: 19659.884: [GC pause (G1 Evacuation Pause) (young) 5455M->2548M(6144M), 0.0618467 secs]
2018-03-27T17:13:28.818+0200: 19662.092: [GC pause (G1 Evacuation Pause) (young) 5454M->2550M(6144M), 0.0419777 secs]
2018-03-27T17:13:31.235+0200: 19664.509: [GC pause (GCLocker Initiated GC) (young) 5459M->2551M(6144M), 0.0490609 secs]
2018-03-27T17:13:33.326+0200: 19666.599: [GC pause (G1 Evacuation Pause) (young) 5457M->2556M(6144M), 0.0376346 secs]
2018-03-27T17:13:35.393+0200: 19668.667: [GC pause (G1 Evacuation Pause) (young) 5456M->2558M(6144M), 0.0420243 secs]
2018-03-27T17:13:37.476+0200: 19670.750: [GC pause (GCLocker Initiated GC) (young) 5470M->2559M(6144M), 0.0765221 secs]
2018-03-27T17:13:39.801+0200: 19673.075: [GC pause (G1 Evacuation Pause) (young) 5457M->2566M(6144M), 0.0666567 secs]
2018-03-27T17:13:41.863+0200: 19675.137: [GC pause (G1 Evacuation Pause) (young) 5455M->2573M(6144M), 0.0557013 secs]
2018-03-27T17:13:43.892+0200: 19677.166: [GC pause (GCLocker Initiated GC) (young) 5451M->2572M(6144M), 0.0503434 secs]
2018-03-27T17:13:45.684+0200: 19678.958: [GC pause (G1 Evacuation Pause) (young) 5452M->2577M(6144M), 0.0626755 secs]
2018-03-27T17:13:47.766+0200: 19681.040: [GC pause (G1 Evacuation Pause) (young) 5451M->2577M(6144M), 0.0456103 secs]
2018-03-27T17:13:49.930+0200: 19683.203: [GC pause (G1 Evacuation Pause) (young) 5452M->2581M(6144M), 0.0500993 secs]
2018-03-27T17:13:52.200+0200: 19685.474: [GC pause (G1 Evacuation Pause) (young) 5451M->2583M(6144M), 0.0495436 secs]
2018-03-27T17:13:54.317+0200: 19687.591: [GC pause (G1 Evacuation Pause) (young) 5453M->2585M(6144M), 0.0491769 secs]
2018-03-27T17:13:56.325+0200: 19689.598: [GC pause (GCLocker Initiated GC) (young) 5469M->2586M(6144M), 0.0462671 secs]
2018-03-27T17:13:58.353+0200: 19691.627: [GC pause (G1 Evacuation Pause) (young) 5454M->2589M(6144M), 0.0456092 secs]
2018-03-27T17:14:00.597+0200: 19693.870: [GC pause (G1 Evacuation Pause) (young) 5453M->2593M(6144M), 0.0489102 secs]
2018-03-27T17:14:02.221+0200: 19695.495: [GC pause (GCLocker Initiated GC) (young) 5452M->2595M(6144M), 0.0615340 secs]
2018-03-27T17:14:03.714+0200: 19696.988: [GC pause (GCLocker Initiated GC) (young) 5479M->2596M(6144M), 0.0551788 secs]
2018-03-27T17:14:06.370+0200: 19699.644: [GC pause (G1 Evacuation Pause) (young) 5454M->2599M(6144M), 0.0455774 secs]
2018-03-27T17:14:09.030+0200: 19702.304: [GC pause (G1 Evacuation Pause) (young) 5453M->2600M(6144M), 0.0515743 secs]
2018-03-27T17:14:11.269+0200: 19704.542: [GC pause (G1 Evacuation Pause) (young) 5452M->2604M(6144M), 0.0451745 secs]
2018-03-27T17:14:13.682+0200: 19706.956: [GC pause (G1 Evacuation Pause) (young) 5458M->2612M(6144M), 0.0447035 secs]
2018-03-27T17:14:15.742+0200: 19709.016: [GC pause (G1 Evacuation Pause) (young) 5456M->2611M(6144M), 0.0398365 secs]
2018-03-27T17:14:18.699+0200: 19711.973: [GC pause (G1 Evacuation Pause) (young) 5459M->2615M(6144M), 0.0422064 secs]
2018-03-27T17:14:20.801+0200: 19714.075: [GC pause (G1 Evacuation Pause) (young) 5461M->2615M(6144M), 0.0583671 secs]
2018-03-27T17:14:22.627+0200: 19715.901: [GC pause (G1 Evacuation Pause) (young) 5461M->2616M(6144M), 0.0415132 secs]
2018-03-27T17:14:24.921+0200: 19718.195: [GC pause (G1 Evacuation Pause) (young) 5466M->2621M(6144M), 0.0383466 secs]
2018-03-27T17:14:27.430+0200: 19720.703: [GC pause (G1 Evacuation Pause) (young) 5463M->2623M(6144M), 0.0397832 secs]
2018-03-27T17:14:30.624+0200: 19723.897: [GC pause (GCLocker Initiated GC) (young) 5464M->2626M(6144M), 0.0405131 secs]
2018-03-27T17:14:32.824+0200: 19726.098: [GC pause (G1 Evacuation Pause) (young) 5464M->2624M(6144M), 0.0379142 secs]
2018-03-27T17:14:34.986+0200: 19728.260: [GC pause (GCLocker Initiated GC) (young) 5472M->2629M(6144M), 0.0414723 secs]
2018-03-27T17:14:37.196+0200: 19730.470: [GC pause (G1 Evacuation Pause) (young) 5465M->2635M(6144M), 0.0454132 secs]
2018-03-27T17:14:40.102+0200: 19733.375: [GC pause (G1 Evacuation Pause) (young) 5465M->2634M(6144M), 0.0397040 secs]
2018-03-27T17:14:42.618+0200: 19735.892: [GC pause (G1 Evacuation Pause) (young) 5466M->2636M(6144M), 0.0435060 secs]
2018-03-27T17:14:45.051+0200: 19738.324: [GC pause (G1 Evacuation Pause) (young) 5466M->2637M(6144M), 0.0385637 secs]
2018-03-27T17:14:47.280+0200: 19740.553: [GC pause (G1 Evacuation Pause) (young) 5469M->2639M(6144M), 0.0596063 secs]
2018-03-27T17:14:49.674+0200: 19742.948: [GC pause (G1 Evacuation Pause) (young) 5467M->2643M(6144M), 0.0408510 secs]
2018-03-27T17:14:51.966+0200: 19745.240: [GC pause (G1 Evacuation Pause) (young) 5465M->2644M(6144M), 0.0493347 secs]
2018-03-27T17:14:54.404+0200: 19747.678: [GC pause (G1 Evacuation Pause) (young) 5468M->2649M(6144M), 0.0449755 secs]
2018-03-27T17:14:56.450+0200: 19749.724: [GC pause (G1 Evacuation Pause) (young) 5465M->2650M(6144M), 0.0498734 secs]
2018-03-27T17:14:59.469+0200: 19752.742: [GC pause (GCLocker Initiated GC) (young) 5471M->2652M(6144M), 0.0433168 secs]
2018-03-27T17:15:01.769+0200: 19755.042: [GC pause (G1 Evacuation Pause) (young) 5462M->2657M(6144M), 0.0367920 secs]
2018-03-27T17:15:04.275+0200: 19757.548: [GC pause (G1 Evacuation Pause) (young) 5463M->2655M(6144M), 0.0462221 secs]
2018-03-27T17:15:06.774+0200: 19760.048: [GC pause (G1 Evacuation Pause) (young) 5463M->2661M(6144M), 0.0416758 secs]
2018-03-27T17:15:08.973+0200: 19762.246: [GC pause (G1 Evacuation Pause) (young) 5463M->2662M(6144M), 0.0373974 secs]
2018-03-27T17:15:11.581+0200: 19764.855: [GC pause (G1 Evacuation Pause) (young) 5462M->2663M(6144M), 0.0351487 secs]
2018-03-27T17:15:13.845+0200: 19767.118: [GC pause (G1 Evacuation Pause) (young) 5461M->2665M(6144M), 0.0408698 secs]
2018-03-27T17:15:16.412+0200: 19769.685: [GC pause (G1 Evacuation Pause) (young) 5461M->2666M(6144M), 0.0368758 secs]
2018-03-27T17:15:18.563+0200: 19771.837: [GC pause (G1 Evacuation Pause) (young) 5464M->2667M(6144M), 0.0414063 secs]
2018-03-27T17:15:21.311+0200: 19774.585: [GC pause (G1 Evacuation Pause) (young) 5464M->2671M(6144M), 0.0455992 secs]
2018-03-27T17:15:23.158+0200: 19776.432: [GC pause (G1 Evacuation Pause) (young) 5461M->2675M(6144M), 0.0451776 secs]
2018-03-27T17:15:25.605+0200: 19778.879: [GC pause (GCLocker Initiated GC) (young) 5464M->2675M(6144M), 0.0422988 secs]
2018-03-27T17:15:27.757+0200: 19781.030: [GC pause (G1 Evacuation Pause) (young) 5481M->2675M(6144M), 0.0540930 secs]
2018-03-27T17:15:29.865+0200: 19783.139: [GC pause (G1 Evacuation Pause) (young) 5466M->2681M(6144M), 0.0378969 secs]
2018-03-27T17:15:32.692+0200: 19785.965: [GC pause (GCLocker Initiated GC) (young) 5460M->2680M(6144M), 0.0392007 secs]
2018-03-27T17:15:34.907+0200: 19788.180: [GC pause (G1 Evacuation Pause) (young) 5462M->2681M(6144M), 0.0506024 secs]
2018-03-27T17:15:37.310+0200: 19790.584: [GC pause (G1 Evacuation Pause) (young) 5467M->2684M(6144M), 0.0377403 secs]
2018-03-27T17:15:40.382+0200: 19793.655: [GC pause (G1 Evacuation Pause) (young) 5466M->2688M(6144M), 0.0805562 secs]
2018-03-27T17:15:42.699+0200: 19795.973: [GC pause (G1 Evacuation Pause) (young) 5460M->2688M(6144M), 0.0499365 secs]
2018-03-27T17:15:45.256+0200: 19798.529: [GC pause (G1 Evacuation Pause) (young) 5466M->2694M(6144M), 0.0482997 secs]
2018-03-27T17:15:47.663+0200: 19800.937: [GC pause (G1 Evacuation Pause) (young) 5462M->2690M(6144M), 0.0451282 secs]
2018-03-27T17:15:50.069+0200: 19803.343: [GC pause (G1 Evacuation Pause) (young) 5468M->2693M(6144M), 0.0449462 secs]
2018-03-27T17:15:52.638+0200: 19805.912: [GC pause (G1 Evacuation Pause) (young) 5465M->2697M(6144M), 0.0580642 secs]
2018-03-27T17:15:54.955+0200: 19808.228: [GC pause (GCLocker Initiated GC) (young) 5479M->2698M(6144M), 0.0532129 secs]
2018-03-27T17:15:57.502+0200: 19810.776: [GC pause (G1 Evacuation Pause) (young) 5484M->2702M(6144M), 0.0524943 secs]
2018-03-27T17:15:59.920+0200: 19813.194: [GC pause (GCLocker Initiated GC) (young) 5465M->2705M(6144M), 0.0434589 secs]
2018-03-27T17:16:01.751+0200: 19815.025: [GC pause (G1 Evacuation Pause) (young) 5461M->2705M(6144M), 0.0504753 secs]
2018-03-27T17:16:04.186+0200: 19817.460: [GC pause (G1 Evacuation Pause) (young) 5463M->2711M(6144M), 0.0444449 secs]
2018-03-27T17:16:06.325+0200: 19819.599: [GC pause (G1 Evacuation Pause) (young) 5461M->2713M(6144M), 0.0399878 secs]
2018-03-27T17:16:08.817+0200: 19822.091: [GC pause (G1 Evacuation Pause) (young) 5459M->2714M(6144M), 0.0398336 secs]
2018-03-27T17:16:11.519+0200: 19824.793: [GC pause (G1 Evacuation Pause) (young) 5460M->2715M(6144M), 0.0416209 secs]
2018-03-27T17:16:13.530+0200: 19826.803: [GC pause (G1 Evacuation Pause) (young) 5463M->2715M(6144M), 0.0453458 secs]
2018-03-27T17:16:15.533+0200: 19828.807: [GC pause (GCLocker Initiated GC) (young) 5477M->2720M(6144M), 0.0669404 secs]
2018-03-27T17:16:17.672+0200: 19830.946: [GC pause (G1 Evacuation Pause) (young) 5458M->2722M(6144M), 0.0481015 secs]
2018-03-27T17:16:20.235+0200: 19833.508: [GC pause (GCLocker Initiated GC) (young) 5466M->2724M(6144M), 0.0416134 secs]
2018-03-27T17:16:22.760+0200: 19836.034: [GC pause (GCLocker Initiated GC) (young) 5462M->2725M(6144M), 0.0413188 secs]
2018-03-27T17:16:24.566+0200: 19837.840: [GC pause (G1 Evacuation Pause) (young) 5467M->2725M(6144M), 0.0397522 secs]
2018-03-27T17:16:27.087+0200: 19840.361: [GC pause (GCLocker Initiated GC) (young) 5465M->2728M(6144M), 0.0393976 secs]
2018-03-27T17:16:29.475+0200: 19842.749: [GC pause (GCLocker Initiated GC) (young) 5464M->2728M(6144M), 0.0384983 secs]
2018-03-27T17:16:31.697+0200: 19844.970: [GC pause (G1 Evacuation Pause) (young) 5465M->2733M(6144M), 0.0439614 secs]
2018-03-27T17:16:34.142+0200: 19847.416: [GC pause (G1 Evacuation Pause) (young) 5459M->2733M(6144M), 0.0384790 secs]
2018-03-27T17:16:36.964+0200: 19850.238: [GC pause (G1 Evacuation Pause) (young) 5463M->2736M(6144M), 0.0380604 secs]
2018-03-27T17:16:39.283+0200: 19852.557: [GC pause (G1 Evacuation Pause) (young) 5464M->2738M(6144M), 0.0386882 secs]
2018-03-27T17:16:41.983+0200: 19855.256: [GC pause (G1 Evacuation Pause) (young) 5464M->2739M(6144M), 0.0376455 secs]
2018-03-27T17:16:44.390+0200: 19857.663: [GC pause (GCLocker Initiated GC) (young) 5479M->2745M(6144M), 0.0412947 secs]
2018-03-27T17:16:46.909+0200: 19860.182: [GC pause (GCLocker Initiated GC) (young) 5465M->2744M(6144M), 0.0408625 secs]
2018-03-27T17:16:48.772+0200: 19862.046: [GC pause (GCLocker Initiated GC) (young) 5478M->2742M(6144M), 0.0661624 secs]
2018-03-27T17:16:50.427+0200: 19863.701: [GC pause (G1 Evacuation Pause) (young) 5470M->2750M(6144M), 0.0441784 secs]
2018-03-27T17:16:52.295+0200: 19865.568: [GC pause (GCLocker Initiated GC) (young) 5466M->2754M(6144M), 0.0433936 secs]
2018-03-27T17:16:54.479+0200: 19867.752: [GC pause (G1 Evacuation Pause) (young) 5460M->2750M(6144M), 0.0353171 secs]
2018-03-27T17:16:56.447+0200: 19869.721: [GC pause (G1 Evacuation Pause) (young) 5466M->2754M(6144M), 0.0396275 secs]
2018-03-27T17:16:59.370+0200: 19872.644: [GC pause (G1 Evacuation Pause) (young) 5468M->2757M(6144M), 0.0379254 secs]
2018-03-27T17:17:01.494+0200: 19874.767: [GC pause (G1 Evacuation Pause) (young) 5465M->2762M(6144M), 0.0506334 secs]
2018-03-27T17:17:03.493+0200: 19876.767: [GC pause (G1 Evacuation Pause) (young) 5464M->2760M(6144M), 0.0412940 secs]
2018-03-27T17:17:05.856+0200: 19879.130: [GC pause (G1 Evacuation Pause) (young) 5468M->2766M(6144M), 0.0429863 secs]
2018-03-27T17:17:08.188+0200: 19881.461: [GC pause (G1 Evacuation Pause) (young) 5462M->2766M(6144M), 0.0657685 secs]
2018-03-27T17:17:10.656+0200: 19883.929: [GC pause (G1 Evacuation Pause) (young) 5466M->2766M(6144M), 0.0453193 secs]
2018-03-27T17:17:13.300+0200: 19886.574: [GC pause (G1 Evacuation Pause) (young) 5468M->2768M(6144M), 0.0411504 secs]
2018-03-27T17:17:15.504+0200: 19888.778: [GC pause (G1 Evacuation Pause) (young) 5468M->2773M(6144M), 0.0436879 secs]
2018-03-27T17:17:18.306+0200: 19891.579: [GC pause (G1 Evacuation Pause) (young) 5465M->2775M(6144M), 0.0430770 secs]
2018-03-27T17:17:20.415+0200: 19893.689: [GC pause (G1 Evacuation Pause) (young) 5465M->2778M(6144M), 0.0478306 secs]
2018-03-27T17:17:22.825+0200: 19896.098: [GC pause (G1 Evacuation Pause) (young) 5466M->2778M(6144M), 0.0407935 secs]
2018-03-27T17:17:25.223+0200: 19898.497: [GC pause (G1 Evacuation Pause) (young) 5464M->2779M(6144M), 0.0402069 secs]
2018-03-27T17:17:27.698+0200: 19900.972: [GC pause (G1 Evacuation Pause) (young) 5467M->2781M(6144M), 0.0398633 secs]
2018-03-27T17:17:29.581+0200: 19902.855: [GC pause (GCLocker Initiated GC) (young) 5479M->2787M(6144M), 0.0561506 secs]
2018-03-27T17:17:31.685+0200: 19904.959: [GC pause (G1 Evacuation Pause) (young) 5463M->2787M(6144M), 0.0436674 secs]
2018-03-27T17:17:34.317+0200: 19907.591: [GC pause (G1 Evacuation Pause) (young) 5465M->2789M(6144M), 0.0369789 secs]
2018-03-27T17:17:36.397+0200: 19909.671: [GC pause (G1 Evacuation Pause) (young) 5465M->2793M(6144M), 0.0433441 secs]
2018-03-27T17:17:38.511+0200: 19911.785: [GC pause (G1 Evacuation Pause) (young) 5463M->2793M(6144M), 0.0452950 secs]
2018-03-27T17:17:40.420+0200: 19913.693: [GC pause (G1 Evacuation Pause) (young) 5465M->2797M(6144M), 0.0461007 secs]
2018-03-27T17:17:42.840+0200: 19916.114: [GC pause (GCLocker Initiated GC) (young) 5465M->2798M(6144M), 0.0452611 secs]
2018-03-27T17:17:44.946+0200: 19918.219: [GC pause (G1 Evacuation Pause) (young) 5464M->2800M(6144M), 0.0391082 secs]
2018-03-27T17:17:47.444+0200: 19920.717: [GC pause (GCLocker Initiated GC) (young) 5466M->2798M(6144M), 0.0362913 secs]
2018-03-27T17:17:49.793+0200: 19923.067: [GC pause (G1 Evacuation Pause) (young) 5466M->2803M(6144M), 0.0394427 secs]
2018-03-27T17:17:52.416+0200: 19925.689: [GC pause (G1 Evacuation Pause) (young) 5467M->2804M(6144M), 0.0379081 secs]
2018-03-27T17:17:54.842+0200: 19928.115: [GC pause (G1 Evacuation Pause) (young) 5466M->2804M(6144M), 0.0376912 secs]
2018-03-27T17:17:56.745+0200: 19930.018: [GC pause (G1 Evacuation Pause) (young) 5468M->2806M(6144M), 0.0374226 secs]
2018-03-27T17:17:59.171+0200: 19932.445: [GC pause (GCLocker Initiated GC) (young) 5470M->2812M(6144M), 0.0396228 secs]
2018-03-27T17:18:01.329+0200: 19934.603: [GC pause (G1 Evacuation Pause) (young) 5464M->2812M(6144M), 0.0482279 secs]
2018-03-27T17:18:03.502+0200: 19936.776: [GC pause (G1 Evacuation Pause) (young) 5467M->2815M(6144M), 0.0552576 secs]
2018-03-27T17:18:05.176+0200: 19938.450: [GC pause (G1 Evacuation Pause) (young) 5465M->2816M(6144M), 0.0457235 secs]
2018-03-27T17:18:07.706+0200: 19940.980: [GC pause (G1 Evacuation Pause) (young) 5468M->2820M(6144M), 0.0502367 secs]
2018-03-27T17:18:09.466+0200: 19942.740: [GC pause (G1 Evacuation Pause) (young) (initial-mark) 5462M->2822M(6144M), 0.0734845 secs]
2018-03-27T17:18:09.540+0200: 19942.813: [GC concurrent-root-region-scan-start]
2018-03-27T17:18:09.575+0200: 19942.848: [GC concurrent-root-region-scan-end, 0.0348927 secs]
2018-03-27T17:18:09.575+0200: 19942.848: [GC concurrent-mark-start]
2018-03-27T17:18:12.021+0200: 19945.295: [GC pause (G1 Evacuation Pause) (young) 5466M->2823M(6144M), 0.0500343 secs]
2018-03-27T17:18:13.394+0200: 19946.668: [GC concurrent-mark-end, 3.8196563 secs]
2018-03-27T17:18:13.398+0200: 19946.672: [GC remark, 0.3804033 secs]
2018-03-27T17:18:13.783+0200: 19947.057: [GC cleanup 4512M->4512M(6144M), 0.0296558 secs]
2018-03-27T17:18:14.201+0200: 19947.475: [GC pause (G1 Evacuation Pause) (young) 5465M->2827M(6144M), 0.0582482 secs]
2018-03-27T17:18:14.371+0200: 19947.644: [GC pause (GCLocker Initiated GC) (mixed) 3087M->2505M(6144M), 0.2181994 secs]
2018-03-27T17:18:14.727+0200: 19948.000: [GC pause (G1 Evacuation Pause) (mixed) 2781M->2514M(6144M), 0.1132007 secs]
2018-03-27T17:18:14.953+0200: 19948.227: [GC pause (G1 Evacuation Pause) (young) 2792M->2522M(6144M), 0.0308461 secs]
2018-03-27T17:18:15.104+0200: 19948.378: [GC pause (G1 Evacuation Pause) (young) 2804M->2523M(6144M), 0.0258215 secs]
2018-03-27T17:18:15.259+0200: 19948.533: [GC pause (G1 Evacuation Pause) (young) 2803M->2522M(6144M), 0.0236677 secs]
2018-03-27T17:18:15.407+0200: 19948.681: [GC pause (GCLocker Initiated GC) (young) 2807M->2522M(6144M), 0.0249815 secs]
2018-03-27T17:18:15.567+0200: 19948.840: [GC pause (G1 Evacuation Pause) (young) 2804M->2524M(6144M), 0.0246974 secs]
2018-03-27T17:18:15.713+0200: 19948.987: [GC pause (G1 Evacuation Pause) (young) 2804M->2526M(6144M), 0.0278071 secs]
2018-03-27T17:18:15.851+0200: 19949.125: [GC pause (G1 Evacuation Pause) (young) 2804M->2524M(6144M), 0.0232570 secs]
2018-03-27T17:18:16.014+0200: 19949.288: [GC pause (G1 Evacuation Pause) (young) 2808M->2524M(6144M), 0.0252496 secs]
2018-03-27T17:18:16.230+0200: 19949.503: [GC pause (GCLocker Initiated GC) (young) 2824M->2526M(6144M), 0.0251500 secs]
2018-03-27T17:18:16.389+0200: 19949.662: [GC pause (G1 Evacuation Pause) (young) 2808M->2532M(6144M), 0.0229315 secs]
2018-03-27T17:18:16.582+0200: 19949.855: [GC pause (G1 Evacuation Pause) (young) 2808M->2525M(6144M), 0.0306221 secs]
2018-03-27T17:18:16.856+0200: 19950.130: [GC pause (G1 Evacuation Pause) (young) 2809M->2526M(6144M), 0.0213439 secs]
2018-03-27T17:18:17.092+0200: 19950.366: [GC pause (GCLocker Initiated GC) (young) 2809M->2527M(6144M), 0.0221342 secs]
2018-03-27T17:18:17.528+0200: 19950.802: [GC pause (G1 Evacuation Pause) (young) 2813M->2527M(6144M), 0.0247627 secs]
2018-03-27T17:18:17.727+0200: 19951.001: [GC pause (G1 Evacuation Pause) (young) 2815M->2532M(6144M), 0.0247654 secs]
2018-03-27T17:18:17.932+0200: 19951.206: [GC pause (G1 Evacuation Pause) (young) 2816M->2530M(6144M), 0.0202966 secs]
2018-03-27T17:18:18.134+0200: 19951.408: [GC pause (GCLocker Initiated GC) (young) 2816M->2534M(6144M), 0.0222088 secs]
2018-03-27T17:18:20.407+0200: 19953.681: [GC pause (G1 Evacuation Pause) (young) 5484M->2538M(6144M), 0.0375514 secs]
2018-03-27T17:18:22.522+0200: 19955.796: [GC pause (G1 Evacuation Pause) (young) 5490M->2544M(6144M), 0.0294632 secs]
2018-03-27T17:18:25.042+0200: 19958.316: [GC pause (G1 Evacuation Pause) (young) 5492M->2544M(6144M), 0.0308858 secs]
2018-03-27T17:18:27.534+0200: 19960.808: [GC pause (G1 Evacuation Pause) (young) 5490M->2549M(6144M), 0.0366774 secs]
2018-03-27T17:18:30.133+0200: 19963.407: [GC pause (GCLocker Initiated GC) (young) 5509M->2554M(6144M), 0.0365684 secs]
2018-03-27T17:18:32.857+0200: 19966.131: [GC pause (G1 Evacuation Pause) (young) 5484M->2559M(6144M), 0.0512294 secs]
2018-03-27T17:18:35.550+0200: 19968.824: [GC pause (G1 Evacuation Pause) (young) 5481M->2562M(6144M), 0.0341491 secs]
2018-03-27T17:18:37.868+0200: 19971.142: [GC pause (G1 Evacuation Pause) (young) 5476M->2565M(6144M), 0.0593989 secs]
2018-03-27T17:18:40.118+0200: 19973.391: [GC pause (G1 Evacuation Pause) (young) 5473M->2566M(6144M), 0.0400674 secs]
2018-03-27T17:18:42.610+0200: 19975.884: [GC pause (G1 Evacuation Pause) (young) 5474M->2570M(6144M), 0.0350578 secs]
2018-03-27T17:18:44.727+0200: 19978.001: [GC pause (G1 Evacuation Pause) (young) 5470M->2572M(6144M), 0.0339715 secs]
2018-03-27T17:18:46.982+0200: 19980.256: [GC pause (GCLocker Initiated GC) (young) 5493M->2573M(6144M), 0.0385053 secs]
2018-03-27T17:18:49.387+0200: 19982.660: [GC pause (G1 Evacuation Pause) (young) 5465M->2576M(6144M), 0.0360679 secs]
2018-03-27T17:18:51.718+0200: 19984.992: [GC pause (GCLocker Initiated GC) (young) 5464M->2574M(6144M), 0.0484186 secs]
2018-03-27T17:18:54.630+0200: 19987.904: [GC pause (G1 Evacuation Pause) (young) 5466M->2582M(6144M), 0.0384589 secs]
2018-03-27T17:18:57.159+0200: 19990.433: [GC pause (G1 Evacuation Pause) (young) 5460M->2581M(6144M), 0.0466508 secs]
2018-03-27T17:18:59.159+0200: 19992.433: [GC pause (GCLocker Initiated GC) (young) 5481M->2583M(6144M), 0.0453632 secs]
2018-03-27T17:19:01.526+0200: 19994.799: [GC pause (G1 Evacuation Pause) (young) 5461M->2584M(6144M), 0.0547877 secs]
2018-03-27T17:19:03.491+0200: 19996.765: [GC pause (G1 Evacuation Pause) (young) 5464M->2586M(6144M), 0.0424096 secs]
2018-03-27T17:19:05.630+0200: 19998.904: [GC pause (G1 Evacuation Pause) (young) 5464M->2590M(6144M), 0.0426966 secs]
2018-03-27T17:19:07.816+0200: 20001.089: [GC pause (G1 Evacuation Pause) (young) 5462M->2588M(6144M), 0.0440720 secs]
2018-03-27T17:19:10.626+0200: 20003.900: [GC pause (G1 Evacuation Pause) (young) 5466M->2591M(6144M), 0.0425224 secs]
2018-03-27T17:19:12.354+0200: 20005.628: [GC pause (G1 Evacuation Pause) (young) 5467M->2589M(6144M), 0.0448661 secs]
2018-03-27T17:19:14.669+0200: 20007.943: [GC pause (G1 Evacuation Pause) (young) 5467M->2598M(6144M), 0.0610288 secs]
2018-03-27T17:19:17.689+0200: 20010.963: [GC pause (G1 Evacuation Pause) (young) 5462M->2599M(6144M), 0.0477368 secs]
2018-03-27T17:19:20.393+0200: 20013.666: [GC pause (GCLocker Initiated GC) (young) 5463M->2602M(6144M), 0.0470242 secs]
2018-03-27T17:19:22.397+0200: 20015.671: [GC pause (G1 Evacuation Pause) (young) 5462M->2605M(6144M), 0.0433548 secs]
2018-03-27T17:19:24.855+0200: 20018.129: [GC pause (GCLocker Initiated GC) (young) 5461M->2605M(6144M), 0.0397965 secs]
2018-03-27T17:19:27.426+0200: 20020.700: [GC pause (G1 Evacuation Pause) (young) 5462M->2610M(6144M), 0.0404923 secs]
2018-03-27T17:19:29.554+0200: 20022.827: [GC pause (G1 Evacuation Pause) (young) 5458M->2612M(6144M), 0.0430814 secs]
2018-03-27T17:19:31.869+0200: 20025.143: [GC pause (G1 Evacuation Pause) (young) 5460M->2613M(6144M), 0.0400749 secs]
2018-03-27T17:19:33.982+0200: 20027.256: [GC pause (GCLocker Initiated GC) (young) 5506M->2616M(6144M), 0.0397246 secs]
2018-03-27T17:19:36.112+0200: 20029.386: [GC pause (G1 Evacuation Pause) (young) 5460M->2619M(6144M), 0.0399733 secs]
2018-03-27T17:19:38.329+0200: 20031.603: [GC pause (G1 Evacuation Pause) (young) 5457M->2619M(6144M), 0.0374564 secs]
2018-03-27T17:19:40.980+0200: 20034.254: [GC pause (GCLocker Initiated GC) (young) 5459M->2621M(6144M), 0.0540103 secs]
2018-03-27T17:19:42.957+0200: 20036.230: [GC pause (G1 Evacuation Pause) (young) 5459M->2626M(6144M), 0.0408718 secs]
2018-03-27T17:19:45.777+0200: 20039.051: [GC pause (G1 Evacuation Pause) (young) 5458M->2624M(6144M), 0.0415326 secs]
2018-03-27T17:19:48.157+0200: 20041.430: [GC pause (G1 Evacuation Pause) (young) 5460M->2627M(6144M), 0.0403136 secs]
2018-03-27T17:19:50.699+0200: 20043.973: [GC pause (G1 Evacuation Pause) (young) 5461M->2630M(6144M), 0.0515542 secs]
2018-03-27T17:19:53.055+0200: 20046.328: [GC pause (G1 Evacuation Pause) (young) 5464M->2630M(6144M), 0.0430818 secs]
2018-03-27T17:19:55.271+0200: 20048.544: [GC pause (G1 Evacuation Pause) (young) 5466M->2636M(6144M), 0.0383963 secs]
2018-03-27T17:19:57.194+0200: 20050.467: [GC pause (G1 Evacuation Pause) (young) 5462M->2635M(6144M), 0.0553010 secs]
2018-03-27T17:19:59.766+0200: 20053.040: [GC pause (GCLocker Initiated GC) (young) 5465M->2639M(6144M), 0.0421826 secs]
2018-03-27T17:20:02.040+0200: 20055.313: [GC pause (G1 Evacuation Pause) (young) 5465M->2641M(6144M), 0.0414762 secs]
2018-03-27T17:20:04.098+0200: 20057.372: [GC pause (G1 Evacuation Pause) (young) 5463M->2645M(6144M), 0.0676979 secs]
2018-03-27T17:20:05.900+0200: 20059.174: [GC pause (G1 Evacuation Pause) (young) 5463M->2650M(6144M), 0.0456513 secs]
2018-03-27T17:20:08.579+0200: 20061.852: [GC pause (G1 Evacuation Pause) (young) 5463M->2649M(6144M), 0.0411507 secs]
2018-03-27T17:20:11.131+0200: 20064.404: [GC pause (G1 Evacuation Pause) (young) 5463M->2651M(6144M), 0.0409116 secs]
2018-03-27T17:20:13.043+0200: 20066.317: [GC pause (GCLocker Initiated GC) (young) 5467M->2659M(6144M), 0.0532416 secs]
2018-03-27T17:20:14.966+0200: 20068.240: [GC pause (GCLocker Initiated GC) (young) 5474M->2660M(6144M), 0.0554114 secs]
2018-03-27T17:20:17.037+0200: 20070.311: [GC pause (G1 Evacuation Pause) (young) 5458M->2660M(6144M), 0.0503722 secs]
2018-03-27T17:20:19.077+0200: 20072.350: [GC pause (G1 Evacuation Pause) (young) 5462M->2660M(6144M), 0.0379264 secs]
2018-03-27T17:20:21.694+0200: 20074.968: [GC pause (G1 Evacuation Pause) (young) 5464M->2662M(6144M), 0.0448907 secs]
2018-03-27T17:20:23.609+0200: 20076.883: [GC pause (G1 Evacuation Pause) (young) 5464M->2663M(6144M), 0.0351006 secs]
2018-03-27T17:20:26.246+0200: 20079.519: [GC pause (G1 Evacuation Pause) (young) 5467M->2667M(6144M), 0.0365136 secs]
2018-03-27T17:20:28.408+0200: 20081.681: [GC pause (G1 Evacuation Pause) (young) 5465M->2669M(6144M), 0.0400385 secs]
2018-03-27T17:20:31.020+0200: 20084.293: [GC pause (G1 Evacuation Pause) (young) 5465M->2671M(6144M), 0.0384177 secs]
2018-03-27T17:20:33.362+0200: 20086.636: [GC pause (G1 Evacuation Pause) (young) 5465M->2674M(6144M), 0.0543867 secs]
2018-03-27T17:20:35.770+0200: 20089.043: [GC pause (G1 Evacuation Pause) (young) 5464M->2673M(6144M), 0.0528727 secs]
2018-03-27T17:20:38.452+0200: 20091.726: [GC pause (G1 Evacuation Pause) (young) 5465M->2676M(6144M), 0.0362881 secs]
2018-03-27T17:20:40.634+0200: 20093.908: [GC pause (G1 Evacuation Pause) (young) 5466M->2677M(6144M), 0.0357171 secs]
2018-03-27T17:20:43.055+0200: 20096.329: [GC pause (G1 Evacuation Pause) (young) 5465M->2676M(6144M), 0.0427094 secs]
2018-03-27T17:20:45.034+0200: 20098.308: [GC pause (G1 Evacuation Pause) (young) 5470M->2680M(6144M), 0.0467843 secs]
2018-03-27T17:20:47.539+0200: 20100.813: [GC pause (G1 Evacuation Pause) (young) 5469M->2686M(6144M), 0.0409630 secs]
2018-03-27T17:20:49.100+0200: 20102.373: [GC pause (G1 Evacuation Pause) (young) 5462M->2683M(6144M), 0.0625628 secs]
2018-03-27T17:20:51.394+0200: 20104.668: [GC pause (G1 Evacuation Pause) (young) 5469M->2688M(6144M), 0.0432767 secs]
2018-03-27T17:20:53.666+0200: 20106.940: [GC pause (GCLocker Initiated GC) (young) 5467M->2690M(6144M), 0.0524969 secs]
2018-03-27T17:20:56.012+0200: 20109.286: [GC pause (G1 Evacuation Pause) (young) 5466M->2691M(6144M), 0.0412902 secs]
2018-03-27T17:20:58.218+0200: 20111.492: [GC pause (G1 Evacuation Pause) (young) 5467M->2694M(6144M), 0.0455340 secs]
2018-03-27T17:21:01.169+0200: 20114.443: [GC pause (G1 Evacuation Pause) (young) 5467M->2697M(6144M), 0.0556912 secs]
2018-03-27T17:21:03.710+0200: 20116.983: [GC pause (G1 Evacuation Pause) (young) 5467M->2699M(6144M), 0.0472194 secs]
2018-03-27T17:21:05.617+0200: 20118.890: [GC pause (G1 Evacuation Pause) (young) 5465M->2700M(6144M), 0.0457747 secs]
2018-03-27T17:21:07.733+0200: 20121.006: [GC pause (G1 Evacuation Pause) (young) 5464M->2703M(6144M), 0.0443784 secs]
2018-03-27T17:21:09.871+0200: 20123.145: [GC pause (G1 Evacuation Pause) (young) 5465M->2708M(6144M), 0.0369165 secs]
2018-03-27T17:21:11.824+0200: 20125.098: [GC pause (GCLocker Initiated GC) (young) 5463M->2706M(6144M), 0.0731873 secs]
2018-03-27T17:21:14.431+0200: 20127.705: [GC pause (G1 Evacuation Pause) (young) 5466M->2711M(6144M), 0.0367324 secs]
2018-03-27T17:21:17.198+0200: 20130.471: [GC pause (G1 Evacuation Pause) (young) 5461M->2708M(6144M), 0.0416428 secs]
2018-03-27T17:21:19.227+0200: 20132.500: [GC pause (GCLocker Initiated GC) (young) 5465M->2712M(6144M), 0.0387349 secs]
2018-03-27T17:21:21.266+0200: 20134.539: [GC pause (GCLocker Initiated GC) (young) 5463M->2714M(6144M), 0.0366737 secs]
2018-03-27T17:21:23.271+0200: 20136.545: [GC pause (G1 Evacuation Pause) (young) 5464M->2717M(6144M), 0.0482476 secs]
2018-03-27T17:21:25.526+0200: 20138.799: [GC pause (G1 Evacuation Pause) (young) 5463M->2721M(6144M), 0.0355202 secs]
2018-03-27T17:21:27.962+0200: 20141.236: [GC pause (G1 Evacuation Pause) (young) 5461M->2721M(6144M), 0.0372766 secs]
2018-03-27T17:21:30.438+0200: 20143.711: [GC pause (G1 Evacuation Pause) (young) 5463M->2723M(6144M), 0.0397672 secs]
2018-03-27T17:21:33.319+0200: 20146.592: [GC pause (G1 Evacuation Pause) (young) 5463M->2725M(6144M), 0.0479399 secs]
2018-03-27T17:21:35.925+0200: 20149.199: [GC pause (G1 Evacuation Pause) (young) 5463M->2726M(6144M), 0.0463405 secs]
2018-03-27T17:21:37.977+0200: 20151.251: [GC pause (G1 Evacuation Pause) (young) 5466M->2726M(6144M), 0.0394730 secs]
2018-03-27T17:21:40.025+0200: 20153.299: [GC pause (G1 Evacuation Pause) (young) 5468M->2730M(6144M), 0.0373081 secs]
2018-03-27T17:21:42.616+0200: 20155.889: [GC pause (G1 Evacuation Pause) (young) 5467M->2731M(6144M), 0.0409611 secs]
2018-03-27T17:21:44.922+0200: 20158.196: [GC pause (G1 Evacuation Pause) (young) 5469M->2736M(6144M), 0.0387581 secs]
2018-03-27T17:21:46.317+0200: 20159.591: [GC pause (GCLocker Initiated GC) (young) 5468M->2739M(6144M), 0.0634945 secs]
2018-03-27T17:21:48.123+0200: 20161.396: [GC pause (G1 Evacuation Pause) (young) 5471M->2744M(6144M), 0.0396755 secs]
2018-03-27T17:21:50.272+0200: 20163.545: [GC pause (G1 Evacuation Pause) (young) 5469M->2745M(6144M), 0.0381136 secs]
2018-03-27T17:21:52.062+0200: 20165.336: [GC pause (G1 Evacuation Pause) (young) 5475M->2745M(6144M), 0.0459647 secs]
2018-03-27T17:21:53.784+0200: 20167.058: [GC pause (G1 Evacuation Pause) (young) 5467M->2748M(6144M), 0.0410805 secs]
2018-03-27T17:21:56.342+0200: 20169.615: [GC pause (G1 Evacuation Pause) (young) 5465M->2750M(6144M), 0.0491627 secs]
2018-03-27T17:21:58.517+0200: 20171.790: [GC pause (G1 Evacuation Pause) (young) 5464M->2753M(6144M), 0.0692649 secs]
2018-03-27T17:22:00.452+0200: 20173.726: [GC pause (G1 Evacuation Pause) (young) 5462M->2756M(6144M), 0.0386675 secs]
2018-03-27T17:22:02.802+0200: 20176.076: [GC pause (G1 Evacuation Pause) (young) 5460M->2757M(6144M), 0.0421370 secs]
2018-03-27T17:22:04.924+0200: 20178.197: [GC pause (G1 Evacuation Pause) (young) 5461M->2758M(6144M), 0.0430437 secs]
2018-03-27T17:22:07.397+0200: 20180.671: [GC pause (GCLocker Initiated GC) (young) 5464M->2765M(6144M), 0.0463998 secs]
2018-03-27T17:22:10.006+0200: 20183.280: [GC pause (G1 Evacuation Pause) (young) 5461M->2763M(6144M), 0.0387292 secs]
2018-03-27T17:22:12.327+0200: 20185.601: [GC pause (G1 Evacuation Pause) (young) 5465M->2765M(6144M), 0.0431391 secs]
2018-03-27T17:22:14.692+0200: 20187.966: [GC pause (G1 Evacuation Pause) (young) 5461M->2766M(6144M), 0.0456981 secs]
2018-03-27T17:22:16.818+0200: 20190.092: [GC pause (G1 Evacuation Pause) (young) 5464M->2769M(6144M), 0.0379473 secs]
2018-03-27T17:22:19.125+0200: 20192.398: [GC pause (G1 Evacuation Pause) (young) 5463M->2769M(6144M), 0.0396433 secs]
2018-03-27T17:22:21.254+0200: 20194.528: [GC pause (GCLocker Initiated GC) (young) 5467M->2772M(6144M), 0.0564494 secs]
2018-03-27T17:22:24.114+0200: 20197.388: [GC pause (G1 Evacuation Pause) (young) 5466M->2775M(6144M), 0.0409122 secs]
2018-03-27T17:22:26.220+0200: 20199.494: [GC pause (G1 Evacuation Pause) (young) 5463M->2777M(6144M), 0.0519142 secs]
2018-03-27T17:22:27.943+0200: 20201.216: [GC pause (G1 Evacuation Pause) (young) 5463M->2780M(6144M), 0.0450868 secs]
2018-03-27T17:22:29.821+0200: 20203.095: [GC pause (G1 Evacuation Pause) (young) 5464M->2781M(6144M), 0.0556140 secs]
2018-03-27T17:22:32.414+0200: 20205.687: [GC pause (G1 Evacuation Pause) (young) 5467M->2780M(6144M), 0.0374907 secs]
2018-03-27T17:22:34.386+0200: 20207.659: [GC pause (G1 Evacuation Pause) (young) 5466M->2787M(6144M), 0.0387056 secs]
2018-03-27T17:22:36.599+0200: 20209.872: [GC pause (G1 Evacuation Pause) (young) 5463M->2787M(6144M), 0.0384057 secs]
2018-03-27T17:22:38.795+0200: 20212.069: [GC pause (GCLocker Initiated GC) (young) 5487M->2789M(6144M), 0.0586706 secs]
2018-03-27T17:22:41.190+0200: 20214.463: [GC pause (G1 Evacuation Pause) (young) 5466M->2795M(6144M), 0.0393107 secs]
2018-03-27T17:22:42.802+0200: 20216.076: [GC pause (G1 Evacuation Pause) (young) 5463M->2793M(6144M), 0.0472107 secs]
2018-03-27T17:22:45.031+0200: 20218.305: [GC pause (G1 Evacuation Pause) (young) 5469M->2795M(6144M), 0.0392305 secs]
2018-03-27T17:22:47.301+0200: 20220.575: [GC pause (G1 Evacuation Pause) (young) 5469M->2796M(6144M), 0.0380502 secs]
2018-03-27T17:22:49.589+0200: 20222.863: [GC pause (GCLocker Initiated GC) (young) 5470M->2801M(6144M), 0.0359698 secs]
2018-03-27T17:22:51.849+0200: 20225.123: [GC pause (G1 Evacuation Pause) (young) 5467M->2802M(6144M), 0.0363168 secs]
2018-03-27T17:22:53.800+0200: 20227.074: [GC pause (G1 Evacuation Pause) (young) 5466M->2804M(6144M), 0.0403057 secs]
2018-03-27T17:22:55.730+0200: 20229.004: [GC pause (G1 Evacuation Pause) (young) 5466M->2806M(6144M), 0.0408005 secs]
2018-03-27T17:22:57.657+0200: 20230.930: [GC pause (GCLocker Initiated GC) (young) 5468M->2809M(6144M), 0.0384782 secs]
2018-03-27T17:22:59.522+0200: 20232.795: [GC pause (GCLocker Initiated GC) (young) 5466M->2812M(6144M), 0.0372928 secs]
2018-03-27T17:23:01.147+0200: 20234.421: [GC pause (G1 Evacuation Pause) (young) 5464M->2814M(6144M), 0.0470410 secs]
2018-03-27T17:23:03.294+0200: 20236.568: [GC pause (G1 Evacuation Pause) (young) 5464M->2814M(6144M), 0.0542531 secs]
2018-03-27T17:23:05.143+0200: 20238.417: [GC pause (G1 Evacuation Pause) (young) 5466M->2818M(6144M), 0.0393253 secs]
2018-03-27T17:23:07.057+0200: 20240.331: [GC pause (G1 Evacuation Pause) (young) 5464M->2820M(6144M), 0.0427131 secs]
2018-03-27T17:23:09.422+0200: 20242.696: [GC pause (G1 Evacuation Pause) (young) 5464M->2823M(6144M), 0.0510914 secs]
2018-03-27T17:23:11.324+0200: 20244.598: [GC pause (G1 Evacuation Pause) (young) (initial-mark) 5461M->2822M(6144M), 0.0452950 secs]
2018-03-27T17:23:11.370+0200: 20244.643: [GC concurrent-root-region-scan-start]
2018-03-27T17:23:11.396+0200: 20244.669: [GC concurrent-root-region-scan-end, 0.0259405 secs]
2018-03-27T17:23:11.396+0200: 20244.669: [GC concurrent-mark-start]
2018-03-27T17:23:13.635+0200: 20246.908: [GC pause (G1 Evacuation Pause) (young) 5466M->2824M(6144M), 0.0386186 secs]
2018-03-27T17:23:14.614+0200: 20247.887: [GC concurrent-mark-end, 3.2180014 secs]
2018-03-27T17:23:14.617+0200: 20247.890: [GC remark, 0.3010075 secs]
2018-03-27T17:23:14.939+0200: 20248.213: [GC cleanup 4238M->4228M(6144M), 0.0244528 secs]
2018-03-27T17:23:14.964+0200: 20248.237: [GC concurrent-cleanup-start]
2018-03-27T17:23:14.964+0200: 20248.238: [GC concurrent-cleanup-end, 0.0000820 secs]
2018-03-27T17:23:15.525+0200: 20248.799: [GC pause (G1 Evacuation Pause) (young) 4972M->2816M(6144M), 0.0662090 secs]
2018-03-27T17:23:15.715+0200: 20248.988: [GC pause (G1 Evacuation Pause) (mixed) 3092M->2520M(6144M), 0.1738427 secs]
2018-03-27T17:23:16.031+0200: 20249.305: [GC pause (G1 Evacuation Pause) (mixed) 2802M->2523M(6144M), 0.1135252 secs]
2018-03-27T17:23:16.249+0200: 20249.523: [GC pause (G1 Evacuation Pause) (young) 2805M->2526M(6144M), 0.0309831 secs]
2018-03-27T17:23:16.375+0200: 20249.649: [GC pause (G1 Evacuation Pause) (young) 2804M->2526M(6144M), 0.0295533 secs]
2018-03-27T17:23:16.586+0200: 20249.860: [GC pause (GCLocker Initiated GC) (young) 2805M->2525M(6144M), 0.0277945 secs]
2018-03-27T17:23:16.838+0200: 20250.112: [GC pause (G1 Evacuation Pause) (young) 2805M->2527M(6144M), 0.0315759 secs]
2018-03-27T17:23:17.037+0200: 20250.311: [GC pause (G1 Evacuation Pause) (young) 2805M->2527M(6144M), 0.0262136 secs]
2018-03-27T17:23:17.249+0200: 20250.523: [GC pause (G1 Evacuation Pause) (young) 2805M->2527M(6144M), 0.0312562 secs]
2018-03-27T17:23:17.440+0200: 20250.714: [GC pause (G1 Evacuation Pause) (young) 2805M->2528M(6144M), 0.0528755 secs]
2018-03-27T17:23:17.770+0200: 20251.043: [GC pause (G1 Evacuation Pause) (young) 2804M->2526M(6144M), 0.0365133 secs]
2018-03-27T17:23:18.043+0200: 20251.317: [GC pause (G1 Evacuation Pause) (young) 2808M->2527M(6144M), 0.0280887 secs]
2018-03-27T17:23:18.244+0200: 20251.518: [GC pause (G1 Evacuation Pause) (young) 2807M->2527M(6144M), 0.0260536 secs]
2018-03-27T17:23:18.473+0200: 20251.747: [GC pause (G1 Evacuation Pause) (young) 2807M->2529M(6144M), 0.0369378 secs]
2018-03-27T17:23:18.695+0200: 20251.968: [GC pause (GCLocker Initiated GC) (young) 2809M->2529M(6144M), 0.0235733 secs]
2018-03-27T17:23:18.993+0200: 20252.267: [GC pause (G1 Evacuation Pause) (young) 2813M->2530M(6144M), 0.0257214 secs]
2018-03-27T17:23:21.634+0200: 20254.908: [GC pause (G1 Evacuation Pause) (young) 5486M->2540M(6144M), 0.0308755 secs]
2018-03-27T17:23:23.403+0200: 20256.677: [GC pause (G1 Evacuation Pause) (young) 5492M->2545M(6144M), 0.0311600 secs]
2018-03-27T17:23:25.980+0200: 20259.254: [GC pause (G1 Evacuation Pause) (young) 5493M->2548M(6144M), 0.0282064 secs]
2018-03-27T17:23:27.986+0200: 20261.260: [GC pause (G1 Evacuation Pause) (young) 5492M->2556M(6144M), 0.0320227 secs]
2018-03-27T17:23:30.110+0200: 20263.384: [GC pause (G1 Evacuation Pause) (young) 5484M->2558M(6144M), 0.0311802 secs]
2018-03-27T17:23:32.129+0200: 20265.403: [GC pause (G1 Evacuation Pause) (young) 5480M->2563M(6144M), 0.0345240 secs]
2018-03-27T17:23:34.442+0200: 20267.716: [GC pause (G1 Evacuation Pause) (young) 5477M->2566M(6144M), 0.0403064 secs]
2018-03-27T17:23:37.034+0200: 20270.308: [GC pause (GCLocker Initiated GC) (young) 5477M->2568M(6144M), 0.0606310 secs]
2018-03-27T17:23:39.073+0200: 20272.347: [GC pause (G1 Evacuation Pause) (young) 5474M->2574M(6144M), 0.0395749 secs]
2018-03-27T17:23:41.174+0200: 20274.448: [GC pause (GCLocker Initiated GC) (young) 5469M->2575M(6144M), 0.0358927 secs]
2018-03-27T17:23:43.894+0200: 20277.167: [GC pause (G1 Evacuation Pause) (young) 5467M->2578M(6144M), 0.0370418 secs]
2018-03-27T17:23:46.790+0200: 20280.063: [GC pause (G1 Evacuation Pause) (young) 5466M->2580M(6144M), 0.0390739 secs]
2018-03-27T17:23:48.915+0200: 20282.188: [GC pause (G1 Evacuation Pause) (young) 5465M->2583M(6144M), 0.0383850 secs]
2018-03-27T17:23:51.358+0200: 20284.632: [GC pause (G1 Evacuation Pause) (young) 5461M->2582M(6144M), 0.0406591 secs]
2018-03-27T17:23:53.669+0200: 20286.943: [GC pause (G1 Evacuation Pause) (young) 5462M->2587M(6144M), 0.0486274 secs]
2018-03-27T17:23:56.011+0200: 20289.284: [GC pause (G1 Evacuation Pause) (young) 5459M->2587M(6144M), 0.0400042 secs]
2018-03-27T17:23:58.239+0200: 20291.513: [GC pause (G1 Evacuation Pause) (young) 5457M->2587M(6144M), 0.0428930 secs]
2018-03-27T17:24:00.414+0200: 20293.688: [GC pause (G1 Evacuation Pause) (young) 5461M->2591M(6144M), 0.0389656 secs]
2018-03-27T17:24:03.321+0200: 20296.595: [GC pause (G1 Evacuation Pause) (young) 5459M->2590M(6144M), 0.0468607 secs]
2018-03-27T17:24:05.110+0200: 20298.384: [GC pause (G1 Evacuation Pause) (young) 5464M->2592M(6144M), 0.0631076 secs]
2018-03-27T17:24:06.902+0200: 20300.175: [GC pause (G1 Evacuation Pause) (young) 5464M->2595M(6144M), 0.0558173 secs]
2018-03-27T17:24:09.004+0200: 20302.277: [GC pause (G1 Evacuation Pause) (young) 5461M->2598M(6144M), 0.0457351 secs]
2018-03-27T17:24:11.767+0200: 20305.041: [GC pause (G1 Evacuation Pause) (young) 5462M->2601M(6144M), 0.0538398 secs]
2018-03-27T17:24:13.101+0200: 20306.374: [GC pause (G1 Evacuation Pause) (young) 5461M->2603M(6144M), 0.0500724 secs]
2018-03-27T17:24:15.887+0200: 20309.160: [GC pause (G1 Evacuation Pause) (young) 5461M->2604M(6144M), 0.0558881 secs]
2018-03-27T17:24:18.754+0200: 20312.028: [GC pause (G1 Evacuation Pause) (young) 5464M->2606M(6144M), 0.0475334 secs]
2018-03-27T17:24:20.657+0200: 20313.930: [GC pause (G1 Evacuation Pause) (young) 5464M->2611M(6144M), 0.0446303 secs]
2018-03-27T17:24:23.308+0200: 20316.582: [GC pause (GCLocker Initiated GC) (young) 5459M->2611M(6144M), 0.0377839 secs]
2018-03-27T17:24:25.761+0200: 20319.034: [GC pause (G1 Evacuation Pause) (young) 5462M->2617M(6144M), 0.0565480 secs]
2018-03-27T17:24:28.343+0200: 20321.616: [GC pause (G1 Evacuation Pause) (young) 5459M->2616M(6144M), 0.0383667 secs]
2018-03-27T17:24:30.398+0200: 20323.672: [GC pause (G1 Evacuation Pause) (young) 5462M->2617M(6144M), 0.0392725 secs]
2018-03-27T17:24:33.213+0200: 20326.487: [GC pause (GCLocker Initiated GC) (young) 5463M->2618M(6144M), 0.0425463 secs]
2018-03-27T17:24:35.566+0200: 20328.839: [GC pause (G1 Evacuation Pause) (young) 5464M->2620M(6144M), 0.0411736 secs]
2018-03-27T17:24:38.684+0200: 20331.958: [GC pause (G1 Evacuation Pause) (young) 5464M->2624M(6144M), 0.0408052 secs]
2018-03-27T17:24:40.684+0200: 20333.958: [GC pause (G1 Evacuation Pause) (young) 5462M->2625M(6144M), 0.0400699 secs]
2018-03-27T17:24:42.982+0200: 20336.255: [GC pause (G1 Evacuation Pause) (young) 5463M->2628M(6144M), 0.0404641 secs]
2018-03-27T17:24:45.036+0200: 20338.310: [GC pause (G1 Evacuation Pause) (young) 5464M->2632M(6144M), 0.0435731 secs]
2018-03-27T17:24:47.894+0200: 20341.168: [GC pause (G1 Evacuation Pause) (young) 5462M->2634M(6144M), 0.0463238 secs]
2018-03-27T17:24:50.247+0200: 20343.521: [GC pause (G1 Evacuation Pause) (young) 5480M->2637M(6144M), 0.0466629 secs]
2018-03-27T17:24:52.663+0200: 20345.937: [GC pause (G1 Evacuation Pause) (young) 5461M->2638M(6144M), 0.0382750 secs]
2018-03-27T17:24:54.608+0200: 20347.882: [GC pause (G1 Evacuation Pause) (young) 5460M->2640M(6144M), 0.0423084 secs]
2018-03-27T17:24:56.829+0200: 20350.102: [GC pause (G1 Evacuation Pause) (young) 5464M->2645M(6144M), 0.0427481 secs]
2018-03-27T17:24:59.235+0200: 20352.508: [GC pause (G1 Evacuation Pause) (young) 5459M->2644M(6144M), 0.0426173 secs]
2018-03-27T17:25:01.218+0200: 20354.492: [GC pause (G1 Evacuation Pause) (young) 5464M->2645M(6144M), 0.0467820 secs]
2018-03-27T17:25:03.988+0200: 20357.262: [GC pause (G1 Evacuation Pause) (young) 5463M->2646M(6144M), 0.0543318 secs]
2018-03-27T17:25:06.388+0200: 20359.661: [GC pause (G1 Evacuation Pause) (young) 5466M->2650M(6144M), 0.0374482 secs]
2018-03-27T17:25:08.199+0200: 20361.473: [GC pause (G1 Evacuation Pause) (young) 5464M->2652M(6144M), 0.0450095 secs]
2018-03-27T17:25:11.172+0200: 20364.446: [GC pause (G1 Evacuation Pause) (young) 5464M->2652M(6144M), 0.0398263 secs]
2018-03-27T17:25:13.701+0200: 20366.974: [GC pause (G1 Evacuation Pause) (young) 5466M->2654M(6144M), 0.0476236 secs]
2018-03-27T17:25:15.894+0200: 20369.168: [GC pause (G1 Evacuation Pause) (young) 5466M->2657M(6144M), 0.0390207 secs]
2018-03-27T17:25:18.272+0200: 20371.546: [GC pause (G1 Evacuation Pause) (young) 5467M->2660M(6144M), 0.0365493 secs]
2018-03-27T17:25:20.737+0200: 20374.011: [GC pause (G1 Evacuation Pause) (young) 5466M->2664M(6144M), 0.0465575 secs]
2018-03-27T17:25:23.133+0200: 20376.407: [GC pause (G1 Evacuation Pause) (young) 5474M->2665M(6144M), 0.0429558 secs]
2018-03-27T17:25:25.813+0200: 20379.087: [GC pause (GCLocker Initiated GC) (young) 5477M->2667M(6144M), 0.0402055 secs]
2018-03-27T17:25:27.880+0200: 20381.154: [GC pause (GCLocker Initiated GC) (young) 5465M->2671M(6144M), 0.0493027 secs]
2018-03-27T17:25:29.961+0200: 20383.235: [GC pause (G1 Evacuation Pause) (young) 5463M->2671M(6144M), 0.0378238 secs]
2018-03-27T17:25:32.372+0200: 20385.646: [GC pause (GCLocker Initiated GC) (young) 5466M->2676M(6144M), 0.0359690 secs]
2018-03-27T17:25:34.648+0200: 20387.922: [GC pause (GCLocker Initiated GC) (young) 5466M->2674M(6144M), 0.0386671 secs]
2018-03-27T17:25:37.475+0200: 20390.749: [GC pause (G1 Evacuation Pause) (young) 5464M->2680M(6144M), 0.0361627 secs]
2018-03-27T17:25:40.430+0200: 20393.703: [GC pause (G1 Evacuation Pause) (young) 5464M->2680M(6144M), 0.0519504 secs]
2018-03-27T17:25:42.618+0200: 20395.892: [GC pause (G1 Evacuation Pause) (young) 5466M->2682M(6144M), 0.0401293 secs]
2018-03-27T17:25:44.678+0200: 20397.952: [GC pause (G1 Evacuation Pause) (young) 5480M->2683M(6144M), 0.0627895 secs]
2018-03-27T17:25:47.171+0200: 20400.445: [GC pause (G1 Evacuation Pause) (young) 5465M->2687M(6144M), 0.0374009 secs]
2018-03-27T17:25:49.380+0200: 20402.653: [GC pause (GCLocker Initiated GC) (young) 5467M->2691M(6144M), 0.0505680 secs]
2018-03-27T17:25:52.251+0200: 20405.525: [GC pause (G1 Evacuation Pause) (young) 5461M->2690M(6144M), 0.0421795 secs]
2018-03-27T17:25:54.233+0200: 20407.507: [GC pause (GCLocker Initiated GC) (young) 5464M->2692M(6144M), 0.0401174 secs]
2018-03-27T17:25:56.100+0200: 20409.374: [GC pause (G1 Evacuation Pause) (young) 5462M->2692M(6144M), 0.0361001 secs]
2018-03-27T17:25:58.347+0200: 20411.620: [GC pause (G1 Evacuation Pause) (young) 5466M->2695M(6144M), 0.0407775 secs]
2018-03-27T17:26:00.610+0200: 20413.884: [GC pause (GCLocker Initiated GC) (young) 5469M->2699M(6144M), 0.0407041 secs]
2018-03-27T17:26:02.969+0200: 20416.243: [GC pause (G1 Evacuation Pause) (young) 5465M->2700M(6144M), 0.0417916 secs]
2018-03-27T17:26:05.855+0200: 20419.128: [GC pause (G1 Evacuation Pause) (young) 5464M->2703M(6144M), 0.0472960 secs]
2018-03-27T17:26:08.235+0200: 20421.509: [GC pause (G1 Evacuation Pause) (young) 5465M->2705M(6144M), 0.0473725 secs]
2018-03-27T17:26:09.778+0200: 20423.051: [GC pause (G1 Evacuation Pause) (young) 5463M->2710M(6144M), 0.0461682 secs]
2018-03-27T17:26:12.189+0200: 20425.463: [GC pause (G1 Evacuation Pause) (young) 5462M->2710M(6144M), 0.0631685 secs]
2018-03-27T17:26:14.624+0200: 20427.898: [GC pause (GCLocker Initiated GC) (young) 5464M->2713M(6144M), 0.0488396 secs]
2018-03-27T17:26:16.972+0200: 20430.245: [GC pause (G1 Evacuation Pause) (young) 5461M->2716M(6144M), 0.0386756 secs]
2018-03-27T17:26:19.562+0200: 20432.836: [GC pause (G1 Evacuation Pause) (young) 5462M->2717M(6144M), 0.0396783 secs]
2018-03-27T17:26:22.133+0200: 20435.407: [GC pause (G1 Evacuation Pause) (young) 5461M->2721M(6144M), 0.0720164 secs]
2018-03-27T17:26:24.070+0200: 20437.344: [GC pause (G1 Evacuation Pause) (young) 5459M->2721M(6144M), 0.0425778 secs]
2018-03-27T17:26:26.053+0200: 20439.326: [GC pause (G1 Evacuation Pause) (young) 5461M->2720M(6144M), 0.0354912 secs]
2018-03-27T17:26:28.133+0200: 20441.407: [GC pause (G1 Evacuation Pause) (young) 5466M->2723M(6144M), 0.0368472 secs]
2018-03-27T17:26:30.212+0200: 20443.486: [GC pause (G1 Evacuation Pause) (young) 5463M->2727M(6144M), 0.0434105 secs]
2018-03-27T17:26:32.324+0200: 20445.598: [GC pause (G1 Evacuation Pause) (young) 5461M->2727M(6144M), 0.0361397 secs]
2018-03-27T17:26:34.481+0200: 20447.755: [GC pause (G1 Evacuation Pause) (young) 5463M->2729M(6144M), 0.0466405 secs]
2018-03-27T17:26:37.452+0200: 20450.726: [GC pause (G1 Evacuation Pause) (young) 5467M->2733M(6144M), 0.0369753 secs]
2018-03-27T17:26:39.954+0200: 20453.228: [GC pause (G1 Evacuation Pause) (young) 5463M->2734M(6144M), 0.0406741 secs]
2018-03-27T17:26:42.530+0200: 20455.804: [GC pause (G1 Evacuation Pause) (young) 5466M->2738M(6144M), 0.0515071 secs]
2018-03-27T17:26:44.879+0200: 20458.153: [GC pause (G1 Evacuation Pause) (young) 5464M->2742M(6144M), 0.0388685 secs]
2018-03-27T17:26:47.391+0200: 20460.665: [GC pause (G1 Evacuation Pause) (young) 5462M->2742M(6144M), 0.0430812 secs]
2018-03-27T17:26:49.570+0200: 20462.844: [GC pause (G1 Evacuation Pause) (young) 5464M->2745M(6144M), 0.0497536 secs]
2018-03-27T17:26:51.781+0200: 20465.055: [GC pause (G1 Evacuation Pause) (young) 5465M->2748M(6144M), 0.0382913 secs]
2018-03-27T17:26:54.505+0200: 20467.779: [GC pause (G1 Evacuation Pause) (young) 5464M->2747M(6144M), 0.0362678 secs]
2018-03-27T17:26:56.930+0200: 20470.204: [GC pause (G1 Evacuation Pause) (young) 5465M->2750M(6144M), 0.0366807 secs]
2018-03-27T17:26:58.968+0200: 20472.242: [GC pause (G1 Evacuation Pause) (young) 5466M->2754M(6144M), 0.0386896 secs]
2018-03-27T17:27:01.527+0200: 20474.801: [GC pause (GCLocker Initiated GC) (young) 5484M->2755M(6144M), 0.0397195 secs]
2018-03-27T17:27:03.890+0200: 20477.163: [GC pause (G1 Evacuation Pause) (young) 5463M->2758M(6144M), 0.0423484 secs]
2018-03-27T17:27:06.368+0200: 20479.642: [GC pause (G1 Evacuation Pause) (young) 5464M->2759M(6144M), 0.0396053 secs]
2018-03-27T17:27:08.987+0200: 20482.261: [GC pause (G1 Evacuation Pause) (young) 5463M->2765M(6144M), 0.0407630 secs]
2018-03-27T17:27:11.734+0200: 20485.008: [GC pause (G1 Evacuation Pause) (young) 5459M->2765M(6144M), 0.0410074 secs]
2018-03-27T17:27:14.206+0200: 20487.480: [GC pause (GCLocker Initiated GC) (young) 5462M->2767M(6144M), 0.0456104 secs]
2018-03-27T17:27:16.644+0200: 20489.918: [GC pause (G1 Evacuation Pause) (young) 5461M->2767M(6144M), 0.0503385 secs]
2018-03-27T17:27:18.644+0200: 20491.918: [GC pause (G1 Evacuation Pause) (young) 5463M->2768M(6144M), 0.0394292 secs]
2018-03-27T17:27:21.071+0200: 20494.344: [GC pause (G1 Evacuation Pause) (young) 5466M->2771M(6144M), 0.0371474 secs]
2018-03-27T17:27:23.853+0200: 20497.127: [GC pause (G1 Evacuation Pause) (young) 5467M->2774M(6144M), 0.0378521 secs]
2018-03-27T17:27:26.316+0200: 20499.590: [GC pause (G1 Evacuation Pause) (young) 5464M->2777M(6144M), 0.0397517 secs]
2018-03-27T17:27:27.909+0200: 20501.183: [GC pause (GCLocker Initiated GC) (young) 5466M->2779M(6144M), 0.0394908 secs]
2018-03-27T17:27:30.694+0200: 20503.967: [GC pause (G1 Evacuation Pause) (young) 5465M->2778M(6144M), 0.0398038 secs]
2018-03-27T17:27:33.154+0200: 20506.427: [GC pause (GCLocker Initiated GC) (young) 5490M->2783M(6144M), 0.0440484 secs]
2018-03-27T17:27:35.095+0200: 20508.368: [GC pause (GCLocker Initiated GC) (young) 5469M->2781M(6144M), 0.0405896 secs]
2018-03-27T17:27:37.878+0200: 20511.152: [GC pause (G1 Evacuation Pause) (young) 5465M->2784M(6144M), 0.0397482 secs]
2018-03-27T17:27:40.292+0200: 20513.565: [GC pause (G1 Evacuation Pause) (young) 5466M->2785M(6144M), 0.0418533 secs]
2018-03-27T17:27:42.995+0200: 20516.268: [GC pause (G1 Evacuation Pause) (young) 5465M->2789M(6144M), 0.0396799 secs]
2018-03-27T17:27:46.101+0200: 20519.374: [GC pause (G1 Evacuation Pause) (young) 5463M->2790M(6144M), 0.0485763 secs]
2018-03-27T17:27:48.591+0200: 20521.865: [GC pause (GCLocker Initiated GC) (young) 5472M->2793M(6144M), 0.0457023 secs]
2018-03-27T17:27:50.693+0200: 20523.967: [GC pause (G1 Evacuation Pause) (young) 5463M->2794M(6144M), 0.0356758 secs]
2018-03-27T17:27:53.388+0200: 20526.661: [GC pause (G1 Evacuation Pause) (young) 5466M->2796M(6144M), 0.0460103 secs]
2018-03-27T17:27:55.074+0200: 20528.347: [GC pause (G1 Evacuation Pause) (young) 5466M->2797M(6144M), 0.0367635 secs]
2018-03-27T17:27:56.914+0200: 20530.188: [GC pause (G1 Evacuation Pause) (young) 5465M->2801M(6144M), 0.0365754 secs]
2018-03-27T17:27:58.835+0200: 20532.108: [GC pause (G1 Evacuation Pause) (young) 5463M->2802M(6144M), 0.0424806 secs]
2018-03-27T17:28:00.790+0200: 20534.064: [GC pause (G1 Evacuation Pause) (young) 5466M->2805M(6144M), 0.0359192 secs]
2018-03-27T17:28:02.697+0200: 20535.971: [GC pause (G1 Evacuation Pause) (young) 5463M->2810M(6144M), 0.0465452 secs]
2018-03-27T17:28:04.938+0200: 20538.212: [GC pause (GCLocker Initiated GC) (young) 5462M->2808M(6144M), 0.0442241 secs]
2018-03-27T17:28:05.981+0200: 20539.255: [GC pause (G1 Humongous Allocation) (young) (initial-mark) 4195M->2819M(6144M), 0.0489630 secs]
2018-03-27T17:28:06.030+0200: 20539.304: [GC concurrent-root-region-scan-start]
2018-03-27T17:28:06.080+0200: 20539.353: [GC concurrent-root-region-scan-end, 0.0491814 secs]
2018-03-27T17:28:06.080+0200: 20539.353: [GC concurrent-mark-start]
2018-03-27T17:28:07.784+0200: 20541.058: [GC pause (G1 Evacuation Pause) (young) 5458M->2814M(6144M), 0.0358674 secs]
2018-03-27T17:28:10.052+0200: 20543.325: [GC concurrent-mark-end, 3.9719878 secs]
2018-03-27T17:28:10.062+0200: 20543.336: [GC remark, 0.4271075 secs]
2018-03-27T17:28:10.492+0200: 20543.766: [GC cleanup 5440M->5434M(6144M), 0.0422730 secs]
2018-03-27T17:28:10.535+0200: 20543.809: [GC concurrent-cleanup-start]
2018-03-27T17:28:10.535+0200: 20543.809: [GC concurrent-cleanup-end, 0.0000941 secs]
2018-03-27T17:28:10.580+0200: 20543.854: [GC pause (G1 Evacuation Pause) (young) 5458M->2811M(6144M), 0.0613680 secs]
2018-03-27T17:28:10.765+0200: 20544.039: [GC pause (G1 Evacuation Pause) (mixed) 3055M->2518M(6144M), 0.2591464 secs]
2018-03-27T17:28:11.150+0200: 20544.424: [GC pause (G1 Evacuation Pause) (young) 2796M->2519M(6144M), 0.1147551 secs]
2018-03-27T17:28:11.377+0200: 20544.650: [GC pause (G1 Evacuation Pause) (young) 2795M->2530M(6144M), 0.0290769 secs]
2018-03-27T17:28:11.579+0200: 20544.853: [GC pause (G1 Evacuation Pause) (young) 2808M->2529M(6144M), 0.0349106 secs]
2018-03-27T17:28:11.796+0200: 20545.070: [GC pause (G1 Evacuation Pause) (young) 2807M->2529M(6144M), 0.0316791 secs]
2018-03-27T17:28:11.936+0200: 20545.210: [GC pause (G1 Evacuation Pause) (young) 2807M->2529M(6144M), 0.0254136 secs]
2018-03-27T17:28:12.070+0200: 20545.344: [GC pause (G1 Evacuation Pause) (young) 2807M->2530M(6144M), 0.0247806 secs]
2018-03-27T17:28:12.210+0200: 20545.484: [GC pause (G1 Evacuation Pause) (young) 2808M->2529M(6144M), 0.0213160 secs]
2018-03-27T17:28:12.365+0200: 20545.639: [GC pause (G1 Evacuation Pause) (young) 2807M->2529M(6144M), 0.0241371 secs]
2018-03-27T17:28:12.511+0200: 20545.784: [GC pause (G1 Evacuation Pause) (young) 2807M->2530M(6144M), 0.0264044 secs]
2018-03-27T17:28:12.665+0200: 20545.938: [GC pause (G1 Evacuation Pause) (young) 2808M->2529M(6144M), 0.0246180 secs]
2018-03-27T17:28:12.830+0200: 20546.104: [GC pause (GCLocker Initiated GC) (young) 2814M->2530M(6144M), 0.0308771 secs]
2018-03-27T17:28:13.063+0200: 20546.337: [GC pause (G1 Evacuation Pause) (young) 2812M->2529M(6144M), 0.0218111 secs]
2018-03-27T17:28:13.315+0200: 20546.589: [GC pause (GCLocker Initiated GC) (young) 2813M->2531M(6144M), 0.0267153 secs]
2018-03-27T17:28:13.559+0200: 20546.832: [GC pause (G1 Evacuation Pause) (young) 2813M->2531M(6144M), 0.0375952 secs]
2018-03-27T17:28:14.367+0200: 20547.640: [GC pause (G1 Evacuation Pause) (young) 3685M->2535M(6144M), 0.0400232 secs]
2018-03-27T17:28:16.770+0200: 20550.043: [GC pause (G1 Evacuation Pause) (young) 5461M->2541M(6144M), 0.0547447 secs]
2018-03-27T17:28:17.048+0200: 20550.322: [GC pause (G1 Evacuation Pause) (young) 2821M->2542M(6144M), 0.0487910 secs]
2018-03-27T17:28:17.415+0200: 20550.688: [GC pause (G1 Evacuation Pause) (young) 2822M->2543M(6144M), 0.0346017 secs]
2018-03-27T17:28:17.708+0200: 20550.981: [GC pause (G1 Evacuation Pause) (young) 2821M->2543M(6144M), 0.0383599 secs]
2018-03-27T17:28:20.503+0200: 20553.777: [GC pause (G1 Evacuation Pause) (young) 5489M->2546M(6144M), 0.0380789 secs]
2018-03-27T17:28:22.962+0200: 20556.236: [GC pause (G1 Evacuation Pause) (young) 5494M->2556M(6144M), 0.0396694 secs]
2018-03-27T17:28:25.419+0200: 20558.693: [GC pause (GCLocker Initiated GC) (young) 5488M->2558M(6144M), 0.0401152 secs]
2018-03-27T17:28:28.482+0200: 20561.756: [GC pause (G1 Evacuation Pause) (young) 5484M->2562M(6144M), 0.0390252 secs]
2018-03-27T17:28:30.854+0200: 20564.127: [GC pause (G1 Evacuation Pause) (young) 5480M->2564M(6144M), 0.0430437 secs]
2018-03-27T17:28:33.413+0200: 20566.686: [GC pause (G1 Evacuation Pause) (young) 5478M->2567M(6144M), 0.0346515 secs]
2018-03-27T17:28:35.951+0200: 20569.225: [GC pause (G1 Evacuation Pause) (young) 5475M->2570M(6144M), 0.0353235 secs]
2018-03-27T17:28:38.520+0200: 20571.793: [GC pause (G1 Evacuation Pause) (young) 5474M->2571M(6144M), 0.0338646 secs]
2018-03-27T17:28:40.503+0200: 20573.776: [GC pause (GCLocker Initiated GC) (young) 5471M->2577M(6144M), 0.0468124 secs]
2018-03-27T17:28:43.041+0200: 20576.315: [GC pause (G1 Evacuation Pause) (young) 5465M->2580M(6144M), 0.0446234 secs]
2018-03-27T17:28:45.037+0200: 20578.310: [GC pause (GCLocker Initiated GC) (young) 5466M->2580M(6144M), 0.0434382 secs]
2018-03-27T17:28:47.322+0200: 20580.596: [GC pause (G1 Evacuation Pause) (young) 5466M->2582M(6144M), 0.0538880 secs]
2018-03-27T17:28:50.115+0200: 20583.388: [GC pause (G1 Evacuation Pause) (young) 5466M->2586M(6144M), 0.0451724 secs]
2018-03-27T17:28:52.566+0200: 20585.839: [GC pause (G1 Evacuation Pause) (young) 5462M->2588M(6144M), 0.0481667 secs]
2018-03-27T17:28:54.824+0200: 20588.098: [GC pause (G1 Evacuation Pause) (young) 5460M->2589M(6144M), 0.0386008 secs]
2018-03-27T17:28:56.429+0200: 20589.703: [GC pause (G1 Evacuation Pause) (young) 5459M->2591M(6144M), 0.0366171 secs]
2018-03-27T17:28:58.411+0200: 20591.684: [GC pause (G1 Evacuation Pause) (young) 5459M->2590M(6144M), 0.0460299 secs]
2018-03-27T17:29:00.842+0200: 20594.115: [GC pause (G1 Evacuation Pause) (young) 5460M->2594M(6144M), 0.0510774 secs]
2018-03-27T17:29:03.523+0200: 20596.796: [GC pause (G1 Evacuation Pause) (young) 5462M->2596M(6144M), 0.0414758 secs]
2018-03-27T17:29:06.182+0200: 20599.455: [GC pause (G1 Evacuation Pause) (young) 5462M->2594M(6144M), 0.0379549 secs]
2018-03-27T17:29:08.238+0200: 20601.512: [GC pause (G1 Evacuation Pause) (young) 5466M->2598M(6144M), 0.0364933 secs]
2018-03-27T17:29:10.610+0200: 20603.884: [GC pause (G1 Evacuation Pause) (young) 5464M->2602M(6144M), 0.0662880 secs]
2018-03-27T17:29:12.985+0200: 20606.258: [GC pause (G1 Evacuation Pause) (young) 5464M->2602M(6144M), 0.0375850 secs]
2018-03-27T17:29:15.774+0200: 20609.048: [GC pause (G1 Evacuation Pause) (young) 5466M->2606M(6144M), 0.0671685 secs]
2018-03-27T17:29:18.253+0200: 20611.527: [GC pause (G1 Evacuation Pause) (young) 5464M->2605M(6144M), 0.0479218 secs]
2018-03-27T17:29:20.258+0200: 20613.531: [GC pause (G1 Evacuation Pause) (young) 5465M->2609M(6144M), 0.0523542 secs]
2018-03-27T17:29:23.145+0200: 20616.419: [GC pause (G1 Evacuation Pause) (young) 5467M->2609M(6144M), 0.0479880 secs]
2018-03-27T17:29:25.583+0200: 20618.856: [GC pause (G1 Evacuation Pause) (young) 5469M->2612M(6144M), 0.0381678 secs]
2018-03-27T17:29:27.855+0200: 20621.128: [GC pause (G1 Evacuation Pause) (young) 5464M->2615M(6144M), 0.0536843 secs]
2018-03-27T17:29:29.897+0200: 20623.171: [GC pause (G1 Evacuation Pause) (young) 5465M->2617M(6144M), 0.0374935 secs]
2018-03-27T17:29:31.952+0200: 20625.226: [GC pause (GCLocker Initiated GC) (young) 5482M->2623M(6144M), 0.0387714 secs]
2018-03-27T17:29:34.053+0200: 20627.327: [GC pause (G1 Evacuation Pause) (young) 5461M->2622M(6144M), 0.0400076 secs]
2018-03-27T17:29:35.862+0200: 20629.136: [GC pause (G1 Evacuation Pause) (young) 5464M->2622M(6144M), 0.0371373 secs]
2018-03-27T17:29:38.147+0200: 20631.420: [GC pause (G1 Evacuation Pause) (young) 5466M->2624M(6144M), 0.0381668 secs]
2018-03-27T17:29:40.846+0200: 20634.120: [GC pause (G1 Evacuation Pause) (young) 5466M->2625M(6144M), 0.0393622 secs]
2018-03-27T17:29:43.511+0200: 20636.785: [GC pause (G1 Evacuation Pause) (young) 5465M->2629M(6144M), 0.0362547 secs]
2018-03-27T17:29:45.791+0200: 20639.065: [GC pause (G1 Evacuation Pause) (young) 5463M->2630M(6144M), 0.0429683 secs]
2018-03-27T17:29:47.702+0200: 20640.976: [GC pause (G1 Evacuation Pause) (young) 5466M->2632M(6144M), 0.0401590 secs]
2018-03-27T17:29:50.414+0200: 20643.687: [GC pause (G1 Evacuation Pause) (young) 5466M->2636M(6144M), 0.0389277 secs]
2018-03-27T17:29:52.888+0200: 20646.161: [GC pause (G1 Evacuation Pause) (young) 5464M->2640M(6144M), 0.0396646 secs]
2018-03-27T17:29:55.110+0200: 20648.384: [GC pause (G1 Evacuation Pause) (young) 5462M->2640M(6144M), 0.0425979 secs]
2018-03-27T17:29:57.747+0200: 20651.020: [GC pause (GCLocker Initiated GC) (young) 5466M->2642M(6144M), 0.0439656 secs]
2018-03-27T17:30:00.725+0200: 20653.999: [GC pause (G1 Evacuation Pause) (young) 5464M->2645M(6144M), 0.0704942 secs]
2018-03-27T17:30:02.788+0200: 20656.061: [GC pause (G1 Evacuation Pause) (young) 5465M->2647M(6144M), 0.0388465 secs]
2018-03-27T17:30:05.107+0200: 20658.381: [GC pause (G1 Evacuation Pause) (young) 5465M->2649M(6144M), 0.0534103 secs]
2018-03-27T17:30:07.328+0200: 20660.602: [GC pause (G1 Evacuation Pause) (young) 5463M->2653M(6144M), 0.0543392 secs]
2018-03-27T17:30:10.141+0200: 20663.414: [GC pause (GCLocker Initiated GC) (young) 5461M->2655M(6144M), 0.0490222 secs]
2018-03-27T17:30:12.729+0200: 20666.003: [GC pause (G1 Evacuation Pause) (young) 5461M->2656M(6144M), 0.0777397 secs]
2018-03-27T17:30:14.974+0200: 20668.248: [GC pause (G1 Evacuation Pause) (young) 5464M->2659M(6144M), 0.0432626 secs]
2018-03-27T17:30:17.056+0200: 20670.329: [GC pause (G1 Evacuation Pause) (young) 5461M->2662M(6144M), 0.0503702 secs]
2018-03-27T17:30:19.685+0200: 20672.959: [GC pause (G1 Evacuation Pause) (young) 5458M->2663M(6144M), 0.0390638 secs]
2018-03-27T17:30:21.938+0200: 20675.212: [GC pause (G1 Evacuation Pause) (young) 5463M->2668M(6144M), 0.0607407 secs]
2018-03-27T17:30:24.130+0200: 20677.403: [GC pause (G1 Evacuation Pause) (young) 5458M->2666M(6144M), 0.0423685 secs]
2018-03-27T17:30:26.782+0200: 20680.055: [GC pause (G1 Evacuation Pause) (young) 5462M->2669M(6144M), 0.0480886 secs]
2018-03-27T17:30:29.108+0200: 20682.382: [GC pause (GCLocker Initiated GC) (young) 5464M->2671M(6144M), 0.0439259 secs]
2018-03-27T17:30:31.533+0200: 20684.806: [GC pause (GCLocker Initiated GC) (young) 5467M->2672M(6144M), 0.0369278 secs]
2018-03-27T17:30:33.702+0200: 20686.976: [GC pause (G1 Evacuation Pause) (young) 5462M->2675M(6144M), 0.0382069 secs]
2018-03-27T17:30:36.946+0200: 20690.219: [GC pause (G1 Evacuation Pause) (young) 5463M->2674M(6144M), 0.0413905 secs]
2018-03-27T17:30:39.185+0200: 20692.458: [GC pause (G1 Evacuation Pause) (young) 5464M->2678M(6144M), 0.0367845 secs]
2018-03-27T17:30:40.802+0200: 20694.076: [GC pause (G1 Evacuation Pause) (young) 5462M->2682M(6144M), 0.0460144 secs]
2018-03-27T17:30:43.936+0200: 20697.210: [GC pause (G1 Evacuation Pause) (young) 5460M->2682M(6144M), 0.0357539 secs]
2018-03-27T17:30:46.632+0200: 20699.906: [GC pause (GCLocker Initiated GC) (young) 5461M->2685M(6144M), 0.0362444 secs]
2018-03-27T17:30:48.794+0200: 20702.068: [GC pause (G1 Evacuation Pause) (young) 5461M->2687M(6144M), 0.0382211 secs]
2018-03-27T17:30:51.463+0200: 20704.737: [GC pause (G1 Evacuation Pause) (young) 5461M->2686M(6144M), 0.0525968 secs]
2018-03-27T17:30:53.618+0200: 20706.892: [GC pause (G1 Evacuation Pause) (young) 5464M->2689M(6144M), 0.0385306 secs]
2018-03-27T17:30:56.347+0200: 20709.621: [GC pause (G1 Evacuation Pause) (young) 5465M->2691M(6144M), 0.0382209 secs]
2018-03-27T17:30:58.396+0200: 20711.670: [GC pause (G1 Evacuation Pause) (young) 5465M->2693M(6144M), 0.0410451 secs]
2018-03-27T17:31:00.275+0200: 20713.549: [GC pause (G1 Evacuation Pause) (young) 5465M->2699M(6144M), 0.0375873 secs]
2018-03-27T17:31:02.379+0200: 20715.653: [GC pause (G1 Evacuation Pause) (young) 5461M->2699M(6144M), 0.0488464 secs]
2018-03-27T17:31:05.012+0200: 20718.286: [GC pause (G1 Evacuation Pause) (young) 5467M->2700M(6144M), 0.0374831 secs]
2018-03-27T17:31:07.150+0200: 20720.423: [GC pause (G1 Evacuation Pause) (young) 5466M->2702M(6144M), 0.0374679 secs]
2018-03-27T17:31:08.670+0200: 20721.944: [GC pause (G1 Evacuation Pause) (young) 5466M->2706M(6144M), 0.0398385 secs]
2018-03-27T17:31:11.127+0200: 20724.400: [GC pause (G1 Evacuation Pause) (young) 5464M->2707M(6144M), 0.0417620 secs]
2018-03-27T17:31:14.190+0200: 20727.464: [GC pause (G1 Evacuation Pause) (young) 5467M->2710M(6144M), 0.0369155 secs]
2018-03-27T17:31:15.825+0200: 20729.098: [GC pause (GCLocker Initiated GC) (young) 5464M->2711M(6144M), 0.0355056 secs]
2018-03-27T17:31:17.757+0200: 20731.030: [GC pause (G1 Evacuation Pause) (young) 5463M->2715M(6144M), 0.0353249 secs]
2018-03-27T17:31:19.245+0200: 20732.519: [GC pause (G1 Evacuation Pause) (young) 5461M->2722M(6144M), 0.0387270 secs]
2018-03-27T17:31:21.226+0200: 20734.500: [GC pause (G1 Evacuation Pause) (young) 5458M->2718M(6144M), 0.0384988 secs]
2018-03-27T17:31:23.531+0200: 20736.805: [GC pause (G1 Evacuation Pause) (young) 5460M->2721M(6144M), 0.0458556 secs]
2018-03-27T17:31:25.989+0200: 20739.263: [GC pause (G1 Evacuation Pause) (young) 5463M->2721M(6144M), 0.0473692 secs]
2018-03-27T17:31:28.122+0200: 20741.395: [GC pause (G1 Evacuation Pause) (young) 5463M->2725M(6144M), 0.0427625 secs]
2018-03-27T17:31:30.434+0200: 20743.708: [GC pause (G1 Evacuation Pause) (young) 5461M->2727M(6144M), 0.0383680 secs]
2018-03-27T17:31:32.901+0200: 20746.174: [GC pause (GCLocker Initiated GC) (young) 5463M->2728M(6144M), 0.0367284 secs]
2018-03-27T17:31:35.140+0200: 20748.414: [GC pause (G1 Evacuation Pause) (young) 5464M->2732M(6144M), 0.0360968 secs]
2018-03-27T17:31:37.207+0200: 20750.481: [GC pause (G1 Evacuation Pause) (young) 5462M->2733M(6144M), 0.0434251 secs]
2018-03-27T17:31:39.227+0200: 20752.500: [GC pause (G1 Evacuation Pause) (young) 5463M->2736M(6144M), 0.0411309 secs]
2018-03-27T17:31:41.040+0200: 20754.314: [GC pause (G1 Evacuation Pause) (young) 5464M->2737M(6144M), 0.0363951 secs]
2018-03-27T17:31:43.066+0200: 20756.340: [GC pause (G1 Evacuation Pause) (young) 5463M->2740M(6144M), 0.0382345 secs]
2018-03-27T17:31:44.741+0200: 20758.015: [GC pause (G1 Evacuation Pause) (young) 5464M->2745M(6144M), 0.0384683 secs]
2018-03-27T17:31:46.988+0200: 20760.262: [GC pause (G1 Evacuation Pause) (young) 5461M->2744M(6144M), 0.0539652 secs]
2018-03-27T17:31:48.918+0200: 20762.191: [GC pause (G1 Evacuation Pause) (young) 5462M->2746M(6144M), 0.0361576 secs]
2018-03-27T17:31:50.760+0200: 20764.034: [GC pause (G1 Evacuation Pause) (young) 5462M->2749M(6144M), 0.0383981 secs]
2018-03-27T17:31:52.697+0200: 20765.970: [GC pause (G1 Evacuation Pause) (young) 5465M->2752M(6144M), 0.0463805 secs]
2018-03-27T17:31:55.454+0200: 20768.728: [GC pause (G1 Evacuation Pause) (young) 5462M->2755M(6144M), 0.0369122 secs]
2018-03-27T17:31:57.414+0200: 20770.688: [GC pause (G1 Evacuation Pause) (young) 5459M->2758M(6144M), 0.0405567 secs]
2018-03-27T17:31:59.142+0200: 20772.416: [GC pause (G1 Evacuation Pause) (young) 5460M->2759M(6144M), 0.0359326 secs]
2018-03-27T17:32:01.634+0200: 20774.908: [GC pause (G1 Evacuation Pause) (young) 5459M->2761M(6144M), 0.0378209 secs]
2018-03-27T17:32:03.707+0200: 20776.980: [GC pause (GCLocker Initiated GC) (young) 5463M->2761M(6144M), 0.0365315 secs]
2018-03-27T17:32:06.205+0200: 20779.478: [GC pause (G1 Evacuation Pause) (young) 5461M->2765M(6144M), 0.0418004 secs]
2018-03-27T17:32:08.212+0200: 20781.486: [GC pause (GCLocker Initiated GC) (young) 5465M->2766M(6144M), 0.0570556 secs]
2018-03-27T17:32:11.331+0200: 20784.605: [GC pause (GCLocker Initiated GC) (young) 5464M->2767M(6144M), 0.0367193 secs]
2018-03-27T17:32:13.568+0200: 20786.842: [GC pause (G1 Evacuation Pause) (young) 5475M->2773M(6144M), 0.0462050 secs]
2018-03-27T17:32:16.304+0200: 20789.577: [GC pause (G1 Evacuation Pause) (young) 5461M->2771M(6144M), 0.0421863 secs]
2018-03-27T17:32:19.034+0200: 20792.308: [GC pause (G1 Evacuation Pause) (young) 5467M->2775M(6144M), 0.0607318 secs]
2018-03-27T17:32:20.961+0200: 20794.235: [GC pause (G1 Evacuation Pause) (young) 5465M->2778M(6144M), 0.0351037 secs]
2018-03-27T17:32:23.560+0200: 20796.834: [GC pause (G1 Evacuation Pause) (young) 5460M->2778M(6144M), 0.0374729 secs]
2018-03-27T17:32:25.973+0200: 20799.246: [GC pause (G1 Evacuation Pause) (young) 5466M->2782M(6144M), 0.0426719 secs]
2018-03-27T17:32:28.617+0200: 20801.890: [GC pause (G1 Evacuation Pause) (young) 5464M->2783M(6144M), 0.0442665 secs]
2018-03-27T17:32:30.777+0200: 20804.051: [GC pause (GCLocker Initiated GC) (young) 5463M->2783M(6144M), 0.0423893 secs]
2018-03-27T17:32:33.058+0200: 20806.331: [GC pause (G1 Evacuation Pause) (young) 5465M->2785M(6144M), 0.0434204 secs]
2018-03-27T17:32:35.077+0200: 20808.351: [GC pause (G1 Evacuation Pause) (young) 5465M->2787M(6144M), 0.0488092 secs]
2018-03-27T17:32:37.601+0200: 20810.875: [GC pause (G1 Evacuation Pause) (young) 5465M->2789M(6144M), 0.0412787 secs]
2018-03-27T17:32:39.834+0200: 20813.108: [GC pause (G1 Evacuation Pause) (young) 5465M->2794M(6144M), 0.0408036 secs]
2018-03-27T17:32:41.659+0200: 20814.933: [GC pause (G1 Evacuation Pause) (young) 5464M->2796M(6144M), 0.0347886 secs]
2018-03-27T17:32:44.068+0200: 20817.342: [GC pause (GCLocker Initiated GC) (young) 5468M->2797M(6144M), 0.0387684 secs]
2018-03-27T17:32:45.817+0200: 20819.090: [GC pause (G1 Evacuation Pause) (young) 5463M->2799M(6144M), 0.0386432 secs]
2018-03-27T17:32:47.845+0200: 20821.118: [GC pause (G1 Evacuation Pause) (young) 5463M->2803M(6144M), 0.0404597 secs]
2018-03-27T17:32:50.823+0200: 20824.097: [GC pause (G1 Evacuation Pause) (young) 5461M->2804M(6144M), 0.0409641 secs]
2018-03-27T17:32:53.178+0200: 20826.451: [GC pause (G1 Evacuation Pause) (young) 5464M->2806M(6144M), 0.0407884 secs]
2018-03-27T17:32:55.293+0200: 20828.567: [GC pause (G1 Evacuation Pause) (young) 5464M->2809M(6144M), 0.0390478 secs]
2018-03-27T17:32:57.349+0200: 20830.622: [GC pause (G1 Evacuation Pause) (young) 5461M->2814M(6144M), 0.0386542 secs]
2018-03-27T17:33:00.043+0200: 20833.317: [GC pause (GCLocker Initiated GC) (young) 5462M->2814M(6144M), 0.0403712 secs]
2018-03-27T17:33:02.281+0200: 20835.555: [GC pause (G1 Evacuation Pause) (young) 5458M->2815M(6144M), 0.0382802 secs]
2018-03-27T17:33:04.648+0200: 20837.922: [GC pause (G1 Evacuation Pause) (young) 5461M->2817M(6144M), 0.0390122 secs]
2018-03-27T17:33:07.083+0200: 20840.357: [GC pause (G1 Evacuation Pause) (young) 5461M->2820M(6144M), 0.0381307 secs]
2018-03-27T17:33:09.101+0200: 20842.375: [GC pause (G1 Evacuation Pause) (young) 5462M->2824M(6144M), 0.0646096 secs]
2018-03-27T17:33:11.154+0200: 20844.428: [GC pause (GCLocker Initiated GC) (young) 5478M->2827M(6144M), 0.0435383 secs]
2018-03-27T17:33:13.550+0200: 20846.824: [GC pause (G1 Evacuation Pause) (young) (initial-mark) 5461M->2827M(6144M), 0.0818486 secs]
2018-03-27T17:33:13.632+0200: 20846.906: [GC concurrent-root-region-scan-start]
2018-03-27T17:33:13.704+0200: 20846.977: [GC concurrent-root-region-scan-end, 0.0715043 secs]
2018-03-27T17:33:13.704+0200: 20846.977: [GC concurrent-mark-start]
2018-03-27T17:33:15.986+0200: 20849.260: [GC pause (G1 Evacuation Pause) (young) 5459M->2826M(6144M), 0.0375755 secs]
2018-03-27T17:33:17.141+0200: 20850.415: [GC concurrent-mark-end, 3.4378288 secs]
2018-03-27T17:33:17.149+0200: 20850.422: [GC remark, 0.3579188 secs]
2018-03-27T17:33:17.513+0200: 20850.787: [GC cleanup 4504M->4504M(6144M), 0.0332658 secs]
2018-03-27T17:33:18.039+0200: 20851.312: [GC pause (G1 Evacuation Pause) (young) 5464M->2830M(6144M), 0.0571493 secs]
2018-03-27T17:33:18.293+0200: 20851.567: [GC pause (GCLocker Initiated GC) (mixed) 3090M->2528M(6144M), 0.1863730 secs]
2018-03-27T17:33:18.641+0200: 20851.914: [GC pause (G1 Evacuation Pause) (mixed) 2810M->2520M(6144M), 0.1654222 secs]
2018-03-27T17:33:18.961+0200: 20852.235: [GC pause (GCLocker Initiated GC) (young) 2800M->2522M(6144M), 0.0467853 secs]
2018-03-27T17:33:19.136+0200: 20852.410: [GC pause (GCLocker Initiated GC) (young) 2801M->2522M(6144M), 0.0239459 secs]
2018-03-27T17:33:19.319+0200: 20852.593: [GC pause (G1 Evacuation Pause) (young) 2800M->2522M(6144M), 0.0252624 secs]
2018-03-27T17:33:19.473+0200: 20852.747: [GC pause (GCLocker Initiated GC) (young) 2816M->2524M(6144M), 0.0237458 secs]
2018-03-27T17:33:19.658+0200: 20852.932: [GC pause (GCLocker Initiated GC) (young) 2804M->2526M(6144M), 0.0234342 secs]
2018-03-27T17:33:19.826+0200: 20853.100: [GC pause (G1 Evacuation Pause) (young) 2800M->2525M(6144M), 0.0269239 secs]
2018-03-27T17:33:20.103+0200: 20853.376: [GC pause (G1 Evacuation Pause) (young) 2805M->2524M(6144M), 0.0246229 secs]
2018-03-27T17:33:20.526+0200: 20853.800: [GC pause (G1 Evacuation Pause) (young) 2806M->2522M(6144M), 0.0633511 secs]
2018-03-27T17:33:20.824+0200: 20854.098: [GC pause (GCLocker Initiated GC) (young) 2822M->2527M(6144M), 0.0222181 secs]
2018-03-27T17:33:20.995+0200: 20854.269: [GC pause (G1 Evacuation Pause) (young) 2805M->2527M(6144M), 0.0231132 secs]
2018-03-27T17:33:21.353+0200: 20854.626: [GC pause (G1 Evacuation Pause) (young) 2805M->2527M(6144M), 0.0301272 secs]
2018-03-27T17:33:21.580+0200: 20854.854: [GC pause (G1 Evacuation Pause) (young) 2805M->2527M(6144M), 0.0253386 secs]
2018-03-27T17:33:21.803+0200: 20855.077: [GC pause (G1 Evacuation Pause) (young) 2805M->2529M(6144M), 0.0258628 secs]
2018-03-27T17:33:22.130+0200: 20855.404: [GC pause (G1 Evacuation Pause) (young) 2811M->2530M(6144M), 0.0246196 secs]
2018-03-27T17:33:22.391+0200: 20855.664: [GC pause (GCLocker Initiated GC) (young) 2821M->2531M(6144M), 0.0211211 secs]
2018-03-27T17:33:22.574+0200: 20855.848: [GC pause (G1 Evacuation Pause) (young) 2813M->2531M(6144M), 0.0305910 secs]
2018-03-27T17:33:22.759+0200: 20856.033: [GC pause (G1 Evacuation Pause) (young) 2815M->2530M(6144M), 0.0249498 secs]
2018-03-27T17:33:25.259+0200: 20858.533: [GC pause (G1 Evacuation Pause) (young) 5482M->2538M(6144M), 0.0272589 secs]
2018-03-27T17:33:27.504+0200: 20860.778: [GC pause (GCLocker Initiated GC) (young) 5490M->2542M(6144M), 0.0311555 secs]
2018-03-27T17:33:29.619+0200: 20862.893: [GC pause (GCLocker Initiated GC) (young) 5494M->2549M(6144M), 0.0489916 secs]
2018-03-27T17:33:32.294+0200: 20865.567: [GC pause (G1 Evacuation Pause) (young) 5487M->2552M(6144M), 0.0553530 secs]
2018-03-27T17:33:35.037+0200: 20868.311: [GC pause (G1 Evacuation Pause) (young) 5486M->2553M(6144M), 0.0442096 secs]
2018-03-27T17:33:37.548+0200: 20870.822: [GC pause (G1 Evacuation Pause) (young) 5483M->2560M(6144M), 0.0452028 secs]
2018-03-27T17:33:40.167+0200: 20873.441: [GC pause (G1 Evacuation Pause) (young) 5478M->2562M(6144M), 0.0419254 secs]
2018-03-27T17:33:42.198+0200: 20875.472: [GC pause (G1 Evacuation Pause) (young) 5474M->2566M(6144M), 0.0431720 secs]
2018-03-27T17:33:44.685+0200: 20877.959: [GC pause (G1 Evacuation Pause) (young) 5474M->2569M(6144M), 0.0409113 secs]
2018-03-27T17:33:47.446+0200: 20880.719: [GC pause (G1 Evacuation Pause) (young) 5469M->2571M(6144M), 0.0465131 secs]
2018-03-27T17:33:49.672+0200: 20882.946: [GC pause (G1 Evacuation Pause) (young) 5467M->2574M(6144M), 0.0407345 secs]
2018-03-27T17:33:51.629+0200: 20884.902: [GC pause (G1 Evacuation Pause) (young) 5466M->2574M(6144M), 0.0421931 secs]
2018-03-27T17:33:54.080+0200: 20887.354: [GC pause (G1 Evacuation Pause) (young) 5466M->2576M(6144M), 0.0397061 secs]
2018-03-27T17:33:56.509+0200: 20889.783: [GC pause (G1 Evacuation Pause) (young) 5469M->2578M(6144M), 0.0392538 secs]
2018-03-27T17:33:59.254+0200: 20892.527: [GC pause (G1 Evacuation Pause) (young) 5472M->2580M(6144M), 0.0426170 secs]
2018-03-27T17:34:01.855+0200: 20895.129: [GC pause (G1 Evacuation Pause) (young) 5462M->2579M(6144M), 0.0584238 secs]
2018-03-27T17:34:04.307+0200: 20897.581: [GC pause (G1 Evacuation Pause) (young) 5463M->2584M(6144M), 0.0691780 secs]
2018-03-27T17:34:07.114+0200: 20900.387: [GC pause (G1 Evacuation Pause) (young) 5460M->2582M(6144M), 0.0481157 secs]
2018-03-27T17:34:09.567+0200: 20902.841: [GC pause (GCLocker Initiated GC) (young) 5485M->2586M(6144M), 0.0475072 secs]
2018-03-27T17:34:12.070+0200: 20905.344: [GC pause (G1 Evacuation Pause) (young) 5464M->2589M(6144M), 0.0389811 secs]
2018-03-27T17:34:14.647+0200: 20907.921: [GC pause (G1 Evacuation Pause) (young) 5461M->2596M(6144M), 0.0425621 secs]
2018-03-27T17:34:16.466+0200: 20909.739: [GC pause (G1 Evacuation Pause) (young) 5456M->2593M(6144M), 0.0430891 secs]
2018-03-27T17:34:18.720+0200: 20911.994: [GC pause (G1 Evacuation Pause) (young) 5463M->2595M(6144M), 0.0523179 secs]
2018-03-27T17:34:20.750+0200: 20914.024: [GC pause (G1 Evacuation Pause) (young) 5498M->2601M(6144M), 0.0537191 secs]
2018-03-27T17:34:21.164+0200: 20914.438: [GC pause (G1 Evacuation Pause) (young) 2895M->2605M(6144M), 0.0561788 secs]
2018-03-27T17:34:21.459+0200: 20914.733: [GC pause (G1 Evacuation Pause) (young) 2887M->2606M(6144M), 0.0291634 secs]
2018-03-27T17:34:23.606+0200: 20916.880: [GC pause (G1 Evacuation Pause) (young) 5486M->2610M(6144M), 0.0260557 secs]
2018-03-27T17:34:26.483+0200: 20919.757: [GC pause (G1 Evacuation Pause) (young) 5492M->2616M(6144M), 0.0292384 secs]
2018-03-27T17:34:28.662+0200: 20921.935: [GC pause (G1 Evacuation Pause) (young) 5490M->2619M(6144M), 0.0638822 secs]
2018-03-27T17:34:30.479+0200: 20923.753: [GC pause (G1 Evacuation Pause) (young) 5485M->2625M(6144M), 0.0320530 secs]
2018-03-27T17:34:32.306+0200: 20925.580: [GC pause (G1 Evacuation Pause) (young) 5479M->2627M(6144M), 0.0480465 secs]
2018-03-27T17:34:34.927+0200: 20928.200: [GC pause (GCLocker Initiated GC) (young) 5489M->2630M(6144M), 0.0449832 secs]
2018-03-27T17:34:36.854+0200: 20930.128: [GC pause (G1 Evacuation Pause) (young) 5476M->2631M(6144M), 0.0558476 secs]
2018-03-27T17:34:38.905+0200: 20932.179: [GC pause (G1 Evacuation Pause) (young) 5473M->2633M(6144M), 0.0328913 secs]
2018-03-27T17:34:41.389+0200: 20934.663: [GC pause (G1 Evacuation Pause) (young) 5471M->2636M(6144M), 0.0390972 secs]
2018-03-27T17:34:43.936+0200: 20937.210: [GC pause (G1 Evacuation Pause) (young) 5470M->2640M(6144M), 0.0395326 secs]
2018-03-27T17:34:46.100+0200: 20939.374: [GC pause (GCLocker Initiated GC) (young) 5466M->2641M(6144M), 0.0347449 secs]
2018-03-27T17:34:48.514+0200: 20941.788: [GC pause (G1 Evacuation Pause) (young) 5463M->2641M(6144M), 0.0519849 secs]
2018-03-27T17:34:50.491+0200: 20943.765: [GC pause (G1 Evacuation Pause) (young) 5465M->2647M(6144M), 0.0509046 secs]
2018-03-27T17:34:52.957+0200: 20946.231: [GC pause (G1 Evacuation Pause) (young) 5461M->2649M(6144M), 0.0395098 secs]
2018-03-27T17:34:54.986+0200: 20948.259: [GC pause (G1 Evacuation Pause) (young) 5461M->2651M(6144M), 0.0359691 secs]
2018-03-27T17:34:57.560+0200: 20950.834: [GC pause (G1 Evacuation Pause) (young) 5459M->2649M(6144M), 0.0654741 secs]
2018-03-27T17:35:00.015+0200: 20953.289: [GC pause (G1 Evacuation Pause) (young) 5463M->2651M(6144M), 0.0592309 secs]
2018-03-27T17:35:02.049+0200: 20955.322: [GC pause (G1 Evacuation Pause) (young) 5463M->2655M(6144M), 0.0410322 secs]
2018-03-27T17:35:04.265+0200: 20957.539: [GC pause (GCLocker Initiated GC) (young) 5467M->2657M(6144M), 0.0499931 secs]
2018-03-27T17:35:06.943+0200: 20960.216: [GC pause (G1 Evacuation Pause) (young) 5479M->2660M(6144M), 0.0599812 secs]
2018-03-27T17:35:09.426+0200: 20962.699: [GC pause (G1 Evacuation Pause) (young) 5462M->2663M(6144M), 0.0491833 secs]
2018-03-27T17:35:11.776+0200: 20965.050: [GC pause (G1 Evacuation Pause) (young) 5461M->2667M(6144M), 0.0399010 secs]
2018-03-27T17:35:13.947+0200: 20967.221: [GC pause (G1 Evacuation Pause) (young) 5459M->2669M(6144M), 0.0432479 secs]
2018-03-27T17:35:16.475+0200: 20969.749: [GC pause (G1 Evacuation Pause) (young) 5463M->2670M(6144M), 0.0427068 secs]
2018-03-27T17:35:19.485+0200: 20972.759: [GC pause (G1 Evacuation Pause) (young) 5460M->2673M(6144M), 0.0417751 secs]
2018-03-27T17:35:21.510+0200: 20974.784: [GC pause (G1 Evacuation Pause) (young) 5479M->2680M(6144M), 0.0475386 secs]
2018-03-27T17:35:23.921+0200: 20977.195: [GC pause (GCLocker Initiated GC) (young) 5462M->2678M(6144M), 0.0490573 secs]
2018-03-27T17:35:26.408+0200: 20979.682: [GC pause (G1 Evacuation Pause) (young) 5470M->2682M(6144M), 0.0414044 secs]
2018-03-27T17:35:28.934+0200: 20982.208: [GC pause (G1 Evacuation Pause) (young) 5460M->2682M(6144M), 0.0644907 secs]
2018-03-27T17:35:31.559+0200: 20984.833: [GC pause (G1 Evacuation Pause) (young) 5464M->2684M(6144M), 0.0436943 secs]
2018-03-27T17:35:33.853+0200: 20987.127: [GC pause (G1 Evacuation Pause) (young) 5464M->2684M(6144M), 0.0369864 secs]
2018-03-27T17:35:36.426+0200: 20989.700: [GC pause (GCLocker Initiated GC) (young) 5463M->2689M(6144M), 0.0418070 secs]
2018-03-27T17:35:38.769+0200: 20992.042: [GC pause (G1 Evacuation Pause) (young) 5461M->2691M(6144M), 0.0416194 secs]
2018-03-27T17:35:41.571+0200: 20994.844: [GC pause (G1 Evacuation Pause) (young) 5461M->2690M(6144M), 0.0417679 secs]
2018-03-27T17:35:43.782+0200: 20997.056: [GC pause (G1 Evacuation Pause) (young) 5466M->2693M(6144M), 0.0498743 secs]
2018-03-27T17:35:46.694+0200: 20999.967: [GC pause (G1 Evacuation Pause) (young) 5463M->2692M(6144M), 0.0348685 secs]
2018-03-27T17:35:49.382+0200: 21002.656: [GC pause (G1 Evacuation Pause) (young) 5468M->2696M(6144M), 0.0575191 secs]
2018-03-27T17:35:51.760+0200: 21005.033: [GC pause (G1 Evacuation Pause) (young) 5466M->2696M(6144M), 0.0409112 secs]
2018-03-27T17:35:53.531+0200: 21006.805: [GC pause (G1 Evacuation Pause) (young) 5464M->2701M(6144M), 0.0409050 secs]
2018-03-27T17:35:55.026+0200: 21008.300: [GC pause (G1 Evacuation Pause) (young) 5463M->2702M(6144M), 0.0385799 secs]
2018-03-27T17:35:56.983+0200: 21010.257: [GC pause (G1 Evacuation Pause) (young) 5466M->2707M(6144M), 0.0450306 secs]
2018-03-27T17:35:58.432+0200: 21011.706: [GC pause (G1 Evacuation Pause) (young) 4533M->2707M(6144M), 0.0509206 secs]
2018-03-27T17:35:58.706+0200: 21011.980: [GC pause (G1 Evacuation Pause) (young) 2983M->2716M(6144M), 0.0323724 secs]
2018-03-27T17:36:00.807+0200: 21014.081: [GC pause (G1 Evacuation Pause) (young) 5468M->2721M(6144M), 0.0300667 secs]
2018-03-27T17:36:03.343+0200: 21016.617: [GC pause (G1 Evacuation Pause) (young) 5477M->2725M(6144M), 0.0434765 secs]
2018-03-27T17:36:06.297+0200: 21019.571: [GC pause (GCLocker Initiated GC) (young) 5511M->2729M(6144M), 0.0481148 secs]
2018-03-27T17:36:08.915+0200: 21022.189: [GC pause (G1 Evacuation Pause) (young) 5483M->2732M(6144M), 0.0538808 secs]
2018-03-27T17:36:10.865+0200: 21024.139: [GC pause (G1 Evacuation Pause) (young) 5482M->2736M(6144M), 0.0404993 secs]
2018-03-27T17:36:13.642+0200: 21026.916: [GC pause (GCLocker Initiated GC) (young) 5480M->2741M(6144M), 0.0677441 secs]
2018-03-27T17:36:15.660+0200: 21028.934: [GC pause (G1 Evacuation Pause) (young) 5471M->2742M(6144M), 0.0538490 secs]
2018-03-27T17:36:18.372+0200: 21031.645: [GC pause (GCLocker Initiated GC) (young) 5492M->2746M(6144M), 0.0347202 secs]
2018-03-27T17:36:20.778+0200: 21034.052: [GC pause (GCLocker Initiated GC) (young) 5469M->2749M(6144M), 0.0396163 secs]
2018-03-27T17:36:23.645+0200: 21036.919: [GC pause (G1 Evacuation Pause) (young) 5463M->2748M(6144M), 0.0409485 secs]
2018-03-27T17:36:26.028+0200: 21039.301: [GC pause (G1 Evacuation Pause) (young) 5466M->2749M(6144M), 0.0443836 secs]
2018-03-27T17:36:27.976+0200: 21041.250: [GC pause (G1 Evacuation Pause) (young) 5463M->2751M(6144M), 0.0692585 secs]
2018-03-27T17:36:30.458+0200: 21043.732: [GC pause (G1 Evacuation Pause) (young) 5463M->2752M(6144M), 0.0358506 secs]
2018-03-27T17:36:32.878+0200: 21046.151: [GC pause (G1 Evacuation Pause) (young) 5466M->2757M(6144M), 0.0491826 secs]
2018-03-27T17:36:35.278+0200: 21048.552: [GC pause (G1 Evacuation Pause) (young) 5465M->2757M(6144M), 0.0496709 secs]
2018-03-27T17:36:37.219+0200: 21050.493: [GC pause (G1 Evacuation Pause) (young) 5463M->2759M(6144M), 0.0402749 secs]
2018-03-27T17:36:39.871+0200: 21053.145: [GC pause (GCLocker Initiated GC) (young) 5464M->2761M(6144M), 0.0665662 secs]
2018-03-27T17:36:42.646+0200: 21055.920: [GC pause (G1 Evacuation Pause) (young) 5463M->2764M(6144M), 0.0497530 secs]
2018-03-27T17:36:45.170+0200: 21058.444: [GC pause (G1 Evacuation Pause) (young) 5464M->2765M(6144M), 0.0470536 secs]
2018-03-27T17:36:47.676+0200: 21060.950: [GC pause (G1 Evacuation Pause) (young) 5463M->2769M(6144M), 0.0456037 secs]
2018-03-27T17:36:49.930+0200: 21063.204: [GC pause (G1 Evacuation Pause) (young) 5461M->2768M(6144M), 0.0373759 secs]
2018-03-27T17:36:52.435+0200: 21065.709: [GC pause (G1 Evacuation Pause) (young) 5462M->2773M(6144M), 0.0364025 secs]
2018-03-27T17:36:54.617+0200: 21067.891: [GC pause (G1 Evacuation Pause) (young) 5461M->2775M(6144M), 0.0408636 secs]
2018-03-27T17:36:57.236+0200: 21070.510: [GC pause (G1 Evacuation Pause) (young) 5461M->2777M(6144M), 0.0424147 secs]
2018-03-27T17:36:59.822+0200: 21073.096: [GC pause (GCLocker Initiated GC) (young) 5463M->2781M(6144M), 0.0436332 secs]
2018-03-27T17:37:02.667+0200: 21075.941: [GC pause (GCLocker Initiated GC) (young) 5460M->2778M(6144M), 0.0376231 secs]
2018-03-27T17:37:05.073+0200: 21078.347: [GC pause (GCLocker Initiated GC) (young) 5469M->2780M(6144M), 0.0441444 secs]
2018-03-27T17:37:08.319+0200: 21081.593: [GC pause (G1 Evacuation Pause) (young) 5466M->2783M(6144M), 0.0447104 secs]
2018-03-27T17:37:10.712+0200: 21083.986: [GC pause (G1 Evacuation Pause) (young) 5463M->2787M(6144M), 0.0370932 secs]
2018-03-27T17:37:13.161+0200: 21086.434: [GC pause (G1 Evacuation Pause) (young) 5461M->2788M(6144M), 0.0386559 secs]
2018-03-27T17:37:15.081+0200: 21088.355: [GC pause (G1 Evacuation Pause) (young) 5464M->2790M(6144M), 0.0394861 secs]
2018-03-27T17:37:17.882+0200: 21091.155: [GC pause (G1 Evacuation Pause) (young) 5466M->2792M(6144M), 0.0365427 secs]
2018-03-27T17:37:20.857+0200: 21094.130: [GC pause (G1 Evacuation Pause) (young) 5466M->2793M(6144M), 0.0541694 secs]
2018-03-27T17:37:22.986+0200: 21096.259: [GC pause (G1 Evacuation Pause) (young) 5465M->2793M(6144M), 0.0404134 secs]
2018-03-27T17:37:25.689+0200: 21098.963: [GC pause (G1 Evacuation Pause) (young) 5467M->2799M(6144M), 0.0667681 secs]
2018-03-27T17:37:27.801+0200: 21101.074: [GC pause (G1 Evacuation Pause) (young) 5463M->2800M(6144M), 0.0350257 secs]
2018-03-27T17:37:30.414+0200: 21103.687: [GC pause (G1 Evacuation Pause) (young) 5466M->2800M(6144M), 0.0399957 secs]
2018-03-27T17:37:32.771+0200: 21106.045: [GC pause (G1 Evacuation Pause) (young) 5468M->2806M(6144M), 0.0364989 secs]
2018-03-27T17:37:35.103+0200: 21108.377: [GC pause (G1 Evacuation Pause) (young) 5464M->2805M(6144M), 0.0371184 secs]
2018-03-27T17:37:37.504+0200: 21110.778: [GC pause (G1 Evacuation Pause) (young) 5465M->2807M(6144M), 0.0367252 secs]
2018-03-27T17:37:39.661+0200: 21112.934: [GC pause (G1 Evacuation Pause) (young) 5465M->2809M(6144M), 0.0403502 secs]
2018-03-27T17:37:42.135+0200: 21115.409: [GC pause (G1 Evacuation Pause) (young) 5469M->2811M(6144M), 0.0715586 secs]
2018-03-27T17:37:44.222+0200: 21117.496: [GC pause (G1 Evacuation Pause) (young) 5469M->2813M(6144M), 0.0404408 secs]
2018-03-27T17:37:46.661+0200: 21119.935: [GC pause (G1 Evacuation Pause) (young) 5469M->2815M(6144M), 0.0362024 secs]
2018-03-27T17:37:49.031+0200: 21122.305: [GC pause (GCLocker Initiated GC) (young) 5489M->2817M(6144M), 0.0375951 secs]
2018-03-27T17:37:51.275+0200: 21124.549: [GC pause (G1 Evacuation Pause) (young) (initial-mark) 5467M->2818M(6144M), 0.0465986 secs]
2018-03-27T17:37:51.322+0200: 21124.596: [GC concurrent-root-region-scan-start]
2018-03-27T17:37:51.375+0200: 21124.649: [GC concurrent-root-region-scan-end, 0.0527751 secs]
2018-03-27T17:37:51.375+0200: 21124.649: [GC concurrent-mark-start]
2018-03-27T17:37:53.188+0200: 21126.462: [GC pause (G1 Evacuation Pause) (young) 5470M->2822M(6144M), 0.0386910 secs]
2018-03-27T17:37:54.859+0200: 21128.133: [GC concurrent-mark-end, 3.4845807 secs]
2018-03-27T17:37:54.862+0200: 21128.135: [GC remark, 0.3433019 secs]
2018-03-27T17:37:55.208+0200: 21128.482: [GC cleanup 4580M->4580M(6144M), 0.0252084 secs]
2018-03-27T17:37:55.903+0200: 21129.177: [GC pause (G1 Evacuation Pause) (young) 5468M->2821M(6144M), 0.0602456 secs]
2018-03-27T17:37:56.085+0200: 21129.359: [GC pause (G1 Evacuation Pause) (mixed) 3073M->2507M(6144M), 0.2027864 secs]
2018-03-27T17:37:56.445+0200: 21129.719: [GC pause (GCLocker Initiated GC) (mixed) 2791M->2509M(6144M), 0.1240646 secs]
2018-03-27T17:37:56.657+0200: 21129.931: [GC pause (G1 Evacuation Pause) (young) 2785M->2517M(6144M), 0.0321998 secs]
2018-03-27T17:37:56.795+0200: 21130.069: [GC pause (G1 Evacuation Pause) (young) 2797M->2516M(6144M), 0.0235143 secs]
2018-03-27T17:37:56.969+0200: 21130.243: [GC pause (GCLocker Initiated GC) (young) 2814M->2520M(6144M), 0.0242739 secs]
2018-03-27T17:37:57.097+0200: 21130.370: [GC pause (G1 Evacuation Pause) (young) 2798M->2520M(6144M), 0.0253784 secs]
2018-03-27T17:37:57.247+0200: 21130.520: [GC pause (GCLocker Initiated GC) (young) 2820M->2519M(6144M), 0.0256125 secs]
2018-03-27T17:37:57.395+0200: 21130.669: [GC pause (G1 Evacuation Pause) (young) 2803M->2521M(6144M), 0.0251225 secs]
2018-03-27T17:37:57.578+0200: 21130.852: [GC pause (G1 Evacuation Pause) (young) 2806M->2523M(6144M), 0.0247564 secs]
2018-03-27T17:37:57.748+0200: 21131.022: [GC pause (GCLocker Initiated GC) (young) 2821M->2524M(6144M), 0.0253613 secs]
2018-03-27T17:37:57.975+0200: 21131.248: [GC pause (G1 Evacuation Pause) (young) 2811M->2523M(6144M), 0.0335755 secs]
2018-03-27T17:37:58.199+0200: 21131.472: [GC pause (G1 Evacuation Pause) (young) 2805M->2523M(6144M), 0.0287887 secs]
2018-03-27T17:37:58.469+0200: 21131.743: [GC pause (GCLocker Initiated GC) (young) 2807M->2526M(6144M), 0.0304358 secs]
2018-03-27T17:37:58.732+0200: 21132.006: [GC pause (GCLocker Initiated GC) (young) 2822M->2522M(6144M), 0.0398060 secs]
2018-03-27T17:37:58.956+0200: 21132.229: [GC pause (G1 Evacuation Pause) (young) 2804M->2522M(6144M), 0.0355413 secs]
2018-03-27T17:38:01.859+0200: 21135.132: [GC pause (GCLocker Initiated GC) (young) 5466M->2531M(6144M), 0.0335804 secs]
2018-03-27T17:38:04.440+0200: 21137.714: [GC pause (G1 Evacuation Pause) (young) 5475M->2536M(6144M), 0.0572731 secs]
2018-03-27T17:38:06.727+0200: 21140.001: [GC pause (G1 Evacuation Pause) (young) 5484M->2540M(6144M), 0.0507294 secs]
2018-03-27T17:38:08.623+0200: 21141.897: [GC pause (GCLocker Initiated GC) (young) 5494M->2543M(6144M), 0.0461525 secs]
2018-03-27T17:38:11.145+0200: 21144.419: [GC pause (G1 Evacuation Pause) (young) 5495M->2549M(6144M), 0.0386859 secs]
2018-03-27T17:38:13.562+0200: 21146.836: [GC pause (GCLocker Initiated GC) (young) 5482M->2554M(6144M), 0.0410189 secs]
2018-03-27T17:38:15.991+0200: 21149.264: [GC pause (G1 Evacuation Pause) (young) 5478M->2556M(6144M), 0.0395244 secs]
2018-03-27T17:38:18.278+0200: 21151.552: [GC pause (G1 Evacuation Pause) (young) 5476M->2557M(6144M), 0.0696064 secs]
2018-03-27T17:38:20.741+0200: 21154.015: [GC pause (G1 Evacuation Pause) (young) 5475M->2561M(6144M), 0.0323289 secs]
2018-03-27T17:38:23.425+0200: 21156.699: [GC pause (G1 Evacuation Pause) (young) 5471M->2564M(6144M), 0.0351676 secs]
2018-03-27T17:38:26.234+0200: 21159.507: [GC pause (G1 Evacuation Pause) (young) 5470M->2565M(6144M), 0.0512259 secs]
2018-03-27T17:38:29.063+0200: 21162.337: [GC pause (G1 Evacuation Pause) (young) 5467M->2568M(6144M), 0.0385958 secs]
2018-03-27T17:38:30.910+0200: 21164.184: [GC pause (G1 Evacuation Pause) (young) 5466M->2570M(6144M), 0.0363257 secs]
2018-03-27T17:38:33.190+0200: 21166.464: [GC pause (G1 Evacuation Pause) (young) 5464M->2574M(6144M), 0.0448336 secs]
2018-03-27T17:38:35.840+0200: 21169.114: [GC pause (G1 Evacuation Pause) (young) 5460M->2575M(6144M), 0.0380483 secs]
2018-03-27T17:38:38.287+0200: 21171.561: [GC pause (G1 Evacuation Pause) (young) 5461M->2576M(6144M), 0.0391574 secs]
2018-03-27T17:38:40.953+0200: 21174.227: [GC pause (G1 Evacuation Pause) (young) 5460M->2574M(6144M), 0.0391531 secs]
2018-03-27T17:38:43.818+0200: 21177.092: [GC pause (GCLocker Initiated GC) (young) 5465M->2580M(6144M), 0.0510192 secs]
2018-03-27T17:38:46.117+0200: 21179.391: [GC pause (G1 Evacuation Pause) (young) 5462M->2583M(6144M), 0.0469416 secs]
2018-03-27T17:38:48.771+0200: 21182.044: [GC pause (G1 Evacuation Pause) (young) 5463M->2584M(6144M), 0.0517074 secs]
2018-03-27T17:38:51.622+0200: 21184.895: [GC pause (G1 Evacuation Pause) (young) 5462M->2587M(6144M), 0.0407225 secs]
2018-03-27T17:38:54.399+0200: 21187.673: [GC pause (G1 Evacuation Pause) (young) 5463M->2589M(6144M), 0.0368769 secs]
2018-03-27T17:38:56.901+0200: 21190.175: [GC pause (GCLocker Initiated GC) (young) 5464M->2589M(6144M), 0.0375988 secs]
2018-03-27T17:38:58.830+0200: 21192.104: [GC pause (G1 Evacuation Pause) (young) 5463M->2592M(6144M), 0.0391249 secs]
2018-03-27T17:39:01.665+0200: 21194.939: [GC pause (G1 Evacuation Pause) (young) 5464M->2594M(6144M), 0.0357600 secs]
2018-03-27T17:39:03.886+0200: 21197.159: [GC pause (GCLocker Initiated GC) (young) 5466M->2597M(6144M), 0.0393010 secs]
2018-03-27T17:39:06.406+0200: 21199.680: [GC pause (G1 Evacuation Pause) (young) 5461M->2597M(6144M), 0.0433244 secs]
2018-03-27T17:39:09.166+0200: 21202.440: [GC pause (G1 Evacuation Pause) (young) 5463M->2600M(6144M), 0.0526416 secs]
2018-03-27T17:39:11.025+0200: 21204.298: [GC pause (G1 Evacuation Pause) (young) 5464M->2602M(6144M), 0.0375774 secs]
2018-03-27T17:39:13.275+0200: 21206.549: [GC pause (GCLocker Initiated GC) (young) 5464M->2604M(6144M), 0.0401030 secs]
2018-03-27T17:39:15.897+0200: 21209.171: [GC pause (G1 Evacuation Pause) (young) 5462M->2606M(6144M), 0.0417825 secs]
2018-03-27T17:39:18.383+0200: 21211.656: [GC pause (G1 Evacuation Pause) (young) 5466M->2608M(6144M), 0.0474932 secs]
2018-03-27T17:39:20.647+0200: 21213.921: [GC pause (G1 Evacuation Pause) (young) 5462M->2608M(6144M), 0.0393584 secs]
2018-03-27T17:39:23.286+0200: 21216.559: [GC pause (G1 Evacuation Pause) (young) 5464M->2611M(6144M), 0.0486506 secs]
2018-03-27T17:39:25.962+0200: 21219.235: [GC pause (GCLocker Initiated GC) (young) 5468M->2615M(6144M), 0.0394313 secs]
2018-03-27T17:39:28.865+0200: 21222.139: [GC pause (G1 Evacuation Pause) (young) 5465M->2615M(6144M), 0.0424495 secs]
2018-03-27T17:39:31.740+0200: 21225.014: [GC pause (G1 Evacuation Pause) (young) 5467M->2618M(6144M), 0.0429579 secs]
2018-03-27T17:39:34.521+0200: 21227.795: [GC pause (G1 Evacuation Pause) (young) 5466M->2620M(6144M), 0.0409160 secs]
2018-03-27T17:39:37.158+0200: 21230.431: [GC pause (G1 Evacuation Pause) (young) 5466M->2623M(6144M), 0.0387092 secs]
2018-03-27T17:39:40.358+0200: 21233.632: [GC pause (G1 Evacuation Pause) (young) 5463M->2629M(6144M), 0.0408439 secs]
2018-03-27T17:39:43.043+0200: 21236.316: [GC pause (G1 Evacuation Pause) (young) 5459M->2629M(6144M), 0.0384300 secs]
2018-03-27T17:39:46.375+0200: 21239.648: [GC pause (GCLocker Initiated GC) (young) 5462M->2633M(6144M), 0.0511660 secs]
2018-03-27T17:39:48.933+0200: 21242.206: [GC pause (G1 Evacuation Pause) (young) 5459M->2633M(6144M), 0.0364466 secs]
2018-03-27T17:39:51.617+0200: 21244.891: [GC pause (G1 Evacuation Pause) (young) 5463M->2636M(6144M), 0.0439517 secs]
2018-03-27T17:39:53.757+0200: 21247.030: [GC pause (G1 Evacuation Pause) (young) 5460M->2637M(6144M), 0.0383027 secs]
2018-03-27T17:39:56.448+0200: 21249.722: [GC pause (GCLocker Initiated GC) (young) 5463M->2640M(6144M), 0.0457893 secs]
2018-03-27T17:39:59.379+0200: 21252.653: [GC pause (G1 Evacuation Pause) (young) 5460M->2640M(6144M), 0.0392586 secs]
2018-03-27T17:40:02.183+0200: 21255.457: [GC pause (G1 Evacuation Pause) (young) 5462M->2642M(6144M), 0.0397718 secs]
2018-03-27T17:40:04.904+0200: 21258.177: [GC pause (G1 Evacuation Pause) (young) 5462M->2643M(6144M), 0.0377035 secs]
2018-03-27T17:40:07.496+0200: 21260.769: [GC pause (G1 Evacuation Pause) (young) 5465M->2644M(6144M), 0.0405236 secs]
2018-03-27T17:40:09.794+0200: 21263.068: [GC pause (G1 Evacuation Pause) (young) 5462M->2649M(6144M), 0.0391315 secs]
2018-03-27T17:40:12.230+0200: 21265.504: [GC pause (G1 Evacuation Pause) (young) 5461M->2652M(6144M), 0.0521997 secs]
2018-03-27T17:40:14.224+0200: 21267.498: [GC pause (G1 Evacuation Pause) (young) 5462M->2654M(6144M), 0.0524440 secs]
2018-03-27T17:40:16.959+0200: 21270.233: [GC pause (G1 Evacuation Pause) (young) 5462M->2653M(6144M), 0.0420900 secs]
2018-03-27T17:40:19.501+0200: 21272.775: [GC pause (G1 Evacuation Pause) (young) 5467M->2656M(6144M), 0.0498266 secs]
2018-03-27T17:40:22.086+0200: 21275.359: [GC pause (G1 Evacuation Pause) (young) 5462M->2659M(6144M), 0.0471892 secs]
2018-03-27T17:40:25.090+0200: 21278.364: [GC pause (G1 Evacuation Pause) (young) 5467M->2661M(6144M), 0.0404930 secs]
2018-03-27T17:40:27.133+0200: 21280.407: [GC pause (G1 Evacuation Pause) (young) 5465M->2663M(6144M), 0.0550491 secs]
2018-03-27T17:40:30.094+0200: 21283.368: [GC pause (G1 Evacuation Pause) (young) 5465M->2665M(6144M), 0.0465517 secs]
2018-03-27T17:40:32.342+0200: 21285.616: [GC pause (G1 Evacuation Pause) (young) 5465M->2668M(6144M), 0.0376205 secs]
2018-03-27T17:40:34.886+0200: 21288.160: [GC pause (G1 Evacuation Pause) (young) 5462M->2671M(6144M), 0.0367771 secs]
2018-03-27T17:40:37.604+0200: 21290.878: [GC pause (G1 Evacuation Pause) (young) 5463M->2669M(6144M), 0.0580713 secs]
2018-03-27T17:40:40.078+0200: 21293.351: [GC pause (G1 Evacuation Pause) (young) 5467M->2674M(6144M), 0.0377538 secs]
2018-03-27T17:40:43.323+0200: 21296.597: [GC pause (G1 Evacuation Pause) (young) 5464M->2674M(6144M), 0.0418282 secs]
2018-03-27T17:40:46.041+0200: 21299.315: [GC pause (G1 Evacuation Pause) (young) 5466M->2677M(6144M), 0.0403639 secs]
2018-03-27T17:40:49.454+0200: 21302.728: [GC pause (G1 Evacuation Pause) (young) 5467M->2681M(6144M), 0.0390752 secs]
2018-03-27T17:40:51.826+0200: 21305.100: [GC pause (G1 Evacuation Pause) (young) 5465M->2680M(6144M), 0.0415203 secs]
2018-03-27T17:40:54.378+0200: 21307.652: [GC pause (G1 Evacuation Pause) (young) 5464M->2684M(6144M), 0.0371248 secs]
2018-03-27T17:40:56.898+0200: 21310.171: [GC pause (G1 Evacuation Pause) (young) 5464M->2685M(6144M), 0.0436165 secs]
2018-03-27T17:40:59.998+0200: 21313.272: [GC pause (G1 Evacuation Pause) (young) 5463M->2688M(6144M), 0.0428633 secs]
2018-03-27T17:41:02.138+0200: 21315.411: [GC pause (G1 Evacuation Pause) (young) 5464M->2687M(6144M), 0.0434680 secs]
2018-03-27T17:41:04.152+0200: 21317.425: [GC pause (GCLocker Initiated GC) (young) 5467M->2688M(6144M), 0.0355930 secs]
2018-03-27T17:41:06.661+0200: 21319.934: [GC pause (G1 Evacuation Pause) (young) 5468M->2692M(6144M), 0.0612294 secs]
2018-03-27T17:41:08.759+0200: 21322.033: [GC pause (G1 Evacuation Pause) (young) 5466M->2696M(6144M), 0.0374621 secs]
2018-03-27T17:41:11.883+0200: 21325.157: [GC pause (G1 Evacuation Pause) (young) 5464M->2696M(6144M), 0.0662368 secs]
2018-03-27T17:41:14.288+0200: 21327.562: [GC pause (G1 Evacuation Pause) (young) 5464M->2698M(6144M), 0.0357292 secs]
2018-03-27T17:41:16.555+0200: 21329.829: [GC pause (G1 Evacuation Pause) (young) 5466M->2703M(6144M), 0.0425041 secs]
2018-03-27T17:41:19.098+0200: 21332.372: [GC pause (G1 Evacuation Pause) (young) 5463M->2702M(6144M), 0.0371803 secs]
2018-03-27T17:41:21.851+0200: 21335.124: [GC pause (G1 Evacuation Pause) (young) 5468M->2704M(6144M), 0.0424718 secs]
2018-03-27T17:41:24.259+0200: 21337.533: [GC pause (G1 Evacuation Pause) (young) 5468M->2708M(6144M), 0.0426257 secs]
2018-03-27T17:41:27.272+0200: 21340.546: [GC pause (G1 Evacuation Pause) (young) 5466M->2711M(6144M), 0.0436128 secs]
2018-03-27T17:41:29.778+0200: 21343.052: [GC pause (G1 Evacuation Pause) (young) 5463M->2710M(6144M), 0.0430625 secs]
2018-03-27T17:41:33.051+0200: 21346.324: [GC pause (G1 Evacuation Pause) (young) 5468M->2711M(6144M), 0.0395686 secs]
2018-03-27T17:41:35.446+0200: 21348.720: [GC pause (G1 Evacuation Pause) (young) 5467M->2715M(6144M), 0.0403798 secs]
2018-03-27T17:41:38.339+0200: 21351.613: [GC pause (G1 Evacuation Pause) (young) 5465M->2716M(6144M), 0.0523188 secs]
2018-03-27T17:41:40.668+0200: 21353.942: [GC pause (G1 Evacuation Pause) (young) 5464M->2717M(6144M), 0.0371780 secs]
2018-03-27T17:41:43.061+0200: 21356.334: [GC pause (G1 Evacuation Pause) (young) 5469M->2719M(6144M), 0.0377085 secs]
2018-03-27T17:41:45.696+0200: 21358.970: [GC pause (G1 Evacuation Pause) (young) 5467M->2720M(6144M), 0.0369534 secs]
2018-03-27T17:41:48.010+0200: 21361.284: [GC pause (G1 Evacuation Pause) (young) 5470M->2725M(6144M), 0.0432279 secs]
2018-03-27T17:41:50.477+0200: 21363.751: [GC pause (G1 Evacuation Pause) (young) 5467M->2726M(6144M), 0.0401477 secs]
2018-03-27T17:41:52.842+0200: 21366.115: [GC pause (G1 Evacuation Pause) (young) 5466M->2728M(6144M), 0.0372316 secs]
2018-03-27T17:41:55.265+0200: 21368.539: [GC pause (G1 Evacuation Pause) (young) 5466M->2729M(6144M), 0.0490435 secs]
2018-03-27T17:41:57.330+0200: 21370.604: [GC pause (G1 Evacuation Pause) (young) 5465M->2731M(6144M), 0.0461012 secs]
2018-03-27T17:41:59.920+0200: 21373.194: [GC pause (GCLocker Initiated GC) (young) 5466M->2737M(6144M), 0.0385250 secs]
2018-03-27T17:42:02.155+0200: 21375.428: [GC pause (G1 Evacuation Pause) (young) 5461M->2740M(6144M), 0.0826097 secs]
2018-03-27T17:42:04.345+0200: 21377.619: [GC pause (G1 Evacuation Pause) (young) 5458M->2743M(6144M), 0.0547923 secs]
2018-03-27T17:42:06.774+0200: 21380.048: [GC pause (GCLocker Initiated GC) (young) 5462M->2747M(6144M), 0.0487580 secs]
2018-03-27T17:42:09.393+0200: 21382.667: [GC pause (G1 Evacuation Pause) (young) 5457M->2747M(6144M), 0.0440262 secs]
2018-03-27T17:42:11.133+0200: 21384.407: [GC pause (G1 Evacuation Pause) (young) 5459M->2746M(6144M), 0.0422471 secs]
2018-03-27T17:42:13.894+0200: 21387.167: [GC pause (GCLocker Initiated GC) (young) 5473M->2752M(6144M), 0.0413832 secs]
2018-03-27T17:42:16.149+0200: 21389.422: [GC pause (G1 Evacuation Pause) (young) 5458M->2752M(6144M), 0.0448200 secs]
2018-03-27T17:42:18.756+0200: 21392.030: [GC pause (G1 Evacuation Pause) (young) 5460M->2754M(6144M), 0.0853266 secs]
2018-03-27T17:42:20.994+0200: 21394.268: [GC pause (G1 Evacuation Pause) (young) 5462M->2753M(6144M), 0.0389084 secs]
2018-03-27T17:42:23.582+0200: 21396.856: [GC pause (G1 Evacuation Pause) (young) 5463M->2759M(6144M), 0.0445547 secs]
2018-03-27T17:42:26.027+0200: 21399.300: [GC pause (G1 Evacuation Pause) (young) 5459M->2760M(6144M), 0.0705566 secs]
2018-03-27T17:42:27.914+0200: 21401.188: [GC pause (G1 Evacuation Pause) (young) 5462M->2761M(6144M), 0.0405696 secs]
2018-03-27T17:42:30.801+0200: 21404.075: [GC pause (GCLocker Initiated GC) (young) 5467M->2767M(6144M), 0.0536995 secs]
2018-03-27T17:42:33.212+0200: 21406.486: [GC pause (G1 Evacuation Pause) (young) 5459M->2768M(6144M), 0.0709193 secs]
2018-03-27T17:42:35.349+0200: 21408.623: [GC pause (G1 Evacuation Pause) (young) 5462M->2771M(6144M), 0.0408696 secs]
2018-03-27T17:42:37.215+0200: 21410.488: [GC pause (G1 Evacuation Pause) (young) 5463M->2769M(6144M), 0.0470301 secs]
2018-03-27T17:42:39.703+0200: 21412.977: [GC pause (G1 Evacuation Pause) (young) 5465M->2771M(6144M), 0.0373916 secs]
2018-03-27T17:42:41.815+0200: 21415.089: [GC pause (G1 Evacuation Pause) (young) 5465M->2773M(6144M), 0.0407663 secs]
2018-03-27T17:42:42.443+0200: 21415.717: [GC pause (GCLocker Initiated GC) (young) (initial-mark) 3566M->2777M(6144M), 0.0514450 secs]
2018-03-27T17:42:42.495+0200: 21415.769: [GC concurrent-root-region-scan-start]
2018-03-27T17:42:42.525+0200: 21415.799: [GC concurrent-root-region-scan-end, 0.0300947 secs]
2018-03-27T17:42:42.525+0200: 21415.799: [GC concurrent-mark-start]
2018-03-27T17:42:44.738+0200: 21418.012: [GC pause (G1 Evacuation Pause) (young) 5516M->2776M(6144M), 0.0587193 secs]
2018-03-27T17:42:45.917+0200: 21419.191: [GC concurrent-mark-end, 3.3921148 secs]
2018-03-27T17:42:45.928+0200: 21419.202: [GC remark, 0.3418823 secs]
2018-03-27T17:42:46.303+0200: 21419.577: [GC cleanup 4474M->4464M(6144M), 0.0370878 secs]
2018-03-27T17:42:46.341+0200: 21419.615: [GC concurrent-cleanup-start]
2018-03-27T17:42:46.341+0200: 21419.615: [GC concurrent-cleanup-end, 0.0001898 secs]
2018-03-27T17:42:46.894+0200: 21420.168: [GC pause (GCLocker Initiated GC) (young) 5461M->2768M(6144M), 0.0701336 secs]
2018-03-27T17:42:47.096+0200: 21420.370: [GC pause (GCLocker Initiated GC) (mixed) 3036M->2513M(6144M), 0.1710196 secs]
2018-03-27T17:42:47.396+0200: 21420.669: [GC pause (G1 Evacuation Pause) (young) 2791M->2514M(6144M), 0.1022289 secs]
2018-03-27T17:42:47.618+0200: 21420.892: [GC pause (GCLocker Initiated GC) (young) 2792M->2522M(6144M), 0.0224167 secs]
2018-03-27T17:42:47.780+0200: 21421.054: [GC pause (GCLocker Initiated GC) (young) 2818M->2521M(6144M), 0.0274776 secs]
2018-03-27T17:42:47.955+0200: 21421.229: [GC pause (G1 Evacuation Pause) (young) 2803M->2523M(6144M), 0.0255107 secs]
2018-03-27T17:42:48.154+0200: 21421.427: [GC pause (GCLocker Initiated GC) (young) 2810M->2523M(6144M), 0.0221109 secs]
2018-03-27T17:42:48.341+0200: 21421.615: [GC pause (GCLocker Initiated GC) (young) 2819M->2524M(6144M), 0.0260781 secs]
2018-03-27T17:42:48.503+0200: 21421.776: [GC pause (G1 Evacuation Pause) (young) 2802M->2524M(6144M), 0.0255443 secs]
2018-03-27T17:42:48.642+0200: 21421.916: [GC pause (G1 Evacuation Pause) (young) 2802M->2528M(6144M), 0.0235391 secs]
2018-03-27T17:42:48.815+0200: 21422.088: [GC pause (G1 Evacuation Pause) (young) 2802M->2524M(6144M), 0.0235813 secs]
2018-03-27T17:42:48.978+0200: 21422.251: [GC pause (G1 Evacuation Pause) (young) 2802M->2523M(6144M), 0.0218088 secs]
2018-03-27T17:42:49.273+0200: 21422.547: [GC pause (GCLocker Initiated GC) (young) 2804M->2523M(6144M), 0.0252151 secs]
2018-03-27T17:42:49.567+0200: 21422.841: [GC pause (G1 Evacuation Pause) (young) 2803M->2526M(6144M), 0.0286788 secs]
2018-03-27T17:42:49.802+0200: 21423.076: [GC pause (G1 Evacuation Pause) (young) 2804M->2525M(6144M), 0.0312538 secs]
2018-03-27T17:42:52.511+0200: 21425.785: [GC pause (G1 Evacuation Pause) (young) 5485M->2531M(6144M), 0.0323668 secs]
2018-03-27T17:42:54.446+0200: 21427.720: [GC pause (G1 Evacuation Pause) (young) 5491M->2541M(6144M), 0.0425823 secs]
2018-03-27T17:42:56.885+0200: 21430.159: [GC pause (G1 Evacuation Pause) (young) 5493M->2545M(6144M), 0.0322133 secs]
2018-03-27T17:42:59.136+0200: 21432.410: [GC pause (G1 Evacuation Pause) (young) 5493M->2550M(6144M), 0.0320619 secs]
2018-03-27T17:43:01.279+0200: 21434.553: [GC pause (G1 Evacuation Pause) (young) 5484M->2554M(6144M), 0.0336087 secs]
2018-03-27T17:43:03.787+0200: 21437.061: [GC pause (GCLocker Initiated GC) (young) 5488M->2559M(6144M), 0.0371914 secs]
2018-03-27T17:43:06.605+0200: 21439.878: [GC pause (G1 Evacuation Pause) (young) 5481M->2560M(6144M), 0.0362081 secs]
2018-03-27T17:43:09.265+0200: 21442.539: [GC pause (G1 Evacuation Pause) (young) 5476M->2563M(6144M), 0.0367098 secs]
2018-03-27T17:43:11.303+0200: 21444.577: [GC pause (GCLocker Initiated GC) (young) 5483M->2564M(6144M), 0.0333697 secs]
2018-03-27T17:43:13.282+0200: 21446.556: [GC pause (G1 Evacuation Pause) (young) 5476M->2567M(6144M), 0.0344952 secs]
2018-03-27T17:43:15.787+0200: 21449.060: [GC pause (G1 Evacuation Pause) (young) 5471M->2569M(6144M), 0.0355308 secs]
2018-03-27T17:43:18.362+0200: 21451.636: [GC pause (G1 Evacuation Pause) (young) 5469M->2574M(6144M), 0.0372365 secs]
2018-03-27T17:43:21.245+0200: 21454.519: [GC pause (GCLocker Initiated GC) (young) 5480M->2575M(6144M), 0.0409158 secs]
2018-03-27T17:43:24.114+0200: 21457.388: [GC pause (G1 Evacuation Pause) (young) 5465M->2575M(6144M), 0.0395800 secs]
2018-03-27T17:43:26.591+0200: 21459.864: [GC pause (G1 Evacuation Pause) (young) 5465M->2578M(6144M), 0.0558387 secs]
2018-03-27T17:43:28.832+0200: 21462.106: [GC pause (G1 Evacuation Pause) (young) 5464M->2580M(6144M), 0.0621978 secs]
2018-03-27T17:43:31.191+0200: 21464.465: [GC pause (G1 Evacuation Pause) (young) 5464M->2580M(6144M), 0.0397607 secs]
2018-03-27T17:43:33.547+0200: 21466.821: [GC pause (G1 Evacuation Pause) (young) 5462M->2586M(6144M), 0.0433838 secs]
2018-03-27T17:43:36.400+0200: 21469.673: [GC pause (G1 Evacuation Pause) (young) 5460M->2584M(6144M), 0.0429884 secs]
2018-03-27T17:43:38.567+0200: 21471.841: [GC pause (G1 Evacuation Pause) (young) 5464M->2586M(6144M), 0.0594645 secs]
2018-03-27T17:43:41.633+0200: 21474.907: [GC pause (G1 Evacuation Pause) (young) 5464M->2586M(6144M), 0.0418742 secs]
2018-03-27T17:43:44.556+0200: 21477.830: [GC pause (G1 Evacuation Pause) (young) 5464M->2591M(6144M), 0.0388730 secs]
2018-03-27T17:43:46.994+0200: 21480.267: [GC pause (G1 Evacuation Pause) (young) 5465M->2593M(6144M), 0.0428087 secs]
2018-03-27T17:43:49.644+0200: 21482.918: [GC pause (G1 Evacuation Pause) (young) 5465M->2594M(6144M), 0.0418641 secs]
2018-03-27T17:43:52.115+0200: 21485.389: [GC pause (G1 Evacuation Pause) (young) 5464M->2596M(6144M), 0.0423197 secs]
2018-03-27T17:43:54.722+0200: 21487.996: [GC pause (G1 Evacuation Pause) (young) 5462M->2599M(6144M), 0.0456301 secs]
2018-03-27T17:43:57.611+0200: 21490.885: [GC pause (G1 Evacuation Pause) (young) 5463M->2602M(6144M), 0.0535010 secs]
2018-03-27T17:43:59.605+0200: 21492.879: [GC pause (G1 Evacuation Pause) (young) 5464M->2604M(6144M), 0.0558599 secs]
2018-03-27T17:44:02.030+0200: 21495.304: [GC pause (G1 Evacuation Pause) (young) 5464M->2607M(6144M), 0.0418314 secs]
2018-03-27T17:44:05.122+0200: 21498.396: [GC pause (G1 Evacuation Pause) (young) 5461M->2606M(6144M), 0.0424891 secs]
2018-03-27T17:44:08.338+0200: 21501.612: [GC pause (G1 Evacuation Pause) (young) 5462M->2610M(6144M), 0.0523709 secs]
2018-03-27T17:44:10.859+0200: 21504.133: [GC pause (G1 Evacuation Pause) (young) 5464M->2614M(6144M), 0.0462231 secs]
2018-03-27T17:44:12.644+0200: 21505.918: [GC pause (G1 Evacuation Pause) (young) 5462M->2615M(6144M), 0.0398536 secs]
2018-03-27T17:44:15.490+0200: 21508.764: [GC pause (G1 Evacuation Pause) (young) 5461M->2617M(6144M), 0.0509527 secs]
2018-03-27T17:44:17.690+0200: 21510.963: [GC pause (G1 Evacuation Pause) (young) 5461M->2617M(6144M), 0.0458568 secs]
2018-03-27T17:44:20.054+0200: 21513.328: [GC pause (G1 Evacuation Pause) (young) 5463M->2618M(6144M), 0.0455018 secs]
2018-03-27T17:44:22.767+0200: 21516.040: [GC pause (G1 Evacuation Pause) (young) 5474M->2623M(6144M), 0.0433628 secs]
2018-03-27T17:44:25.485+0200: 21518.758: [GC pause (GCLocker Initiated GC) (young) 5462M->2621M(6144M), 0.0522783 secs]
2018-03-27T17:44:27.538+0200: 21520.812: [GC pause (G1 Evacuation Pause) (young) 5465M->2626M(6144M), 0.0487786 secs]
2018-03-27T17:44:29.065+0200: 21522.339: [GC pause (G1 Evacuation Pause) (young) 5464M->2630M(6144M), 0.0370042 secs]
2018-03-27T17:44:30.939+0200: 21524.212: [GC pause (G1 Evacuation Pause) (young) 5464M->2633M(6144M), 0.0389576 secs]
2018-03-27T17:44:32.854+0200: 21526.128: [GC pause (G1 Evacuation Pause) (young) 5465M->2634M(6144M), 0.0406294 secs]
2018-03-27T17:44:35.790+0200: 21529.064: [GC pause (G1 Evacuation Pause) (young) 5464M->2638M(6144M), 0.0429782 secs]
2018-03-27T17:44:38.706+0200: 21531.980: [GC pause (G1 Evacuation Pause) (young) 5462M->2640M(6144M), 0.0428094 secs]
2018-03-27T17:44:41.635+0200: 21534.909: [GC pause (G1 Evacuation Pause) (young) 5462M->2642M(6144M), 0.0440339 secs]
2018-03-27T17:44:44.150+0200: 21537.424: [GC pause (GCLocker Initiated GC) (young) 5464M->2648M(6144M), 0.0458525 secs]
2018-03-27T17:44:46.406+0200: 21539.680: [GC pause (G1 Evacuation Pause) (young) 5456M->2647M(6144M), 0.0388377 secs]
2018-03-27T17:44:48.810+0200: 21542.084: [GC pause (GCLocker Initiated GC) (young) 5467M->2650M(6144M), 0.0469038 secs]
2018-03-27T17:44:50.781+0200: 21544.055: [GC pause (G1 Evacuation Pause) (young) 5462M->2652M(6144M), 0.0528518 secs]
2018-03-27T17:44:53.187+0200: 21546.461: [GC pause (G1 Evacuation Pause) (young) 5462M->2655M(6144M), 0.0387711 secs]
2018-03-27T17:44:56.013+0200: 21549.287: [GC pause (G1 Evacuation Pause) (young) 5459M->2657M(6144M), 0.0510704 secs]
2018-03-27T17:44:58.884+0200: 21552.158: [GC pause (G1 Evacuation Pause) (young) 5459M->2660M(6144M), 0.0371342 secs]
2018-03-27T17:45:01.945+0200: 21555.219: [GC pause (G1 Evacuation Pause) (young) 5460M->2663M(6144M), 0.0403171 secs]
2018-03-27T17:45:04.693+0200: 21557.967: [GC pause (G1 Evacuation Pause) (young) 5461M->2665M(6144M), 0.0449269 secs]
2018-03-27T17:45:07.767+0200: 21561.041: [GC pause (G1 Evacuation Pause) (young) 5459M->2666M(6144M), 0.0408803 secs]
2018-03-27T17:45:10.136+0200: 21563.410: [GC pause (G1 Evacuation Pause) (young) 5462M->2669M(6144M), 0.0381628 secs]
2018-03-27T17:45:12.495+0200: 21565.769: [GC pause (G1 Evacuation Pause) (young) 5461M->2673M(6144M), 0.0380564 secs]
2018-03-27T17:45:15.438+0200: 21568.711: [GC pause (G1 Evacuation Pause) (young) 5459M->2672M(6144M), 0.0384961 secs]
2018-03-27T17:45:17.415+0200: 21570.689: [GC pause (G1 Evacuation Pause) (young) 5464M->2674M(6144M), 0.0387526 secs]
2018-03-27T17:45:20.034+0200: 21573.307: [GC pause (G1 Evacuation Pause) (young) 5464M->2677M(6144M), 0.0409223 secs]
2018-03-27T17:45:23.174+0200: 21576.448: [GC pause (G1 Evacuation Pause) (young) 5465M->2682M(6144M), 0.0387846 secs]
2018-03-27T17:45:25.621+0200: 21578.894: [GC pause (GCLocker Initiated GC) (young) 5462M->2680M(6144M), 0.0502103 secs]
2018-03-27T17:45:28.901+0200: 21582.175: [GC pause (G1 Evacuation Pause) (young) 5464M->2686M(6144M), 0.0393407 secs]
2018-03-27T17:45:31.894+0200: 21585.168: [GC pause (G1 Evacuation Pause) (young) 5458M->2685M(6144M), 0.0393837 secs]
2018-03-27T17:45:33.979+0200: 21587.253: [GC pause (GCLocker Initiated GC) (young) 5474M->2686M(6144M), 0.0377299 secs]
2018-03-27T17:45:37.117+0200: 21590.391: [GC pause (G1 Evacuation Pause) (young) 5464M->2688M(6144M), 0.0497098 secs]
2018-03-27T17:45:39.941+0200: 21593.214: [GC pause (G1 Evacuation Pause) (young) 5464M->2688M(6144M), 0.0365324 secs]
2018-03-27T17:45:42.507+0200: 21595.781: [GC pause (G1 Evacuation Pause) (young) 5466M->2689M(6144M), 0.0388197 secs]
2018-03-27T17:45:45.163+0200: 21598.437: [GC pause (G1 Evacuation Pause) (young) 5465M->2692M(6144M), 0.0570983 secs]
2018-03-27T17:45:47.450+0200: 21600.724: [GC pause (G1 Evacuation Pause) (young) 5466M->2693M(6144M), 0.0372409 secs]
2018-03-27T17:45:49.748+0200: 21603.022: [GC pause (G1 Evacuation Pause) (young) 5465M->2696M(6144M), 0.0421200 secs]
2018-03-27T17:45:52.154+0200: 21605.428: [GC pause (G1 Evacuation Pause) (young) 5466M->2697M(6144M), 0.0370795 secs]
2018-03-27T17:45:54.552+0200: 21607.826: [GC pause (G1 Evacuation Pause) (young) 5465M->2699M(6144M), 0.0434408 secs]
2018-03-27T17:45:57.422+0200: 21610.695: [GC pause (G1 Evacuation Pause) (young) 5469M->2704M(6144M), 0.0399053 secs]
2018-03-27T17:46:00.226+0200: 21613.500: [GC pause (G1 Evacuation Pause) (young) 5464M->2702M(6144M), 0.0390159 secs]
2018-03-27T17:46:02.908+0200: 21616.182: [GC pause (G1 Evacuation Pause) (young) 5468M->2706M(6144M), 0.0564406 secs]
2018-03-27T17:46:05.414+0200: 21618.688: [GC pause (G1 Evacuation Pause) (young) 5466M->2705M(6144M), 0.0396915 secs]
2018-03-27T17:46:07.547+0200: 21620.821: [GC pause (G1 Evacuation Pause) (young) 5467M->2708M(6144M), 0.0364473 secs]
2018-03-27T17:46:10.395+0200: 21623.669: [GC pause (G1 Evacuation Pause) (young) 5468M->2710M(6144M), 0.0375862 secs]
2018-03-27T17:46:13.166+0200: 21626.439: [GC pause (G1 Evacuation Pause) (young) 5468M->2712M(6144M), 0.0755831 secs]
2018-03-27T17:46:16.391+0200: 21629.665: [GC pause (G1 Evacuation Pause) (young) 5468M->2714M(6144M), 0.0544844 secs]
2018-03-27T17:46:18.575+0200: 21631.849: [GC pause (G1 Evacuation Pause) (young) 5464M->2715M(6144M), 0.0439806 secs]
2018-03-27T17:46:21.150+0200: 21634.423: [GC pause (GCLocker Initiated GC) (young) 5469M->2719M(6144M), 0.0412987 secs]
2018-03-27T17:46:23.694+0200: 21636.968: [GC pause (G1 Evacuation Pause) (young) 5465M->2721M(6144M), 0.0481950 secs]
2018-03-27T17:46:25.553+0200: 21638.827: [GC pause (G1 Evacuation Pause) (young) 5473M->2724M(6144M), 0.0458445 secs]
2018-03-27T17:46:27.363+0200: 21640.637: [GC pause (G1 Evacuation Pause) (young) 5464M->2722M(6144M), 0.0381713 secs]
2018-03-27T17:46:29.726+0200: 21643.000: [GC pause (G1 Evacuation Pause) (young) 5468M->2728M(6144M), 0.0566364 secs]
2018-03-27T17:46:32.040+0200: 21645.314: [GC pause (G1 Evacuation Pause) (young) 5464M->2729M(6144M), 0.0479117 secs]
2018-03-27T17:46:34.394+0200: 21647.667: [GC pause (GCLocker Initiated GC) (young) 5483M->2732M(6144M), 0.0425156 secs]
2018-03-27T17:46:36.672+0200: 21649.946: [GC pause (G1 Evacuation Pause) (young) 5464M->2733M(6144M), 0.0543263 secs]
2018-03-27T17:46:38.911+0200: 21652.185: [GC pause (G1 Evacuation Pause) (young) 5463M->2736M(6144M), 0.0365386 secs]
2018-03-27T17:46:41.192+0200: 21654.465: [GC pause (G1 Evacuation Pause) (young) 5464M->2739M(6144M), 0.0381952 secs]
2018-03-27T17:46:43.653+0200: 21656.927: [GC pause (G1 Evacuation Pause) (young) 5461M->2739M(6144M), 0.0380861 secs]
2018-03-27T17:46:46.296+0200: 21659.570: [GC pause (G1 Evacuation Pause) (young) 5463M->2740M(6144M), 0.0377318 secs]
2018-03-27T17:46:48.181+0200: 21661.454: [GC pause (G1 Evacuation Pause) (young) 5466M->2743M(6144M), 0.0346983 secs]
2018-03-27T17:46:50.709+0200: 21663.983: [GC pause (G1 Evacuation Pause) (young) 5463M->2743M(6144M), 0.0644881 secs]
2018-03-27T17:46:53.955+0200: 21667.229: [GC pause (GCLocker Initiated GC) (young) 5499M->2747M(6144M), 0.0364490 secs]
2018-03-27T17:46:56.345+0200: 21669.619: [GC pause (G1 Evacuation Pause) (young) 5463M->2751M(6144M), 0.0406220 secs]
2018-03-27T17:46:58.957+0200: 21672.231: [GC pause (G1 Evacuation Pause) (young) 5461M->2752M(6144M), 0.0358660 secs]
2018-03-27T17:47:01.736+0200: 21675.009: [GC pause (G1 Evacuation Pause) (young) 5464M->2752M(6144M), 0.0409593 secs]
2018-03-27T17:47:04.120+0200: 21677.394: [GC pause (G1 Evacuation Pause) (young) 5474M->2754M(6144M), 0.0489501 secs]
2018-03-27T17:47:05.986+0200: 21679.260: [GC pause (G1 Evacuation Pause) (young) 5466M->2758M(6144M), 0.0568570 secs]
2018-03-27T17:47:07.746+0200: 21681.020: [GC pause (G1 Evacuation Pause) (young) 5464M->2759M(6144M), 0.0403131 secs]
2018-03-27T17:47:09.558+0200: 21682.832: [GC pause (G1 Evacuation Pause) (young) 5467M->2758M(6144M), 0.0348787 secs]
2018-03-27T17:47:11.820+0200: 21685.093: [GC pause (G1 Evacuation Pause) (young) 5468M->2762M(6144M), 0.0468975 secs]
2018-03-27T17:47:14.076+0200: 21687.350: [GC pause (G1 Evacuation Pause) (young) 5466M->2765M(6144M), 0.0380772 secs]
2018-03-27T17:47:16.533+0200: 21689.806: [GC pause (G1 Evacuation Pause) (young) 5463M->2768M(6144M), 0.0649036 secs]
2018-03-27T17:47:18.517+0200: 21691.791: [GC pause (G1 Evacuation Pause) (young) 5464M->2772M(6144M), 0.0361219 secs]
2018-03-27T17:47:20.853+0200: 21694.127: [GC pause (G1 Evacuation Pause) (young) 5462M->2776M(6144M), 0.0513517 secs]
2018-03-27T17:47:22.854+0200: 21696.128: [GC pause (G1 Evacuation Pause) (young) 5460M->2776M(6144M), 0.0567926 secs]
2018-03-27T17:47:24.788+0200: 21698.062: [GC pause (G1 Evacuation Pause) (young) 5460M->2777M(6144M), 0.0392118 secs]
2018-03-27T17:47:27.016+0200: 21700.290: [GC pause (G1 Evacuation Pause) (young) 5463M->2779M(6144M), 0.0571257 secs]
2018-03-27T17:47:28.919+0200: 21702.192: [GC pause (G1 Evacuation Pause) (young) 5463M->2781M(6144M), 0.0428830 secs]
2018-03-27T17:47:31.350+0200: 21704.624: [GC pause (G1 Evacuation Pause) (young) 5465M->2781M(6144M), 0.0399670 secs]
2018-03-27T17:47:33.574+0200: 21706.847: [GC pause (G1 Evacuation Pause) (young) 5463M->2784M(6144M), 0.0385236 secs]
2018-03-27T17:47:35.757+0200: 21709.031: [GC pause (G1 Evacuation Pause) (young) 5464M->2785M(6144M), 0.0511084 secs]
2018-03-27T17:47:38.007+0200: 21711.280: [GC pause (G1 Evacuation Pause) (young) 5467M->2789M(6144M), 0.0385392 secs]
2018-03-27T17:47:40.179+0200: 21713.453: [GC pause (G1 Evacuation Pause) (young) 5463M->2789M(6144M), 0.0389341 secs]
2018-03-27T17:47:42.678+0200: 21715.951: [GC pause (G1 Evacuation Pause) (young) 5465M->2791M(6144M), 0.0371993 secs]
2018-03-27T17:47:45.046+0200: 21718.319: [GC pause (G1 Evacuation Pause) (young) 5465M->2794M(6144M), 0.0554982 secs]
2018-03-27T17:47:47.652+0200: 21720.925: [GC pause (G1 Evacuation Pause) (young) 5464M->2795M(6144M), 0.0359088 secs]
2018-03-27T17:47:49.542+0200: 21722.816: [GC pause (G1 Evacuation Pause) (young) 5465M->2799M(6144M), 0.0402669 secs]
2018-03-27T17:47:51.789+0200: 21725.063: [GC pause (G1 Evacuation Pause) (young) 5465M->2799M(6144M), 0.0365345 secs]
2018-03-27T17:47:54.359+0200: 21727.632: [GC pause (G1 Evacuation Pause) (young) 5465M->2801M(6144M), 0.0375135 secs]
2018-03-27T17:47:56.968+0200: 21730.242: [GC pause (G1 Evacuation Pause) (young) 5465M->2806M(6144M), 0.0562852 secs]
2018-03-27T17:47:59.497+0200: 21732.771: [GC pause (G1 Evacuation Pause) (young) 5464M->2808M(6144M), 0.0389841 secs]
2018-03-27T17:48:01.439+0200: 21734.712: [GC pause (G1 Evacuation Pause) (young) 5464M->2814M(6144M), 0.0446110 secs]
2018-03-27T17:48:03.609+0200: 21736.883: [GC pause (G1 Evacuation Pause) (young) 5460M->2813M(6144M), 0.0410412 secs]
2018-03-27T17:48:05.736+0200: 21739.010: [GC pause (G1 Evacuation Pause) (young) 5465M->2815M(6144M), 0.0547077 secs]
2018-03-27T17:48:07.905+0200: 21741.179: [GC pause (G1 Evacuation Pause) (young) 5461M->2815M(6144M), 0.0543653 secs]
2018-03-27T17:48:10.062+0200: 21743.335: [GC pause (G1 Evacuation Pause) (young) 5463M->2817M(6144M), 0.0360206 secs]
2018-03-27T17:48:12.293+0200: 21745.567: [GC pause (G1 Evacuation Pause) (young) 5463M->2818M(6144M), 0.0390108 secs]
2018-03-27T17:48:15.046+0200: 21748.320: [GC pause (GCLocker Initiated GC) (young) 5468M->2823M(6144M), 0.0420532 secs]
2018-03-27T17:48:17.927+0200: 21751.201: [GC pause (G1 Evacuation Pause) (young) (initial-mark) 5461M->2822M(6144M), 0.0500309 secs]
2018-03-27T17:48:17.977+0200: 21751.251: [GC concurrent-root-region-scan-start]
2018-03-27T17:48:18.011+0200: 21751.285: [GC concurrent-root-region-scan-end, 0.0341872 secs]
2018-03-27T17:48:18.011+0200: 21751.285: [GC concurrent-mark-start]
2018-03-27T17:48:20.218+0200: 21753.492: [GC pause (G1 Evacuation Pause) (young) 5466M->2826M(6144M), 0.0420785 secs]
2018-03-27T17:48:21.535+0200: 21754.809: [GC concurrent-mark-end, 3.5236232 secs]
2018-03-27T17:48:21.538+0200: 21754.812: [GC remark, 0.4415411 secs]
2018-03-27T17:48:21.986+0200: 21755.260: [GC cleanup 4364M->4364M(6144M), 0.0361339 secs]
2018-03-27T17:48:22.634+0200: 21755.908: [GC pause (G1 Evacuation Pause) (young) 5314M->2828M(6144M), 0.0673692 secs]
2018-03-27T17:48:22.876+0200: 21756.150: [GC pause (G1 Evacuation Pause) (mixed) 3102M->2533M(6144M), 0.2098484 secs]
2018-03-27T17:48:23.253+0200: 21756.527: [GC pause (GCLocker Initiated GC) (young) 2811M->2533M(6144M), 0.0721430 secs]
2018-03-27T17:48:23.447+0200: 21756.720: [GC pause (G1 Evacuation Pause) (young) 2811M->2541M(6144M), 0.0237740 secs]
2018-03-27T17:48:23.635+0200: 21756.908: [GC pause (G1 Evacuation Pause) (young) 2823M->2541M(6144M), 0.0242681 secs]
2018-03-27T17:48:23.859+0200: 21757.133: [GC pause (G1 Evacuation Pause) (young) 2823M->2543M(6144M), 0.0226237 secs]
2018-03-27T17:48:24.118+0200: 21757.392: [GC pause (G1 Evacuation Pause) (young) 2823M->2544M(6144M), 0.0196297 secs]
2018-03-27T17:48:24.372+0200: 21757.646: [GC pause (G1 Evacuation Pause) (young) 2824M->2541M(6144M), 0.0358851 secs]
2018-03-27T17:48:24.595+0200: 21757.869: [GC pause (G1 Evacuation Pause) (young) 2823M->2543M(6144M), 0.0298803 secs]
2018-03-27T17:48:24.841+0200: 21758.115: [GC pause (G1 Evacuation Pause) (young) 2823M->2543M(6144M), 0.0228339 secs]
2018-03-27T17:48:25.031+0200: 21758.304: [GC pause (G1 Evacuation Pause) (young) 2823M->2545M(6144M), 0.0237817 secs]
2018-03-27T17:48:25.357+0200: 21758.631: [GC pause (G1 Evacuation Pause) (young) 2823M->2542M(6144M), 0.0535919 secs]
2018-03-27T17:48:25.670+0200: 21758.944: [GC pause (G1 Evacuation Pause) (young) 2824M->2544M(6144M), 0.0269838 secs]
2018-03-27T17:48:25.860+0200: 21759.134: [GC pause (G1 Evacuation Pause) (young) 2824M->2543M(6144M), 0.0311019 secs]
2018-03-27T17:48:28.698+0200: 21761.972: [GC pause (G1 Evacuation Pause) (young) 5453M->2550M(6144M), 0.0411743 secs]
2018-03-27T17:48:31.311+0200: 21764.585: [GC pause (G1 Evacuation Pause) (young) 5468M->2558M(6144M), 0.0388789 secs]
2018-03-27T17:48:34.358+0200: 21767.632: [GC pause (G1 Evacuation Pause) (young) 5478M->2563M(6144M), 0.0401802 secs]
2018-03-27T17:48:34.583+0200: 21767.856: [GC pause (G1 Evacuation Pause) (young) 2833M->2563M(6144M), 0.0252154 secs]
2018-03-27T17:48:35.005+0200: 21768.279: [GC pause (G1 Evacuation Pause) (young) 2845M->2564M(6144M), 0.0262723 secs]
2018-03-27T17:48:35.305+0200: 21768.579: [GC pause (G1 Evacuation Pause) (young) 2846M->2568M(6144M), 0.0252596 secs]
2018-03-27T17:48:38.009+0200: 21771.283: [GC pause (G1 Evacuation Pause) (young) 5488M->2568M(6144M), 0.0291360 secs]
2018-03-27T17:48:40.543+0200: 21773.817: [GC pause (G1 Evacuation Pause) (young) 5492M->2575M(6144M), 0.0291522 secs]
2018-03-27T17:48:43.405+0200: 21776.679: [GC pause (G1 Evacuation Pause) (young) 5487M->2576M(6144M), 0.0299650 secs]
2018-03-27T17:48:46.287+0200: 21779.561: [GC pause (GCLocker Initiated GC) (young) 5489M->2580M(6144M), 0.0408857 secs]
2018-03-27T17:48:48.884+0200: 21782.158: [GC pause (GCLocker Initiated GC) (young) 5489M->2585M(6144M), 0.0413044 secs]
2018-03-27T17:48:51.917+0200: 21785.191: [GC pause (G1 Evacuation Pause) (young) 5477M->2588M(6144M), 0.0360707 secs]
2018-03-27T17:48:54.330+0200: 21787.604: [GC pause (G1 Evacuation Pause) (young) 5476M->2591M(6144M), 0.0357826 secs]
2018-03-27T17:48:56.407+0200: 21789.681: [GC pause (GCLocker Initiated GC) (young) 5511M->2590M(6144M), 0.0383023 secs]
2018-03-27T17:48:58.835+0200: 21792.108: [GC pause (G1 Evacuation Pause) (young) 5474M->2595M(6144M), 0.0343994 secs]
2018-03-27T17:49:01.845+0200: 21795.118: [GC pause (G1 Evacuation Pause) (young) 5467M->2596M(6144M), 0.0372345 secs]
2018-03-27T17:49:04.842+0200: 21798.116: [GC pause (G1 Evacuation Pause) (young) 5468M->2597M(6144M), 0.0462397 secs]
2018-03-27T17:49:06.870+0200: 21800.144: [GC pause (G1 Evacuation Pause) (young) 5475M->2599M(6144M), 0.0407311 secs]
2018-03-27T17:49:09.045+0200: 21802.318: [GC pause (G1 Evacuation Pause) (young) 5467M->2603M(6144M), 0.0445864 secs]
2018-03-27T17:49:11.775+0200: 21805.049: [GC pause (G1 Evacuation Pause) (young) 5465M->2607M(6144M), 0.0524652 secs]
2018-03-27T17:49:13.809+0200: 21807.083: [GC pause (G1 Evacuation Pause) (young) 5461M->2605M(6144M), 0.0385427 secs]
2018-03-27T17:49:16.588+0200: 21809.862: [GC pause (G1 Evacuation Pause) (young) 5463M->2607M(6144M), 0.0383683 secs]
2018-03-27T17:49:19.556+0200: 21812.830: [GC pause (GCLocker Initiated GC) (young) 5463M->2611M(6144M), 0.0506183 secs]
2018-03-27T17:49:22.228+0200: 21815.502: [GC pause (GCLocker Initiated GC) (young) 5461M->2609M(6144M), 0.0409138 secs]
2018-03-27T17:49:24.724+0200: 21817.998: [GC pause (G1 Evacuation Pause) (young) 5465M->2611M(6144M), 0.0398121 secs]
2018-03-27T17:49:27.340+0200: 21820.614: [GC pause (G1 Evacuation Pause) (young) 5465M->2615M(6144M), 0.0407868 secs]
2018-03-27T17:49:29.845+0200: 21823.119: [GC pause (G1 Evacuation Pause) (young) 5463M->2617M(6144M), 0.0406197 secs]
2018-03-27T17:49:32.073+0200: 21825.347: [GC pause (GCLocker Initiated GC) (young) 5485M->2621M(6144M), 0.0360449 secs]
2018-03-27T17:49:34.273+0200: 21827.547: [GC pause (GCLocker Initiated GC) (young) 5493M->2619M(6144M), 0.0400534 secs]
2018-03-27T17:49:36.755+0200: 21830.029: [GC pause (G1 Evacuation Pause) (young) 5469M->2623M(6144M), 0.0373974 secs]
2018-03-27T17:49:39.210+0200: 21832.483: [GC pause (G1 Evacuation Pause) (young) 5467M->2623M(6144M), 0.0403456 secs]
2018-03-27T17:49:41.378+0200: 21834.651: [GC pause (G1 Evacuation Pause) (young) 5465M->2627M(6144M), 0.0372312 secs]
2018-03-27T17:49:44.168+0200: 21837.442: [GC pause (G1 Evacuation Pause) (young) 5463M->2628M(6144M), 0.0443303 secs]
2018-03-27T17:49:46.802+0200: 21840.076: [GC pause (G1 Evacuation Pause) (young) 5466M->2627M(6144M), 0.0354133 secs]
2018-03-27T17:49:48.430+0200: 21841.704: [GC pause (G1 Evacuation Pause) (young) 5467M->2631M(6144M), 0.0429770 secs]
2018-03-27T17:49:51.027+0200: 21844.300: [GC pause (G1 Evacuation Pause) (young) 5465M->2631M(6144M), 0.0343232 secs]
2018-03-27T17:49:53.093+0200: 21846.367: [GC pause (G1 Evacuation Pause) (young) 5467M->2636M(6144M), 0.0449979 secs]
2018-03-27T17:49:55.845+0200: 21849.118: [GC pause (G1 Evacuation Pause) (young) 5466M->2639M(6144M), 0.0366035 secs]
2018-03-27T17:49:58.509+0200: 21851.783: [GC pause (G1 Evacuation Pause) (young) 5463M->2639M(6144M), 0.0415606 secs]
2018-03-27T17:50:01.427+0200: 21854.701: [GC pause (G1 Evacuation Pause) (young) 5465M->2642M(6144M), 0.0570126 secs]
2018-03-27T17:50:04.034+0200: 21857.308: [GC pause (G1 Evacuation Pause) (young) 5462M->2643M(6144M), 0.0616908 secs]
2018-03-27T17:50:06.287+0200: 21859.561: [GC pause (G1 Evacuation Pause) (young) 5465M->2647M(6144M), 0.0510547 secs]
2018-03-27T17:50:08.769+0200: 21862.043: [GC pause (G1 Evacuation Pause) (young) 5463M->2648M(6144M), 0.0531898 secs]
2018-03-27T17:50:11.181+0200: 21864.455: [GC pause (G1 Evacuation Pause) (young) 5464M->2651M(6144M), 0.0587436 secs]
2018-03-27T17:50:13.813+0200: 21867.087: [GC pause (G1 Evacuation Pause) (young) 5465M->2652M(6144M), 0.0422545 secs]
2018-03-27T17:50:15.994+0200: 21869.268: [GC pause (G1 Evacuation Pause) (young) 5464M->2654M(6144M), 0.0386542 secs]
2018-03-27T17:50:18.783+0200: 21872.057: [GC pause (G1 Evacuation Pause) (young) 5464M->2657M(6144M), 0.0570121 secs]
2018-03-27T17:50:21.182+0200: 21874.456: [GC pause (G1 Evacuation Pause) (young) 5465M->2658M(6144M), 0.0362994 secs]
2018-03-27T17:50:23.395+0200: 21876.669: [GC pause (G1 Evacuation Pause) (young) 5464M->2662M(6144M), 0.0391430 secs]
2018-03-27T17:50:25.667+0200: 21878.941: [GC pause (GCLocker Initiated GC) (young) 5470M->2663M(6144M), 0.0357530 secs]
2018-03-27T17:50:28.342+0200: 21881.616: [GC pause (G1 Evacuation Pause) (young) 5465M->2666M(6144M), 0.0364046 secs]
2018-03-27T17:50:30.578+0200: 21883.852: [GC pause (G1 Evacuation Pause) (young) 5462M->2668M(6144M), 0.0367488 secs]
2018-03-27T17:50:33.041+0200: 21886.315: [GC pause (G1 Evacuation Pause) (young) 5462M->2668M(6144M), 0.0367788 secs]
2018-03-27T17:50:35.449+0200: 21888.723: [GC pause (GCLocker Initiated GC) (young) 5464M->2675M(6144M), 0.0358246 secs]
2018-03-27T17:50:37.473+0200: 21890.747: [GC pause (G1 Evacuation Pause) (young) 5459M->2673M(6144M), 0.0374201 secs]
2018-03-27T17:50:39.861+0200: 21893.135: [GC pause (G1 Evacuation Pause) (young) 5463M->2675M(6144M), 0.0391910 secs]
2018-03-27T17:50:41.773+0200: 21895.047: [GC pause (G1 Evacuation Pause) (young) 5463M->2676M(6144M), 0.0411460 secs]
2018-03-27T17:50:43.837+0200: 21897.111: [GC pause (G1 Evacuation Pause) (young) 5466M->2677M(6144M), 0.0407029 secs]
2018-03-27T17:50:46.609+0200: 21899.883: [GC pause (G1 Evacuation Pause) (young) 5469M->2683M(6144M), 0.0445115 secs]
2018-03-27T17:50:48.695+0200: 21901.969: [GC pause (GCLocker Initiated GC) (young) 5467M->2682M(6144M), 0.0361099 secs]
2018-03-27T17:50:50.833+0200: 21904.106: [GC pause (G1 Evacuation Pause) (young) 5466M->2685M(6144M), 0.0372072 secs]
2018-03-27T17:50:53.092+0200: 21906.366: [GC pause (G1 Evacuation Pause) (young) 5463M->2688M(6144M), 0.0389779 secs]
2018-03-27T17:50:54.992+0200: 21908.265: [GC pause (G1 Evacuation Pause) (young) 5464M->2691M(6144M), 0.0373335 secs]
2018-03-27T17:50:57.430+0200: 21910.704: [GC pause (G1 Evacuation Pause) (young) 5465M->2691M(6144M), 0.0521103 secs]
2018-03-27T17:50:59.730+0200: 21913.004: [GC pause (G1 Evacuation Pause) (young) 5467M->2695M(6144M), 0.0702164 secs]
2018-03-27T17:51:01.669+0200: 21914.943: [GC pause (G1 Evacuation Pause) (young) 5465M->2696M(6144M), 0.0366695 secs]
2018-03-27T17:51:04.293+0200: 21917.566: [GC pause (G1 Evacuation Pause) (young) 5464M->2700M(6144M), 0.0384748 secs]
2018-03-27T17:51:06.192+0200: 21919.466: [GC pause (G1 Evacuation Pause) (young) 5462M->2700M(6144M), 0.0461067 secs]
2018-03-27T17:51:08.621+0200: 21921.894: [GC pause (G1 Evacuation Pause) (young) 5464M->2699M(6144M), 0.0444800 secs]
2018-03-27T17:51:10.694+0200: 21923.968: [GC pause (G1 Evacuation Pause) (young) 5467M->2703M(6144M), 0.0398565 secs]
2018-03-27T17:51:13.290+0200: 21926.564: [GC pause (G1 Evacuation Pause) (young) 5467M->2704M(6144M), 0.0378544 secs]
2018-03-27T17:51:15.957+0200: 21929.231: [GC pause (G1 Evacuation Pause) (young) 5464M->2710M(6144M), 0.0776927 secs]
2018-03-27T17:51:18.040+0200: 21931.314: [GC pause (G1 Evacuation Pause) (young) 5464M->2709M(6144M), 0.0523729 secs]
2018-03-27T17:51:20.575+0200: 21933.849: [GC pause (G1 Evacuation Pause) (young) 5465M->2710M(6144M), 0.0561338 secs]
2018-03-27T17:51:22.866+0200: 21936.140: [GC pause (G1 Evacuation Pause) (young) 5468M->2713M(6144M), 0.0391181 secs]
2018-03-27T17:51:24.502+0200: 21937.776: [GC pause (G1 Evacuation Pause) (young) 5465M->2715M(6144M), 0.0354385 secs]
2018-03-27T17:51:26.669+0200: 21939.943: [GC pause (G1 Evacuation Pause) (young) 5465M->2716M(6144M), 0.0378851 secs]
2018-03-27T17:51:28.654+0200: 21941.928: [GC pause (G1 Evacuation Pause) (young) 5468M->2717M(6144M), 0.0388488 secs]
2018-03-27T17:51:31.059+0200: 21944.332: [GC pause (G1 Evacuation Pause) (young) 5467M->2721M(6144M), 0.0419570 secs]
2018-03-27T17:51:33.186+0200: 21946.459: [GC pause (G1 Evacuation Pause) (young) 5469M->2722M(6144M), 0.0499236 secs]
2018-03-27T17:51:35.399+0200: 21948.673: [GC pause (G1 Evacuation Pause) (young) 5468M->2726M(6144M), 0.0379775 secs]
2018-03-27T17:51:38.013+0200: 21951.287: [GC pause (G1 Evacuation Pause) (young) 5466M->2728M(6144M), 0.0431885 secs]
2018-03-27T17:51:40.275+0200: 21953.549: [GC pause (G1 Evacuation Pause) (young) 5466M->2730M(6144M), 0.0385534 secs]
2018-03-27T17:51:42.862+0200: 21956.136: [GC pause (G1 Evacuation Pause) (young) 5464M->2733M(6144M), 0.0365212 secs]
2018-03-27T17:51:44.686+0200: 21957.959: [GC pause (G1 Evacuation Pause) (young) 5465M->2733M(6144M), 0.0355762 secs]
2018-03-27T17:51:46.590+0200: 21959.864: [GC pause (G1 Evacuation Pause) (young) 5467M->2736M(6144M), 0.0398409 secs]
2018-03-27T17:51:48.978+0200: 21962.251: [GC pause (G1 Evacuation Pause) (young) 5468M->2742M(6144M), 0.0501431 secs]
2018-03-27T17:51:50.998+0200: 21964.272: [GC pause (G1 Evacuation Pause) (young) 5464M->2740M(6144M), 0.0357911 secs]
2018-03-27T17:51:53.306+0200: 21966.580: [GC pause (G1 Evacuation Pause) (young) 5468M->2742M(6144M), 0.0418832 secs]
2018-03-27T17:51:55.764+0200: 21969.038: [GC pause (G1 Evacuation Pause) (young) 5468M->2746M(6144M), 0.0398965 secs]
2018-03-27T17:51:57.872+0200: 21971.145: [GC pause (G1 Evacuation Pause) (young) 5466M->2749M(6144M), 0.0376231 secs]
2018-03-27T17:52:00.020+0200: 21973.294: [GC pause (G1 Evacuation Pause) (young) 5463M->2751M(6144M), 0.0351482 secs]
2018-03-27T17:52:02.086+0200: 21975.360: [GC pause (G1 Evacuation Pause) (young) 5463M->2750M(6144M), 0.0414904 secs]
2018-03-27T17:52:04.242+0200: 21977.516: [GC pause (G1 Evacuation Pause) (young) 5468M->2753M(6144M), 0.0510395 secs]
2018-03-27T17:52:06.434+0200: 21979.707: [GC pause (G1 Evacuation Pause) (young) 5465M->2754M(6144M), 0.0512092 secs]
2018-03-27T17:52:08.421+0200: 21981.695: [GC pause (G1 Evacuation Pause) (young) 5468M->2757M(6144M), 0.0437716 secs]
2018-03-27T17:52:10.718+0200: 21983.992: [GC pause (G1 Evacuation Pause) (young) 5465M->2759M(6144M), 0.0515249 secs]
2018-03-27T17:52:12.566+0200: 21985.840: [GC pause (G1 Evacuation Pause) (young) 5469M->2760M(6144M), 0.0433268 secs]
2018-03-27T17:52:14.967+0200: 21988.241: [GC pause (G1 Evacuation Pause) (young) 5468M->2763M(6144M), 0.0529759 secs]
2018-03-27T17:52:16.996+0200: 21990.270: [GC pause (G1 Evacuation Pause) (young) 5469M->2764M(6144M), 0.0478593 secs]
2018-03-27T17:52:19.342+0200: 21992.615: [GC pause (G1 Evacuation Pause) (young) 5470M->2768M(6144M), 0.0486812 secs]
2018-03-27T17:52:21.390+0200: 21994.664: [GC pause (G1 Evacuation Pause) (young) 5468M->2768M(6144M), 0.0379869 secs]
2018-03-27T17:52:23.450+0200: 21996.724: [GC pause (G1 Evacuation Pause) (young) 5470M->2773M(6144M), 0.0357551 secs]
2018-03-27T17:52:25.405+0200: 21998.678: [GC pause (G1 Evacuation Pause) (young) 5465M->2771M(6144M), 0.0365065 secs]
2018-03-27T17:52:27.931+0200: 22001.205: [GC pause (G1 Evacuation Pause) (young) 5471M->2777M(6144M), 0.0387480 secs]
2018-03-27T17:52:30.455+0200: 22003.729: [GC pause (G1 Evacuation Pause) (young) 5467M->2776M(6144M), 0.0369462 secs]
2018-03-27T17:52:32.607+0200: 22005.881: [GC pause (G1 Evacuation Pause) (young) 5468M->2781M(6144M), 0.0346128 secs]
2018-03-27T17:52:35.151+0200: 22008.424: [GC pause (G1 Evacuation Pause) (young) 5467M->2784M(6144M), 0.0490656 secs]
2018-03-27T17:52:37.181+0200: 22010.455: [GC pause (G1 Evacuation Pause) (young) 5464M->2786M(6144M), 0.0474759 secs]
2018-03-27T17:52:39.230+0200: 22012.503: [GC pause (GCLocker Initiated GC) (young) 5465M->2788M(6144M), 0.0386051 secs]
2018-03-27T17:52:42.246+0200: 22015.520: [GC pause (GCLocker Initiated GC) (young) 5463M->2790M(6144M), 0.0704605 secs]
2018-03-27T17:52:44.718+0200: 22017.992: [GC pause (G1 Evacuation Pause) (young) 5464M->2792M(6144M), 0.0371449 secs]
2018-03-27T17:52:47.022+0200: 22020.296: [GC pause (G1 Evacuation Pause) (young) 5464M->2794M(6144M), 0.0381577 secs]
2018-03-27T17:52:49.423+0200: 22022.697: [GC pause (G1 Evacuation Pause) (young) 5464M->2794M(6144M), 0.0367703 secs]
2018-03-27T17:52:51.861+0200: 22025.135: [GC pause (G1 Evacuation Pause) (young) 5466M->2795M(6144M), 0.0369839 secs]
2018-03-27T17:52:54.201+0200: 22027.474: [GC pause (GCLocker Initiated GC) (young) 5469M->2797M(6144M), 0.0383303 secs]
2018-03-27T17:52:56.700+0200: 22029.973: [GC pause (G1 Evacuation Pause) (young) 5469M->2802M(6144M), 0.0392528 secs]
2018-03-27T17:52:58.831+0200: 22032.105: [GC pause (G1 Evacuation Pause) (young) 5466M->2803M(6144M), 0.0543672 secs]
2018-03-27T17:53:01.147+0200: 22034.420: [GC pause (G1 Evacuation Pause) (young) 5465M->2805M(6144M), 0.0672964 secs]
2018-03-27T17:53:04.008+0200: 22037.282: [GC pause (GCLocker Initiated GC) (young) 5471M->2806M(6144M), 0.0633330 secs]
2018-03-27T17:53:06.074+0200: 22039.347: [GC pause (G1 Evacuation Pause) (young) 5468M->2809M(6144M), 0.0401918 secs]
2018-03-27T17:53:07.942+0200: 22041.216: [GC pause (G1 Evacuation Pause) (young) 5465M->2811M(6144M), 0.0416947 secs]
2018-03-27T17:53:10.136+0200: 22043.410: [GC pause (G1 Evacuation Pause) (young) 5465M->2813M(6144M), 0.0655458 secs]
2018-03-27T17:53:12.868+0200: 22046.141: [GC pause (G1 Evacuation Pause) (young) 5469M->2815M(6144M), 0.0390354 secs]
2018-03-27T17:53:14.995+0200: 22048.269: [GC pause (G1 Evacuation Pause) (young) 5469M->2816M(6144M), 0.0396034 secs]
2018-03-27T17:53:16.828+0200: 22050.102: [GC pause (G1 Evacuation Pause) (young) (initial-mark) 5466M->2818M(6144M), 0.0423388 secs]
2018-03-27T17:53:16.871+0200: 22050.145: [GC concurrent-root-region-scan-start]
2018-03-27T17:53:16.906+0200: 22050.180: [GC concurrent-root-region-scan-end, 0.0351279 secs]
2018-03-27T17:53:16.906+0200: 22050.180: [GC concurrent-mark-start]
2018-03-27T17:53:18.698+0200: 22051.972: [GC pause (G1 Evacuation Pause) (young) 5468M->2820M(6144M), 0.0367811 secs]
2018-03-27T17:53:20.337+0200: 22053.611: [GC concurrent-mark-end, 3.4306764 secs]
2018-03-27T17:53:20.348+0200: 22053.622: [GC remark, 0.4002883 secs]
2018-03-27T17:53:20.751+0200: 22054.025: [GC cleanup 4723M->4715M(6144M), 0.0275283 secs]
2018-03-27T17:53:20.779+0200: 22054.053: [GC concurrent-cleanup-start]
2018-03-27T17:53:20.779+0200: 22054.053: [GC concurrent-cleanup-end, 0.0001871 secs]
2018-03-27T17:53:21.137+0200: 22054.411: [GC pause (GCLocker Initiated GC) (young) 5492M->2816M(6144M), 0.0501537 secs]
2018-03-27T17:53:21.328+0200: 22054.602: [GC pause (G1 Evacuation Pause) (mixed) 3066M->2505M(6144M), 0.1824483 secs]
2018-03-27T17:53:21.698+0200: 22054.972: [GC pause (G1 Evacuation Pause) (young) 2783M->2506M(6144M), 0.0546956 secs]
2018-03-27T17:53:21.886+0200: 22055.160: [GC pause (G1 Evacuation Pause) (young) 2784M->2515M(6144M), 0.0279835 secs]
2018-03-27T17:53:22.089+0200: 22055.362: [GC pause (GCLocker Initiated GC) (young) 2811M->2513M(6144M), 0.0308379 secs]
2018-03-27T17:53:22.239+0200: 22055.512: [GC pause (G1 Evacuation Pause) (young) 2795M->2514M(6144M), 0.0232903 secs]
2018-03-27T17:53:22.419+0200: 22055.693: [GC pause (GCLocker Initiated GC) (young) 2812M->2516M(6144M), 0.0234159 secs]
2018-03-27T17:53:22.571+0200: 22055.845: [GC pause (G1 Evacuation Pause) (young) 2796M->2516M(6144M), 0.0236200 secs]
2018-03-27T17:53:22.739+0200: 22056.012: [GC pause (GCLocker Initiated GC) (young) 2812M->2516M(6144M), 0.0257180 secs]
2018-03-27T17:53:22.914+0200: 22056.188: [GC pause (GCLocker Initiated GC) (young) 2812M->2517M(6144M), 0.0247535 secs]
2018-03-27T17:53:23.075+0200: 22056.349: [GC pause (G1 Evacuation Pause) (young) 2795M->2517M(6144M), 0.0244659 secs]
2018-03-27T17:53:23.247+0200: 22056.520: [GC pause (G1 Evacuation Pause) (young) 2795M->2520M(6144M), 0.0235809 secs]
2018-03-27T17:53:23.420+0200: 22056.694: [GC pause (G1 Evacuation Pause) (young) 2796M->2518M(6144M), 0.0259872 secs]
2018-03-27T17:53:23.595+0200: 22056.869: [GC pause (G1 Evacuation Pause) (young) 2800M->2518M(6144M), 0.0247313 secs]
2018-03-27T17:53:23.795+0200: 22057.069: [GC pause (GCLocker Initiated GC) (young) 2804M->2520M(6144M), 0.0275130 secs]
2018-03-27T17:53:24.017+0200: 22057.290: [GC pause (G1 Evacuation Pause) (young) 2800M->2521M(6144M), 0.0237771 secs]
2018-03-27T17:53:25.748+0200: 22059.021: [GC pause (G1 Evacuation Pause) (young) 4415M->2523M(6144M), 0.0297078 secs]
2018-03-27T17:53:28.117+0200: 22061.390: [GC pause (G1 Evacuation Pause) (young) 5465M->2528M(6144M), 0.0295793 secs]
2018-03-27T17:53:30.777+0200: 22064.051: [GC pause (G1 Evacuation Pause) (young) 5472M->2539M(6144M), 0.0319839 secs]
2018-03-27T17:53:32.844+0200: 22066.118: [GC pause (G1 Evacuation Pause) (young) 5481M->2540M(6144M), 0.0471407 secs]
2018-03-27T17:53:36.157+0200: 22069.431: [GC pause (G1 Evacuation Pause) (young) 5486M->2543M(6144M), 0.0351014 secs]
2018-03-27T17:53:38.790+0200: 22072.064: [GC pause (G1 Evacuation Pause) (young) 5485M->2550M(6144M), 0.0355113 secs]
2018-03-27T17:53:41.171+0200: 22074.444: [GC pause (GCLocker Initiated GC) (young) 5487M->2554M(6144M), 0.0354915 secs]
2018-03-27T17:53:44.270+0200: 22077.543: [GC pause (G1 Evacuation Pause) (young) 5474M->2553M(6144M), 0.0381427 secs]
2018-03-27T17:53:46.315+0200: 22079.588: [GC pause (G1 Evacuation Pause) (young) 5473M->2558M(6144M), 0.0341883 secs]
2018-03-27T17:53:48.826+0200: 22082.100: [GC pause (G1 Evacuation Pause) (young) 5470M->2558M(6144M), 0.0455992 secs]
2018-03-27T17:53:51.267+0200: 22084.541: [GC pause (G1 Evacuation Pause) (young) 5468M->2562M(6144M), 0.0387777 secs]
2018-03-27T17:53:53.273+0200: 22086.546: [GC pause (G1 Evacuation Pause) (young) 5468M->2565M(6144M), 0.0378742 secs]
2018-03-27T17:53:55.323+0200: 22088.597: [GC pause (GCLocker Initiated GC) (young) 5463M->2568M(6144M), 0.0457173 secs]
2018-03-27T17:53:57.686+0200: 22090.959: [GC pause (G1 Evacuation Pause) (young) 5462M->2567M(6144M), 0.0611602 secs]
2018-03-27T17:54:00.061+0200: 22093.335: [GC pause (G1 Evacuation Pause) (young) 5465M->2571M(6144M), 0.0381774 secs]
2018-03-27T17:54:01.665+0200: 22094.938: [GC pause (GCLocker Initiated GC) (young) 5460M->2570M(6144M), 0.0429870 secs]
2018-03-27T17:54:04.264+0200: 22097.537: [GC pause (G1 Evacuation Pause) (young) 5462M->2572M(6144M), 0.0548429 secs]
2018-03-27T17:54:07.094+0200: 22100.368: [GC pause (G1 Evacuation Pause) (young) 5462M->2575M(6144M), 0.0566196 secs]
2018-03-27T17:54:09.094+0200: 22102.367: [GC pause (G1 Evacuation Pause) (young) 5463M->2578M(6144M), 0.0534442 secs]
2018-03-27T17:54:10.814+0200: 22104.087: [GC pause (G1 Evacuation Pause) (young) 5460M->2576M(6144M), 0.0433736 secs]
2018-03-27T17:54:12.888+0200: 22106.162: [GC pause (G1 Evacuation Pause) (young) 5464M->2580M(6144M), 0.0389728 secs]
2018-03-27T17:54:14.969+0200: 22108.243: [GC pause (G1 Evacuation Pause) (young) 5462M->2582M(6144M), 0.0375109 secs]
2018-03-27T17:54:17.570+0200: 22110.844: [GC pause (G1 Evacuation Pause) (young) 5460M->2582M(6144M), 0.0565436 secs]
2018-03-27T17:54:20.094+0200: 22113.368: [GC pause (G1 Evacuation Pause) (young) 5464M->2587M(6144M), 0.0383012 secs]
2018-03-27T17:54:22.398+0200: 22115.672: [GC pause (G1 Evacuation Pause) (young) 5463M->2586M(6144M), 0.0437177 secs]
2018-03-27T17:54:24.253+0200: 22117.527: [GC pause (G1 Evacuation Pause) (young) 5470M->2592M(6144M), 0.0468008 secs]
2018-03-27T17:54:26.918+0200: 22120.192: [GC pause (GCLocker Initiated GC) (young) 5466M->2592M(6144M), 0.0395366 secs]
2018-03-27T17:54:29.134+0200: 22122.408: [GC pause (G1 Evacuation Pause) (young) 5468M->2595M(6144M), 0.0355443 secs]
2018-03-27T17:54:31.207+0200: 22124.481: [GC pause (G1 Evacuation Pause) (young) 5465M->2599M(6144M), 0.0392561 secs]
2018-03-27T17:54:33.452+0200: 22126.726: [GC pause (G1 Evacuation Pause) (young) 5467M->2599M(6144M), 0.0481824 secs]
2018-03-27T17:54:35.842+0200: 22129.116: [GC pause (G1 Evacuation Pause) (young) 5469M->2602M(6144M), 0.0394572 secs]
2018-03-27T17:54:38.144+0200: 22131.417: [GC pause (G1 Evacuation Pause) (young) 5466M->2601M(6144M), 0.0382184 secs]
2018-03-27T17:54:40.312+0200: 22133.586: [GC pause (G1 Evacuation Pause) (young) 5471M->2606M(6144M), 0.0418915 secs]
2018-03-27T17:54:43.099+0200: 22136.373: [GC pause (G1 Evacuation Pause) (young) 5466M->2605M(6144M), 0.0393262 secs]
2018-03-27T17:54:45.127+0200: 22138.401: [GC pause (G1 Evacuation Pause) (young) 5467M->2608M(6144M), 0.0368811 secs]
2018-03-27T17:54:47.150+0200: 22140.424: [GC pause (GCLocker Initiated GC) (young) 5469M->2613M(6144M), 0.0464897 secs]
2018-03-27T17:54:49.766+0200: 22143.040: [GC pause (G1 Evacuation Pause) (young) 5463M->2614M(6144M), 0.0381549 secs]
2018-03-27T17:54:52.214+0200: 22145.488: [GC pause (G1 Evacuation Pause) (young) 5466M->2615M(6144M), 0.0389327 secs]
2018-03-27T17:54:54.328+0200: 22147.602: [GC pause (G1 Evacuation Pause) (young) 5465M->2619M(6144M), 0.0411542 secs]
2018-03-27T17:54:56.710+0200: 22149.984: [GC pause (G1 Evacuation Pause) (young) 5463M->2620M(6144M), 0.0421791 secs]
2018-03-27T17:54:58.769+0200: 22152.043: [GC pause (G1 Evacuation Pause) (young) 5462M->2622M(6144M), 0.0404510 secs]
2018-03-27T17:55:01.557+0200: 22154.831: [GC pause (G1 Evacuation Pause) (young) 5462M->2625M(6144M), 0.0381292 secs]
2018-03-27T17:55:04.145+0200: 22157.419: [GC pause (G1 Evacuation Pause) (young) 5463M->2628M(6144M), 0.0482086 secs]
2018-03-27T17:55:06.248+0200: 22159.522: [GC pause (G1 Evacuation Pause) (young) 5462M->2633M(6144M), 0.0496726 secs]
2018-03-27T17:55:08.159+0200: 22161.432: [GC pause (G1 Evacuation Pause) (young) 5461M->2631M(6144M), 0.0398791 secs]
2018-03-27T17:55:09.836+0200: 22163.110: [GC pause (G1 Evacuation Pause) (young) 5461M->2634M(6144M), 0.0368311 secs]
2018-03-27T17:55:12.185+0200: 22165.459: [GC pause (G1 Evacuation Pause) (young) 5462M->2635M(6144M), 0.0537917 secs]
2018-03-27T17:55:14.079+0200: 22167.353: [GC pause (G1 Evacuation Pause) (young) 5461M->2637M(6144M), 0.0381956 secs]
2018-03-27T17:55:16.615+0200: 22169.889: [GC pause (G1 Evacuation Pause) (young) 5461M->2640M(6144M), 0.0416801 secs]
2018-03-27T17:55:18.860+0200: 22172.134: [GC pause (G1 Evacuation Pause) (young) 5462M->2641M(6144M), 0.0383828 secs]
2018-03-27T17:55:20.953+0200: 22174.227: [GC pause (G1 Evacuation Pause) (young) 5461M->2644M(6144M), 0.0401612 secs]
2018-03-27T17:55:23.177+0200: 22176.451: [GC pause (G1 Evacuation Pause) (young) 5462M->2649M(6144M), 0.0487609 secs]
2018-03-27T17:55:25.318+0200: 22178.592: [GC pause (G1 Evacuation Pause) (young) 5457M->2648M(6144M), 0.0354920 secs]
2018-03-27T17:55:27.303+0200: 22180.576: [GC pause (GCLocker Initiated GC) (young) 5464M->2651M(6144M), 0.0524780 secs]
2018-03-27T17:55:30.009+0200: 22183.283: [GC pause (G1 Evacuation Pause) (young) 5459M->2651M(6144M), 0.0394636 secs]
2018-03-27T17:55:32.470+0200: 22185.744: [GC pause (G1 Evacuation Pause) (young) 5461M->2654M(6144M), 0.0429987 secs]
2018-03-27T17:55:34.715+0200: 22187.989: [GC pause (G1 Evacuation Pause) (young) 5462M->2655M(6144M), 0.0375160 secs]
2018-03-27T17:55:36.952+0200: 22190.226: [GC pause (G1 Evacuation Pause) (young) 5465M->2658M(6144M), 0.0415729 secs]
2018-03-27T17:55:39.499+0200: 22192.773: [GC pause (G1 Evacuation Pause) (young) 5462M->2662M(6144M), 0.0357233 secs]
2018-03-27T17:55:41.946+0200: 22195.220: [GC pause (G1 Evacuation Pause) (young) 5462M->2666M(6144M), 0.0470178 secs]
2018-03-27T17:55:44.329+0200: 22197.602: [GC pause (G1 Evacuation Pause) (young) 5460M->2667M(6144M), 0.0436413 secs]
2018-03-27T17:55:46.587+0200: 22199.861: [GC pause (G1 Evacuation Pause) (young) 5459M->2668M(6144M), 0.0394848 secs]
2018-03-27T17:55:48.627+0200: 22201.901: [GC pause (G1 Evacuation Pause) (young) 5462M->2674M(6144M), 0.0431363 secs]
2018-03-27T17:55:51.352+0200: 22204.626: [GC pause (G1 Evacuation Pause) (young) 5454M->2671M(6144M), 0.0388777 secs]
2018-03-27T17:55:53.853+0200: 22207.126: [GC pause (G1 Evacuation Pause) (young) 5463M->2677M(6144M), 0.0485816 secs]
2018-03-27T17:55:56.360+0200: 22209.634: [GC pause (G1 Evacuation Pause) (young) 5459M->2676M(6144M), 0.0411327 secs]
2018-03-27T17:55:58.686+0200: 22211.959: [GC pause (G1 Evacuation Pause) (young) 5462M->2679M(6144M), 0.0407557 secs]
2018-03-27T17:56:01.175+0200: 22214.448: [GC pause (G1 Evacuation Pause) (young) 5459M->2683M(6144M), 0.0361428 secs]
2018-03-27T17:56:03.532+0200: 22216.805: [GC pause (G1 Evacuation Pause) (young) 5461M->2678M(6144M), 0.0408785 secs]
2018-03-27T17:56:06.062+0200: 22219.335: [GC pause (G1 Evacuation Pause) (young) 5466M->2682M(6144M), 0.0465989 secs]
2018-03-27T17:56:08.169+0200: 22221.442: [GC pause (G1 Evacuation Pause) (young) 5465M->2685M(6144M), 0.0395910 secs]
2018-03-27T17:56:10.762+0200: 22224.036: [GC pause (G1 Evacuation Pause) (young) 5465M->2687M(6144M), 0.0667320 secs]
2018-03-27T17:56:12.960+0200: 22226.234: [GC pause (GCLocker Initiated GC) (young) 5490M->2687M(6144M), 0.0493722 secs]
2018-03-27T17:56:15.294+0200: 22228.568: [GC pause (G1 Evacuation Pause) (young) 5465M->2692M(6144M), 0.0615284 secs]
2018-03-27T17:56:17.209+0200: 22230.483: [GC pause (G1 Evacuation Pause) (young) 5464M->2690M(6144M), 0.0391947 secs]
2018-03-27T17:56:19.500+0200: 22232.773: [GC pause (G1 Evacuation Pause) (young) 5464M->2692M(6144M), 0.0379199 secs]
2018-03-27T17:56:21.273+0200: 22234.546: [GC pause (GCLocker Initiated GC) (young) 5466M->2694M(6144M), 0.0425640 secs]
2018-03-27T17:56:23.605+0200: 22236.878: [GC pause (G1 Evacuation Pause) (young) 5468M->2698M(6144M), 0.0931717 secs]
2018-03-27T17:56:26.110+0200: 22239.384: [GC pause (G1 Evacuation Pause) (young) 5462M->2700M(6144M), 0.0405144 secs]
2018-03-27T17:56:27.832+0200: 22241.106: [GC pause (G1 Evacuation Pause) (young) 5462M->2705M(6144M), 0.0426551 secs]
2018-03-27T17:56:30.318+0200: 22243.591: [GC pause (G1 Evacuation Pause) (young) 5461M->2708M(6144M), 0.0422157 secs]
2018-03-27T17:56:32.523+0200: 22245.796: [GC pause (G1 Evacuation Pause) (young) 5458M->2707M(6144M), 0.0485993 secs]
2018-03-27T17:56:34.417+0200: 22247.691: [GC pause (G1 Evacuation Pause) (young) 5463M->2712M(6144M), 0.0377265 secs]
2018-03-27T17:56:36.674+0200: 22249.948: [GC pause (G1 Evacuation Pause) (young) 5458M->2710M(6144M), 0.0378301 secs]
2018-03-27T17:56:38.680+0200: 22251.954: [GC pause (G1 Evacuation Pause) (young) 5462M->2717M(6144M), 0.0370973 secs]
2018-03-27T17:56:41.315+0200: 22254.589: [GC pause (G1 Evacuation Pause) (young) 5477M->2718M(6144M), 0.0438945 secs]
2018-03-27T17:56:43.712+0200: 22256.986: [GC pause (G1 Evacuation Pause) (young) 5462M->2719M(6144M), 0.0384613 secs]
2018-03-27T17:56:46.136+0200: 22259.410: [GC pause (G1 Evacuation Pause) (young) 5461M->2723M(6144M), 0.0342834 secs]
2018-03-27T17:56:48.467+0200: 22261.741: [GC pause (GCLocker Initiated GC) (young) 5460M->2724M(6144M), 0.0424879 secs]
2018-03-27T17:56:51.149+0200: 22264.423: [GC pause (G1 Evacuation Pause) (young) 5458M->2728M(6144M), 0.0406503 secs]
2018-03-27T17:56:53.374+0200: 22266.648: [GC pause (G1 Evacuation Pause) (young) 5460M->2727M(6144M), 0.0373889 secs]
2018-03-27T17:56:55.663+0200: 22268.937: [GC pause (G1 Evacuation Pause) (young) 5461M->2732M(6144M), 0.0397438 secs]
2018-03-27T17:56:57.879+0200: 22271.152: [GC pause (G1 Evacuation Pause) (young) 5462M->2732M(6144M), 0.0406730 secs]
2018-03-27T17:57:00.416+0200: 22273.690: [GC pause (G1 Evacuation Pause) (young) 5462M->2735M(6144M), 0.0366043 secs]
2018-03-27T17:57:02.726+0200: 22276.000: [GC pause (G1 Evacuation Pause) (young) 5459M->2738M(6144M), 0.0387084 secs]
2018-03-27T17:57:04.667+0200: 22277.941: [GC pause (GCLocker Initiated GC) (young) 5474M->2737M(6144M), 0.0368665 secs]
2018-03-27T17:57:06.367+0200: 22279.641: [GC pause (G1 Evacuation Pause) (young) 5463M->2739M(6144M), 0.0516670 secs]
2018-03-27T17:57:08.320+0200: 22281.594: [GC pause (G1 Evacuation Pause) (young) 5463M->2742M(6144M), 0.0361544 secs]
2018-03-27T17:57:10.805+0200: 22284.078: [GC pause (G1 Evacuation Pause) (young) 5464M->2744M(6144M), 0.0400361 secs]
2018-03-27T17:57:12.966+0200: 22286.240: [GC pause (GCLocker Initiated GC) (young) 5468M->2747M(6144M), 0.0391200 secs]
2018-03-27T17:57:15.441+0200: 22288.715: [GC pause (G1 Evacuation Pause) (young) 5463M->2750M(6144M), 0.0387327 secs]
2018-03-27T17:57:17.213+0200: 22290.487: [GC pause (GCLocker Initiated GC) (young) 5468M->2751M(6144M), 0.0378611 secs]
2018-03-27T17:57:19.361+0200: 22292.635: [GC pause (G1 Evacuation Pause) (young) 5463M->2755M(6144M), 0.0423089 secs]
2018-03-27T17:57:21.663+0200: 22294.936: [GC pause (G1 Evacuation Pause) (young) 5465M->2756M(6144M), 0.0384162 secs]
2018-03-27T17:57:23.692+0200: 22296.966: [GC pause (G1 Evacuation Pause) (young) 5466M->2760M(6144M), 0.0580617 secs]
2018-03-27T17:57:25.822+0200: 22299.096: [GC pause (G1 Evacuation Pause) (young) 5464M->2757M(6144M), 0.0411738 secs]
2018-03-27T17:57:28.021+0200: 22301.295: [GC pause (G1 Evacuation Pause) (young) 5467M->2762M(6144M), 0.0369071 secs]
2018-03-27T17:57:30.124+0200: 22303.398: [GC pause (GCLocker Initiated GC) (young) 5489M->2766M(6144M), 0.0418189 secs]
2018-03-27T17:57:32.706+0200: 22305.979: [GC pause (G1 Evacuation Pause) (young) 5464M->2768M(6144M), 0.0390635 secs]
2018-03-27T17:57:35.301+0200: 22308.574: [GC pause (G1 Evacuation Pause) (young) 5464M->2771M(6144M), 0.0451712 secs]
2018-03-27T17:57:37.840+0200: 22311.113: [GC pause (G1 Evacuation Pause) (young) 5461M->2774M(6144M), 0.0495517 secs]
2018-03-27T17:57:40.131+0200: 22313.405: [GC pause (G1 Evacuation Pause) (young) 5462M->2775M(6144M), 0.0368719 secs]
2018-03-27T17:57:42.039+0200: 22315.313: [GC pause (G1 Evacuation Pause) (young) 5461M->2777M(6144M), 0.0378833 secs]
2018-03-27T17:57:44.319+0200: 22317.593: [GC pause (G1 Evacuation Pause) (young) 5461M->2780M(6144M), 0.0416015 secs]
2018-03-27T17:57:46.582+0200: 22319.856: [GC pause (G1 Evacuation Pause) (young) 5462M->2779M(6144M), 0.0438697 secs]
2018-03-27T17:57:48.469+0200: 22321.742: [GC pause (G1 Evacuation Pause) (young) 5464M->2786M(6144M), 0.0378432 secs]
2018-03-27T17:57:50.651+0200: 22323.925: [GC pause (G1 Evacuation Pause) (young) 5458M->2783M(6144M), 0.0631290 secs]
2018-03-27T17:57:52.910+0200: 22326.184: [GC pause (G1 Evacuation Pause) (young) 5463M->2786M(6144M), 0.0386166 secs]
2018-03-27T17:57:55.386+0200: 22328.659: [GC pause (G1 Evacuation Pause) (young) 5460M->2790M(6144M), 0.0511031 secs]
2018-03-27T17:57:58.282+0200: 22331.555: [GC pause (G1 Evacuation Pause) (young) 5458M->2790M(6144M), 0.0367527 secs]
2018-03-27T17:58:00.103+0200: 22333.376: [GC pause (G1 Evacuation Pause) (young) 5460M->2795M(6144M), 0.0345056 secs]
2018-03-27T17:58:02.515+0200: 22335.788: [GC pause (G1 Evacuation Pause) (young) 5459M->2795M(6144M), 0.0428872 secs]
2018-03-27T17:58:04.893+0200: 22338.167: [GC pause (G1 Evacuation Pause) (young) 5461M->2801M(6144M), 0.0541146 secs]
2018-03-27T17:58:06.784+0200: 22340.058: [GC pause (G1 Evacuation Pause) (young) 5457M->2807M(6144M), 0.0473234 secs]
2018-03-27T17:58:09.472+0200: 22342.745: [GC pause (G1 Evacuation Pause) (young) 5453M->2805M(6144M), 0.0370177 secs]
2018-03-27T17:58:11.702+0200: 22344.975: [GC pause (GCLocker Initiated GC) (young) 5458M->2806M(6144M), 0.0374319 secs]
2018-03-27T17:58:14.207+0200: 22347.481: [GC pause (G1 Evacuation Pause) (young) 5460M->2808M(6144M), 0.0424181 secs]
2018-03-27T17:58:16.592+0200: 22349.865: [GC pause (G1 Evacuation Pause) (young) 5460M->2812M(6144M), 0.0369316 secs]
2018-03-27T17:58:18.854+0200: 22352.128: [GC pause (G1 Evacuation Pause) (young) 5458M->2808M(6144M), 0.0504155 secs]
2018-03-27T17:58:21.250+0200: 22354.524: [GC pause (G1 Evacuation Pause) (young) 5464M->2812M(6144M), 0.0448784 secs]
2018-03-27T17:58:23.117+0200: 22356.391: [GC pause (G1 Evacuation Pause) (young) 5463M->2815M(6144M), 0.0380884 secs]
2018-03-27T17:58:25.046+0200: 22358.320: [GC pause (G1 Evacuation Pause) (young) 5463M->2818M(6144M), 0.0399773 secs]
2018-03-27T17:58:27.883+0200: 22361.157: [GC pause (G1 Evacuation Pause) (young) 5458M->2818M(6144M), 0.0428564 secs]
2018-03-27T17:58:29.962+0200: 22363.236: [GC pause (G1 Evacuation Pause) (young) 5464M->2821M(6144M), 0.0357002 secs]
2018-03-27T17:58:31.903+0200: 22365.176: [GC pause (G1 Evacuation Pause) (young) 5461M->2823M(6144M), 0.0536673 secs]
2018-03-27T17:58:33.856+0200: 22367.130: [GC pause (GCLocker Initiated GC) (young) (initial-mark) 5463M->2823M(6144M), 0.0447383 secs]
2018-03-27T17:58:33.901+0200: 22367.175: [GC concurrent-root-region-scan-start]
2018-03-27T17:58:33.942+0200: 22367.216: [GC concurrent-root-region-scan-end, 0.0411845 secs]
2018-03-27T17:58:33.942+0200: 22367.216: [GC concurrent-mark-start]
2018-03-27T17:58:36.045+0200: 22369.319: [GC pause (G1 Evacuation Pause) (young) 5467M->2825M(6144M), 0.0385533 secs]
2018-03-27T17:58:37.154+0200: 22370.428: [GC concurrent-mark-end, 3.2121092 secs]
2018-03-27T17:58:37.158+0200: 22370.431: [GC remark, 0.2995201 secs]
2018-03-27T17:58:37.463+0200: 22370.737: [GC cleanup 3925M->3915M(6144M), 0.0248783 secs]
2018-03-27T17:58:37.488+0200: 22370.762: [GC concurrent-cleanup-start]
2018-03-27T17:58:37.488+0200: 22370.762: [GC concurrent-cleanup-end, 0.0000887 secs]
2018-03-27T17:58:38.100+0200: 22371.373: [GC pause (G1 Evacuation Pause) (young) 4713M->2815M(6144M), 0.0652028 secs]
2018-03-27T17:58:38.348+0200: 22371.621: [GC pause (G1 Evacuation Pause) (mixed) 3095M->2529M(6144M), 0.1648030 secs]
2018-03-27T17:58:38.685+0200: 22371.959: [GC pause (GCLocker Initiated GC) (young) 2825M->2531M(6144M), 0.0782228 secs]
2018-03-27T17:58:38.901+0200: 22372.174: [GC pause (GCLocker Initiated GC) (young) 2825M->2532M(6144M), 0.0244690 secs]
2018-03-27T17:58:39.039+0200: 22372.312: [GC pause (G1 Evacuation Pause) (young) 2810M->2541M(6144M), 0.0255460 secs]
2018-03-27T17:58:39.199+0200: 22372.473: [GC pause (G1 Evacuation Pause) (young) 2821M->2542M(6144M), 0.0241928 secs]
2018-03-27T17:58:39.395+0200: 22372.668: [GC pause (G1 Evacuation Pause) (young) 2822M->2542M(6144M), 0.0233852 secs]
2018-03-27T17:58:39.571+0200: 22372.845: [GC pause (G1 Evacuation Pause) (young) 2822M->2544M(6144M), 0.0228063 secs]
2018-03-27T17:58:39.764+0200: 22373.037: [GC pause (G1 Evacuation Pause) (young) 2822M->2540M(6144M), 0.0264744 secs]
2018-03-27T17:58:39.946+0200: 22373.220: [GC pause (G1 Evacuation Pause) (young) 2822M->2542M(6144M), 0.0243637 secs]
2018-03-27T17:58:40.103+0200: 22373.377: [GC pause (G1 Evacuation Pause) (young) 2822M->2544M(6144M), 0.0252567 secs]
2018-03-27T17:58:40.298+0200: 22373.571: [GC pause (G1 Evacuation Pause) (young) 2822M->2544M(6144M), 0.0516289 secs]
2018-03-27T17:58:40.541+0200: 22373.815: [GC pause (G1 Evacuation Pause) (young) 2822M->2543M(6144M), 0.0246853 secs]
2018-03-27T17:58:40.791+0200: 22374.065: [GC pause (G1 Evacuation Pause) (young) 2825M->2545M(6144M), 0.0255460 secs]
2018-03-27T17:58:42.926+0200: 22376.200: [GC pause (G1 Evacuation Pause) (young) 4905M->2550M(6144M), 0.0284648 secs]
2018-03-27T17:58:45.275+0200: 22378.549: [GC pause (G1 Evacuation Pause) (young) 5474M->2553M(6144M), 0.0318353 secs]
2018-03-27T17:58:47.951+0200: 22381.225: [GC pause (G1 Evacuation Pause) (young) 5481M->2566M(6144M), 0.0307594 secs]
2018-03-27T17:58:50.347+0200: 22383.620: [GC pause (G1 Evacuation Pause) (young) 5488M->2568M(6144M), 0.0406938 secs]
2018-03-27T17:58:52.835+0200: 22386.109: [GC pause (G1 Evacuation Pause) (young) 5488M->2572M(6144M), 0.0344927 secs]
2018-03-27T17:58:56.587+0200: 22389.861: [GC pause (G1 Evacuation Pause) (young) 5484M->2574M(6144M), 0.0337863 secs]
2018-03-27T17:58:59.064+0200: 22392.338: [GC pause (GCLocker Initiated GC) (young) 5484M->2579M(6144M), 0.0356422 secs]
2018-03-27T17:59:01.723+0200: 22394.997: [GC pause (G1 Evacuation Pause) (young) 5479M->2579M(6144M), 0.0360201 secs]
2018-03-27T17:59:04.177+0200: 22397.451: [GC pause (G1 Evacuation Pause) (young) 5477M->2585M(6144M), 0.0372490 secs]
2018-03-27T17:59:06.323+0200: 22399.596: [GC pause (G1 Evacuation Pause) (young) 5471M->2586M(6144M), 0.0392818 secs]
2018-03-27T17:59:08.570+0200: 22401.844: [GC pause (G1 Evacuation Pause) (young) 5472M->2588M(6144M), 0.0591361 secs]
2018-03-27T17:59:11.056+0200: 22404.330: [GC pause (GCLocker Initiated GC) (young) 5470M->2589M(6144M), 0.0377889 secs]
2018-03-27T17:59:13.035+0200: 22406.309: [GC pause (G1 Evacuation Pause) (young) 5467M->2590M(6144M), 0.0357203 secs]
2018-03-27T17:59:15.526+0200: 22408.800: [GC pause (G1 Evacuation Pause) (young) 5468M->2594M(6144M), 0.0379542 secs]
2018-03-27T17:59:17.648+0200: 22410.922: [GC pause (G1 Evacuation Pause) (young) 5464M->2594M(6144M), 0.0403083 secs]
2018-03-27T17:59:20.457+0200: 22413.731: [GC pause (G1 Evacuation Pause) (young) 5464M->2594M(6144M), 0.0377875 secs]
2018-03-27T17:59:23.432+0200: 22416.706: [GC pause (G1 Evacuation Pause) (young) 5466M->2598M(6144M), 0.0691700 secs]
2018-03-27T17:59:25.722+0200: 22418.996: [GC pause (G1 Evacuation Pause) (young) 5462M->2600M(6144M), 0.0354714 secs]
2018-03-27T17:59:27.881+0200: 22421.155: [GC pause (G1 Evacuation Pause) (young) 5462M->2599M(6144M), 0.0410182 secs]
2018-03-27T17:59:30.242+0200: 22423.516: [GC pause (GCLocker Initiated GC) (young) 5469M->2605M(6144M), 0.0426708 secs]
2018-03-27T17:59:32.810+0200: 22426.084: [GC pause (G1 Evacuation Pause) (young) 5461M->2606M(6144M), 0.0399724 secs]
2018-03-27T17:59:35.236+0200: 22428.510: [GC pause (G1 Evacuation Pause) (young) 5464M->2608M(6144M), 0.0517786 secs]
2018-03-27T17:59:37.730+0200: 22431.004: [GC pause (G1 Evacuation Pause) (young) 5462M->2610M(6144M), 0.0574797 secs]
2018-03-27T17:59:40.239+0200: 22433.513: [GC pause (G1 Evacuation Pause) (young) 5466M->2616M(6144M), 0.0549812 secs]
2018-03-27T17:59:43.017+0200: 22436.291: [GC pause (G1 Evacuation Pause) (young) 5462M->2618M(6144M), 0.0453229 secs]
2018-03-27T17:59:45.846+0200: 22439.120: [GC pause (G1 Evacuation Pause) (young) 5462M->2618M(6144M), 0.0528485 secs]
2018-03-27T17:59:48.483+0200: 22441.757: [GC pause (GCLocker Initiated GC) (young) 5465M->2620M(6144M), 0.0465296 secs]
2018-03-27T17:59:50.973+0200: 22444.247: [GC pause (G1 Evacuation Pause) (young) 5464M->2621M(6144M), 0.0353895 secs]
2018-03-27T17:59:53.775+0200: 22447.049: [GC pause (G1 Evacuation Pause) (young) 5467M->2623M(6144M), 0.0391422 secs]
2018-03-27T17:59:55.794+0200: 22449.068: [GC pause (G1 Evacuation Pause) (young) 5467M->2622M(6144M), 0.0384833 secs]
2018-03-27T17:59:57.958+0200: 22451.231: [GC pause (G1 Evacuation Pause) (young) 5468M->2627M(6144M), 0.0446301 secs]
2018-03-27T18:00:00.875+0200: 22454.149: [GC pause (G1 Evacuation Pause) (young) 5463M->2630M(6144M), 0.0365623 secs]
2018-03-27T18:00:02.783+0200: 22456.057: [GC pause (G1 Evacuation Pause) (young) 5464M->2630M(6144M), 0.0488624 secs]
2018-03-27T18:00:05.042+0200: 22458.316: [GC pause (G1 Evacuation Pause) (young) 5466M->2633M(6144M), 0.0414567 secs]
2018-03-27T18:00:07.171+0200: 22460.445: [GC pause (G1 Evacuation Pause) (young) 5463M->2631M(6144M), 0.0418716 secs]
2018-03-27T18:00:10.017+0200: 22463.291: [GC pause (G1 Evacuation Pause) (young) 5467M->2634M(6144M), 0.0408514 secs]
2018-03-27T18:00:12.170+0200: 22465.444: [GC pause (G1 Evacuation Pause) (young) 5468M->2640M(6144M), 0.0541014 secs]
2018-03-27T18:00:14.574+0200: 22467.848: [GC pause (G1 Evacuation Pause) (young) 5464M->2639M(6144M), 0.0453826 secs]
2018-03-27T18:00:17.055+0200: 22470.328: [GC pause (G1 Evacuation Pause) (young) 5465M->2641M(6144M), 0.0480437 secs]
2018-03-27T18:00:20.013+0200: 22473.286: [GC pause (G1 Evacuation Pause) (young) 5465M->2645M(6144M), 0.0431303 secs]
2018-03-27T18:00:22.276+0200: 22475.550: [GC pause (G1 Evacuation Pause) (young) 5463M->2644M(6144M), 0.0393272 secs]
2018-03-27T18:00:25.086+0200: 22478.360: [GC pause (G1 Evacuation Pause) (young) 5468M->2650M(6144M), 0.0410170 secs]
2018-03-27T18:00:27.747+0200: 22481.020: [GC pause (G1 Evacuation Pause) (young) 5464M->2649M(6144M), 0.0845816 secs]
2018-03-27T18:00:30.222+0200: 22483.495: [GC pause (G1 Evacuation Pause) (young) 5465M->2652M(6144M), 0.0356522 secs]
2018-03-27T18:00:32.412+0200: 22485.685: [GC pause (G1 Evacuation Pause) (young) 5466M->2652M(6144M), 0.0392125 secs]
2018-03-27T18:00:35.522+0200: 22488.796: [GC pause (G1 Evacuation Pause) (young) 5468M->2656M(6144M), 0.0381600 secs]
2018-03-27T18:00:38.175+0200: 22491.449: [GC pause (G1 Evacuation Pause) (young) 5466M->2659M(6144M), 0.0412394 secs]
2018-03-27T18:00:40.556+0200: 22493.829: [GC pause (G1 Evacuation Pause) (young) 5463M->2663M(6144M), 0.0764589 secs]
2018-03-27T18:00:43.325+0200: 22496.599: [GC pause (G1 Evacuation Pause) (young) 5465M->2663M(6144M), 0.0416867 secs]
2018-03-27T18:00:45.575+0200: 22498.849: [GC pause (G1 Evacuation Pause) (young) 5463M->2665M(6144M), 0.0436529 secs]
2018-03-27T18:00:48.018+0200: 22501.292: [GC pause (G1 Evacuation Pause) (young) 5463M->2665M(6144M), 0.0509215 secs]
2018-03-27T18:00:50.554+0200: 22503.828: [GC pause (G1 Evacuation Pause) (young) 5465M->2666M(6144M), 0.0450307 secs]
2018-03-27T18:00:52.363+0200: 22505.637: [GC pause (G1 Evacuation Pause) (young) 5468M->2671M(6144M), 0.0459509 secs]
2018-03-27T18:00:54.302+0200: 22507.576: [GC pause (G1 Evacuation Pause) (young) 5463M->2675M(6144M), 0.0456712 secs]
2018-03-27T18:00:56.934+0200: 22510.207: [GC pause (G1 Evacuation Pause) (young) 5461M->2674M(6144M), 0.0456947 secs]
2018-03-27T18:00:59.501+0200: 22512.775: [GC pause (G1 Evacuation Pause) (young) 5466M->2682M(6144M), 0.0492800 secs]
2018-03-27T18:01:01.901+0200: 22515.174: [GC pause (G1 Evacuation Pause) (young) 5461M->2681M(6144M), 0.0467683 secs]
2018-03-27T18:01:04.682+0200: 22517.956: [GC pause (GCLocker Initiated GC) (young) 5463M->2681M(6144M), 0.0377517 secs]
2018-03-27T18:01:06.671+0200: 22519.944: [GC pause (G1 Evacuation Pause) (young) 5463M->2683M(6144M), 0.0363812 secs]
2018-03-27T18:01:08.803+0200: 22522.076: [GC pause (G1 Evacuation Pause) (young) 5465M->2685M(6144M), 0.0423567 secs]
2018-03-27T18:01:11.234+0200: 22524.508: [GC pause (G1 Evacuation Pause) (young) 5465M->2689M(6144M), 0.0379937 secs]
2018-03-27T18:01:13.986+0200: 22527.259: [GC pause (GCLocker Initiated GC) (young) 5463M->2688M(6144M), 0.0407865 secs]
2018-03-27T18:01:16.871+0200: 22530.145: [GC pause (GCLocker Initiated GC) (young) 5466M->2688M(6144M), 0.0409837 secs]
2018-03-27T18:01:19.789+0200: 22533.063: [GC pause (G1 Evacuation Pause) (young) 5466M->2693M(6144M), 0.0415719 secs]
2018-03-27T18:01:22.153+0200: 22535.426: [GC pause (G1 Evacuation Pause) (young) 5461M->2696M(6144M), 0.0403012 secs]
2018-03-27T18:01:24.524+0200: 22537.798: [GC pause (GCLocker Initiated GC) (young) 5462M->2696M(6144M), 0.0484169 secs]
2018-03-27T18:01:27.124+0200: 22540.398: [GC pause (G1 Evacuation Pause) (young) 5464M->2698M(6144M), 0.0385333 secs]
2018-03-27T18:01:29.477+0200: 22542.750: [GC pause (GCLocker Initiated GC) (young) 5466M->2703M(6144M), 0.0397800 secs]
2018-03-27T18:01:32.139+0200: 22545.413: [GC pause (G1 Evacuation Pause) (young) 5459M->2703M(6144M), 0.0387915 secs]
2018-03-27T18:01:34.422+0200: 22547.696: [GC pause (G1 Evacuation Pause) (young) 5463M->2706M(6144M), 0.0406431 secs]
2018-03-27T18:01:37.801+0200: 22551.075: [GC pause (G1 Evacuation Pause) (young) 5464M->2706M(6144M), 0.0498098 secs]
2018-03-27T18:01:40.842+0200: 22554.116: [GC pause (GCLocker Initiated GC) (young) 5467M->2707M(6144M), 0.0384846 secs]
2018-03-27T18:01:43.387+0200: 22556.661: [GC pause (GCLocker Initiated GC) (young) 5482M->2712M(6144M), 0.0608971 secs]
2018-03-27T18:01:45.575+0200: 22558.848: [GC pause (G1 Evacuation Pause) (young) 5460M->2710M(6144M), 0.0492334 secs]
2018-03-27T18:01:48.275+0200: 22561.549: [GC pause (G1 Evacuation Pause) (young) 5466M->2712M(6144M), 0.0452919 secs]
2018-03-27T18:01:50.805+0200: 22564.079: [GC pause (GCLocker Initiated GC) (young) 5467M->2716M(6144M), 0.0460446 secs]
2018-03-27T18:01:53.339+0200: 22566.612: [GC pause (G1 Evacuation Pause) (young) 5464M->2720M(6144M), 0.0422947 secs]
2018-03-27T18:01:56.029+0200: 22569.303: [GC pause (G1 Evacuation Pause) (young) 5462M->2721M(6144M), 0.0388094 secs]
2018-03-27T18:01:58.963+0200: 22572.237: [GC pause (G1 Evacuation Pause) (young) 5461M->2724M(6144M), 0.0401380 secs]
2018-03-27T18:02:02.561+0200: 22575.835: [GC pause (G1 Evacuation Pause) (young) 5462M->2723M(6144M), 0.0551089 secs]
2018-03-27T18:02:05.233+0200: 22578.507: [GC pause (G1 Evacuation Pause) (young) 5467M->2723M(6144M), 0.0555626 secs]
2018-03-27T18:02:07.216+0200: 22580.490: [GC pause (G1 Evacuation Pause) (young) 5465M->2729M(6144M), 0.0484811 secs]
2018-03-27T18:02:09.501+0200: 22582.775: [GC pause (G1 Evacuation Pause) (young) 5461M->2729M(6144M), 0.0395041 secs]
2018-03-27T18:02:11.844+0200: 22585.118: [GC pause (G1 Evacuation Pause) (young) 5467M->2731M(6144M), 0.0469223 secs]
2018-03-27T18:02:13.962+0200: 22587.236: [GC pause (G1 Evacuation Pause) (young) 5463M->2730M(6144M), 0.0654210 secs]
2018-03-27T18:02:16.612+0200: 22589.885: [GC pause (G1 Evacuation Pause) (young) 5464M->2733M(6144M), 0.0537138 secs]
2018-03-27T18:02:18.955+0200: 22592.228: [GC pause (G1 Evacuation Pause) (young) 5467M->2736M(6144M), 0.0394382 secs]
2018-03-27T18:02:21.106+0200: 22594.380: [GC pause (G1 Evacuation Pause) (young) 5465M->2737M(6144M), 0.0398147 secs]
2018-03-27T18:02:23.397+0200: 22596.671: [GC pause (G1 Evacuation Pause) (young) 5467M->2740M(6144M), 0.0377182 secs]
2018-03-27T18:02:26.015+0200: 22599.288: [GC pause (G1 Evacuation Pause) (young) 5464M->2741M(6144M), 0.0405322 secs]
2018-03-27T18:02:28.055+0200: 22601.329: [GC pause (G1 Evacuation Pause) (young) 5467M->2741M(6144M), 0.0453406 secs]
2018-03-27T18:02:30.389+0200: 22603.663: [GC pause (GCLocker Initiated GC) (young) 5473M->2745M(6144M), 0.0362851 secs]
2018-03-27T18:02:32.931+0200: 22606.205: [GC pause (GCLocker Initiated GC) (young) 5468M->2747M(6144M), 0.0583670 secs]
2018-03-27T18:02:35.125+0200: 22608.399: [GC pause (G1 Evacuation Pause) (young) 5463M->2748M(6144M), 0.0388531 secs]
2018-03-27T18:02:37.497+0200: 22610.770: [GC pause (G1 Evacuation Pause) (young) 5466M->2750M(6144M), 0.0405486 secs]
2018-03-27T18:02:39.694+0200: 22612.968: [GC pause (G1 Evacuation Pause) (young) 5466M->2753M(6144M), 0.0373733 secs]
2018-03-27T18:02:42.551+0200: 22615.825: [GC pause (G1 Evacuation Pause) (young) 5463M->2754M(6144M), 0.0367244 secs]
2018-03-27T18:02:45.275+0200: 22618.548: [GC pause (GCLocker Initiated GC) (young) 5468M->2755M(6144M), 0.0424062 secs]
2018-03-27T18:02:47.709+0200: 22620.983: [GC pause (G1 Evacuation Pause) (young) 5483M->2756M(6144M), 0.0678939 secs]
2018-03-27T18:02:50.328+0200: 22623.602: [GC pause (G1 Evacuation Pause) (young) 5468M->2758M(6144M), 0.0517422 secs]
2018-03-27T18:02:52.885+0200: 22626.159: [GC pause (G1 Evacuation Pause) (young) 5468M->2759M(6144M), 0.0457826 secs]
2018-03-27T18:02:54.578+0200: 22627.852: [GC pause (G1 Evacuation Pause) (young) 5467M->2765M(6144M), 0.0410790 secs]
2018-03-27T18:02:56.669+0200: 22629.943: [GC pause (G1 Evacuation Pause) (young) 5463M->2762M(6144M), 0.0438867 secs]
2018-03-27T18:02:58.839+0200: 22632.113: [GC pause (G1 Evacuation Pause) (young) 5468M->2766M(6144M), 0.0481635 secs]
2018-03-27T18:03:01.287+0200: 22634.561: [GC pause (GCLocker Initiated GC) (young) 5468M->2766M(6144M), 0.0471466 secs]
2018-03-27T18:03:03.767+0200: 22637.040: [GC pause (G1 Evacuation Pause) (young) 5466M->2769M(6144M), 0.0454160 secs]
2018-03-27T18:03:06.663+0200: 22639.936: [GC pause (G1 Evacuation Pause) (young) 5469M->2768M(6144M), 0.0701381 secs]
2018-03-27T18:03:09.099+0200: 22642.372: [GC pause (G1 Evacuation Pause) (young) 5472M->2771M(6144M), 0.0419019 secs]
2018-03-27T18:03:11.343+0200: 22644.617: [GC pause (GCLocker Initiated GC) (young) 5470M->2774M(6144M), 0.0365900 secs]
2018-03-27T18:03:13.975+0200: 22647.249: [GC pause (G1 Evacuation Pause) (young) 5470M->2775M(6144M), 0.0521351 secs]
2018-03-27T18:03:16.103+0200: 22649.377: [GC pause (G1 Evacuation Pause) (young) 5469M->2777M(6144M), 0.0383222 secs]
2018-03-27T18:03:18.245+0200: 22651.519: [GC pause (G1 Evacuation Pause) (young) 5469M->2778M(6144M), 0.0521372 secs]
2018-03-27T18:03:20.488+0200: 22653.762: [GC pause (G1 Evacuation Pause) (young) 5472M->2782M(6144M), 0.0423090 secs]
2018-03-27T18:03:22.750+0200: 22656.024: [GC pause (G1 Evacuation Pause) (young) 5470M->2783M(6144M), 0.0411202 secs]
2018-03-27T18:03:24.886+0200: 22658.160: [GC pause (G1 Evacuation Pause) (young) 5469M->2785M(6144M), 0.0454528 secs]
2018-03-27T18:03:27.219+0200: 22660.493: [GC pause (GCLocker Initiated GC) (young) 5474M->2786M(6144M), 0.0590758 secs]
2018-03-27T18:03:29.603+0200: 22662.877: [GC pause (G1 Evacuation Pause) (young) 5470M->2790M(6144M), 0.0378077 secs]
2018-03-27T18:03:31.739+0200: 22665.013: [GC pause (G1 Evacuation Pause) (young) 5468M->2791M(6144M), 0.0371324 secs]
2018-03-27T18:03:34.803+0200: 22668.076: [GC pause (G1 Evacuation Pause) (young) 5471M->2792M(6144M), 0.0388431 secs]
2018-03-27T18:03:36.858+0200: 22670.131: [GC pause (G1 Evacuation Pause) (young) 5470M->2795M(6144M), 0.0381446 secs]
2018-03-27T18:03:39.286+0200: 22672.560: [GC pause (G1 Evacuation Pause) (young) 5467M->2797M(6144M), 0.0423139 secs]
2018-03-27T18:03:41.533+0200: 22674.807: [GC pause (G1 Evacuation Pause) (young) 5467M->2799M(6144M), 0.0368394 secs]
2018-03-27T18:03:43.868+0200: 22677.142: [GC pause (GCLocker Initiated GC) (young) 5471M->2799M(6144M), 0.0389716 secs]
2018-03-27T18:03:46.023+0200: 22679.296: [GC pause (G1 Evacuation Pause) (young) 5471M->2801M(6144M), 0.0381104 secs]
2018-03-27T18:03:47.978+0200: 22681.252: [GC pause (G1 Evacuation Pause) (young) 5469M->2805M(6144M), 0.0398120 secs]
2018-03-27T18:03:50.189+0200: 22683.463: [GC pause (G1 Evacuation Pause) (young) 5469M->2809M(6144M), 0.0456146 secs]
2018-03-27T18:03:52.655+0200: 22685.928: [GC pause (G1 Evacuation Pause) (young) 5467M->2810M(6144M), 0.0458231 secs]
2018-03-27T18:03:55.294+0200: 22688.568: [GC pause (G1 Evacuation Pause) (young) 5466M->2810M(6144M), 0.0400107 secs]
2018-03-27T18:03:57.503+0200: 22690.777: [GC pause (G1 Evacuation Pause) (young) 5468M->2813M(6144M), 0.0623697 secs]
2018-03-27T18:03:59.991+0200: 22693.265: [GC pause (G1 Evacuation Pause) (young) 5467M->2816M(6144M), 0.0404047 secs]
2018-03-27T18:04:02.526+0200: 22695.799: [GC pause (G1 Evacuation Pause) (young) 5464M->2816M(6144M), 0.0367874 secs]
2018-03-27T18:04:05.285+0200: 22698.559: [GC pause (G1 Evacuation Pause) (young) (initial-mark) 5466M->2820M(6144M), 0.0488315 secs]
2018-03-27T18:04:05.334+0200: 22698.608: [GC concurrent-root-region-scan-start]
2018-03-27T18:04:05.396+0200: 22698.669: [GC concurrent-root-region-scan-end, 0.0612307 secs]
2018-03-27T18:04:05.396+0200: 22698.669: [GC concurrent-mark-start]
2018-03-27T18:04:07.210+0200: 22700.484: [GC pause (G1 Evacuation Pause) (young) 5466M->2823M(6144M), 0.0408962 secs]
2018-03-27T18:04:09.066+0200: 22702.340: [GC concurrent-mark-end, 3.6706044 secs]
2018-03-27T18:04:09.070+0200: 22702.343: [GC remark, 0.4239264 secs]
2018-03-27T18:04:09.496+0200: 22702.770: [GC cleanup 5053M->5053M(6144M), 0.0313945 secs]
2018-03-27T18:04:09.727+0200: 22703.000: [GC pause (G1 Evacuation Pause) (young) 5463M->2825M(6144M), 0.0716898 secs]
2018-03-27T18:04:09.961+0200: 22703.235: [GC pause (GCLocker Initiated GC) (mixed) 3075M->2507M(6144M), 0.1986947 secs]
2018-03-27T18:04:10.331+0200: 22703.605: [GC pause (G1 Evacuation Pause) (young) 2789M->2509M(6144M), 0.0826234 secs]
2018-03-27T18:04:10.520+0200: 22703.794: [GC pause (G1 Evacuation Pause) (young) 2797M->2511M(6144M), 0.0471972 secs]
2018-03-27T18:04:10.755+0200: 22704.029: [GC pause (G1 Evacuation Pause) (young) 2789M->2510M(6144M), 0.0563674 secs]
2018-03-27T18:04:10.941+0200: 22704.215: [GC pause (G1 Evacuation Pause) (young) 2790M->2510M(6144M), 0.0285459 secs]
2018-03-27T18:04:11.083+0200: 22704.357: [GC pause (G1 Evacuation Pause) (young) 2790M->2508M(6144M), 0.0277836 secs]
2018-03-27T18:04:11.245+0200: 22704.519: [GC pause (G1 Evacuation Pause) (young) 2790M->2513M(6144M), 0.0560927 secs]
2018-03-27T18:04:11.572+0200: 22704.846: [GC pause (GCLocker Initiated GC) (young) 2805M->2511M(6144M), 0.0410484 secs]
2018-03-27T18:04:11.743+0200: 22705.016: [GC pause (G1 Evacuation Pause) (young) 2789M->2511M(6144M), 0.0363972 secs]
2018-03-27T18:04:11.923+0200: 22705.196: [GC pause (G1 Evacuation Pause) (young) 2795M->2511M(6144M), 0.0232906 secs]
2018-03-27T18:04:12.054+0200: 22705.328: [GC pause (G1 Evacuation Pause) (young) 2795M->2513M(6144M), 0.0251093 secs]
2018-03-27T18:04:12.206+0200: 22705.480: [GC pause (GCLocker Initiated GC) (young) 2796M->2511M(6144M), 0.0240338 secs]
2018-03-27T18:04:12.385+0200: 22705.659: [GC pause (G1 Evacuation Pause) (young) 2795M->2513M(6144M), 0.0233500 secs]
2018-03-27T18:04:12.610+0200: 22705.884: [GC pause (G1 Evacuation Pause) (young) 2795M->2510M(6144M), 0.0308682 secs]
2018-03-27T18:04:13.750+0200: 22707.023: [GC pause (G1 Evacuation Pause) (young) 3416M->2515M(6144M), 0.0545135 secs]
2018-03-27T18:04:16.271+0200: 22709.544: [GC pause (G1 Evacuation Pause) (young) 5455M->2521M(6144M), 0.0381765 secs]
2018-03-27T18:04:19.375+0200: 22712.648: [GC pause (G1 Evacuation Pause) (young) 5467M->2529M(6144M), 0.0318234 secs]
2018-03-27T18:04:21.390+0200: 22714.664: [GC pause (G1 Evacuation Pause) (young) 5477M->2531M(6144M), 0.0375991 secs]
2018-03-27T18:04:23.878+0200: 22717.152: [GC pause (GCLocker Initiated GC) (young) 5490M->2541M(6144M), 0.0625550 secs]
2018-03-27T18:04:26.494+0200: 22719.767: [GC pause (G1 Evacuation Pause) (young) 5479M->2543M(6144M), 0.0667892 secs]
2018-03-27T18:04:29.506+0200: 22722.780: [GC pause (G1 Evacuation Pause) (young) 5477M->2546M(6144M), 0.0403953 secs]
2018-03-27T18:04:32.218+0200: 22725.491: [GC pause (G1 Evacuation Pause) (young) 5476M->2549M(6144M), 0.0371162 secs]
2018-03-27T18:04:35.497+0200: 22728.771: [GC pause (G1 Evacuation Pause) (young) 5475M->2551M(6144M), 0.0382919 secs]
2018-03-27T18:04:38.402+0200: 22731.675: [GC pause (G1 Evacuation Pause) (young) 5471M->2555M(6144M), 0.0428478 secs]
2018-03-27T18:04:40.743+0200: 22734.016: [GC pause (G1 Evacuation Pause) (young) 5467M->2556M(6144M), 0.0455752 secs]
2018-03-27T18:04:43.374+0200: 22736.648: [GC pause (G1 Evacuation Pause) (young) 5468M->2560M(6144M), 0.0464934 secs]
2018-03-27T18:04:45.931+0200: 22739.205: [GC pause (G1 Evacuation Pause) (young) 5464M->2563M(6144M), 0.0453668 secs]
2018-03-27T18:04:48.257+0200: 22741.530: [GC pause (G1 Evacuation Pause) (young) 5471M->2563M(6144M), 0.0507403 secs]
2018-03-27T18:04:50.658+0200: 22743.931: [GC pause (G1 Evacuation Pause) (young) 5463M->2566M(6144M), 0.0428365 secs]
2018-03-27T18:04:53.415+0200: 22746.689: [GC pause (G1 Evacuation Pause) (young) 5456M->2565M(6144M), 0.0453011 secs]
2018-03-27T18:04:56.162+0200: 22749.436: [GC pause (G1 Evacuation Pause) (young) 5459M->2568M(6144M), 0.0509471 secs]
2018-03-27T18:04:58.899+0200: 22752.172: [GC pause (G1 Evacuation Pause) (young) 5456M->2570M(6144M), 0.0497528 secs]
2018-03-27T18:05:00.792+0200: 22754.066: [GC pause (G1 Evacuation Pause) (young) 5460M->2571M(6144M), 0.0463178 secs]
2018-03-27T18:05:03.614+0200: 22756.888: [GC pause (GCLocker Initiated GC) (young) 5463M->2575M(6144M), 0.0399548 secs]
2018-03-27T18:05:06.282+0200: 22759.555: [GC pause (G1 Evacuation Pause) (young) 5459M->2574M(6144M), 0.0466471 secs]
2018-03-27T18:05:08.976+0200: 22762.250: [GC pause (G1 Evacuation Pause) (young) 5464M->2576M(6144M), 0.0443188 secs]
2018-03-27T18:05:11.599+0200: 22764.873: [GC pause (G1 Evacuation Pause) (young) 5462M->2579M(6144M), 0.0628285 secs]
2018-03-27T18:05:13.808+0200: 22767.082: [GC pause (GCLocker Initiated GC) (young) 5463M->2581M(6144M), 0.0401360 secs]
2018-03-27T18:05:15.994+0200: 22769.267: [GC pause (G1 Evacuation Pause) (young) 5463M->2584M(6144M), 0.0391217 secs]
2018-03-27T18:05:18.962+0200: 22772.236: [GC pause (G1 Evacuation Pause) (young) 5464M->2582M(6144M), 0.0368420 secs]
2018-03-27T18:05:21.893+0200: 22775.166: [GC pause (G1 Evacuation Pause) (young) 5468M->2588M(6144M), 0.0567928 secs]
2018-03-27T18:05:25.143+0200: 22778.417: [GC pause (G1 Evacuation Pause) (young) 5464M->2585M(6144M), 0.0406716 secs]
2018-03-27T18:05:28.036+0200: 22781.310: [GC pause (G1 Evacuation Pause) (young) 5471M->2590M(6144M), 0.0472758 secs]
2018-03-27T18:05:30.912+0200: 22784.186: [GC pause (G1 Evacuation Pause) (young) 5466M->2593M(6144M), 0.0395960 secs]
2018-03-27T18:05:33.374+0200: 22786.648: [GC pause (G1 Evacuation Pause) (young) 5467M->2594M(6144M), 0.0357090 secs]
2018-03-27T18:05:35.896+0200: 22789.170: [GC pause (G1 Evacuation Pause) (young) 5466M->2594M(6144M), 0.0394413 secs]
2018-03-27T18:05:37.572+0200: 22790.846: [GC pause (GCLocker Initiated GC) (young) 5470M->2598M(6144M), 0.0376472 secs]
2018-03-27T18:05:40.117+0200: 22793.391: [GC pause (G1 Evacuation Pause) (young) 5466M->2599M(6144M), 0.0386617 secs]
2018-03-27T18:05:42.612+0200: 22795.885: [GC pause (G1 Evacuation Pause) (young) 5465M->2601M(6144M), 0.0388384 secs]
2018-03-27T18:05:45.178+0200: 22798.451: [GC pause (G1 Evacuation Pause) (young) 5465M->2603M(6144M), 0.0450402 secs]
2018-03-27T18:05:47.861+0200: 22801.134: [GC pause (G1 Evacuation Pause) (young) 5465M->2606M(6144M), 0.0372127 secs]
2018-03-27T18:05:50.416+0200: 22803.690: [GC pause (G1 Evacuation Pause) (young) 5466M->2607M(6144M), 0.0683599 secs]
2018-03-27T18:05:52.574+0200: 22805.848: [GC pause (G1 Evacuation Pause) (young) 5465M->2609M(6144M), 0.0590989 secs]
2018-03-27T18:05:54.952+0200: 22808.226: [GC pause (G1 Evacuation Pause) (young) 5465M->2609M(6144M), 0.0439416 secs]
2018-03-27T18:05:57.363+0200: 22810.636: [GC pause (G1 Evacuation Pause) (young) 5467M->2616M(6144M), 0.0369210 secs]
2018-03-27T18:05:59.768+0200: 22813.042: [GC pause (GCLocker Initiated GC) (young) 5465M->2617M(6144M), 0.0382853 secs]
2018-03-27T18:06:02.253+0200: 22815.527: [GC pause (G1 Evacuation Pause) (young) 5463M->2617M(6144M), 0.0384626 secs]
2018-03-27T18:06:04.974+0200: 22818.247: [GC pause (G1 Evacuation Pause) (young) 5467M->2618M(6144M), 0.0403357 secs]
2018-03-27T18:06:07.238+0200: 22820.512: [GC pause (G1 Evacuation Pause) (young) 5466M->2619M(6144M), 0.0371392 secs]
2018-03-27T18:06:09.748+0200: 22823.022: [GC pause (G1 Evacuation Pause) (young) 5469M->2624M(6144M), 0.0516718 secs]
2018-03-27T18:06:12.677+0200: 22825.951: [GC pause (G1 Evacuation Pause) (young) 5462M->2628M(6144M), 0.0518405 secs]
2018-03-27T18:06:14.582+0200: 22827.855: [GC pause (G1 Evacuation Pause) (young) 5464M->2628M(6144M), 0.0639197 secs]
2018-03-27T18:06:17.220+0200: 22830.494: [GC pause (G1 Evacuation Pause) (young) 5462M->2631M(6144M), 0.0347149 secs]
2018-03-27T18:06:19.761+0200: 22833.035: [GC pause (G1 Evacuation Pause) (young) 5465M->2632M(6144M), 0.0451871 secs]
2018-03-27T18:06:22.325+0200: 22835.599: [GC pause (G1 Evacuation Pause) (young) 5464M->2635M(6144M), 0.0379920 secs]
2018-03-27T18:06:25.126+0200: 22838.400: [GC pause (G1 Evacuation Pause) (young) 5465M->2637M(6144M), 0.0496413 secs]
2018-03-27T18:06:27.806+0200: 22841.080: [GC pause (G1 Evacuation Pause) (young) 5465M->2640M(6144M), 0.0408142 secs]
2018-03-27T18:06:31.078+0200: 22844.352: [GC pause (G1 Evacuation Pause) (young) 5462M->2640M(6144M), 0.0467029 secs]
2018-03-27T18:06:33.870+0200: 22847.144: [GC pause (G1 Evacuation Pause) (young) 5464M->2642M(6144M), 0.0378492 secs]
2018-03-27T18:06:37.019+0200: 22850.292: [GC pause (G1 Evacuation Pause) (young) 5464M->2647M(6144M), 0.0403578 secs]
2018-03-27T18:06:39.222+0200: 22852.495: [GC pause (G1 Evacuation Pause) (young) 5463M->2645M(6144M), 0.0567624 secs]
2018-03-27T18:06:41.282+0200: 22854.556: [GC pause (G1 Evacuation Pause) (young) 5467M->2652M(6144M), 0.0383886 secs]
2018-03-27T18:06:43.868+0200: 22857.142: [GC pause (GCLocker Initiated GC) (young) 5461M->2651M(6144M), 0.0403803 secs]
2018-03-27T18:06:46.745+0200: 22860.019: [GC pause (GCLocker Initiated GC) (young) 5474M->2652M(6144M), 0.0418795 secs]
2018-03-27T18:06:49.186+0200: 22862.459: [GC pause (G1 Evacuation Pause) (young) 5464M->2655M(6144M), 0.0475108 secs]
2018-03-27T18:06:51.753+0200: 22865.027: [GC pause (G1 Evacuation Pause) (young) 5465M->2656M(6144M), 0.0373099 secs]
2018-03-27T18:06:54.354+0200: 22867.628: [GC pause (G1 Evacuation Pause) (young) 5466M->2660M(6144M), 0.0410350 secs]
2018-03-27T18:06:57.188+0200: 22870.462: [GC pause (G1 Evacuation Pause) (young) 5464M->2661M(6144M), 0.0449099 secs]
2018-03-27T18:07:00.844+0200: 22874.118: [GC pause (G1 Evacuation Pause) (young) 5463M->2663M(6144M), 0.0497781 secs]
2018-03-27T18:07:03.446+0200: 22876.720: [GC pause (GCLocker Initiated GC) (young) 5486M->2664M(6144M), 0.0350915 secs]
2018-03-27T18:07:06.464+0200: 22879.738: [GC pause (G1 Evacuation Pause) (young) 5466M->2666M(6144M), 0.0454204 secs]
2018-03-27T18:07:08.908+0200: 22882.182: [GC pause (G1 Evacuation Pause) (young) 5466M->2669M(6144M), 0.0332529 secs]
2018-03-27T18:07:11.431+0200: 22884.704: [GC pause (G1 Evacuation Pause) (young) 5463M->2670M(6144M), 0.0452981 secs]
2018-03-27T18:07:14.194+0200: 22887.468: [GC pause (G1 Evacuation Pause) (young) 5466M->2672M(6144M), 0.0374142 secs]
2018-03-27T18:07:16.614+0200: 22889.888: [GC pause (G1 Evacuation Pause) (young) 5466M->2671M(6144M), 0.0389198 secs]
2018-03-27T18:07:19.740+0200: 22893.013: [GC pause (G1 Evacuation Pause) (young) 5467M->2675M(6144M), 0.0547787 secs]
2018-03-27T18:07:22.285+0200: 22895.559: [GC pause (G1 Evacuation Pause) (young) 5465M->2676M(6144M), 0.0403781 secs]
2018-03-27T18:07:24.878+0200: 22898.152: [GC pause (G1 Evacuation Pause) (young) 5468M->2682M(6144M), 0.0502941 secs]
2018-03-27T18:07:27.158+0200: 22900.432: [GC pause (G1 Evacuation Pause) (young) 5464M->2683M(6144M), 0.0421559 secs]
2018-03-27T18:07:30.237+0200: 22903.511: [GC pause (GCLocker Initiated GC) (young) 5491M->2684M(6144M), 0.0500044 secs]
2018-03-27T18:07:32.562+0200: 22905.835: [GC pause (G1 Evacuation Pause) (young) 5466M->2686M(6144M), 0.0565939 secs]
2018-03-27T18:07:34.900+0200: 22908.174: [GC pause (GCLocker Initiated GC) (young) 5488M->2686M(6144M), 0.0409462 secs]
2018-03-27T18:07:36.963+0200: 22910.237: [GC pause (G1 Evacuation Pause) (young) 5468M->2690M(6144M), 0.0511635 secs]
2018-03-27T18:07:38.685+0200: 22911.959: [GC pause (G1 Evacuation Pause) (young) 5466M->2693M(6144M), 0.0359220 secs]
2018-03-27T18:07:40.854+0200: 22914.128: [GC pause (G1 Evacuation Pause) (young) 5467M->2694M(6144M), 0.0352260 secs]
2018-03-27T18:07:43.309+0200: 22916.582: [GC pause (G1 Evacuation Pause) (young) 5464M->2695M(6144M), 0.0483721 secs]
2018-03-27T18:07:45.583+0200: 22918.857: [GC pause (GCLocker Initiated GC) (young) 5470M->2697M(6144M), 0.0406485 secs]
2018-03-27T18:07:48.596+0200: 22921.870: [GC pause (G1 Evacuation Pause) (young) 5467M->2698M(6144M), 0.0392786 secs]
2018-03-27T18:07:51.096+0200: 22924.369: [GC pause (G1 Evacuation Pause) (young) 5466M->2704M(6144M), 0.0676325 secs]
2018-03-27T18:07:53.262+0200: 22926.535: [GC pause (G1 Evacuation Pause) (young) 5462M->2706M(6144M), 0.0437256 secs]
2018-03-27T18:07:55.456+0200: 22928.729: [GC pause (G1 Evacuation Pause) (young) 5464M->2706M(6144M), 0.0422369 secs]
2018-03-27T18:07:57.634+0200: 22930.907: [GC pause (G1 Evacuation Pause) (young) 5466M->2707M(6144M), 0.0416393 secs]
2018-03-27T18:08:00.142+0200: 22933.416: [GC pause (G1 Evacuation Pause) (young) 5467M->2714M(6144M), 0.0442402 secs]
2018-03-27T18:08:02.526+0200: 22935.799: [GC pause (G1 Evacuation Pause) (young) 5460M->2715M(6144M), 0.0619174 secs]
2018-03-27T18:08:05.018+0200: 22938.292: [GC pause (G1 Evacuation Pause) (young) 5463M->2715M(6144M), 0.0477419 secs]
2018-03-27T18:08:07.168+0200: 22940.442: [GC pause (G1 Evacuation Pause) (young) 5465M->2718M(6144M), 0.0508760 secs]
2018-03-27T18:08:10.105+0200: 22943.378: [GC pause (G1 Evacuation Pause) (young) 5462M->2720M(6144M), 0.0520030 secs]
2018-03-27T18:08:12.674+0200: 22945.947: [GC pause (G1 Evacuation Pause) (young) 5466M->2722M(6144M), 0.0366778 secs]
2018-03-27T18:08:14.473+0200: 22947.747: [GC pause (G1 Evacuation Pause) (young) 5466M->2723M(6144M), 0.0602341 secs]
2018-03-27T18:08:16.866+0200: 22950.139: [GC pause (G1 Evacuation Pause) (young) 5465M->2726M(6144M), 0.0372819 secs]
2018-03-27T18:08:19.172+0200: 22952.445: [GC pause (G1 Evacuation Pause) (young) 5466M->2728M(6144M), 0.0416307 secs]
2018-03-27T18:08:21.329+0200: 22954.602: [GC pause (G1 Evacuation Pause) (young) 5466M->2730M(6144M), 0.0438671 secs]
2018-03-27T18:08:23.633+0200: 22956.907: [GC pause (G1 Evacuation Pause) (young) 5464M->2733M(6144M), 0.0381301 secs]
2018-03-27T18:08:25.788+0200: 22959.062: [GC pause (G1 Evacuation Pause) (young) 5465M->2734M(6144M), 0.0411991 secs]
2018-03-27T18:08:27.491+0200: 22960.765: [GC pause (G1 Evacuation Pause) (young) 5466M->2733M(6144M), 0.0360493 secs]
2018-03-27T18:08:29.638+0200: 22962.911: [GC pause (G1 Evacuation Pause) (young) 5467M->2737M(6144M), 0.0410885 secs]
2018-03-27T18:08:31.393+0200: 22964.667: [GC pause (G1 Evacuation Pause) (young) 5465M->2739M(6144M), 0.0390668 secs]
2018-03-27T18:08:34.265+0200: 22967.539: [GC pause (G1 Evacuation Pause) (young) 5465M->2739M(6144M), 0.0381419 secs]
2018-03-27T18:08:36.420+0200: 22969.694: [GC pause (G1 Evacuation Pause) (young) 5467M->2744M(6144M), 0.0519535 secs]
2018-03-27T18:08:38.472+0200: 22971.746: [GC pause (G1 Evacuation Pause) (young) 5462M->2746M(6144M), 0.0401351 secs]
2018-03-27T18:08:40.645+0200: 22973.919: [GC pause (G1 Evacuation Pause) (young) 5462M->2750M(6144M), 0.0359460 secs]
2018-03-27T18:08:42.934+0200: 22976.207: [GC pause (GCLocker Initiated GC) (young) 5465M->2751M(6144M), 0.0343970 secs]
2018-03-27T18:08:44.723+0200: 22977.997: [GC pause (G1 Evacuation Pause) (young) 5463M->2752M(6144M), 0.0411416 secs]
2018-03-27T18:08:46.986+0200: 22980.260: [GC pause (GCLocker Initiated GC) (young) 5490M->2754M(6144M), 0.0503086 secs]
2018-03-27T18:08:48.725+0200: 22981.999: [GC pause (GCLocker Initiated GC) (young) 5468M->2756M(6144M), 0.0413869 secs]
2018-03-27T18:08:50.437+0200: 22983.711: [GC pause (G1 Evacuation Pause) (young) 5466M->2761M(6144M), 0.0404197 secs]
2018-03-27T18:08:53.015+0200: 22986.288: [GC pause (G1 Evacuation Pause) (young) 5461M->2761M(6144M), 0.0451868 secs]
2018-03-27T18:08:55.304+0200: 22988.578: [GC pause (G1 Evacuation Pause) (young) 5463M->2763M(6144M), 0.0544447 secs]
2018-03-27T18:08:58.042+0200: 22991.316: [GC pause (G1 Evacuation Pause) (young) 5463M->2765M(6144M), 0.0408399 secs]
2018-03-27T18:09:00.310+0200: 22993.584: [GC pause (G1 Evacuation Pause) (young) 5463M->2767M(6144M), 0.0449259 secs]
2018-03-27T18:09:02.071+0200: 22995.345: [GC pause (G1 Evacuation Pause) (young) 5463M->2772M(6144M), 0.0432623 secs]
2018-03-27T18:09:03.868+0200: 22997.142: [GC pause (G1 Evacuation Pause) (young) 5458M->2771M(6144M), 0.0448935 secs]
2018-03-27T18:09:06.232+0200: 22999.506: [GC pause (G1 Evacuation Pause) (young) 5463M->2776M(6144M), 0.0519750 secs]
2018-03-27T18:09:08.339+0200: 23001.613: [GC pause (G1 Evacuation Pause) (young) 5462M->2776M(6144M), 0.0372968 secs]
2018-03-27T18:09:10.827+0200: 23004.101: [GC pause (GCLocker Initiated GC) (young) 5465M->2775M(6144M), 0.0374892 secs]
2018-03-27T18:09:13.246+0200: 23006.520: [GC pause (G1 Evacuation Pause) (young) 5465M->2781M(6144M), 0.0432499 secs]
2018-03-27T18:09:15.524+0200: 23008.798: [GC pause (G1 Evacuation Pause) (young) 5465M->2779M(6144M), 0.0437250 secs]
2018-03-27T18:09:17.846+0200: 23011.120: [GC pause (G1 Evacuation Pause) (young) 5465M->2778M(6144M), 0.0396959 secs]
2018-03-27T18:09:20.090+0200: 23013.363: [GC pause (G1 Evacuation Pause) (young) 5470M->2783M(6144M), 0.0365295 secs]
2018-03-27T18:09:22.377+0200: 23015.650: [GC pause (G1 Evacuation Pause) (young) 5465M->2787M(6144M), 0.0354574 secs]
2018-03-27T18:09:24.887+0200: 23018.161: [GC pause (G1 Evacuation Pause) (young) 5465M->2791M(6144M), 0.0569071 secs]
2018-03-27T18:09:27.158+0200: 23020.431: [GC pause (GCLocker Initiated GC) (young) 5467M->2791M(6144M), 0.0413347 secs]
2018-03-27T18:09:29.780+0200: 23023.054: [GC pause (G1 Evacuation Pause) (young) 5469M->2792M(6144M), 0.0439378 secs]
2018-03-27T18:09:32.366+0200: 23025.640: [GC pause (G1 Evacuation Pause) (young) 5468M->2795M(6144M), 0.0377756 secs]
2018-03-27T18:09:35.178+0200: 23028.452: [GC pause (G1 Evacuation Pause) (young) 5465M->2796M(6144M), 0.0382103 secs]
2018-03-27T18:09:38.108+0200: 23031.382: [GC pause (G1 Evacuation Pause) (young) 5468M->2798M(6144M), 0.0383702 secs]
2018-03-27T18:09:40.507+0200: 23033.781: [GC pause (G1 Evacuation Pause) (young) 5468M->2800M(6144M), 0.0503281 secs]
2018-03-27T18:09:43.153+0200: 23036.427: [GC pause (G1 Evacuation Pause) (young) 5468M->2802M(6144M), 0.0357139 secs]
2018-03-27T18:09:46.242+0200: 23039.515: [GC pause (G1 Evacuation Pause) (young) 5464M->2807M(6144M), 0.0485605 secs]
2018-03-27T18:09:48.789+0200: 23042.062: [GC pause (G1 Evacuation Pause) (young) 5465M->2806M(6144M), 0.0380891 secs]
2018-03-27T18:09:51.208+0200: 23044.482: [GC pause (G1 Evacuation Pause) (young) 5466M->2808M(6144M), 0.0370850 secs]
2018-03-27T18:09:53.513+0200: 23046.787: [GC pause (G1 Evacuation Pause) (young) 5466M->2808M(6144M), 0.0377798 secs]
2018-03-27T18:09:56.257+0200: 23049.531: [GC pause (G1 Evacuation Pause) (young) 5468M->2814M(6144M), 0.0427275 secs]
2018-03-27T18:09:58.266+0200: 23051.540: [GC pause (GCLocker Initiated GC) (young) 5472M->2816M(6144M), 0.0397758 secs]
2018-03-27T18:10:00.302+0200: 23053.576: [GC pause (G1 Evacuation Pause) (young) 5460M->2817M(6144M), 0.0367095 secs]
2018-03-27T18:10:02.640+0200: 23055.914: [GC pause (G1 Evacuation Pause) (young) 5463M->2819M(6144M), 0.0659183 secs]
2018-03-27T18:10:05.238+0200: 23058.512: [GC pause (G1 Evacuation Pause) (young) 5463M->2822M(6144M), 0.0639214 secs]
2018-03-27T18:10:07.411+0200: 23060.684: [GC pause (G1 Evacuation Pause) (young) 5462M->2820M(6144M), 0.0664495 secs]
2018-03-27T18:10:09.758+0200: 23063.032: [GC pause (G1 Evacuation Pause) (young) (initial-mark) 5466M->2825M(6144M), 0.0673088 secs]
2018-03-27T18:10:09.826+0200: 23063.099: [GC concurrent-root-region-scan-start]
2018-03-27T18:10:09.892+0200: 23063.166: [GC concurrent-root-region-scan-end, 0.0667671 secs]
2018-03-27T18:10:09.892+0200: 23063.166: [GC concurrent-mark-start]
2018-03-27T18:10:12.526+0200: 23065.800: [GC pause (G1 Evacuation Pause) (young) 5465M->2826M(6144M), 0.0550523 secs]
2018-03-27T18:10:13.433+0200: 23066.707: [GC concurrent-mark-end, 3.5410903 secs]
2018-03-27T18:10:13.436+0200: 23066.710: [GC remark, 0.3936548 secs]
2018-03-27T18:10:13.839+0200: 23067.113: [GC cleanup 3653M->3653M(6144M), 0.0296079 secs]
2018-03-27T18:10:14.436+0200: 23067.710: [GC pause (G1 Evacuation Pause) (young) 4348M->2826M(6144M), 0.0691896 secs]
2018-03-27T18:10:14.688+0200: 23067.962: [GC pause (G1 Evacuation Pause) (mixed) 3102M->2527M(6144M), 0.2220073 secs]
2018-03-27T18:10:15.045+0200: 23068.319: [GC pause (G1 Evacuation Pause) (mixed) 2807M->2532M(6144M), 0.1250313 secs]
2018-03-27T18:10:15.274+0200: 23068.548: [GC pause (G1 Evacuation Pause) (young) 2812M->2532M(6144M), 0.0315423 secs]
2018-03-27T18:10:15.495+0200: 23068.769: [GC pause (GCLocker Initiated GC) (young) 2828M->2534M(6144M), 0.0242123 secs]
2018-03-27T18:10:15.687+0200: 23068.961: [GC pause (GCLocker Initiated GC) (young) 2828M->2534M(6144M), 0.0253559 secs]
2018-03-27T18:10:15.815+0200: 23069.089: [GC pause (G1 Evacuation Pause) (young) 2812M->2534M(6144M), 0.0252724 secs]
2018-03-27T18:10:15.942+0200: 23069.216: [GC pause (G1 Evacuation Pause) (young) 2816M->2538M(6144M), 0.0266082 secs]
2018-03-27T18:10:16.097+0200: 23069.370: [GC pause (G1 Evacuation Pause) (young) 2816M->2540M(6144M), 0.0265039 secs]
2018-03-27T18:10:16.242+0200: 23069.516: [GC pause (G1 Evacuation Pause) (young) 2816M->2541M(6144M), 0.0229381 secs]
2018-03-27T18:10:16.419+0200: 23069.692: [GC pause (G1 Evacuation Pause) (young) 2817M->2536M(6144M), 0.0237406 secs]
2018-03-27T18:10:16.623+0200: 23069.897: [GC pause (G1 Evacuation Pause) (young) 2820M->2539M(6144M), 0.0242011 secs]
2018-03-27T18:10:16.942+0200: 23070.216: [GC pause (G1 Evacuation Pause) (young) 2821M->2537M(6144M), 0.0250848 secs]
2018-03-27T18:10:17.151+0200: 23070.425: [GC pause (G1 Evacuation Pause) (young) 2821M->2537M(6144M), 0.0214136 secs]
2018-03-27T18:10:17.390+0200: 23070.663: [GC pause (G1 Evacuation Pause) (young) 2821M->2538M(6144M), 0.0254024 secs]
2018-03-27T18:10:17.629+0200: 23070.903: [GC pause (G1 Evacuation Pause) (young) 2820M->2539M(6144M), 0.0264652 secs]
2018-03-27T18:10:20.110+0200: 23073.384: [GC pause (G1 Evacuation Pause) (young) 5167M->2547M(6144M), 0.0275952 secs]
2018-03-27T18:10:22.646+0200: 23075.920: [GC pause (G1 Evacuation Pause) (young) 5483M->2550M(6144M), 0.0327325 secs]
2018-03-27T18:10:26.052+0200: 23079.326: [GC pause (GCLocker Initiated GC) (young) 5496M->2556M(6144M), 0.0322590 secs]
2018-03-27T18:10:28.683+0200: 23081.957: [GC pause (G1 Evacuation Pause) (young) 5488M->2561M(6144M), 0.0346903 secs]
2018-03-27T18:10:31.602+0200: 23084.875: [GC pause (G1 Evacuation Pause) (young) 5483M->2569M(6144M), 0.0341936 secs]
2018-03-27T18:10:33.808+0200: 23087.082: [GC pause (G1 Evacuation Pause) (young) 5475M->2569M(6144M), 0.0374604 secs]
2018-03-27T18:10:35.940+0200: 23089.214: [GC pause (GCLocker Initiated GC) (young) 5480M->2572M(6144M), 0.0329088 secs]
2018-03-27T18:10:38.889+0200: 23092.163: [GC pause (GCLocker Initiated GC) (young) 5482M->2574M(6144M), 0.0346609 secs]
2018-03-27T18:10:42.015+0200: 23095.289: [GC pause (G1 Evacuation Pause) (young) 5482M->2573M(6144M), 0.0402026 secs]
2018-03-27T18:10:45.110+0200: 23098.383: [GC pause (G1 Evacuation Pause) (young) 5481M->2577M(6144M), 0.0572231 secs]
2018-03-27T18:10:47.714+0200: 23100.988: [GC pause (G1 Evacuation Pause) (young) 5471M->2581M(6144M), 0.0372390 secs]
2018-03-27T18:10:51.119+0200: 23104.392: [GC pause (G1 Evacuation Pause) (young) 5469M->2580M(6144M), 0.0365025 secs]
2018-03-27T18:10:53.877+0200: 23107.151: [GC pause (G1 Evacuation Pause) (young) 5466M->2584M(6144M), 0.0464829 secs]
2018-03-27T18:10:56.161+0200: 23109.435: [GC pause (G1 Evacuation Pause) (young) 5466M->2586M(6144M), 0.0349849 secs]
2018-03-27T18:10:59.236+0200: 23112.510: [GC pause (G1 Evacuation Pause) (young) 5464M->2587M(6144M), 0.0360790 secs]
2018-03-27T18:11:01.740+0200: 23115.014: [GC pause (G1 Evacuation Pause) (young) 5461M->2589M(6144M), 0.0412018 secs]
2018-03-27T18:11:04.107+0200: 23117.380: [GC pause (G1 Evacuation Pause) (young) 5461M->2588M(6144M), 0.0417177 secs]
2018-03-27T18:11:06.935+0200: 23120.208: [GC pause (G1 Evacuation Pause) (young) 5466M->2595M(6144M), 0.0399423 secs]
2018-03-27T18:11:09.670+0200: 23122.943: [GC pause (G1 Evacuation Pause) (young) 5463M->2596M(6144M), 0.0603949 secs]
2018-03-27T18:11:11.889+0200: 23125.163: [GC pause (G1 Evacuation Pause) (young) 5460M->2596M(6144M), 0.0430645 secs]
2018-03-27T18:11:14.106+0200: 23127.380: [GC pause (GCLocker Initiated GC) (young) 5475M->2602M(6144M), 0.0413245 secs]
2018-03-27T18:11:16.876+0200: 23130.149: [GC pause (G1 Evacuation Pause) (young) 5458M->2603M(6144M), 0.0507725 secs]
2018-03-27T18:11:19.889+0200: 23133.163: [GC pause (G1 Evacuation Pause) (young) 5463M->2604M(6144M), 0.0495363 secs]
2018-03-27T18:11:22.257+0200: 23135.530: [GC pause (G1 Evacuation Pause) (young) 5463M->2605M(6144M), 0.0411045 secs]
2018-03-27T18:11:25.286+0200: 23138.560: [GC pause (G1 Evacuation Pause) (young) 5461M->2609M(6144M), 0.0460918 secs]
2018-03-27T18:11:27.692+0200: 23140.966: [GC pause (G1 Evacuation Pause) (young) 5459M->2609M(6144M), 0.0554824 secs]
2018-03-27T18:11:29.818+0200: 23143.092: [GC pause (G1 Evacuation Pause) (young) 5461M->2610M(6144M), 0.0733576 secs]
2018-03-27T18:11:32.206+0200: 23145.479: [GC pause (GCLocker Initiated GC) (young) 5481M->2612M(6144M), 0.0489822 secs]
2018-03-27T18:11:34.384+0200: 23147.658: [GC pause (G1 Evacuation Pause) (young) 5464M->2612M(6144M), 0.0471143 secs]
2018-03-27T18:11:37.722+0200: 23150.996: [GC pause (G1 Evacuation Pause) (young) 5466M->2612M(6144M), 0.0615998 secs]
2018-03-27T18:11:40.295+0200: 23153.569: [GC pause (GCLocker Initiated GC) (young) 5475M->2615M(6144M), 0.0502347 secs]
2018-03-27T18:11:42.990+0200: 23156.263: [GC pause (G1 Evacuation Pause) (young) 5465M->2617M(6144M), 0.0425642 secs]
2018-03-27T18:11:45.256+0200: 23158.530: [GC pause (G1 Evacuation Pause) (young) 5465M->2621M(6144M), 0.0387149 secs]
2018-03-27T18:11:47.836+0200: 23161.109: [GC pause (GCLocker Initiated GC) (young) 5481M->2624M(6144M), 0.0380597 secs]
2018-03-27T18:11:50.762+0200: 23164.036: [GC pause (G1 Evacuation Pause) (young) 5466M->2626M(6144M), 0.0506820 secs]
2018-03-27T18:11:53.524+0200: 23166.797: [GC pause (G1 Evacuation Pause) (young) 5466M->2628M(6144M), 0.0420875 secs]
2018-03-27T18:11:56.153+0200: 23169.426: [GC pause (G1 Evacuation Pause) (young) 5466M->2630M(6144M), 0.0440164 secs]
2018-03-27T18:11:59.262+0200: 23172.536: [GC pause (GCLocker Initiated GC) (young) 5472M->2634M(6144M), 0.0678028 secs]
2018-03-27T18:12:02.046+0200: 23175.320: [GC pause (G1 Evacuation Pause) (young) 5464M->2634M(6144M), 0.0479071 secs]
2018-03-27T18:12:05.074+0200: 23178.348: [GC pause (GCLocker Initiated GC) (young) 5466M->2637M(6144M), 0.0402546 secs]
2018-03-27T18:12:07.310+0200: 23180.584: [GC pause (G1 Evacuation Pause) (young) 5465M->2641M(6144M), 0.0653009 secs]
2018-03-27T18:12:09.866+0200: 23183.140: [GC pause (G1 Evacuation Pause) (young) 5463M->2639M(6144M), 0.0667633 secs]
2018-03-27T18:12:11.903+0200: 23185.177: [GC pause (G1 Evacuation Pause) (young) 5463M->2645M(6144M), 0.0469533 secs]
2018-03-27T18:12:14.415+0200: 23187.688: [GC pause (G1 Evacuation Pause) (young) 5463M->2647M(6144M), 0.0479830 secs]
2018-03-27T18:12:16.821+0200: 23190.095: [GC pause (G1 Evacuation Pause) (young) 5463M->2647M(6144M), 0.0490659 secs]
2018-03-27T18:12:19.070+0200: 23192.343: [GC pause (G1 Evacuation Pause) (young) 5461M->2649M(6144M), 0.0636140 secs]
2018-03-27T18:12:21.862+0200: 23195.136: [GC pause (G1 Evacuation Pause) (young) 5465M->2651M(6144M), 0.0479534 secs]
2018-03-27T18:12:24.137+0200: 23197.411: [GC pause (G1 Evacuation Pause) (young) 5465M->2653M(6144M), 0.0412536 secs]
2018-03-27T18:12:26.270+0200: 23199.544: [GC pause (G1 Evacuation Pause) (young) 5465M->2657M(6144M), 0.0448799 secs]
2018-03-27T18:12:28.599+0200: 23201.873: [GC pause (GCLocker Initiated GC) (young) 5461M->2660M(6144M), 0.0433282 secs]
2018-03-27T18:12:31.242+0200: 23204.516: [GC pause (G1 Evacuation Pause) (young) 5460M->2659M(6144M), 0.0380742 secs]
2018-03-27T18:12:33.442+0200: 23206.716: [GC pause (G1 Evacuation Pause) (young) 5465M->2660M(6144M), 0.0523387 secs]
2018-03-27T18:12:35.981+0200: 23209.254: [GC pause (G1 Evacuation Pause) (young) 5462M->2665M(6144M), 0.0364406 secs]
2018-03-27T18:12:38.245+0200: 23211.518: [GC pause (G1 Evacuation Pause) (young) 5461M->2667M(6144M), 0.0419872 secs]
2018-03-27T18:12:40.857+0200: 23214.131: [GC pause (GCLocker Initiated GC) (young) 5461M->2668M(6144M), 0.0355642 secs]
2018-03-27T18:12:43.751+0200: 23217.025: [GC pause (G1 Evacuation Pause) (young) 5464M->2672M(6144M), 0.0431219 secs]
2018-03-27T18:12:46.629+0200: 23219.902: [GC pause (G1 Evacuation Pause) (young) 5462M->2674M(6144M), 0.0525051 secs]
2018-03-27T18:12:48.954+0200: 23222.227: [GC pause (GCLocker Initiated GC) (young) 5466M->2675M(6144M), 0.0387497 secs]
2018-03-27T18:12:51.753+0200: 23225.026: [GC pause (G1 Evacuation Pause) (young) 5465M->2678M(6144M), 0.0456356 secs]
2018-03-27T18:12:54.053+0200: 23227.327: [GC pause (G1 Evacuation Pause) (young) 5462M->2681M(6144M), 0.0384490 secs]
2018-03-27T18:12:56.590+0200: 23229.863: [GC pause (G1 Evacuation Pause) (young) 5461M->2682M(6144M), 0.0374695 secs]
2018-03-27T18:12:58.822+0200: 23232.095: [GC pause (G1 Evacuation Pause) (young) 5460M->2682M(6144M), 0.0735571 secs]
2018-03-27T18:13:01.272+0200: 23234.546: [GC pause (GCLocker Initiated GC) (young) 5474M->2687M(6144M), 0.0408245 secs]
2018-03-27T18:13:03.277+0200: 23236.551: [GC pause (GCLocker Initiated GC) (young) 5467M->2688M(6144M), 0.0407308 secs]
2018-03-27T18:13:05.740+0200: 23239.014: [GC pause (G1 Evacuation Pause) (young) 5464M->2689M(6144M), 0.0385946 secs]
2018-03-27T18:13:08.409+0200: 23241.683: [GC pause (G1 Evacuation Pause) (young) 5463M->2692M(6144M), 0.0414246 secs]
2018-03-27T18:13:10.887+0200: 23244.160: [GC pause (G1 Evacuation Pause) (young) 5462M->2692M(6144M), 0.0401083 secs]
2018-03-27T18:13:13.534+0200: 23246.808: [GC pause (G1 Evacuation Pause) (young) 5462M->2693M(6144M), 0.0433817 secs]
2018-03-27T18:13:16.006+0200: 23249.280: [GC pause (G1 Evacuation Pause) (young) 5467M->2697M(6144M), 0.0501944 secs]
2018-03-27T18:13:19.075+0200: 23252.349: [GC pause (G1 Evacuation Pause) (young) 5465M->2700M(6144M), 0.0405284 secs]
2018-03-27T18:13:21.982+0200: 23255.256: [GC pause (G1 Evacuation Pause) (young) 5462M->2701M(6144M), 0.0456281 secs]
2018-03-27T18:13:24.830+0200: 23258.104: [GC pause (G1 Evacuation Pause) (young) 5463M->2704M(6144M), 0.0359616 secs]
2018-03-27T18:13:27.453+0200: 23260.726: [GC pause (G1 Evacuation Pause) (young) 5464M->2704M(6144M), 0.0383479 secs]
2018-03-27T18:13:30.529+0200: 23263.803: [GC pause (GCLocker Initiated GC) (young) 5466M->2707M(6144M), 0.0394512 secs]
2018-03-27T18:13:32.906+0200: 23266.179: [GC pause (GCLocker Initiated GC) (young) 5463M->2711M(6144M), 0.0407218 secs]
2018-03-27T18:13:36.061+0200: 23269.335: [GC pause (G1 Evacuation Pause) (young) 5461M->2710M(6144M), 0.0404487 secs]
2018-03-27T18:13:38.469+0200: 23271.743: [GC pause (G1 Evacuation Pause) (young) 5466M->2711M(6144M), 0.0363907 secs]
2018-03-27T18:13:41.326+0200: 23274.600: [GC pause (G1 Evacuation Pause) (young) 5465M->2713M(6144M), 0.0409409 secs]
2018-03-27T18:13:44.067+0200: 23277.340: [GC pause (G1 Evacuation Pause) (young) 5465M->2715M(6144M), 0.0381442 secs]
2018-03-27T18:13:46.615+0200: 23279.889: [GC pause (G1 Evacuation Pause) (young) 5465M->2715M(6144M), 0.0447094 secs]
2018-03-27T18:13:49.106+0200: 23282.380: [GC pause (G1 Evacuation Pause) (young) 5467M->2720M(6144M), 0.0467658 secs]
2018-03-27T18:13:51.943+0200: 23285.217: [GC pause (G1 Evacuation Pause) (young) 5462M->2724M(6144M), 0.0790993 secs]
2018-03-27T18:13:54.325+0200: 23287.599: [GC pause (G1 Evacuation Pause) (young) 5462M->2722M(6144M), 0.0484822 secs]
2018-03-27T18:13:56.582+0200: 23289.855: [GC pause (GCLocker Initiated GC) (young) 5469M->2726M(6144M), 0.0423358 secs]
2018-03-27T18:13:59.992+0200: 23293.266: [GC pause (GCLocker Initiated GC) (young) 5464M->2730M(6144M), 0.0387649 secs]
2018-03-27T18:14:02.058+0200: 23295.331: [GC pause (G1 Evacuation Pause) (young) 5460M->2729M(6144M), 0.0364068 secs]
2018-03-27T18:14:04.933+0200: 23298.207: [GC pause (GCLocker Initiated GC) (young) 5465M->2729M(6144M), 0.0479376 secs]
2018-03-27T18:14:07.792+0200: 23301.066: [GC pause (G1 Evacuation Pause) (young) 5465M->2732M(6144M), 0.0446201 secs]
2018-03-27T18:14:10.145+0200: 23303.419: [GC pause (G1 Evacuation Pause) (young) 5466M->2740M(6144M), 0.0577971 secs]
2018-03-27T18:14:12.939+0200: 23306.213: [GC pause (G1 Evacuation Pause) (young) 5460M->2737M(6144M), 0.0469415 secs]
2018-03-27T18:14:15.078+0200: 23308.352: [GC pause (G1 Evacuation Pause) (young) 5463M->2741M(6144M), 0.0570175 secs]
2018-03-27T18:14:17.200+0200: 23310.474: [GC pause (G1 Evacuation Pause) (young) 5461M->2743M(6144M), 0.0592560 secs]
2018-03-27T18:14:19.598+0200: 23312.872: [GC pause (G1 Evacuation Pause) (young) 5463M->2742M(6144M), 0.0557367 secs]
2018-03-27T18:14:22.043+0200: 23315.317: [GC pause (G1 Evacuation Pause) (young) 5464M->2745M(6144M), 0.0388583 secs]
2018-03-27T18:14:24.666+0200: 23317.940: [GC pause (G1 Evacuation Pause) (young) 5461M->2747M(6144M), 0.0683426 secs]
2018-03-27T18:14:27.167+0200: 23320.440: [GC pause (G1 Evacuation Pause) (young) 5461M->2751M(6144M), 0.0476262 secs]
2018-03-27T18:14:29.452+0200: 23322.726: [GC pause (GCLocker Initiated GC) (young) 5461M->2755M(6144M), 0.0379680 secs]
2018-03-27T18:14:31.924+0200: 23325.198: [GC pause (G1 Evacuation Pause) (young) 5461M->2756M(6144M), 0.0370411 secs]
2018-03-27T18:14:34.034+0200: 23327.307: [GC pause (GCLocker Initiated GC) (young) 5494M->2758M(6144M), 0.0361783 secs]
2018-03-27T18:14:36.914+0200: 23330.188: [GC pause (G1 Evacuation Pause) (young) 5460M->2757M(6144M), 0.0375504 secs]
2018-03-27T18:14:39.485+0200: 23332.759: [GC pause (G1 Evacuation Pause) (young) 5463M->2759M(6144M), 0.0579755 secs]
2018-03-27T18:14:42.335+0200: 23335.608: [GC pause (G1 Evacuation Pause) (young) 5463M->2761M(6144M), 0.0349937 secs]
2018-03-27T18:14:43.867+0200: 23337.141: [GC pause (G1 Evacuation Pause) (young) 5463M->2764M(6144M), 0.0395891 secs]
2018-03-27T18:14:45.915+0200: 23339.189: [GC pause (GCLocker Initiated GC) (young) 5465M->2765M(6144M), 0.0465089 secs]
2018-03-27T18:14:48.261+0200: 23341.534: [GC pause (GCLocker Initiated GC) (young) 5467M->2769M(6144M), 0.0446550 secs]
2018-03-27T18:14:50.744+0200: 23344.018: [GC pause (G1 Evacuation Pause) (young) 5463M->2775M(6144M), 0.0438920 secs]
2018-03-27T18:14:52.378+0200: 23345.652: [GC pause (GCLocker Initiated GC) (young) 5479M->2776M(6144M), 0.0556821 secs]
2018-03-27T18:14:54.919+0200: 23348.192: [GC pause (G1 Evacuation Pause) (young) 5462M->2779M(6144M), 0.0586601 secs]
2018-03-27T18:14:56.889+0200: 23350.163: [GC pause (G1 Evacuation Pause) (young) 5459M->2777M(6144M), 0.0375067 secs]
2018-03-27T18:15:00.190+0200: 23353.463: [GC pause (G1 Evacuation Pause) (young) 5463M->2782M(6144M), 0.0410359 secs]
2018-03-27T18:15:02.599+0200: 23355.873: [GC pause (G1 Evacuation Pause) (young) 5462M->2783M(6144M), 0.0383772 secs]
2018-03-27T18:15:05.021+0200: 23358.294: [GC pause (G1 Evacuation Pause) (young) 5461M->2784M(6144M), 0.0399032 secs]
2018-03-27T18:15:07.690+0200: 23360.964: [GC pause (G1 Evacuation Pause) (young) 5462M->2786M(6144M), 0.0364233 secs]
2018-03-27T18:15:10.276+0200: 23363.549: [GC pause (G1 Evacuation Pause) (young) 5462M->2789M(6144M), 0.0396076 secs]
2018-03-27T18:15:13.071+0200: 23366.345: [GC pause (G1 Evacuation Pause) (young) 5463M->2792M(6144M), 0.0409247 secs]
2018-03-27T18:15:15.647+0200: 23368.921: [GC pause (G1 Evacuation Pause) (young) 5460M->2790M(6144M), 0.0382443 secs]
2018-03-27T18:15:18.483+0200: 23371.756: [GC pause (G1 Evacuation Pause) (young) 5464M->2795M(6144M), 0.0378653 secs]
2018-03-27T18:15:21.015+0200: 23374.289: [GC pause (G1 Evacuation Pause) (young) 5463M->2795M(6144M), 0.0379781 secs]
2018-03-27T18:15:24.603+0200: 23377.877: [GC pause (G1 Evacuation Pause) (young) 5463M->2800M(6144M), 0.0386022 secs]
2018-03-27T18:15:26.830+0200: 23380.104: [GC pause (G1 Evacuation Pause) (young) 5462M->2803M(6144M), 0.0389420 secs]
2018-03-27T18:15:29.206+0200: 23382.480: [GC pause (G1 Evacuation Pause) (young) 5459M->2801M(6144M), 0.0358227 secs]
2018-03-27T18:15:32.057+0200: 23385.331: [GC pause (G1 Evacuation Pause) (young) 5463M->2803M(6144M), 0.0383275 secs]
2018-03-27T18:15:34.323+0200: 23387.596: [GC pause (G1 Evacuation Pause) (young) 5463M->2811M(6144M), 0.0458694 secs]
2018-03-27T18:15:37.235+0200: 23390.508: [GC pause (G1 Evacuation Pause) (young) 5461M->2810M(6144M), 0.0406935 secs]
2018-03-27T18:15:39.392+0200: 23392.666: [GC pause (GCLocker Initiated GC) (young) 5471M->2816M(6144M), 0.0395636 secs]
2018-03-27T18:15:41.211+0200: 23394.485: [GC pause (G1 Evacuation Pause) (young) 5458M->2817M(6144M), 0.0376786 secs]
2018-03-27T18:15:43.134+0200: 23396.408: [GC pause (G1 Evacuation Pause) (young) 5459M->2816M(6144M), 0.0398818 secs]
2018-03-27T18:15:45.844+0200: 23399.118: [GC pause (G1 Evacuation Pause) (young) 5462M->2821M(6144M), 0.0395243 secs]
2018-03-27T18:15:47.867+0200: 23401.140: [GC pause (G1 Evacuation Pause) (young) 5461M->2824M(6144M), 0.0461024 secs]
2018-03-27T18:15:50.134+0200: 23403.408: [GC pause (G1 Evacuation Pause) (young) 5458M->2829M(6144M), 0.0392736 secs]
2018-03-27T18:15:52.722+0200: 23405.996: [GC pause (G1 Evacuation Pause) (young) 5457M->2828M(6144M), 0.0641084 secs]
2018-03-27T18:15:55.316+0200: 23408.590: [GC pause (G1 Evacuation Pause) (young) (initial-mark) 5458M->2827M(6144M), 0.0472068 secs]
2018-03-27T18:15:55.363+0200: 23408.637: [GC concurrent-root-region-scan-start]
2018-03-27T18:15:55.398+0200: 23408.672: [GC concurrent-root-region-scan-end, 0.0347960 secs]
2018-03-27T18:15:55.398+0200: 23408.672: [GC concurrent-mark-start]
2018-03-27T18:15:57.281+0200: 23410.555: [GC pause (GCLocker Initiated GC) (young) 5465M->2828M(6144M), 0.0391464 secs]
2018-03-27T18:15:58.739+0200: 23412.013: [GC concurrent-mark-end, 3.3406787 secs]
2018-03-27T18:15:58.746+0200: 23412.020: [GC remark, 0.3883257 secs]
2018-03-27T18:15:59.139+0200: 23412.413: [GC cleanup 4457M->4457M(6144M), 0.0267663 secs]
2018-03-27T18:15:59.471+0200: 23412.745: [GC pause (G1 Evacuation Pause) (young) 4826M->2834M(6144M), 0.0582090 secs]
2018-03-27T18:15:59.821+0200: 23413.095: [GC pause (GCLocker Initiated GC) (mixed) 3124M->2513M(6144M), 0.1847855 secs]
2018-03-27T18:16:00.119+0200: 23413.392: [GC pause (G1 Evacuation Pause) (young) 2795M->2517M(6144M), 0.1193926 secs]
2018-03-27T18:16:00.339+0200: 23413.613: [GC pause (G1 Evacuation Pause) (young) 2795M->2518M(6144M), 0.0250698 secs]
2018-03-27T18:16:00.481+0200: 23413.755: [GC pause (G1 Evacuation Pause) (young) 2794M->2516M(6144M), 0.0251320 secs]
2018-03-27T18:16:00.643+0200: 23413.917: [GC pause (G1 Evacuation Pause) (young) 2794M->2519M(6144M), 0.0253138 secs]
2018-03-27T18:16:00.830+0200: 23414.104: [GC pause (G1 Evacuation Pause) (young) 2795M->2517M(6144M), 0.0271708 secs]
2018-03-27T18:16:01.085+0200: 23414.359: [GC pause (G1 Evacuation Pause) (young) 2799M->2519M(6144M), 0.0310461 secs]
2018-03-27T18:16:01.287+0200: 23414.561: [GC pause (G1 Evacuation Pause) (young) 2799M->2519M(6144M), 0.0376207 secs]
2018-03-27T18:16:01.475+0200: 23414.748: [GC pause (G1 Evacuation Pause) (young) 2799M->2519M(6144M), 0.0285793 secs]
2018-03-27T18:16:01.641+0200: 23414.915: [GC pause (G1 Evacuation Pause) (young) 2799M->2522M(6144M), 0.0458785 secs]
2018-03-27T18:16:01.923+0200: 23415.197: [GC pause (G1 Evacuation Pause) (young) 2800M->2519M(6144M), 0.0306729 secs]
2018-03-27T18:16:02.240+0200: 23415.513: [GC pause (G1 Evacuation Pause) (young) 2799M->2520M(6144M), 0.0235940 secs]
2018-03-27T18:16:02.420+0200: 23415.694: [GC pause (G1 Evacuation Pause) (young) 2800M->2520M(6144M), 0.0372596 secs]
2018-03-27T18:16:02.618+0200: 23415.892: [GC pause (G1 Evacuation Pause) (young) 2800M->2526M(6144M), 0.0293570 secs]
2018-03-27T18:16:05.041+0200: 23418.315: [GC pause (G1 Evacuation Pause) (young) 5484M->2526M(6144M), 0.0363096 secs]
2018-03-27T18:16:07.092+0200: 23420.366: [GC pause (GCLocker Initiated GC) (young) 5490M->2537M(6144M), 0.0292163 secs]
2018-03-27T18:16:09.451+0200: 23422.725: [GC pause (GCLocker Initiated GC) (young) 5515M->2541M(6144M), 0.0436878 secs]
2018-03-27T18:16:11.714+0200: 23424.988: [GC pause (G1 Evacuation Pause) (young) 5489M->2546M(6144M), 0.0329586 secs]
2018-03-27T18:16:14.120+0200: 23427.394: [GC pause (GCLocker Initiated GC) (young) 5489M->2552M(6144M), 0.0381036 secs]
2018-03-27T18:16:16.854+0200: 23430.128: [GC pause (G1 Evacuation Pause) (young) 5480M->2554M(6144M), 0.0313714 secs]
2018-03-27T18:16:19.421+0200: 23432.694: [GC pause (G1 Evacuation Pause) (young) 5478M->2558M(6144M), 0.0356065 secs]
2018-03-27T18:16:22.001+0200: 23435.274: [GC pause (G1 Evacuation Pause) (young) 5481M->2561M(6144M), 0.0444901 secs]
2018-03-27T18:16:24.195+0200: 23437.469: [GC pause (G1 Evacuation Pause) (young) 5471M->2562M(6144M), 0.0568317 secs]
2018-03-27T18:16:26.346+0200: 23439.620: [GC pause (GCLocker Initiated GC) (young) 5487M->2565M(6144M), 0.0435969 secs]
2018-03-27T18:16:28.633+0200: 23441.906: [GC pause (G1 Evacuation Pause) (young) 5469M->2565M(6144M), 0.0445396 secs]
2018-03-27T18:16:31.001+0200: 23444.275: [GC pause (G1 Evacuation Pause) (young) 5469M->2571M(6144M), 0.0408434 secs]
2018-03-27T18:16:33.245+0200: 23446.519: [GC pause (G1 Evacuation Pause) (young) 5463M->2571M(6144M), 0.0555851 secs]
2018-03-27T18:16:35.943+0200: 23449.217: [GC pause (G1 Evacuation Pause) (young) 5463M->2572M(6144M), 0.0473790 secs]
2018-03-27T18:16:38.600+0200: 23451.874: [GC pause (G1 Evacuation Pause) (young) 5464M->2573M(6144M), 0.0450783 secs]
2018-03-27T18:16:41.189+0200: 23454.462: [GC pause (G1 Evacuation Pause) (young) 5461M->2575M(6144M), 0.0409027 secs]
2018-03-27T18:16:43.459+0200: 23456.732: [GC pause (G1 Evacuation Pause) (young) 5461M->2578M(6144M), 0.0540809 secs]
2018-03-27T18:16:45.986+0200: 23459.260: [GC pause (G1 Evacuation Pause) (young) 5462M->2580M(6144M), 0.0496378 secs]
2018-03-27T18:16:48.330+0200: 23461.604: [GC pause (G1 Evacuation Pause) (young) 5462M->2585M(6144M), 0.0399517 secs]
2018-03-27T18:16:50.967+0200: 23464.241: [GC pause (G1 Evacuation Pause) (young) 5457M->2584M(6144M), 0.0621106 secs]
2018-03-27T18:16:53.400+0200: 23466.674: [GC pause (G1 Evacuation Pause) (young) 5462M->2587M(6144M), 0.0408620 secs]
2018-03-27T18:16:55.653+0200: 23468.926: [GC pause (GCLocker Initiated GC) (young) 5461M->2585M(6144M), 0.0406005 secs]
2018-03-27T18:16:58.806+0200: 23472.080: [GC pause (G1 Evacuation Pause) (young) 5463M->2591M(6144M), 0.0404247 secs]
2018-03-27T18:17:01.518+0200: 23474.792: [GC pause (GCLocker Initiated GC) (young) 5459M->2590M(6144M), 0.0407745 secs]
2018-03-27T18:17:03.385+0200: 23476.659: [GC pause (G1 Evacuation Pause) (young) 5460M->2592M(6144M), 0.0393278 secs]
2018-03-27T18:17:05.211+0200: 23478.485: [GC pause (G1 Evacuation Pause) (young) 5462M->2594M(6144M), 0.0423753 secs]
2018-03-27T18:17:07.735+0200: 23481.009: [GC pause (G1 Evacuation Pause) (young) 5460M->2599M(6144M), 0.0373699 secs]
2018-03-27T18:17:10.418+0200: 23483.692: [GC pause (G1 Evacuation Pause) (young) 5459M->2598M(6144M), 0.0464821 secs]
2018-03-27T18:17:12.914+0200: 23486.188: [GC pause (G1 Evacuation Pause) (young) 5460M->2600M(6144M), 0.0424268 secs]
2018-03-27T18:17:15.019+0200: 23488.292: [GC pause (G1 Evacuation Pause) (young) 5462M->2603M(6144M), 0.0435598 secs]
2018-03-27T18:17:17.700+0200: 23490.974: [GC pause (GCLocker Initiated GC) (young) 5464M->2606M(6144M), 0.0516237 secs]
2018-03-27T18:17:20.451+0200: 23493.725: [GC pause (G1 Evacuation Pause) (young) 5462M->2606M(6144M), 0.0632619 secs]
2018-03-27T18:17:22.802+0200: 23496.075: [GC pause (G1 Evacuation Pause) (young) 5462M->2607M(6144M), 0.0394843 secs]
2018-03-27T18:17:25.302+0200: 23498.576: [GC pause (G1 Evacuation Pause) (young) 5465M->2608M(6144M), 0.0678748 secs]
2018-03-27T18:17:28.019+0200: 23501.292: [GC pause (G1 Evacuation Pause) (young) 5468M->2613M(6144M), 0.0574126 secs]
2018-03-27T18:17:30.726+0200: 23504.000: [GC pause (G1 Evacuation Pause) (young) 5465M->2614M(6144M), 0.0697208 secs]
2018-03-27T18:17:33.514+0200: 23506.788: [GC pause (G1 Evacuation Pause) (young) 5466M->2618M(6144M), 0.0379454 secs]
2018-03-27T18:17:36.113+0200: 23509.387: [GC pause (G1 Evacuation Pause) (young) 5462M->2620M(6144M), 0.0426510 secs]
2018-03-27T18:17:38.750+0200: 23512.024: [GC pause (G1 Evacuation Pause) (young) 5464M->2620M(6144M), 0.0377377 secs]
2018-03-27T18:17:40.776+0200: 23514.050: [GC pause (G1 Evacuation Pause) (young) 5466M->2621M(6144M), 0.0391391 secs]
2018-03-27T18:17:42.616+0200: 23515.890: [GC pause (G1 Evacuation Pause) (young) 5465M->2626M(6144M), 0.0430598 secs]
2018-03-27T18:17:44.388+0200: 23517.662: [GC pause (G1 Evacuation Pause) (young) 5464M->2625M(6144M), 0.0395503 secs]
2018-03-27T18:17:47.647+0200: 23520.921: [GC pause (G1 Evacuation Pause) (young) 5465M->2628M(6144M), 0.0396122 secs]
2018-03-27T18:17:50.064+0200: 23523.338: [GC pause (G1 Evacuation Pause) (young) 5462M->2629M(6144M), 0.0390359 secs]
2018-03-27T18:17:52.489+0200: 23525.763: [GC pause (G1 Evacuation Pause) (young) 5467M->2631M(6144M), 0.0408836 secs]
2018-03-27T18:17:55.237+0200: 23528.510: [GC pause (G1 Evacuation Pause) (young) 5467M->2632M(6144M), 0.0558115 secs]
2018-03-27T18:17:57.406+0200: 23530.679: [GC pause (GCLocker Initiated GC) (young) 5472M->2634M(6144M), 0.0461754 secs]
2018-03-27T18:17:59.401+0200: 23532.675: [GC pause (GCLocker Initiated GC) (young) 5468M->2640M(6144M), 0.0419943 secs]
2018-03-27T18:18:02.046+0200: 23535.319: [GC pause (GCLocker Initiated GC) (young) 5476M->2639M(6144M), 0.0473061 secs]
2018-03-27T18:18:04.361+0200: 23537.635: [GC pause (GCLocker Initiated GC) (young) 5463M->2638M(6144M), 0.0462007 secs]
2018-03-27T18:18:06.460+0200: 23539.734: [GC pause (G1 Evacuation Pause) (young) 5468M->2642M(6144M), 0.0467739 secs]
2018-03-27T18:18:08.207+0200: 23541.480: [GC pause (G1 Evacuation Pause) (young) 5466M->2646M(6144M), 0.0551224 secs]
2018-03-27T18:18:10.826+0200: 23544.100: [GC pause (G1 Evacuation Pause) (young) 5464M->2647M(6144M), 0.0528016 secs]
2018-03-27T18:18:13.080+0200: 23546.353: [GC pause (G1 Evacuation Pause) (young) 5463M->2650M(6144M), 0.0411882 secs]
2018-03-27T18:18:15.230+0200: 23548.504: [GC pause (G1 Evacuation Pause) (young) 5464M->2652M(6144M), 0.0425839 secs]
2018-03-27T18:18:17.362+0200: 23550.636: [GC pause (G1 Evacuation Pause) (young) 5464M->2653M(6144M), 0.0389678 secs]
2018-03-27T18:18:19.966+0200: 23553.239: [GC pause (G1 Evacuation Pause) (young) 5467M->2659M(6144M), 0.0755654 secs]
2018-03-27T18:18:21.893+0200: 23555.166: [GC pause (G1 Evacuation Pause) (young) 5463M->2658M(6144M), 0.0402483 secs]
2018-03-27T18:18:25.083+0200: 23558.357: [GC pause (G1 Evacuation Pause) (young) 5464M->2661M(6144M), 0.0498907 secs]
2018-03-27T18:18:27.274+0200: 23560.548: [GC pause (G1 Evacuation Pause) (young) 5461M->2662M(6144M), 0.0610077 secs]
2018-03-27T18:18:29.788+0200: 23563.062: [GC pause (G1 Evacuation Pause) (young) 5464M->2661M(6144M), 0.0521795 secs]
2018-03-27T18:18:32.202+0200: 23565.476: [GC pause (G1 Evacuation Pause) (young) 5465M->2665M(6144M), 0.0635598 secs]
2018-03-27T18:18:34.666+0200: 23567.940: [GC pause (G1 Evacuation Pause) (young) 5467M->2665M(6144M), 0.0470398 secs]
2018-03-27T18:18:37.210+0200: 23570.484: [GC pause (G1 Evacuation Pause) (young) 5465M->2667M(6144M), 0.0381157 secs]
2018-03-27T18:18:39.726+0200: 23573.000: [GC pause (G1 Evacuation Pause) (young) 5469M->2671M(6144M), 0.0370431 secs]
2018-03-27T18:18:42.078+0200: 23575.352: [GC pause (G1 Evacuation Pause) (young) 5467M->2672M(6144M), 0.0379018 secs]
2018-03-27T18:18:44.872+0200: 23578.145: [GC pause (G1 Evacuation Pause) (young) 5466M->2675M(6144M), 0.0386362 secs]
2018-03-27T18:18:46.758+0200: 23580.031: [GC pause (G1 Evacuation Pause) (young) 5467M->2674M(6144M), 0.0408223 secs]
2018-03-27T18:18:49.005+0200: 23582.279: [GC pause (G1 Evacuation Pause) (young) 5466M->2680M(6144M), 0.0420698 secs]
2018-03-27T18:18:51.168+0200: 23584.442: [GC pause (G1 Evacuation Pause) (young) 5462M->2682M(6144M), 0.0416247 secs]
2018-03-27T18:18:53.892+0200: 23587.166: [GC pause (G1 Evacuation Pause) (young) 5466M->2683M(6144M), 0.0382535 secs]
2018-03-27T18:18:56.903+0200: 23590.177: [GC pause (G1 Evacuation Pause) (young) 5465M->2686M(6144M), 0.0442204 secs]
2018-03-27T18:18:59.083+0200: 23592.356: [GC pause (G1 Evacuation Pause) (young) 5466M->2687M(6144M), 0.0377517 secs]
2018-03-27T18:19:01.799+0200: 23595.073: [GC pause (G1 Evacuation Pause) (young) 5469M->2693M(6144M), 0.0572548 secs]
2018-03-27T18:19:04.883+0200: 23598.157: [GC pause (GCLocker Initiated GC) (young) 5477M->2692M(6144M), 0.0543927 secs]
2018-03-27T18:19:07.194+0200: 23600.467: [GC pause (G1 Evacuation Pause) (young) 5466M->2695M(6144M), 0.0567542 secs]
2018-03-27T18:19:10.201+0200: 23603.475: [GC pause (G1 Evacuation Pause) (young) 5463M->2698M(6144M), 0.0402528 secs]
2018-03-27T18:19:12.470+0200: 23605.743: [GC pause (G1 Evacuation Pause) (young) 5464M->2699M(6144M), 0.0393913 secs]
2018-03-27T18:19:14.265+0200: 23607.539: [GC pause (G1 Evacuation Pause) (young) 5463M->2700M(6144M), 0.0430099 secs]
2018-03-27T18:19:17.139+0200: 23610.413: [GC pause (GCLocker Initiated GC) (young) 5465M->2702M(6144M), 0.0382474 secs]
2018-03-27T18:19:19.258+0200: 23612.531: [GC pause (G1 Evacuation Pause) (young) 5464M->2703M(6144M), 0.0389394 secs]
2018-03-27T18:19:21.619+0200: 23614.892: [GC pause (G1 Evacuation Pause) (young) 5467M->2706M(6144M), 0.0421443 secs]
2018-03-27T18:19:24.270+0200: 23617.544: [GC pause (G1 Evacuation Pause) (young) 5462M->2707M(6144M), 0.0412634 secs]
2018-03-27T18:19:27.092+0200: 23620.366: [GC pause (GCLocker Initiated GC) (young) 5489M->2711M(6144M), 0.0415323 secs]
2018-03-27T18:19:29.521+0200: 23622.795: [GC pause (G1 Evacuation Pause) (young) 5463M->2714M(6144M), 0.0448523 secs]
2018-03-27T18:19:32.162+0200: 23625.436: [GC pause (G1 Evacuation Pause) (young) 5464M->2717M(6144M), 0.0416268 secs]
2018-03-27T18:19:33.954+0200: 23627.228: [GC pause (G1 Evacuation Pause) (young) 5461M->2715M(6144M), 0.0398573 secs]
2018-03-27T18:19:36.270+0200: 23629.544: [GC pause (G1 Evacuation Pause) (young) 5465M->2718M(6144M), 0.0489830 secs]
2018-03-27T18:19:38.824+0200: 23632.098: [GC pause (G1 Evacuation Pause) (young) 5466M->2722M(6144M), 0.0516242 secs]
2018-03-27T18:19:41.018+0200: 23634.291: [GC pause (GCLocker Initiated GC) (young) 5466M->2726M(6144M), 0.0382464 secs]
2018-03-27T18:19:43.943+0200: 23637.217: [GC pause (G1 Evacuation Pause) (young) 5462M->2729M(6144M), 0.0406875 secs]
2018-03-27T18:19:46.435+0200: 23639.708: [GC pause (G1 Evacuation Pause) (young) 5459M->2726M(6144M), 0.0384806 secs]
2018-03-27T18:19:49.245+0200: 23642.518: [GC pause (G1 Evacuation Pause) (young) 5466M->2729M(6144M), 0.0379406 secs]
2018-03-27T18:19:51.797+0200: 23645.071: [GC pause (G1 Evacuation Pause) (young) 5463M->2733M(6144M), 0.0511452 secs]
2018-03-27T18:19:54.099+0200: 23647.373: [GC pause (G1 Evacuation Pause) (young) 5461M->2732M(6144M), 0.0367602 secs]
2018-03-27T18:19:56.766+0200: 23650.040: [GC pause (GCLocker Initiated GC) (young) 5464M->2735M(6144M), 0.0436823 secs]
2018-03-27T18:20:00.015+0200: 23653.289: [GC pause (G1 Evacuation Pause) (young) 5465M->2738M(6144M), 0.0410368 secs]
2018-03-27T18:20:02.678+0200: 23655.952: [GC pause (GCLocker Initiated GC) (young) 5463M->2738M(6144M), 0.0438838 secs]
2018-03-27T18:20:05.368+0200: 23658.642: [GC pause (G1 Evacuation Pause) (young) 5464M->2738M(6144M), 0.0406077 secs]
2018-03-27T18:20:07.391+0200: 23660.665: [GC pause (GCLocker Initiated GC) (young) 5473M->2741M(6144M), 0.0371497 secs]
2018-03-27T18:20:10.456+0200: 23663.730: [GC pause (G1 Evacuation Pause) (young) 5465M->2747M(6144M), 0.0581495 secs]
2018-03-27T18:20:12.754+0200: 23666.028: [GC pause (G1 Evacuation Pause) (young) 5461M->2748M(6144M), 0.0440690 secs]
2018-03-27T18:20:15.021+0200: 23668.295: [GC pause (G1 Evacuation Pause) (young) 5464M->2748M(6144M), 0.0684011 secs]
2018-03-27T18:20:17.702+0200: 23670.976: [GC pause (G1 Evacuation Pause) (young) 5466M->2752M(6144M), 0.0431231 secs]
2018-03-27T18:20:20.510+0200: 23673.784: [GC pause (G1 Evacuation Pause) (young) 5464M->2753M(6144M), 0.0408675 secs]
2018-03-27T18:20:22.323+0200: 23675.597: [GC pause (G1 Evacuation Pause) (young) 5463M->2756M(6144M), 0.0582896 secs]
2018-03-27T18:20:24.327+0200: 23677.601: [GC pause (G1 Evacuation Pause) (young) 5464M->2758M(6144M), 0.0389150 secs]
2018-03-27T18:20:26.888+0200: 23680.162: [GC pause (G1 Evacuation Pause) (young) 5464M->2757M(6144M), 0.0397540 secs]
2018-03-27T18:20:28.800+0200: 23682.073: [GC pause (G1 Evacuation Pause) (young) 5465M->2760M(6144M), 0.0382164 secs]
2018-03-27T18:20:30.671+0200: 23683.945: [GC pause (G1 Evacuation Pause) (young) 5462M->2762M(6144M), 0.0470086 secs]
2018-03-27T18:20:33.172+0200: 23686.446: [GC pause (G1 Evacuation Pause) (young) 5462M->2766M(6144M), 0.0753265 secs]
2018-03-27T18:20:35.338+0200: 23688.612: [GC pause (G1 Evacuation Pause) (young) 5464M->2768M(6144M), 0.0704878 secs]
2018-03-27T18:20:37.399+0200: 23690.672: [GC pause (G1 Evacuation Pause) (young) 5460M->2772M(6144M), 0.0628154 secs]
2018-03-27T18:20:39.530+0200: 23692.803: [GC pause (G1 Evacuation Pause) (young) 5462M->2771M(6144M), 0.0364530 secs]
2018-03-27T18:20:41.965+0200: 23695.239: [GC pause (G1 Evacuation Pause) (young) 5463M->2773M(6144M), 0.0468549 secs]
2018-03-27T18:20:44.770+0200: 23698.043: [GC pause (G1 Evacuation Pause) (young) 5463M->2775M(6144M), 0.0455271 secs]
2018-03-27T18:20:46.733+0200: 23700.006: [GC pause (G1 Evacuation Pause) (young) 5463M->2776M(6144M), 0.0381882 secs]
2018-03-27T18:20:49.519+0200: 23702.792: [GC pause (G1 Evacuation Pause) (young) 5466M->2779M(6144M), 0.0379631 secs]
2018-03-27T18:20:51.917+0200: 23705.191: [GC pause (G1 Evacuation Pause) (young) 5463M->2781M(6144M), 0.0389573 secs]
2018-03-27T18:20:54.300+0200: 23707.574: [GC pause (G1 Evacuation Pause) (young) 5467M->2783M(6144M), 0.0355799 secs]
2018-03-27T18:20:56.870+0200: 23710.144: [GC pause (G1 Evacuation Pause) (young) 5465M->2784M(6144M), 0.0371266 secs]
2018-03-27T18:20:59.888+0200: 23713.162: [GC pause (G1 Evacuation Pause) (young) 5464M->2789M(6144M), 0.0377075 secs]
2018-03-27T18:21:02.431+0200: 23715.705: [GC pause (G1 Evacuation Pause) (young) 5465M->2790M(6144M), 0.0411886 secs]
2018-03-27T18:21:04.670+0200: 23717.944: [GC pause (G1 Evacuation Pause) (young) 5466M->2790M(6144M), 0.0389624 secs]
2018-03-27T18:21:06.642+0200: 23719.915: [GC pause (GCLocker Initiated GC) (young) 5469M->2794M(6144M), 0.0432084 secs]
2018-03-27T18:21:09.055+0200: 23722.329: [GC pause (G1 Evacuation Pause) (young) 5466M->2793M(6144M), 0.0366159 secs]
2018-03-27T18:21:11.160+0200: 23724.434: [GC pause (G1 Evacuation Pause) (young) 5471M->2797M(6144M), 0.0428162 secs]
2018-03-27T18:21:13.498+0200: 23726.771: [GC pause (G1 Evacuation Pause) (young) 5469M->2800M(6144M), 0.0482571 secs]
2018-03-27T18:21:15.652+0200: 23728.926: [GC pause (G1 Evacuation Pause) (young) 5466M->2800M(6144M), 0.0387306 secs]
2018-03-27T18:21:17.424+0200: 23730.698: [GC pause (G1 Evacuation Pause) (young) 5470M->2805M(6144M), 0.0375153 secs]
2018-03-27T18:21:20.679+0200: 23733.953: [GC pause (G1 Evacuation Pause) (young) 5465M->2808M(6144M), 0.0666352 secs]
2018-03-27T18:21:22.601+0200: 23735.875: [GC pause (G1 Evacuation Pause) (young) 5466M->2812M(6144M), 0.0455944 secs]
2018-03-27T18:21:25.422+0200: 23738.696: [GC pause (G1 Evacuation Pause) (young) 5464M->2813M(6144M), 0.0422516 secs]
2018-03-27T18:21:27.669+0200: 23740.943: [GC pause (G1 Evacuation Pause) (young) 5463M->2813M(6144M), 0.0373226 secs]
2018-03-27T18:21:29.767+0200: 23743.040: [GC pause (G1 Evacuation Pause) (young) 5465M->2817M(6144M), 0.0444828 secs]
2018-03-27T18:21:32.292+0200: 23745.566: [GC pause (G1 Evacuation Pause) (young) 5463M->2821M(6144M), 0.0501217 secs]
2018-03-27T18:21:34.364+0200: 23747.638: [GC pause (G1 Evacuation Pause) (young) 5461M->2821M(6144M), 0.0569664 secs]
2018-03-27T18:21:36.688+0200: 23749.962: [GC pause (G1 Evacuation Pause) (young) (initial-mark) 5463M->2823M(6144M), 0.0467066 secs]
2018-03-27T18:21:36.735+0200: 23750.008: [GC concurrent-root-region-scan-start]
2018-03-27T18:21:36.764+0200: 23750.038: [GC concurrent-root-region-scan-end, 0.0291438 secs]
2018-03-27T18:21:36.764+0200: 23750.038: [GC concurrent-mark-start]
2018-03-27T18:21:38.898+0200: 23752.172: [GC pause (G1 Evacuation Pause) (young) 5463M->2826M(6144M), 0.0595137 secs]
2018-03-27T18:21:40.304+0200: 23753.578: [GC concurrent-mark-end, 3.5405249 secs]
2018-03-27T18:21:40.308+0200: 23753.582: [GC remark, 0.3318784 secs]
2018-03-27T18:21:40.645+0200: 23753.919: [GC cleanup 4790M->4790M(6144M), 0.0263510 secs]
2018-03-27T18:21:41.069+0200: 23754.343: [GC pause (G1 Evacuation Pause) (young) 5460M->2827M(6144M), 0.0539804 secs]
2018-03-27T18:21:41.330+0200: 23754.604: [GC pause (G1 Evacuation Pause) (mixed) 3073M->2505M(6144M), 0.2360790 secs]
2018-03-27T18:21:41.692+0200: 23754.966: [GC pause (G1 Evacuation Pause) (young) 2785M->2507M(6144M), 0.0906074 secs]
2018-03-27T18:21:41.889+0200: 23755.163: [GC pause (G1 Evacuation Pause) (young) 2785M->2506M(6144M), 0.0255552 secs]
2018-03-27T18:21:42.019+0200: 23755.292: [GC pause (GCLocker Initiated GC) (young) 2802M->2508M(6144M), 0.0253861 secs]
2018-03-27T18:21:42.171+0200: 23755.444: [GC pause (G1 Evacuation Pause) (young) 2786M->2510M(6144M), 0.0276742 secs]
2018-03-27T18:21:42.349+0200: 23755.623: [GC pause (G1 Evacuation Pause) (young) 2792M->2511M(6144M), 0.0230180 secs]
2018-03-27T18:21:42.613+0200: 23755.886: [GC pause (G1 Evacuation Pause) (young) 2791M->2508M(6144M), 0.0246245 secs]
2018-03-27T18:21:42.902+0200: 23756.175: [GC pause (GCLocker Initiated GC) (young) 2793M->2511M(6144M), 0.0244241 secs]
2018-03-27T18:21:43.140+0200: 23756.414: [GC pause (G1 Evacuation Pause) (young) 2791M->2509M(6144M), 0.0422549 secs]
2018-03-27T18:21:43.369+0200: 23756.643: [GC pause (G1 Evacuation Pause) (young) 2791M->2511M(6144M), 0.0245699 secs]
2018-03-27T18:21:43.657+0200: 23756.931: [GC pause (G1 Evacuation Pause) (young) 2791M->2512M(6144M), 0.0291961 secs]
2018-03-27T18:21:43.926+0200: 23757.200: [GC pause (G1 Evacuation Pause) (young) 2792M->2512M(6144M), 0.0238454 secs]
2018-03-27T18:21:44.164+0200: 23757.438: [GC pause (G1 Evacuation Pause) (young) 2792M->2513M(6144M), 0.0229691 secs]
2018-03-27T18:21:44.455+0200: 23757.728: [GC pause (G1 Evacuation Pause) (young) 2791M->2513M(6144M), 0.0300336 secs]
2018-03-27T18:21:46.905+0200: 23760.179: [GC pause (G1 Evacuation Pause) (young) 5461M->2522M(6144M), 0.0394212 secs]
2018-03-27T18:21:49.265+0200: 23762.539: [GC pause (G1 Evacuation Pause) (young) 5468M->2526M(6144M), 0.0333964 secs]
2018-03-27T18:21:51.460+0200: 23764.734: [GC pause (G1 Evacuation Pause) (young) 5480M->2531M(6144M), 0.0412534 secs]
2018-03-27T18:21:53.690+0200: 23766.963: [GC pause (G1 Evacuation Pause) (young) 5487M->2536M(6144M), 0.0318806 secs]
2018-03-27T18:21:56.192+0200: 23769.466: [GC pause (G1 Evacuation Pause) (young) 5488M->2540M(6144M), 0.0327232 secs]
2018-03-27T18:21:58.525+0200: 23771.799: [GC pause (G1 Evacuation Pause) (young) 5484M->2545M(6144M), 0.0510038 secs]
2018-03-27T18:22:01.581+0200: 23774.854: [GC pause (G1 Evacuation Pause) (young) 5477M->2547M(6144M), 0.0378005 secs]
2018-03-27T18:22:03.719+0200: 23776.993: [GC pause (G1 Evacuation Pause) (young) 5479M->2550M(6144M), 0.0526143 secs]
2018-03-27T18:22:06.977+0200: 23780.251: [GC pause (G1 Evacuation Pause) (young) 5472M->2552M(6144M), 0.0573958 secs]
2018-03-27T18:22:09.583+0200: 23782.856: [GC pause (G1 Evacuation Pause) (young) 5474M->2558M(6144M), 0.0473793 secs]
2018-03-27T18:22:11.773+0200: 23785.047: [GC pause (GCLocker Initiated GC) (young) 5498M->2560M(6144M), 0.0489784 secs]
2018-03-27T18:22:14.128+0200: 23787.402: [GC pause (G1 Evacuation Pause) (young) 5466M->2561M(6144M), 0.0355675 secs]
2018-03-27T18:22:16.885+0200: 23790.159: [GC pause (G1 Evacuation Pause) (young) 5465M->2564M(6144M), 0.0361197 secs]
2018-03-27T18:22:19.558+0200: 23792.832: [GC pause (G1 Evacuation Pause) (young) 5460M->2564M(6144M), 0.0335161 secs]
2018-03-27T18:22:21.401+0200: 23794.675: [GC pause (GCLocker Initiated GC) (young) 5470M->2568M(6144M), 0.0368040 secs]
2018-03-27T18:22:24.177+0200: 23797.451: [GC pause (G1 Evacuation Pause) (young) 5460M->2573M(6144M), 0.0413012 secs]
2018-03-27T18:22:26.339+0200: 23799.613: [GC pause (G1 Evacuation Pause) (young) 5455M->2571M(6144M), 0.0581082 secs]
2018-03-27T18:22:28.802+0200: 23802.075: [GC pause (G1 Evacuation Pause) (young) 5459M->2572M(6144M), 0.0425063 secs]
2018-03-27T18:22:31.758+0200: 23805.032: [GC pause (GCLocker Initiated GC) (young) 5472M->2575M(6144M), 0.0456710 secs]
2018-03-27T18:22:33.971+0200: 23807.245: [GC pause (G1 Evacuation Pause) (young) 5459M->2580M(6144M), 0.0403798 secs]
2018-03-27T18:22:36.910+0200: 23810.184: [GC pause (G1 Evacuation Pause) (young) 5454M->2577M(6144M), 0.0465808 secs]
2018-03-27T18:22:39.964+0200: 23813.237: [GC pause (G1 Evacuation Pause) (young) 5461M->2580M(6144M), 0.0389503 secs]
2018-03-27T18:22:42.237+0200: 23815.511: [GC pause (GCLocker Initiated GC) (young) 5463M->2584M(6144M), 0.0400059 secs]
2018-03-27T18:22:44.848+0200: 23818.122: [GC pause (G1 Evacuation Pause) (young) 5460M->2585M(6144M), 0.0382256 secs]
2018-03-27T18:22:47.799+0200: 23821.072: [GC pause (GCLocker Initiated GC) (young) 5461M->2586M(6144M), 0.0557888 secs]
2018-03-27T18:22:50.362+0200: 23823.635: [GC pause (G1 Evacuation Pause) (young) 5462M->2590M(6144M), 0.0432489 secs]
2018-03-27T18:22:53.342+0200: 23826.616: [GC pause (G1 Evacuation Pause) (young) 5460M->2587M(6144M), 0.0340342 secs]
2018-03-27T18:22:56.513+0200: 23829.787: [GC pause (G1 Evacuation Pause) (young) 5465M->2592M(6144M), 0.0374281 secs]
2018-03-27T18:22:59.046+0200: 23832.320: [GC pause (G1 Evacuation Pause) (young) 5464M->2593M(6144M), 0.0369834 secs]
2018-03-27T18:23:02.016+0200: 23835.290: [GC pause (G1 Evacuation Pause) (young) 5465M->2593M(6144M), 0.0513317 secs]
2018-03-27T18:23:04.311+0200: 23837.585: [GC pause (G1 Evacuation Pause) (young) 5467M->2596M(6144M), 0.0432478 secs]
2018-03-27T18:23:07.056+0200: 23840.330: [GC pause (G1 Evacuation Pause) (young) 5468M->2599M(6144M), 0.0369070 secs]
2018-03-27T18:23:09.751+0200: 23843.025: [GC pause (G1 Evacuation Pause) (young) 5465M->2602M(6144M), 0.0389973 secs]
2018-03-27T18:23:12.294+0200: 23845.568: [GC pause (G1 Evacuation Pause) (young) 5466M->2604M(6144M), 0.0431175 secs]
2018-03-27T18:23:14.858+0200: 23848.132: [GC pause (G1 Evacuation Pause) (young) 5466M->2607M(6144M), 0.0415807 secs]
2018-03-27T18:23:17.538+0200: 23850.811: [GC pause (GCLocker Initiated GC) (young) 5465M->2607M(6144M), 0.0394992 secs]
2018-03-27T18:23:19.579+0200: 23852.852: [GC pause (G1 Evacuation Pause) (young) 5465M->2609M(6144M), 0.0359035 secs]
2018-03-27T18:23:22.188+0200: 23855.462: [GC pause (G1 Evacuation Pause) (young) 5465M->2612M(6144M), 0.0589454 secs]
2018-03-27T18:23:25.130+0200: 23858.404: [GC pause (G1 Evacuation Pause) (young) 5466M->2614M(6144M), 0.0396116 secs]
2018-03-27T18:23:27.897+0200: 23861.170: [GC pause (G1 Evacuation Pause) (young) 5466M->2616M(6144M), 0.0460027 secs]
2018-03-27T18:23:30.821+0200: 23864.095: [GC pause (G1 Evacuation Pause) (young) 5466M->2620M(6144M), 0.0514615 secs]
2018-03-27T18:23:33.462+0200: 23866.735: [GC pause (G1 Evacuation Pause) (young) 5460M->2621M(6144M), 0.0398248 secs]
2018-03-27T18:23:36.404+0200: 23869.678: [GC pause (GCLocker Initiated GC) (young) 5465M->2623M(6144M), 0.0628535 secs]
2018-03-27T18:23:39.123+0200: 23872.397: [GC pause (G1 Evacuation Pause) (young) 5465M->2625M(6144M), 0.0362089 secs]
2018-03-27T18:23:41.762+0200: 23875.036: [GC pause (G1 Evacuation Pause) (young) 5465M->2627M(6144M), 0.0629264 secs]
2018-03-27T18:23:44.536+0200: 23877.810: [GC pause (GCLocker Initiated GC) (young) 5476M->2629M(6144M), 0.0396094 secs]
2018-03-27T18:23:46.808+0200: 23880.082: [GC pause (G1 Evacuation Pause) (young) 5465M->2629M(6144M), 0.0406460 secs]
2018-03-27T18:23:48.974+0200: 23882.247: [GC pause (G1 Evacuation Pause) (young) 5467M->2633M(6144M), 0.0427961 secs]
2018-03-27T18:23:51.699+0200: 23884.972: [GC pause (G1 Evacuation Pause) (young) 5463M->2635M(6144M), 0.0385877 secs]
2018-03-27T18:23:54.067+0200: 23887.340: [GC pause (G1 Evacuation Pause) (young) 5463M->2636M(6144M), 0.0374557 secs]
2018-03-27T18:23:56.819+0200: 23890.092: [GC pause (G1 Evacuation Pause) (young) 5466M->2639M(6144M), 0.0435935 secs]
2018-03-27T18:23:59.627+0200: 23892.900: [GC pause (GCLocker Initiated GC) (young) 5467M->2641M(6144M), 0.0393099 secs]
2018-03-27T18:24:02.438+0200: 23895.711: [GC pause (G1 Evacuation Pause) (young) 5463M->2644M(6144M), 0.0517882 secs]
2018-03-27T18:24:05.354+0200: 23898.627: [GC pause (G1 Evacuation Pause) (young) 5464M->2644M(6144M), 0.0363851 secs]
2018-03-27T18:24:07.839+0200: 23901.112: [GC pause (G1 Evacuation Pause) (young) 5462M->2648M(6144M), 0.0396946 secs]
2018-03-27T18:24:11.406+0200: 23904.680: [GC pause (G1 Evacuation Pause) (young) 5460M->2649M(6144M), 0.0370742 secs]
2018-03-27T18:24:14.001+0200: 23907.275: [GC pause (G1 Evacuation Pause) (young) 5463M->2652M(6144M), 0.0692039 secs]
2018-03-27T18:24:16.162+0200: 23909.436: [GC pause (G1 Evacuation Pause) (young) 5464M->2655M(6144M), 0.0600067 secs]
2018-03-27T18:24:18.858+0200: 23912.132: [GC pause (G1 Evacuation Pause) (young) 5461M->2659M(6144M), 0.0485996 secs]
2018-03-27T18:24:22.148+0200: 23915.421: [GC pause (G1 Evacuation Pause) (young) 5463M->2661M(6144M), 0.0687089 secs]
2018-03-27T18:24:24.662+0200: 23917.936: [GC pause (G1 Evacuation Pause) (young) 5463M->2660M(6144M), 0.0381220 secs]
2018-03-27T18:24:27.158+0200: 23920.432: [GC pause (G1 Evacuation Pause) (young) 5464M->2662M(6144M), 0.0385569 secs]
2018-03-27T18:24:29.671+0200: 23922.945: [GC pause (G1 Evacuation Pause) (young) 5464M->2666M(6144M), 0.0369777 secs]
2018-03-27T18:24:31.897+0200: 23925.170: [GC pause (G1 Evacuation Pause) (young) 5464M->2668M(6144M), 0.0385588 secs]
2018-03-27T18:24:34.172+0200: 23927.446: [GC pause (G1 Evacuation Pause) (young) 5464M->2672M(6144M), 0.0375489 secs]
2018-03-27T18:24:36.645+0200: 23929.919: [GC pause (G1 Evacuation Pause) (young) 5462M->2672M(6144M), 0.0375888 secs]
2018-03-27T18:24:39.370+0200: 23932.644: [GC pause (G1 Evacuation Pause) (young) 5464M->2670M(6144M), 0.0506234 secs]
2018-03-27T18:24:41.757+0200: 23935.031: [GC pause (G1 Evacuation Pause) (young) 5464M->2674M(6144M), 0.0389370 secs]
2018-03-27T18:24:44.461+0200: 23937.735: [GC pause (GCLocker Initiated GC) (young) 5506M->2674M(6144M), 0.0427727 secs]
2018-03-27T18:24:46.783+0200: 23940.056: [GC pause (GCLocker Initiated GC) (young) 5468M->2680M(6144M), 0.0393583 secs]
2018-03-27T18:24:49.991+0200: 23943.265: [GC pause (G1 Evacuation Pause) (young) 5460M->2682M(6144M), 0.0424293 secs]
2018-03-27T18:24:52.815+0200: 23946.088: [GC pause (G1 Evacuation Pause) (young) 5464M->2682M(6144M), 0.0400508 secs]
2018-03-27T18:24:55.359+0200: 23948.633: [GC pause (G1 Evacuation Pause) (young) 5466M->2687M(6144M), 0.0390237 secs]
2018-03-27T18:24:57.676+0200: 23950.950: [GC pause (G1 Evacuation Pause) (young) 5461M->2687M(6144M), 0.0461706 secs]
2018-03-27T18:25:00.498+0200: 23953.771: [GC pause (G1 Evacuation Pause) (young) 5463M->2690M(6144M), 0.0390661 secs]
2018-03-27T18:25:03.523+0200: 23956.797: [GC pause (G1 Evacuation Pause) (young) 5464M->2694M(6144M), 0.0568975 secs]
2018-03-27T18:25:05.899+0200: 23959.173: [GC pause (G1 Evacuation Pause) (young) 5462M->2692M(6144M), 0.0471140 secs]
2018-03-27T18:25:08.562+0200: 23961.836: [GC pause (G1 Evacuation Pause) (young) 5466M->2694M(6144M), 0.0406463 secs]
2018-03-27T18:25:10.686+0200: 23963.960: [GC pause (G1 Evacuation Pause) (young) 5466M->2697M(6144M), 0.0377772 secs]
2018-03-27T18:25:13.168+0200: 23966.442: [GC pause (G1 Evacuation Pause) (young) 5463M->2697M(6144M), 0.0361202 secs]
2018-03-27T18:25:15.230+0200: 23968.503: [GC pause (G1 Evacuation Pause) (young) 5465M->2703M(6144M), 0.0458722 secs]
2018-03-27T18:25:17.810+0200: 23971.084: [GC pause (G1 Evacuation Pause) (young) 5461M->2704M(6144M), 0.0434072 secs]
2018-03-27T18:25:20.106+0200: 23973.379: [GC pause (GCLocker Initiated GC) (young) 5492M->2707M(6144M), 0.0440842 secs]
2018-03-27T18:25:22.323+0200: 23975.597: [GC pause (G1 Evacuation Pause) (young) 5463M->2712M(6144M), 0.0384125 secs]
2018-03-27T18:25:24.858+0200: 23978.132: [GC pause (G1 Evacuation Pause) (young) 5458M->2707M(6144M), 0.0498081 secs]
2018-03-27T18:25:26.811+0200: 23980.085: [GC pause (G1 Evacuation Pause) (young) 5467M->2712M(6144M), 0.0381779 secs]
2018-03-27T18:25:29.007+0200: 23982.281: [GC pause (G1 Evacuation Pause) (young) 5464M->2714M(6144M), 0.0394402 secs]
2018-03-27T18:25:31.417+0200: 23984.690: [GC pause (G1 Evacuation Pause) (young) 5466M->2719M(6144M), 0.0385319 secs]
2018-03-27T18:25:34.194+0200: 23987.468: [GC pause (G1 Evacuation Pause) (young) 5465M->2722M(6144M), 0.0350662 secs]
2018-03-27T18:25:36.445+0200: 23989.719: [GC pause (G1 Evacuation Pause) (young) 5462M->2721M(6144M), 0.0386486 secs]
2018-03-27T18:25:39.133+0200: 23992.407: [GC pause (G1 Evacuation Pause) (young) 5463M->2721M(6144M), 0.0551950 secs]
2018-03-27T18:25:41.811+0200: 23995.085: [GC pause (G1 Evacuation Pause) (young) 5465M->2725M(6144M), 0.0571294 secs]
2018-03-27T18:25:44.757+0200: 23998.031: [GC pause (G1 Evacuation Pause) (young) 5463M->2728M(6144M), 0.0629245 secs]
2018-03-27T18:25:47.608+0200: 24000.882: [GC pause (G1 Evacuation Pause) (young) 5464M->2729M(6144M), 0.0372511 secs]
2018-03-27T18:25:50.302+0200: 24003.576: [GC pause (GCLocker Initiated GC) (young) 5492M->2730M(6144M), 0.0408776 secs]
2018-03-27T18:25:53.341+0200: 24006.614: [GC pause (G1 Evacuation Pause) (young) 5466M->2733M(6144M), 0.0350604 secs]
2018-03-27T18:25:55.772+0200: 24009.045: [GC pause (G1 Evacuation Pause) (young) 5463M->2734M(6144M), 0.0427106 secs]
2018-03-27T18:25:58.404+0200: 24011.678: [GC pause (G1 Evacuation Pause) (young) 5466M->2735M(6144M), 0.0378724 secs]
2018-03-27T18:26:00.875+0200: 24014.148: [GC pause (G1 Evacuation Pause) (young) 5465M->2737M(6144M), 0.0389319 secs]
2018-03-27T18:26:03.685+0200: 24016.959: [GC pause (G1 Evacuation Pause) (young) 5469M->2739M(6144M), 0.0496925 secs]
2018-03-27T18:26:06.567+0200: 24019.841: [GC pause (G1 Evacuation Pause) (young) 5469M->2743M(6144M), 0.0443251 secs]
2018-03-27T18:26:09.052+0200: 24022.326: [GC pause (G1 Evacuation Pause) (young) 5465M->2744M(6144M), 0.0441622 secs]
2018-03-27T18:26:11.218+0200: 24024.492: [GC pause (GCLocker Initiated GC) (young) 5469M->2744M(6144M), 0.0566422 secs]
2018-03-27T18:26:13.846+0200: 24027.120: [GC pause (G1 Evacuation Pause) (young) 5470M->2748M(6144M), 0.0412117 secs]
2018-03-27T18:26:16.323+0200: 24029.597: [GC pause (GCLocker Initiated GC) (young) 5466M->2751M(6144M), 0.0386546 secs]
2018-03-27T18:26:18.668+0200: 24031.942: [GC pause (G1 Evacuation Pause) (young) 5467M->2749M(6144M), 0.0380600 secs]
2018-03-27T18:26:21.361+0200: 24034.635: [GC pause (G1 Evacuation Pause) (young) 5467M->2754M(6144M), 0.0360091 secs]
2018-03-27T18:26:23.915+0200: 24037.188: [GC pause (G1 Evacuation Pause) (young) 5466M->2755M(6144M), 0.0417297 secs]
2018-03-27T18:26:26.336+0200: 24039.609: [GC pause (G1 Evacuation Pause) (young) 5465M->2758M(6144M), 0.0469695 secs]
2018-03-27T18:26:28.492+0200: 24041.765: [GC pause (GCLocker Initiated GC) (young) 5466M->2759M(6144M), 0.0367713 secs]
2018-03-27T18:26:30.546+0200: 24043.819: [GC pause (G1 Evacuation Pause) (young) 5465M->2761M(6144M), 0.0361613 secs]
2018-03-27T18:26:33.437+0200: 24046.711: [GC pause (G1 Evacuation Pause) (young) 5465M->2761M(6144M), 0.0373230 secs]
2018-03-27T18:26:35.584+0200: 24048.858: [GC pause (G1 Evacuation Pause) (young) 5467M->2764M(6144M), 0.0514180 secs]
2018-03-27T18:26:38.385+0200: 24051.659: [GC pause (G1 Evacuation Pause) (young) 5468M->2765M(6144M), 0.0397738 secs]
2018-03-27T18:26:40.819+0200: 24054.093: [GC pause (G1 Evacuation Pause) (young) 5469M->2769M(6144M), 0.0383927 secs]
2018-03-27T18:26:43.560+0200: 24056.834: [GC pause (GCLocker Initiated GC) (young) 5472M->2769M(6144M), 0.0428002 secs]
2018-03-27T18:26:46.138+0200: 24059.412: [GC pause (G1 Evacuation Pause) (young) 5471M->2770M(6144M), 0.0401745 secs]
2018-03-27T18:26:48.472+0200: 24061.746: [GC pause (GCLocker Initiated GC) (young) 5472M->2777M(6144M), 0.0541872 secs]
2018-03-27T18:26:51.004+0200: 24064.278: [GC pause (G1 Evacuation Pause) (young) 5467M->2777M(6144M), 0.0541762 secs]
2018-03-27T18:26:53.277+0200: 24066.551: [GC pause (G1 Evacuation Pause) (young) 5465M->2780M(6144M), 0.0464363 secs]
2018-03-27T18:26:55.026+0200: 24068.299: [GC pause (G1 Evacuation Pause) (young) 5466M->2778M(6144M), 0.0368810 secs]
2018-03-27T18:26:57.306+0200: 24070.580: [GC pause (G1 Evacuation Pause) (young) 5470M->2783M(6144M), 0.0439658 secs]
2018-03-27T18:26:59.614+0200: 24072.887: [GC pause (G1 Evacuation Pause) (young) 5465M->2781M(6144M), 0.0398167 secs]
2018-03-27T18:27:01.561+0200: 24074.835: [GC pause (G1 Evacuation Pause) (young) 5469M->2787M(6144M), 0.0363215 secs]
2018-03-27T18:27:03.559+0200: 24076.832: [GC pause (GCLocker Initiated GC) (young) 5474M->2790M(6144M), 0.0381398 secs]
2018-03-27T18:27:05.968+0200: 24079.242: [GC pause (G1 Evacuation Pause) (young) 5466M->2791M(6144M), 0.0449511 secs]
2018-03-27T18:27:08.023+0200: 24081.297: [GC pause (G1 Evacuation Pause) (young) 5465M->2790M(6144M), 0.0375118 secs]
2018-03-27T18:27:09.622+0200: 24082.896: [GC pause (G1 Evacuation Pause) (young) 5466M->2795M(6144M), 0.0403173 secs]
2018-03-27T18:27:12.186+0200: 24085.460: [GC pause (G1 Evacuation Pause) (young) 5465M->2796M(6144M), 0.0519751 secs]
2018-03-27T18:27:14.674+0200: 24087.948: [GC pause (G1 Evacuation Pause) (young) 5468M->2799M(6144M), 0.0365764 secs]
2018-03-27T18:27:16.809+0200: 24090.083: [GC pause (GCLocker Initiated GC) (young) 5466M->2799M(6144M), 0.0434530 secs]
2018-03-27T18:27:19.201+0200: 24092.474: [GC pause (G1 Evacuation Pause) (young) 5467M->2803M(6144M), 0.0401956 secs]
2018-03-27T18:27:21.715+0200: 24094.988: [GC pause (G1 Evacuation Pause) (young) 5465M->2806M(6144M), 0.0626404 secs]
2018-03-27T18:27:24.149+0200: 24097.423: [GC pause (GCLocker Initiated GC) (young) 5468M->2808M(6144M), 0.0360559 secs]
2018-03-27T18:27:26.562+0200: 24099.836: [GC pause (G1 Evacuation Pause) (young) 5466M->2811M(6144M), 0.0365275 secs]
2018-03-27T18:27:29.006+0200: 24102.280: [GC pause (G1 Evacuation Pause) (young) 5463M->2814M(6144M), 0.0390124 secs]
2018-03-27T18:27:30.898+0200: 24104.172: [GC pause (G1 Evacuation Pause) (young) 5464M->2813M(6144M), 0.0410918 secs]
2018-03-27T18:27:33.292+0200: 24106.565: [GC pause (G1 Evacuation Pause) (young) 5465M->2818M(6144M), 0.0431139 secs]
2018-03-27T18:27:35.792+0200: 24109.066: [GC pause (G1 Evacuation Pause) (young) 5464M->2819M(6144M), 0.0489706 secs]
2018-03-27T18:27:37.887+0200: 24111.161: [GC pause (G1 Evacuation Pause) (young) 5463M->2822M(6144M), 0.0380777 secs]
2018-03-27T18:27:40.167+0200: 24113.441: [GC pause (G1 Evacuation Pause) (young) (initial-mark) 5464M->2822M(6144M), 0.0426688 secs]
2018-03-27T18:27:40.210+0200: 24113.484: [GC concurrent-root-region-scan-start]
2018-03-27T18:27:40.246+0200: 24113.519: [GC concurrent-root-region-scan-end, 0.0355270 secs]
2018-03-27T18:27:40.246+0200: 24113.519: [GC concurrent-mark-start]
2018-03-27T18:27:42.829+0200: 24116.102: [GC pause (G1 Evacuation Pause) (young) 5466M->2826M(6144M), 0.0401616 secs]
2018-03-27T18:27:43.409+0200: 24116.683: [GC concurrent-mark-end, 3.1637107 secs]
2018-03-27T18:27:43.413+0200: 24116.687: [GC remark, 0.4311687 secs]
2018-03-27T18:27:43.848+0200: 24117.121: [GC cleanup 3288M->3288M(6144M), 0.0365982 secs]
2018-03-27T18:27:44.449+0200: 24117.723: [GC pause (G1 Evacuation Pause) (young) 4200M->2828M(6144M), 0.0606120 secs]
2018-03-27T18:27:44.710+0200: 24117.983: [GC pause (G1 Evacuation Pause) (mixed) 3106M->2521M(6144M), 0.1966437 secs]
2018-03-27T18:27:45.034+0200: 24118.308: [GC pause (G1 Evacuation Pause) (young) 2801M->2522M(6144M), 0.1270799 secs]
2018-03-27T18:27:45.303+0200: 24118.577: [GC pause (G1 Evacuation Pause) (young) 2802M->2522M(6144M), 0.0253303 secs]
2018-03-27T18:27:45.439+0200: 24118.712: [GC pause (G1 Evacuation Pause) (young) 2802M->2523M(6144M), 0.0254284 secs]
2018-03-27T18:27:45.618+0200: 24118.892: [GC pause (GCLocker Initiated GC) (young) 2817M->2523M(6144M), 0.0261191 secs]
2018-03-27T18:27:45.830+0200: 24119.103: [GC pause (G1 Evacuation Pause) (young) 2801M->2523M(6144M), 0.0238388 secs]
2018-03-27T18:27:46.039+0200: 24119.312: [GC pause (G1 Evacuation Pause) (young) 2801M->2524M(6144M), 0.0293019 secs]
2018-03-27T18:27:46.319+0200: 24119.593: [GC pause (G1 Evacuation Pause) (young) 2802M->2525M(6144M), 0.0244016 secs]
2018-03-27T18:27:46.503+0200: 24119.777: [GC pause (G1 Evacuation Pause) (young) 2805M->2524M(6144M), 0.0269323 secs]
2018-03-27T18:27:46.692+0200: 24119.966: [GC pause (GCLocker Initiated GC) (young) 2807M->2524M(6144M), 0.0248566 secs]
2018-03-27T18:27:46.944+0200: 24120.218: [GC pause (GCLocker Initiated GC) (young) 2815M->2528M(6144M), 0.0268590 secs]
2018-03-27T18:27:47.249+0200: 24120.523: [GC pause (G1 Evacuation Pause) (young) 2806M->2525M(6144M), 0.0395817 secs]
2018-03-27T18:27:47.889+0200: 24121.163: [GC pause (G1 Evacuation Pause) (young) 2805M->2526M(6144M), 0.0510344 secs]
2018-03-27T18:27:48.182+0200: 24121.455: [GC pause (G1 Evacuation Pause) (young) 2806M->2528M(6144M), 0.0261062 secs]
2018-03-27T18:27:50.863+0200: 24124.137: [GC pause (G1 Evacuation Pause) (young) 5384M->2532M(6144M), 0.0282938 secs]
2018-03-27T18:27:53.410+0200: 24126.684: [GC pause (G1 Evacuation Pause) (young) 5412M->2540M(6144M), 0.0295691 secs]
2018-03-27T18:27:56.260+0200: 24129.534: [GC pause (G1 Evacuation Pause) (young) 5434M->2545M(6144M), 0.0359118 secs]
2018-03-27T18:27:58.782+0200: 24132.056: [GC pause (G1 Evacuation Pause) (young) 5451M->2547M(6144M), 0.0331452 secs]
2018-03-27T18:28:01.643+0200: 24134.917: [GC pause (G1 Evacuation Pause) (young) 5463M->2553M(6144M), 0.0309418 secs]
2018-03-27T18:28:04.592+0200: 24137.865: [GC pause (GCLocker Initiated GC) (young) 5487M->2559M(6144M), 0.0366135 secs]
2018-03-27T18:28:06.915+0200: 24140.188: [GC pause (G1 Evacuation Pause) (young) 5475M->2558M(6144M), 0.0510870 secs]
2018-03-27T18:28:09.740+0200: 24143.014: [GC pause (GCLocker Initiated GC) (young) 5502M->2564M(6144M), 0.0799939 secs]
2018-03-27T18:28:12.190+0200: 24145.464: [GC pause (G1 Evacuation Pause) (young) 5470M->2564M(6144M), 0.0458929 secs]
2018-03-27T18:28:14.734+0200: 24148.007: [GC pause (G1 Evacuation Pause) (young) 5474M->2564M(6144M), 0.0481469 secs]
2018-03-27T18:28:17.218+0200: 24150.492: [GC pause (GCLocker Initiated GC) (young) 5478M->2569M(6144M), 0.0401514 secs]
2018-03-27T18:28:19.634+0200: 24152.907: [GC pause (G1 Evacuation Pause) (young) 5467M->2570M(6144M), 0.0554642 secs]
2018-03-27T18:28:21.788+0200: 24155.062: [GC pause (G1 Evacuation Pause) (young) 5468M->2573M(6144M), 0.0472225 secs]
2018-03-27T18:28:24.929+0200: 24158.203: [GC pause (GCLocker Initiated GC) (young) 5465M->2573M(6144M), 0.0430211 secs]
2018-03-27T18:28:27.107+0200: 24160.381: [GC pause (G1 Evacuation Pause) (young) 5463M->2576M(6144M), 0.0433437 secs]
2018-03-27T18:28:29.555+0200: 24162.828: [GC pause (G1 Evacuation Pause) (young) 5462M->2579M(6144M), 0.0438425 secs]
2018-03-27T18:28:31.949+0200: 24165.223: [GC pause (GCLocker Initiated GC) (young) 5460M->2581M(6144M), 0.0410764 secs]
2018-03-27T18:28:34.739+0200: 24168.012: [GC pause (G1 Evacuation Pause) (young) 5459M->2581M(6144M), 0.0436625 secs]
2018-03-27T18:28:36.781+0200: 24170.055: [GC pause (G1 Evacuation Pause) (young) 5469M->2583M(6144M), 0.0529426 secs]
2018-03-27T18:28:39.130+0200: 24172.403: [GC pause (G1 Evacuation Pause) (young) 5461M->2585M(6144M), 0.0608951 secs]
2018-03-27T18:28:41.974+0200: 24175.247: [GC pause (G1 Evacuation Pause) (young) 5461M->2585M(6144M), 0.0428783 secs]
2018-03-27T18:28:44.710+0200: 24177.984: [GC pause (G1 Evacuation Pause) (young) 5463M->2587M(6144M), 0.0474627 secs]
2018-03-27T18:28:47.606+0200: 24180.880: [GC pause (G1 Evacuation Pause) (young) 5463M->2592M(6144M), 0.0524709 secs]
2018-03-27T18:28:50.213+0200: 24183.486: [GC pause (GCLocker Initiated GC) (young) 5468M->2598M(6144M), 0.0650070 secs]
2018-03-27T18:28:52.304+0200: 24185.577: [GC pause (G1 Evacuation Pause) (young) 5458M->2595M(6144M), 0.0483452 secs]
2018-03-27T18:28:54.370+0200: 24187.643: [GC pause (G1 Evacuation Pause) (young) 5461M->2599M(6144M), 0.0489672 secs]
2018-03-27T18:28:56.856+0200: 24190.130: [GC pause (G1 Evacuation Pause) (young) 5459M->2600M(6144M), 0.0397787 secs]
2018-03-27T18:28:58.962+0200: 24192.235: [GC pause (G1 Evacuation Pause) (young) 5462M->2599M(6144M), 0.0389055 secs]
2018-03-27T18:29:01.407+0200: 24194.681: [GC pause (G1 Evacuation Pause) (young) 5467M->2603M(6144M), 0.0357997 secs]
2018-03-27T18:29:04.122+0200: 24197.396: [GC pause (G1 Evacuation Pause) (young) 5463M->2605M(6144M), 0.0405876 secs]
2018-03-27T18:29:06.807+0200: 24200.081: [GC pause (GCLocker Initiated GC) (young) 5465M->2605M(6144M), 0.0370946 secs]
2018-03-27T18:29:09.447+0200: 24202.721: [GC pause (G1 Evacuation Pause) (young) 5469M->2608M(6144M), 0.0464698 secs]
2018-03-27T18:29:12.204+0200: 24205.477: [GC pause (G1 Evacuation Pause) (young) 5466M->2610M(6144M), 0.0365708 secs]
2018-03-27T18:29:14.263+0200: 24207.536: [GC pause (G1 Evacuation Pause) (young) 5466M->2610M(6144M), 0.0594115 secs]
2018-03-27T18:29:17.352+0200: 24210.625: [GC pause (G1 Evacuation Pause) (young) 5466M->2613M(6144M), 0.0555743 secs]
2018-03-27T18:29:19.502+0200: 24212.776: [GC pause (G1 Evacuation Pause) (young) 5467M->2616M(6144M), 0.0508536 secs]
2018-03-27T18:29:22.251+0200: 24215.525: [GC pause (GCLocker Initiated GC) (young) 5465M->2617M(6144M), 0.0388399 secs]
2018-03-27T18:29:24.777+0200: 24218.051: [GC pause (G1 Evacuation Pause) (young) 5467M->2622M(6144M), 0.0406010 secs]
2018-03-27T18:29:27.233+0200: 24220.507: [GC pause (G1 Evacuation Pause) (young) 5466M->2623M(6144M), 0.0402209 secs]
2018-03-27T18:29:29.629+0200: 24222.902: [GC pause (G1 Evacuation Pause) (young) 5465M->2627M(6144M), 0.0396221 secs]
2018-03-27T18:29:32.488+0200: 24225.761: [GC pause (G1 Evacuation Pause) (young) 5463M->2629M(6144M), 0.0368238 secs]
2018-03-27T18:29:35.101+0200: 24228.375: [GC pause (G1 Evacuation Pause) (young) 5463M->2631M(6144M), 0.0371212 secs]
2018-03-27T18:29:38.030+0200: 24231.304: [GC pause (G1 Evacuation Pause) (young) 5463M->2629M(6144M), 0.0368144 secs]
2018-03-27T18:29:40.833+0200: 24234.107: [GC pause (G1 Evacuation Pause) (young) 5469M->2631M(6144M), 0.0401365 secs]
2018-03-27T18:29:43.129+0200: 24236.403: [GC pause (G1 Evacuation Pause) (young) 5469M->2635M(6144M), 0.0362126 secs]
2018-03-27T18:29:46.452+0200: 24239.725: [GC pause (GCLocker Initiated GC) (young) 5469M->2635M(6144M), 0.0404648 secs]
2018-03-27T18:29:48.713+0200: 24241.987: [GC pause (G1 Evacuation Pause) (young) 5466M->2636M(6144M), 0.0372606 secs]
2018-03-27T18:29:51.577+0200: 24244.851: [GC pause (GCLocker Initiated GC) (young) 5468M->2638M(6144M), 0.0393455 secs]
2018-03-27T18:29:55.043+0200: 24248.317: [GC pause (G1 Evacuation Pause) (young) 5468M->2640M(6144M), 0.0384565 secs]
2018-03-27T18:29:57.875+0200: 24251.149: [GC pause (G1 Evacuation Pause) (young) 5482M->2641M(6144M), 0.0451210 secs]
2018-03-27T18:30:00.479+0200: 24253.753: [GC pause (G1 Evacuation Pause) (young) 5467M->2643M(6144M), 0.0381705 secs]
2018-03-27T18:30:03.264+0200: 24256.538: [GC pause (G1 Evacuation Pause) (young) 5467M->2646M(6144M), 0.0621710 secs]
2018-03-27T18:30:06.138+0200: 24259.412: [GC pause (G1 Evacuation Pause) (young) 5464M->2648M(6144M), 0.0460985 secs]
2018-03-27T18:30:08.545+0200: 24261.818: [GC pause (G1 Evacuation Pause) (young) 5468M->2650M(6144M), 0.0478277 secs]
2018-03-27T18:30:11.098+0200: 24264.372: [GC pause (G1 Evacuation Pause) (young) 5468M->2652M(6144M), 0.0515649 secs]
2018-03-27T18:30:13.339+0200: 24266.613: [GC pause (G1 Evacuation Pause) (young) 5468M->2656M(6144M), 0.0623895 secs]
2018-03-27T18:30:16.284+0200: 24269.557: [GC pause (G1 Evacuation Pause) (young) 5466M->2657M(6144M), 0.0406407 secs]
2018-03-27T18:30:18.409+0200: 24271.683: [GC pause (GCLocker Initiated GC) (young) 5467M->2665M(6144M), 0.0367376 secs]
2018-03-27T18:30:21.121+0200: 24274.395: [GC pause (G1 Evacuation Pause) (young) 5459M->2663M(6144M), 0.0463570 secs]
2018-03-27T18:30:24.021+0200: 24277.295: [GC pause (G1 Evacuation Pause) (young) 5463M->2664M(6144M), 0.0367235 secs]
2018-03-27T18:30:26.705+0200: 24279.978: [GC pause (G1 Evacuation Pause) (young) 5462M->2665M(6144M), 0.0382484 secs]
2018-03-27T18:30:29.175+0200: 24282.449: [GC pause (G1 Evacuation Pause) (young) 5467M->2667M(6144M), 0.0400870 secs]
2018-03-27T18:30:32.076+0200: 24285.350: [GC pause (G1 Evacuation Pause) (young) 5464M->2671M(6144M), 0.0464392 secs]
2018-03-27T18:30:34.986+0200: 24288.260: [GC pause (G1 Evacuation Pause) (young) 5461M->2673M(6144M), 0.0651207 secs]
2018-03-27T18:30:37.808+0200: 24291.082: [GC pause (G1 Evacuation Pause) (young) 5461M->2672M(6144M), 0.0397736 secs]
2018-03-27T18:30:39.944+0200: 24293.218: [GC pause (G1 Evacuation Pause) (young) 5462M->2677M(6144M), 0.0403770 secs]
2018-03-27T18:30:42.350+0200: 24295.624: [GC pause (G1 Evacuation Pause) (young) 5461M->2675M(6144M), 0.0430481 secs]
2018-03-27T18:30:44.930+0200: 24298.204: [GC pause (G1 Evacuation Pause) (young) 5465M->2680M(6144M), 0.0403188 secs]
2018-03-27T18:30:47.078+0200: 24300.352: [GC pause (G1 Evacuation Pause) (young) 5464M->2681M(6144M), 0.0412774 secs]
2018-03-27T18:30:49.779+0200: 24303.053: [GC pause (G1 Evacuation Pause) (young) 5463M->2686M(6144M), 0.0470456 secs]
2018-03-27T18:30:52.304+0200: 24305.578: [GC pause (GCLocker Initiated GC) (young) 5474M->2687M(6144M), 0.0642496 secs]
2018-03-27T18:30:55.077+0200: 24308.351: [GC pause (GCLocker Initiated GC) (young) 5468M->2690M(6144M), 0.0387271 secs]
2018-03-27T18:30:57.610+0200: 24310.884: [GC pause (G1 Evacuation Pause) (young) 5462M->2691M(6144M), 0.0397574 secs]
2018-03-27T18:31:00.458+0200: 24313.732: [GC pause (G1 Evacuation Pause) (young) 5461M->2695M(6144M), 0.0412125 secs]
2018-03-27T18:31:03.181+0200: 24316.455: [GC pause (G1 Evacuation Pause) (young) 5463M->2696M(6144M), 0.0381761 secs]
2018-03-27T18:31:06.162+0200: 24319.436: [GC pause (G1 Evacuation Pause) (young) 5462M->2697M(6144M), 0.0538799 secs]
2018-03-27T18:31:08.574+0200: 24321.848: [GC pause (G1 Evacuation Pause) (young) 5461M->2700M(6144M), 0.0414163 secs]
2018-03-27T18:31:10.939+0200: 24324.212: [GC pause (G1 Evacuation Pause) (young) 5462M->2702M(6144M), 0.0471212 secs]
2018-03-27T18:31:13.899+0200: 24327.173: [GC pause (G1 Evacuation Pause) (young) 5462M->2703M(6144M), 0.0516498 secs]
2018-03-27T18:31:16.267+0200: 24329.541: [GC pause (G1 Evacuation Pause) (young) 5465M->2706M(6144M), 0.0374831 secs]
2018-03-27T18:31:18.516+0200: 24331.789: [GC pause (GCLocker Initiated GC) (young) 5463M->2708M(6144M), 0.0378781 secs]
2018-03-27T18:31:21.198+0200: 24334.472: [GC pause (G1 Evacuation Pause) (young) 5462M->2709M(6144M), 0.0395534 secs]
2018-03-27T18:31:23.759+0200: 24337.033: [GC pause (G1 Evacuation Pause) (young) 5465M->2713M(6144M), 0.0559384 secs]
2018-03-27T18:31:26.734+0200: 24340.007: [GC pause (G1 Evacuation Pause) (young) 5463M->2713M(6144M), 0.0370428 secs]
2018-03-27T18:31:29.159+0200: 24342.433: [GC pause (G1 Evacuation Pause) (young) 5461M->2716M(6144M), 0.0400523 secs]
2018-03-27T18:31:32.329+0200: 24345.603: [GC pause (GCLocker Initiated GC) (young) 5480M->2716M(6144M), 0.0394859 secs]
2018-03-27T18:31:35.244+0200: 24348.518: [GC pause (G1 Evacuation Pause) (young) 5464M->2720M(6144M), 0.0372247 secs]
2018-03-27T18:31:37.351+0200: 24350.625: [GC pause (G1 Evacuation Pause) (young) 5462M->2719M(6144M), 0.0399592 secs]
2018-03-27T18:31:39.782+0200: 24353.056: [GC pause (G1 Evacuation Pause) (young) 5481M->2722M(6144M), 0.0489534 secs]
2018-03-27T18:31:42.765+0200: 24356.038: [GC pause (G1 Evacuation Pause) (young) 5464M->2725M(6144M), 0.0534367 secs]
2018-03-27T18:31:45.400+0200: 24358.674: [GC pause (G1 Evacuation Pause) (young) 5463M->2726M(6144M), 0.0381697 secs]
2018-03-27T18:31:47.701+0200: 24360.974: [GC pause (G1 Evacuation Pause) (young) 5466M->2728M(6144M), 0.0409292 secs]
2018-03-27T18:31:50.483+0200: 24363.757: [GC pause (GCLocker Initiated GC) (young) 5467M->2732M(6144M), 0.0430163 secs]
2018-03-27T18:31:53.117+0200: 24366.391: [GC pause (G1 Evacuation Pause) (young) 5464M->2733M(6144M), 0.0356767 secs]
2018-03-27T18:31:55.715+0200: 24368.989: [GC pause (G1 Evacuation Pause) (young) 5463M->2736M(6144M), 0.0355019 secs]
2018-03-27T18:31:58.155+0200: 24371.428: [GC pause (G1 Evacuation Pause) (young) 5464M->2738M(6144M), 0.0372393 secs]
2018-03-27T18:32:00.299+0200: 24373.573: [GC pause (G1 Evacuation Pause) (young) 5464M->2740M(6144M), 0.0472722 secs]
2018-03-27T18:32:03.452+0200: 24376.726: [GC pause (G1 Evacuation Pause) (young) 5464M->2741M(6144M), 0.0693653 secs]
2018-03-27T18:32:05.874+0200: 24379.148: [GC pause (G1 Evacuation Pause) (young) 5463M->2744M(6144M), 0.0607354 secs]
2018-03-27T18:32:08.036+0200: 24381.309: [GC pause (G1 Evacuation Pause) (young) 5464M->2745M(6144M), 0.0475372 secs]
2018-03-27T18:32:10.645+0200: 24383.918: [GC pause (G1 Evacuation Pause) (young) 5463M->2746M(6144M), 0.0454654 secs]
2018-03-27T18:32:12.962+0200: 24386.236: [GC pause (G1 Evacuation Pause) (young) 5466M->2748M(6144M), 0.0428346 secs]
2018-03-27T18:32:15.600+0200: 24388.874: [GC pause (G1 Evacuation Pause) (young) 5466M->2750M(6144M), 0.0401189 secs]
2018-03-27T18:32:17.823+0200: 24391.096: [GC pause (G1 Evacuation Pause) (young) 5466M->2755M(6144M), 0.0444058 secs]
2018-03-27T18:32:20.276+0200: 24393.549: [GC pause (GCLocker Initiated GC) (young) 5464M->2755M(6144M), 0.0636507 secs]
2018-03-27T18:32:22.841+0200: 24396.114: [GC pause (GCLocker Initiated GC) (young) 5466M->2758M(6144M), 0.0380560 secs]
2018-03-27T18:32:26.294+0200: 24399.568: [GC pause (G1 Evacuation Pause) (young) 5462M->2758M(6144M), 0.0426895 secs]
2018-03-27T18:32:29.248+0200: 24402.522: [GC pause (G1 Evacuation Pause) (young) 5464M->2763M(6144M), 0.0534081 secs]
2018-03-27T18:32:32.147+0200: 24405.421: [GC pause (G1 Evacuation Pause) (young) 5463M->2765M(6144M), 0.0418876 secs]
2018-03-27T18:32:34.550+0200: 24407.824: [GC pause (G1 Evacuation Pause) (young) 5463M->2767M(6144M), 0.0362870 secs]
2018-03-27T18:32:37.534+0200: 24410.808: [GC pause (G1 Evacuation Pause) (young) 5463M->2771M(6144M), 0.0416268 secs]
2018-03-27T18:32:40.548+0200: 24413.822: [GC pause (G1 Evacuation Pause) (young) 5461M->2767M(6144M), 0.0384808 secs]
2018-03-27T18:32:43.831+0200: 24417.105: [GC pause (G1 Evacuation Pause) (young) 5467M->2771M(6144M), 0.0366590 secs]
2018-03-27T18:32:47.243+0200: 24420.517: [GC pause (G1 Evacuation Pause) (young) 5465M->2774M(6144M), 0.0405109 secs]
2018-03-27T18:32:49.866+0200: 24423.139: [GC pause (G1 Evacuation Pause) (young) 5464M->2776M(6144M), 0.0396410 secs]
2018-03-27T18:32:52.468+0200: 24425.742: [GC pause (G1 Evacuation Pause) (young) 5466M->2776M(6144M), 0.0658263 secs]
2018-03-27T18:32:55.551+0200: 24428.825: [GC pause (G1 Evacuation Pause) (young) 5468M->2777M(6144M), 0.0397611 secs]
2018-03-27T18:32:58.961+0200: 24432.235: [GC pause (G1 Evacuation Pause) (young) 5467M->2781M(6144M), 0.0394715 secs]
2018-03-27T18:33:01.559+0200: 24434.832: [GC pause (GCLocker Initiated GC) (young) 5469M->2782M(6144M), 0.0370707 secs]
2018-03-27T18:33:03.565+0200: 24436.839: [GC pause (GCLocker Initiated GC) (young) 5475M->2787M(6144M), 0.0434016 secs]
2018-03-27T18:33:06.198+0200: 24439.472: [GC pause (G1 Evacuation Pause) (young) 5463M->2786M(6144M), 0.0429932 secs]
2018-03-27T18:33:08.316+0200: 24441.589: [GC pause (G1 Evacuation Pause) (young) 5468M->2788M(6144M), 0.0420061 secs]
2018-03-27T18:33:11.068+0200: 24444.341: [GC pause (G1 Evacuation Pause) (young) 5468M->2792M(6144M), 0.0446944 secs]
2018-03-27T18:33:13.514+0200: 24446.787: [GC pause (G1 Evacuation Pause) (young) 5466M->2792M(6144M), 0.0439844 secs]
2018-03-27T18:33:16.450+0200: 24449.723: [GC pause (G1 Evacuation Pause) (young) 5468M->2794M(6144M), 0.0419810 secs]
2018-03-27T18:33:19.150+0200: 24452.424: [GC pause (G1 Evacuation Pause) (young) 5468M->2797M(6144M), 0.0370156 secs]
2018-03-27T18:33:22.096+0200: 24455.370: [GC pause (G1 Evacuation Pause) (young) 5465M->2799M(6144M), 0.0401904 secs]
2018-03-27T18:33:24.086+0200: 24457.360: [GC pause (G1 Evacuation Pause) (young) 5465M->2800M(6144M), 0.0355251 secs]
2018-03-27T18:33:26.767+0200: 24460.041: [GC pause (G1 Evacuation Pause) (young) 5468M->2803M(6144M), 0.0346910 secs]
2018-03-27T18:33:29.210+0200: 24462.484: [GC pause (G1 Evacuation Pause) (young) 5465M->2805M(6144M), 0.0366521 secs]
2018-03-27T18:33:32.192+0200: 24465.465: [GC pause (G1 Evacuation Pause) (young) 5465M->2806M(6144M), 0.0372999 secs]
2018-03-27T18:33:34.358+0200: 24467.632: [GC pause (G1 Evacuation Pause) (young) 5464M->2808M(6144M), 0.0406542 secs]
2018-03-27T18:33:36.795+0200: 24470.068: [GC pause (G1 Evacuation Pause) (young) 5466M->2813M(6144M), 0.0524439 secs]
2018-03-27T18:33:39.338+0200: 24472.612: [GC pause (G1 Evacuation Pause) (young) 5465M->2815M(6144M), 0.0398152 secs]
2018-03-27T18:33:42.483+0200: 24475.757: [GC pause (G1 Evacuation Pause) (young) 5465M->2819M(6144M), 0.0384662 secs]
2018-03-27T18:33:45.275+0200: 24478.548: [GC pause (G1 Evacuation Pause) (young) 5463M->2818M(6144M), 0.0443103 secs]
2018-03-27T18:33:47.260+0200: 24480.534: [GC pause (G1 Evacuation Pause) (young) 5464M->2821M(6144M), 0.0433176 secs]
2018-03-27T18:33:49.958+0200: 24483.231: [GC pause (G1 Evacuation Pause) (young) 5461M->2822M(6144M), 0.0539428 secs]
2018-03-27T18:33:52.297+0200: 24485.571: [GC pause (G1 Evacuation Pause) (young) (initial-mark) 5464M->2821M(6144M), 0.0505541 secs]
2018-03-27T18:33:52.348+0200: 24485.621: [GC concurrent-root-region-scan-start]
2018-03-27T18:33:52.397+0200: 24485.671: [GC concurrent-root-region-scan-end, 0.0496416 secs]
2018-03-27T18:33:52.397+0200: 24485.671: [GC concurrent-mark-start]
2018-03-27T18:33:54.932+0200: 24488.206: [GC pause (G1 Evacuation Pause) (young) 5465M->2824M(6144M), 0.0368747 secs]
2018-03-27T18:33:55.759+0200: 24489.032: [GC concurrent-mark-end, 3.3612766 secs]
2018-03-27T18:33:55.762+0200: 24489.035: [GC remark, 0.3472800 secs]
2018-03-27T18:33:56.112+0200: 24489.386: [GC cleanup 3874M->3874M(6144M), 0.0303902 secs]
2018-03-27T18:33:56.761+0200: 24490.035: [GC pause (G1 Evacuation Pause) (young) 4358M->2826M(6144M), 0.0689089 secs]
2018-03-27T18:33:56.964+0200: 24490.238: [GC pause (G1 Evacuation Pause) (mixed) 3102M->2517M(6144M), 0.1825809 secs]
2018-03-27T18:33:57.323+0200: 24490.597: [GC pause (G1 Evacuation Pause) (young) 2797M->2517M(6144M), 0.0529284 secs]
2018-03-27T18:33:57.588+0200: 24490.862: [GC pause (G1 Evacuation Pause) (young) 2797M->2517M(6144M), 0.0361415 secs]
2018-03-27T18:33:57.889+0200: 24491.163: [GC pause (GCLocker Initiated GC) (young) 2798M->2521M(6144M), 0.0239150 secs]
2018-03-27T18:33:58.152+0200: 24491.426: [GC pause (G1 Evacuation Pause) (young) 2797M->2520M(6144M), 0.0490725 secs]
2018-03-27T18:33:58.394+0200: 24491.668: [GC pause (G1 Evacuation Pause) (young) 2798M->2520M(6144M), 0.0240164 secs]
2018-03-27T18:33:58.676+0200: 24491.950: [GC pause (G1 Evacuation Pause) (young) 2798M->2521M(6144M), 0.0258510 secs]
2018-03-27T18:33:58.976+0200: 24492.250: [GC pause (G1 Evacuation Pause) (young) 2803M->2521M(6144M), 0.0358863 secs]
2018-03-27T18:33:59.306+0200: 24492.580: [GC pause (G1 Evacuation Pause) (young) 2803M->2523M(6144M), 0.0427034 secs]
2018-03-27T18:33:59.578+0200: 24492.852: [GC pause (G1 Evacuation Pause) (young) 2803M->2523M(6144M), 0.0227917 secs]
2018-03-27T18:33:59.794+0200: 24493.068: [GC pause (G1 Evacuation Pause) (young) 2803M->2522M(6144M), 0.0263578 secs]
2018-03-27T18:34:00.085+0200: 24493.359: [GC pause (G1 Evacuation Pause) (young) 2804M->2525M(6144M), 0.0220723 secs]
2018-03-27T18:34:00.364+0200: 24493.638: [GC pause (G1 Evacuation Pause) (young) 2803M->2521M(6144M), 0.0330924 secs]
2018-03-27T18:34:00.716+0200: 24493.989: [GC pause (G1 Evacuation Pause) (young) 2803M->2526M(6144M), 0.0369583 secs]
2018-03-27T18:34:02.220+0200: 24495.494: [GC pause (G1 Evacuation Pause) (young) 4514M->2532M(6144M), 0.0572436 secs]
2018-03-27T18:34:05.016+0200: 24498.289: [GC pause (G1 Evacuation Pause) (young) 5498M->2538M(6144M), 0.0381110 secs]
2018-03-27T18:34:08.208+0200: 24501.482: [GC pause (G1 Evacuation Pause) (young) 5494M->2545M(6144M), 0.0363695 secs]
2018-03-27T18:34:10.826+0200: 24504.100: [GC pause (G1 Evacuation Pause) (young) 5487M->2550M(6144M), 0.0437105 secs]
2018-03-27T18:34:12.979+0200: 24506.253: [GC pause (G1 Evacuation Pause) (young) 5484M->2555M(6144M), 0.0415824 secs]
2018-03-27T18:34:16.149+0200: 24509.423: [GC pause (G1 Evacuation Pause) (young) 5479M->2555M(6144M), 0.0386762 secs]
2018-03-27T18:34:19.548+0200: 24512.822: [GC pause (G1 Evacuation Pause) (young) 5479M->2562M(6144M), 0.0518444 secs]
2018-03-27T18:34:22.146+0200: 24515.420: [GC pause (G1 Evacuation Pause) (young) 5474M->2565M(6144M), 0.0400954 secs]
2018-03-27T18:34:25.175+0200: 24518.449: [GC pause (G1 Evacuation Pause) (young) 5469M->2564M(6144M), 0.0328578 secs]
2018-03-27T18:34:28.220+0200: 24521.494: [GC pause (G1 Evacuation Pause) (young) 5472M->2566M(6144M), 0.0393359 secs]
2018-03-27T18:34:31.002+0200: 24524.276: [GC pause (GCLocker Initiated GC) (young) 5485M->2572M(6144M), 0.0443004 secs]
2018-03-27T18:34:33.563+0200: 24526.836: [GC pause (G1 Evacuation Pause) (young) 5462M->2575M(6144M), 0.0360259 secs]
2018-03-27T18:34:36.399+0200: 24529.673: [GC pause (GCLocker Initiated GC) (young) 5479M->2574M(6144M), 0.0393962 secs]
2018-03-27T18:34:38.695+0200: 24531.969: [GC pause (G1 Evacuation Pause) (young) 5464M->2575M(6144M), 0.0425384 secs]
2018-03-27T18:34:41.804+0200: 24535.077: [GC pause (G1 Evacuation Pause) (young) 5461M->2576M(6144M), 0.0474417 secs]
2018-03-27T18:34:44.251+0200: 24537.525: [GC pause (G1 Evacuation Pause) (young) 5462M->2579M(6144M), 0.0579419 secs]
2018-03-27T18:34:47.582+0200: 24540.856: [GC pause (G1 Evacuation Pause) (young) 5459M->2583M(6144M), 0.0425898 secs]
2018-03-27T18:34:50.673+0200: 24543.946: [GC pause (G1 Evacuation Pause) (young) 5457M->2580M(6144M), 0.0457225 secs]
2018-03-27T18:34:53.168+0200: 24546.442: [GC pause (GCLocker Initiated GC) (young) 5472M->2583M(6144M), 0.0391410 secs]
2018-03-27T18:34:56.826+0200: 24550.099: [GC pause (G1 Evacuation Pause) (young) 5461M->2587M(6144M), 0.0518495 secs]
2018-03-27T18:34:58.983+0200: 24552.256: [GC pause (G1 Evacuation Pause) (young) 5461M->2587M(6144M), 0.0468145 secs]
2018-03-27T18:35:01.751+0200: 24555.025: [GC pause (G1 Evacuation Pause) (young) 5459M->2590M(6144M), 0.0477786 secs]
2018-03-27T18:35:04.608+0200: 24557.882: [GC pause (G1 Evacuation Pause) (young) 5460M->2589M(6144M), 0.0469080 secs]
2018-03-27T18:35:07.550+0200: 24560.824: [GC pause (GCLocker Initiated GC) (young) 5464M->2594M(6144M), 0.0385008 secs]
2018-03-27T18:35:10.689+0200: 24563.963: [GC pause (G1 Evacuation Pause) (young) 5458M->2595M(6144M), 0.0476956 secs]
2018-03-27T18:35:13.349+0200: 24566.622: [GC pause (G1 Evacuation Pause) (young) 5461M->2596M(6144M), 0.0518296 secs]
2018-03-27T18:35:16.608+0200: 24569.882: [GC pause (G1 Evacuation Pause) (young) 5464M->2598M(6144M), 0.0419120 secs]
2018-03-27T18:35:19.750+0200: 24573.024: [GC pause (G1 Evacuation Pause) (young) 5482M->2601M(6144M), 0.0525406 secs]
2018-03-27T18:35:22.591+0200: 24575.865: [GC pause (GCLocker Initiated GC) (young) 5471M->2599M(6144M), 0.0404300 secs]
2018-03-27T18:35:25.488+0200: 24578.762: [GC pause (G1 Evacuation Pause) (young) 5465M->2601M(6144M), 0.0422269 secs]
2018-03-27T18:35:28.110+0200: 24581.384: [GC pause (G1 Evacuation Pause) (young) 5465M->2605M(6144M), 0.0369040 secs]
2018-03-27T18:35:30.936+0200: 24584.210: [GC pause (G1 Evacuation Pause) (young) 5463M->2608M(6144M), 0.0449973 secs]
2018-03-27T18:35:33.456+0200: 24586.730: [GC pause (G1 Evacuation Pause) (young) 5462M->2606M(6144M), 0.0381396 secs]
2018-03-27T18:35:35.658+0200: 24588.932: [GC pause (G1 Evacuation Pause) (young) 5464M->2611M(6144M), 0.0361458 secs]
2018-03-27T18:35:37.738+0200: 24591.012: [GC pause (G1 Evacuation Pause) (young) 5463M->2614M(6144M), 0.0389943 secs]
2018-03-27T18:35:40.494+0200: 24593.768: [GC pause (G1 Evacuation Pause) (young) 5464M->2616M(6144M), 0.0398068 secs]
2018-03-27T18:35:43.724+0200: 24596.998: [GC pause (G1 Evacuation Pause) (young) 5464M->2616M(6144M), 0.0388757 secs]
2018-03-27T18:35:46.517+0200: 24599.791: [GC pause (GCLocker Initiated GC) (young) 5463M->2616M(6144M), 0.0456487 secs]
2018-03-27T18:35:49.262+0200: 24602.535: [GC pause (G1 Evacuation Pause) (young) 5464M->2617M(6144M), 0.0435099 secs]
2018-03-27T18:35:53.001+0200: 24606.275: [GC pause (G1 Evacuation Pause) (young) 5469M->2622M(6144M), 0.0398213 secs]
2018-03-27T18:35:55.384+0200: 24608.658: [GC pause (G1 Evacuation Pause) (young) 5464M->2622M(6144M), 0.0366802 secs]
2018-03-27T18:35:57.988+0200: 24611.262: [GC pause (GCLocker Initiated GC) (young) 5467M->2623M(6144M), 0.0392004 secs]
2018-03-27T18:36:00.098+0200: 24613.372: [GC pause (G1 Evacuation Pause) (young) 5477M->2625M(6144M), 0.0380247 secs]
2018-03-27T18:36:03.043+0200: 24616.316: [GC pause (GCLocker Initiated GC) (young) 5469M->2627M(6144M), 0.0489349 secs]
2018-03-27T18:36:06.304+0200: 24619.578: [GC pause (GCLocker Initiated GC) (young) 5467M->2629M(6144M), 0.0476202 secs]
2018-03-27T18:36:09.028+0200: 24622.302: [GC pause (G1 Evacuation Pause) (young) 5465M->2628M(6144M), 0.0376726 secs]
2018-03-27T18:36:10.978+0200: 24624.252: [GC pause (G1 Evacuation Pause) (young) 5466M->2634M(6144M), 0.0387449 secs]
2018-03-27T18:36:13.196+0200: 24626.470: [GC pause (G1 Evacuation Pause) (young) 5464M->2637M(6144M), 0.0499886 secs]
2018-03-27T18:36:15.700+0200: 24628.974: [GC pause (G1 Evacuation Pause) (young) 5465M->2636M(6144M), 0.0766606 secs]
2018-03-27T18:36:18.706+0200: 24631.980: [GC pause (GCLocker Initiated GC) (young) 5469M->2638M(6144M), 0.0494060 secs]
2018-03-27T18:36:21.211+0200: 24634.484: [GC pause (G1 Evacuation Pause) (young) 5466M->2640M(6144M), 0.0368236 secs]
2018-03-27T18:36:23.212+0200: 24636.486: [GC pause (G1 Evacuation Pause) (young) 5464M->2642M(6144M), 0.0587429 secs]
2018-03-27T18:36:25.311+0200: 24638.585: [GC pause (GCLocker Initiated GC) (young) 5501M->2642M(6144M), 0.0590239 secs]
2018-03-27T18:36:27.740+0200: 24641.013: [GC pause (G1 Evacuation Pause) (young) 5464M->2646M(6144M), 0.0377291 secs]
2018-03-27T18:36:30.676+0200: 24643.949: [GC pause (GCLocker Initiated GC) (young) 5470M->2647M(6144M), 0.0375499 secs]
2018-03-27T18:36:33.457+0200: 24646.730: [GC pause (G1 Evacuation Pause) (young) 5465M->2649M(6144M), 0.0364083 secs]
2018-03-27T18:36:36.282+0200: 24649.556: [GC pause (GCLocker Initiated GC) (young) 5468M->2651M(6144M), 0.0398383 secs]
2018-03-27T18:36:38.311+0200: 24651.585: [GC pause (G1 Evacuation Pause) (young) 5467M->2653M(6144M), 0.0380685 secs]
2018-03-27T18:36:40.986+0200: 24654.260: [GC pause (G1 Evacuation Pause) (young) 5463M->2657M(6144M), 0.0394365 secs]
2018-03-27T18:36:43.259+0200: 24656.532: [GC pause (G1 Evacuation Pause) (young) 5461M->2657M(6144M), 0.0408965 secs]
2018-03-27T18:36:45.612+0200: 24658.886: [GC pause (G1 Evacuation Pause) (young) 5463M->2660M(6144M), 0.0391986 secs]
2018-03-27T18:36:47.910+0200: 24661.184: [GC pause (G1 Evacuation Pause) (young) 5464M->2660M(6144M), 0.0412594 secs]
2018-03-27T18:36:50.359+0200: 24663.632: [GC pause (G1 Evacuation Pause) (young) 5462M->2662M(6144M), 0.0454426 secs]
2018-03-27T18:36:53.010+0200: 24666.284: [GC pause (G1 Evacuation Pause) (young) 5462M->2663M(6144M), 0.0536897 secs]
2018-03-27T18:36:55.707+0200: 24668.981: [GC pause (G1 Evacuation Pause) (young) 5465M->2667M(6144M), 0.0368891 secs]
2018-03-27T18:36:58.928+0200: 24672.202: [GC pause (G1 Evacuation Pause) (young) 5463M->2668M(6144M), 0.0388472 secs]
2018-03-27T18:37:01.521+0200: 24674.795: [GC pause (G1 Evacuation Pause) (young) 5466M->2669M(6144M), 0.0383381 secs]
2018-03-27T18:37:04.482+0200: 24677.756: [GC pause (G1 Evacuation Pause) (young) 5465M->2669M(6144M), 0.0379686 secs]
2018-03-27T18:37:06.962+0200: 24680.236: [GC pause (G1 Evacuation Pause) (young) 5467M->2673M(6144M), 0.0451333 secs]
2018-03-27T18:37:09.033+0200: 24682.307: [GC pause (G1 Evacuation Pause) (young) 5465M->2676M(6144M), 0.0372333 secs]
2018-03-27T18:37:11.221+0200: 24684.495: [GC pause (GCLocker Initiated GC) (young) 5469M->2678M(6144M), 0.0383206 secs]
2018-03-27T18:37:13.258+0200: 24686.531: [GC pause (G1 Evacuation Pause) (young) 5466M->2678M(6144M), 0.0435464 secs]
2018-03-27T18:37:16.015+0200: 24689.289: [GC pause (GCLocker Initiated GC) (young) 5493M->2680M(6144M), 0.0596504 secs]
2018-03-27T18:37:18.634+0200: 24691.908: [GC pause (GCLocker Initiated GC) (young) 5484M->2684M(6144M), 0.0436573 secs]
2018-03-27T18:37:21.420+0200: 24694.694: [GC pause (G1 Evacuation Pause) (young) 5468M->2684M(6144M), 0.0512570 secs]
2018-03-27T18:37:23.858+0200: 24697.131: [GC pause (G1 Evacuation Pause) (young) 5470M->2691M(6144M), 0.0434598 secs]
2018-03-27T18:37:26.493+0200: 24699.767: [GC pause (G1 Evacuation Pause) (young) 5463M->2694M(6144M), 0.0564069 secs]
2018-03-27T18:37:28.988+0200: 24702.261: [GC pause (G1 Evacuation Pause) (young) 5464M->2694M(6144M), 0.0349674 secs]
2018-03-27T18:37:31.684+0200: 24704.958: [GC pause (G1 Evacuation Pause) (young) 5462M->2697M(6144M), 0.0357684 secs]
2018-03-27T18:37:34.394+0200: 24707.668: [GC pause (G1 Evacuation Pause) (young) 5463M->2695M(6144M), 0.0396628 secs]
2018-03-27T18:37:37.442+0200: 24710.716: [GC pause (G1 Evacuation Pause) (young) 5467M->2700M(6144M), 0.0376764 secs]
2018-03-27T18:37:39.923+0200: 24713.196: [GC pause (G1 Evacuation Pause) (young) 5462M->2701M(6144M), 0.0383197 secs]
2018-03-27T18:37:42.465+0200: 24715.738: [GC pause (G1 Evacuation Pause) (young) 5465M->2700M(6144M), 0.0358700 secs]
2018-03-27T18:37:45.153+0200: 24718.427: [GC pause (G1 Evacuation Pause) (young) 5466M->2704M(6144M), 0.0374955 secs]
2018-03-27T18:37:47.970+0200: 24721.244: [GC pause (G1 Evacuation Pause) (young) 5466M->2706M(6144M), 0.0357628 secs]
2018-03-27T18:37:50.494+0200: 24723.768: [GC pause (G1 Evacuation Pause) (young) 5466M->2709M(6144M), 0.0373495 secs]
2018-03-27T18:37:53.614+0200: 24726.888: [GC pause (G1 Evacuation Pause) (young) 5463M->2713M(6144M), 0.0434432 secs]
2018-03-27T18:37:56.374+0200: 24729.648: [GC pause (G1 Evacuation Pause) (young) 5465M->2711M(6144M), 0.0383171 secs]
2018-03-27T18:37:58.859+0200: 24732.133: [GC pause (G1 Evacuation Pause) (young) 5465M->2714M(6144M), 0.0443397 secs]
2018-03-27T18:38:01.597+0200: 24734.870: [GC pause (G1 Evacuation Pause) (young) 5466M->2715M(6144M), 0.0471296 secs]
2018-03-27T18:38:04.385+0200: 24737.659: [GC pause (G1 Evacuation Pause) (young) 5465M->2714M(6144M), 0.0418688 secs]
2018-03-27T18:38:06.774+0200: 24740.047: [GC pause (G1 Evacuation Pause) (young) 5466M->2717M(6144M), 0.0463717 secs]
2018-03-27T18:38:08.989+0200: 24742.263: [GC pause (G1 Evacuation Pause) (young) 5467M->2719M(6144M), 0.0501208 secs]
2018-03-27T18:38:11.696+0200: 24744.970: [GC pause (G1 Evacuation Pause) (young) 5469M->2724M(6144M), 0.0544268 secs]
2018-03-27T18:38:14.742+0200: 24748.015: [GC pause (G1 Evacuation Pause) (young) 5464M->2720M(6144M), 0.0430652 secs]
2018-03-27T18:38:17.489+0200: 24750.763: [GC pause (G1 Evacuation Pause) (young) 5470M->2724M(6144M), 0.0486160 secs]
2018-03-27T18:38:19.816+0200: 24753.089: [GC pause (G1 Evacuation Pause) (young) 5468M->2726M(6144M), 0.0580397 secs]
2018-03-27T18:38:22.379+0200: 24755.653: [GC pause (GCLocker Initiated GC) (young) 5468M->2729M(6144M), 0.0455070 secs]
2018-03-27T18:38:25.501+0200: 24758.775: [GC pause (GCLocker Initiated GC) (young) 5466M->2728M(6144M), 0.0464131 secs]
2018-03-27T18:38:28.074+0200: 24761.348: [GC pause (G1 Evacuation Pause) (young) 5470M->2730M(6144M), 0.0390128 secs]
2018-03-27T18:38:30.890+0200: 24764.164: [GC pause (G1 Evacuation Pause) (young) 5470M->2734M(6144M), 0.0595633 secs]
2018-03-27T18:38:33.269+0200: 24766.543: [GC pause (G1 Evacuation Pause) (young) 5468M->2735M(6144M), 0.0529238 secs]
2018-03-27T18:38:36.364+0200: 24769.638: [GC pause (G1 Evacuation Pause) (young) 5467M->2741M(6144M), 0.0437089 secs]
2018-03-27T18:38:39.178+0200: 24772.451: [GC pause (G1 Evacuation Pause) (young) 5463M->2739M(6144M), 0.0392368 secs]
2018-03-27T18:38:42.486+0200: 24775.759: [GC pause (G1 Evacuation Pause) (young) 5467M->2741M(6144M), 0.0401055 secs]
2018-03-27T18:38:45.221+0200: 24778.495: [GC pause (GCLocker Initiated GC) (young) 5467M->2743M(6144M), 0.0381350 secs]
2018-03-27T18:38:47.606+0200: 24780.879: [GC pause (G1 Evacuation Pause) (young) 5467M->2745M(6144M), 0.0445425 secs]
2018-03-27T18:38:50.347+0200: 24783.620: [GC pause (G1 Evacuation Pause) (young) 5467M->2749M(6144M), 0.0425359 secs]
2018-03-27T18:38:52.937+0200: 24786.210: [GC pause (G1 Evacuation Pause) (young) 5465M->2748M(6144M), 0.0411684 secs]
2018-03-27T18:38:55.116+0200: 24788.390: [GC pause (G1 Evacuation Pause) (young) 5468M->2749M(6144M), 0.0499600 secs]
2018-03-27T18:38:57.900+0200: 24791.174: [GC pause (G1 Evacuation Pause) (young) 5467M->2750M(6144M), 0.0377371 secs]
2018-03-27T18:39:00.649+0200: 24793.923: [GC pause (G1 Evacuation Pause) (young) 5470M->2753M(6144M), 0.0361835 secs]
2018-03-27T18:39:02.655+0200: 24795.929: [GC pause (GCLocker Initiated GC) (young) 5470M->2755M(6144M), 0.0379935 secs]
2018-03-27T18:39:05.450+0200: 24798.723: [GC pause (G1 Evacuation Pause) (young) 5467M->2756M(6144M), 0.0494924 secs]
2018-03-27T18:39:08.246+0200: 24801.520: [GC pause (G1 Evacuation Pause) (young) 5470M->2760M(6144M), 0.0371955 secs]
2018-03-27T18:39:10.978+0200: 24804.252: [GC pause (G1 Evacuation Pause) (young) 5464M->2758M(6144M), 0.0369008 secs]
2018-03-27T18:39:13.442+0200: 24806.716: [GC pause (G1 Evacuation Pause) (young) 5476M->2764M(6144M), 0.0426151 secs]
2018-03-27T18:39:16.419+0200: 24809.693: [GC pause (G1 Evacuation Pause) (young) 5468M->2761M(6144M), 0.0366203 secs]
2018-03-27T18:39:18.805+0200: 24812.079: [GC pause (G1 Evacuation Pause) (young) 5471M->2765M(6144M), 0.0415622 secs]
2018-03-27T18:39:21.573+0200: 24814.847: [GC pause (G1 Evacuation Pause) (young) 5469M->2766M(6144M), 0.0621392 secs]
2018-03-27T18:39:24.791+0200: 24818.065: [GC pause (G1 Evacuation Pause) (young) 5472M->2769M(6144M), 0.0578523 secs]
2018-03-27T18:39:27.346+0200: 24820.620: [GC pause (G1 Evacuation Pause) (young) 5469M->2769M(6144M), 0.0755548 secs]
2018-03-27T18:39:30.052+0200: 24823.325: [GC pause (G1 Evacuation Pause) (young) 5471M->2775M(6144M), 0.0529639 secs]
2018-03-27T18:39:32.274+0200: 24825.548: [GC pause (G1 Evacuation Pause) (young) 5467M->2777M(6144M), 0.0429353 secs]
2018-03-27T18:39:34.930+0200: 24828.204: [GC pause (G1 Evacuation Pause) (young) 5467M->2778M(6144M), 0.0404033 secs]
2018-03-27T18:39:37.589+0200: 24830.862: [GC pause (G1 Evacuation Pause) (young) 5466M->2781M(6144M), 0.0414949 secs]
2018-03-27T18:39:40.422+0200: 24833.696: [GC pause (G1 Evacuation Pause) (young) 5469M->2782M(6144M), 0.0478123 secs]
2018-03-27T18:39:42.579+0200: 24835.852: [GC pause (G1 Evacuation Pause) (young) 5468M->2783M(6144M), 0.0512926 secs]
2018-03-27T18:39:45.120+0200: 24838.394: [GC pause (G1 Evacuation Pause) (young) 5467M->2785M(6144M), 0.0373837 secs]
2018-03-27T18:39:48.146+0200: 24841.420: [GC pause (G1 Evacuation Pause) (young) 5467M->2785M(6144M), 0.0362024 secs]
2018-03-27T18:39:50.610+0200: 24843.883: [GC pause (G1 Evacuation Pause) (young) 5469M->2791M(6144M), 0.0423862 secs]
2018-03-27T18:39:53.469+0200: 24846.742: [GC pause (GCLocker Initiated GC) (young) 5477M->2789M(6144M), 0.0452216 secs]
2018-03-27T18:39:56.216+0200: 24849.490: [GC pause (G1 Evacuation Pause) (young) 5471M->2793M(6144M), 0.0374290 secs]
2018-03-27T18:39:58.678+0200: 24851.952: [GC pause (GCLocker Initiated GC) (young) 5473M->2793M(6144M), 0.0446825 secs]
2018-03-27T18:40:01.262+0200: 24854.535: [GC pause (G1 Evacuation Pause) (young) 5467M->2794M(6144M), 0.0442939 secs]
2018-03-27T18:40:03.422+0200: 24856.696: [GC pause (G1 Evacuation Pause) (young) 5466M->2795M(6144M), 0.0771916 secs]
2018-03-27T18:40:05.852+0200: 24859.126: [GC pause (G1 Evacuation Pause) (young) 5471M->2800M(6144M), 0.0543627 secs]
2018-03-27T18:40:09.170+0200: 24862.444: [GC pause (G1 Evacuation Pause) (young) 5466M->2800M(6144M), 0.0463507 secs]
2018-03-27T18:40:11.934+0200: 24865.208: [GC pause (G1 Evacuation Pause) (young) 5468M->2801M(6144M), 0.0545459 secs]
2018-03-27T18:40:14.586+0200: 24867.860: [GC pause (G1 Evacuation Pause) (young) 5467M->2806M(6144M), 0.0428386 secs]
2018-03-27T18:40:16.462+0200: 24869.736: [GC pause (G1 Evacuation Pause) (young) 5466M->2809M(6144M), 0.0426931 secs]
2018-03-27T18:40:19.165+0200: 24872.439: [GC pause (G1 Evacuation Pause) (young) 5467M->2810M(6144M), 0.0410789 secs]
2018-03-27T18:40:20.938+0200: 24874.211: [GC pause (G1 Evacuation Pause) (young) 5466M->2812M(6144M), 0.0551418 secs]
2018-03-27T18:40:22.827+0200: 24876.101: [GC pause (G1 Evacuation Pause) (young) 5466M->2813M(6144M), 0.0526111 secs]
2018-03-27T18:40:25.308+0200: 24878.582: [GC pause (GCLocker Initiated GC) (young) 5474M->2817M(6144M), 0.0544832 secs]
2018-03-27T18:40:27.275+0200: 24880.549: [GC pause (G1 Evacuation Pause) (young) 5463M->2816M(6144M), 0.0392874 secs]
2018-03-27T18:40:29.945+0200: 24883.219: [GC pause (G1 Evacuation Pause) (young) 5468M->2821M(6144M), 0.0400852 secs]
2018-03-27T18:40:32.475+0200: 24885.749: [GC pause (GCLocker Initiated GC) (young) (initial-mark) 5464M->2821M(6144M), 0.0443667 secs]
2018-03-27T18:40:32.520+0200: 24885.794: [GC concurrent-root-region-scan-start]
2018-03-27T18:40:32.550+0200: 24885.824: [GC concurrent-root-region-scan-end, 0.0302114 secs]
2018-03-27T18:40:32.550+0200: 24885.824: [GC concurrent-mark-start]
2018-03-27T18:40:34.745+0200: 24888.019: [GC pause (G1 Evacuation Pause) (young) 5465M->2820M(6144M), 0.0405239 secs]
2018-03-27T18:40:36.085+0200: 24889.358: [GC concurrent-mark-end, 3.5344855 secs]
2018-03-27T18:40:36.088+0200: 24889.362: [GC remark, 0.4322642 secs]
2018-03-27T18:40:36.528+0200: 24889.802: [GC cleanup 4358M->4358M(6144M), 0.0285139 secs]
2018-03-27T18:40:37.130+0200: 24890.404: [GC pause (G1 Evacuation Pause) (young) 5192M->2825M(6144M), 0.0689241 secs]
2018-03-27T18:40:37.343+0200: 24890.616: [GC pause (G1 Evacuation Pause) (mixed) 3101M->2515M(6144M), 0.1984800 secs]
2018-03-27T18:40:37.705+0200: 24890.979: [GC pause (G1 Evacuation Pause) (young) 2797M->2515M(6144M), 0.0660998 secs]
2018-03-27T18:40:37.885+0200: 24891.159: [GC pause (G1 Evacuation Pause) (young) 2797M->2519M(6144M), 0.0315118 secs]
2018-03-27T18:40:38.048+0200: 24891.321: [GC pause (G1 Evacuation Pause) (young) 2797M->2517M(6144M), 0.0245486 secs]
2018-03-27T18:40:38.204+0200: 24891.477: [GC pause (GCLocker Initiated GC) (young) 2813M->2520M(6144M), 0.0256362 secs]
2018-03-27T18:40:38.393+0200: 24891.667: [GC pause (GCLocker Initiated GC) (young) 2818M->2522M(6144M), 0.0233874 secs]
2018-03-27T18:40:38.577+0200: 24891.851: [GC pause (G1 Evacuation Pause) (young) 2802M->2524M(6144M), 0.0245067 secs]
2018-03-27T18:40:38.782+0200: 24892.056: [GC pause (G1 Evacuation Pause) (young) 2802M->2521M(6144M), 0.0254041 secs]
2018-03-27T18:40:39.034+0200: 24892.307: [GC pause (G1 Evacuation Pause) (young) 2807M->2522M(6144M), 0.0322249 secs]
2018-03-27T18:40:39.283+0200: 24892.557: [GC pause (G1 Evacuation Pause) (young) 2806M->2523M(6144M), 0.0453906 secs]
2018-03-27T18:40:39.532+0200: 24892.806: [GC pause (G1 Evacuation Pause) (young) 2807M->2523M(6144M), 0.0249515 secs]
2018-03-27T18:40:39.854+0200: 24893.127: [GC pause (GCLocker Initiated GC) (young) 2809M->2523M(6144M), 0.0365667 secs]
2018-03-27T18:40:40.110+0200: 24893.384: [GC pause (G1 Evacuation Pause) (young) 2807M->2525M(6144M), 0.0237611 secs]
2018-03-27T18:40:40.302+0200: 24893.575: [GC pause (GCLocker Initiated GC) (young) 2809M->2523M(6144M), 0.0254456 secs]
2018-03-27T18:40:42.912+0200: 24896.186: [GC pause (GCLocker Initiated GC) (young) 5477M->2531M(6144M), 0.0330795 secs]
2018-03-27T18:40:45.622+0200: 24898.896: [GC pause (G1 Evacuation Pause) (young) 5485M->2535M(6144M), 0.0293633 secs]
2018-03-27T18:40:47.581+0200: 24900.855: [GC pause (G1 Evacuation Pause) (young) 5493M->2542M(6144M), 0.0318955 secs]
2018-03-27T18:40:50.468+0200: 24903.741: [GC pause (G1 Evacuation Pause) (young) 5490M->2544M(6144M), 0.0336940 secs]
2018-03-27T18:40:53.295+0200: 24906.569: [GC pause (G1 Evacuation Pause) (young) 5488M->2548M(6144M), 0.0439601 secs]
2018-03-27T18:40:55.786+0200: 24909.060: [GC pause (G1 Evacuation Pause) (young) 5484M->2552M(6144M), 0.0326354 secs]
2018-03-27T18:40:58.557+0200: 24911.831: [GC pause (G1 Evacuation Pause) (young) 5480M->2552M(6144M), 0.0438353 secs]
2018-03-27T18:41:00.931+0200: 24914.205: [GC pause (G1 Evacuation Pause) (young) 5478M->2558M(6144M), 0.0439233 secs]
2018-03-27T18:41:03.291+0200: 24916.564: [GC pause (G1 Evacuation Pause) (young) 5472M->2557M(6144M), 0.0422103 secs]
2018-03-27T18:41:05.710+0200: 24918.984: [GC pause (G1 Evacuation Pause) (young) 5475M->2560M(6144M), 0.0427721 secs]
2018-03-27T18:41:08.046+0200: 24921.320: [GC pause (G1 Evacuation Pause) (young) 5474M->2563M(6144M), 0.0424530 secs]
2018-03-27T18:41:10.600+0200: 24923.874: [GC pause (G1 Evacuation Pause) (young) 5473M->2568M(6144M), 0.0462305 secs]
2018-03-27T18:41:12.881+0200: 24926.155: [GC pause (G1 Evacuation Pause) (young) 5466M->2568M(6144M), 0.0474047 secs]
2018-03-27T18:41:15.774+0200: 24929.048: [GC pause (G1 Evacuation Pause) (young) 5464M->2570M(6144M), 0.0472717 secs]
2018-03-27T18:41:18.486+0200: 24931.759: [GC pause (G1 Evacuation Pause) (young) 5462M->2570M(6144M), 0.0815517 secs]
2018-03-27T18:41:21.094+0200: 24934.367: [GC pause (GCLocker Initiated GC) (young) 5466M->2576M(6144M), 0.0440872 secs]
2018-03-27T18:41:23.467+0200: 24936.741: [GC pause (G1 Evacuation Pause) (young) 5460M->2571M(6144M), 0.0389735 secs]
2018-03-27T18:41:26.613+0200: 24939.886: [GC pause (G1 Evacuation Pause) (young) 5465M->2577M(6144M), 0.0650908 secs]
2018-03-27T18:41:29.474+0200: 24942.748: [GC pause (G1 Evacuation Pause) (young) 5461M->2579M(6144M), 0.0488386 secs]
2018-03-27T18:41:32.104+0200: 24945.378: [GC pause (G1 Evacuation Pause) (young) 5461M->2580M(6144M), 0.0581596 secs]
2018-03-27T18:41:34.878+0200: 24948.152: [GC pause (G1 Evacuation Pause) (young) 5464M->2583M(6144M), 0.0373949 secs]
2018-03-27T18:41:37.731+0200: 24951.004: [GC pause (G1 Evacuation Pause) (young) 5461M->2582M(6144M), 0.0374738 secs]
2018-03-27T18:41:40.954+0200: 24954.227: [GC pause (GCLocker Initiated GC) (young) 5467M->2584M(6144M), 0.0372444 secs]
2018-03-27T18:41:43.673+0200: 24956.947: [GC pause (G1 Evacuation Pause) (young) 5466M->2588M(6144M), 0.0683131 secs]
2018-03-27T18:41:46.809+0200: 24960.082: [GC pause (G1 Evacuation Pause) (young) 5464M->2591M(6144M), 0.0401920 secs]
2018-03-27T18:41:49.443+0200: 24962.716: [GC pause (G1 Evacuation Pause) (young) 5465M->2591M(6144M), 0.0383488 secs]
2018-03-27T18:41:51.824+0200: 24965.098: [GC pause (G1 Evacuation Pause) (young) 5465M->2591M(6144M), 0.0361864 secs]
2018-03-27T18:41:54.301+0200: 24967.575: [GC pause (GCLocker Initiated GC) (young) 5469M->2597M(6144M), 0.0414483 secs]
2018-03-27T18:41:57.161+0200: 24970.434: [GC pause (G1 Evacuation Pause) (young) 5471M->2600M(6144M), 0.0454676 secs]
2018-03-27T18:41:59.790+0200: 24973.064: [GC pause (G1 Evacuation Pause) (young) 5464M->2597M(6144M), 0.0426046 secs]
2018-03-27T18:42:02.675+0200: 24975.949: [GC pause (G1 Evacuation Pause) (young) 5467M->2601M(6144M), 0.0487944 secs]
2018-03-27T18:42:05.266+0200: 24978.540: [GC pause (G1 Evacuation Pause) (young) 5465M->2604M(6144M), 0.0562973 secs]
2018-03-27T18:42:08.101+0200: 24981.375: [GC pause (G1 Evacuation Pause) (young) 5466M->2607M(6144M), 0.0446143 secs]
2018-03-27T18:42:10.874+0200: 24984.148: [GC pause (G1 Evacuation Pause) (young) 5463M->2611M(6144M), 0.0574591 secs]
2018-03-27T18:42:13.891+0200: 24987.165: [GC pause (G1 Evacuation Pause) (young) 5461M->2611M(6144M), 0.0450709 secs]
2018-03-27T18:42:16.539+0200: 24989.813: [GC pause (G1 Evacuation Pause) (young) 5463M->2613M(6144M), 0.0395725 secs]
2018-03-27T18:42:19.736+0200: 24993.009: [GC pause (G1 Evacuation Pause) (young) 5463M->2615M(6144M), 0.0508222 secs]
2018-03-27T18:42:22.432+0200: 24995.706: [GC pause (G1 Evacuation Pause) (young) 5463M->2616M(6144M), 0.0390288 secs]
2018-03-27T18:42:25.232+0200: 24998.505: [GC pause (G1 Evacuation Pause) (young) 5462M->2620M(6144M), 0.0365122 secs]
2018-03-27T18:42:27.976+0200: 25001.250: [GC pause (G1 Evacuation Pause) (young) 5462M->2621M(6144M), 0.0429592 secs]
2018-03-27T18:42:30.797+0200: 25004.071: [GC pause (G1 Evacuation Pause) (young) 5465M->2621M(6144M), 0.0484747 secs]
2018-03-27T18:42:34.025+0200: 25007.299: [GC pause (G1 Evacuation Pause) (young) 5463M->2622M(6144M), 0.0414036 secs]
2018-03-27T18:42:36.869+0200: 25010.143: [GC pause (G1 Evacuation Pause) (young) 5466M->2625M(6144M), 0.0381541 secs]
2018-03-27T18:42:39.659+0200: 25012.933: [GC pause (G1 Evacuation Pause) (young) 5467M->2628M(6144M), 0.0405975 secs]
2018-03-27T18:42:41.921+0200: 25015.195: [GC pause (G1 Evacuation Pause) (young) 5464M->2627M(6144M), 0.0403645 secs]
2018-03-27T18:42:44.343+0200: 25017.617: [GC pause (G1 Evacuation Pause) (young) 5465M->2631M(6144M), 0.0420384 secs]
2018-03-27T18:42:46.953+0200: 25020.227: [GC pause (G1 Evacuation Pause) (young) 5467M->2634M(6144M), 0.0696237 secs]
2018-03-27T18:42:49.725+0200: 25022.999: [GC pause (GCLocker Initiated GC) (young) 5464M->2636M(6144M), 0.0625800 secs]
2018-03-27T18:42:52.319+0200: 25025.593: [GC pause (GCLocker Initiated GC) (young) 5464M->2641M(6144M), 0.0388639 secs]
2018-03-27T18:42:54.861+0200: 25028.135: [GC pause (G1 Evacuation Pause) (young) 5463M->2638M(6144M), 0.0408270 secs]
2018-03-27T18:42:57.728+0200: 25031.001: [GC pause (G1 Evacuation Pause) (young) 5466M->2642M(6144M), 0.0443003 secs]
2018-03-27T18:43:00.093+0200: 25033.367: [GC pause (G1 Evacuation Pause) (young) 5464M->2645M(6144M), 0.0616580 secs]
2018-03-27T18:43:02.560+0200: 25035.834: [GC pause (G1 Evacuation Pause) (young) 5461M->2646M(6144M), 0.0442809 secs]
2018-03-27T18:43:05.399+0200: 25038.673: [GC pause (GCLocker Initiated GC) (young) 5482M->2647M(6144M), 0.0410840 secs]
2018-03-27T18:43:08.253+0200: 25041.527: [GC pause (G1 Evacuation Pause) (young) 5463M->2649M(6144M), 0.0418080 secs]
2018-03-27T18:43:11.033+0200: 25044.307: [GC pause (G1 Evacuation Pause) (young) 5463M->2649M(6144M), 0.0395610 secs]
2018-03-27T18:43:14.112+0200: 25047.385: [GC pause (G1 Evacuation Pause) (young) 5465M->2649M(6144M), 0.0502703 secs]
2018-03-27T18:43:17.013+0200: 25050.287: [GC pause (G1 Evacuation Pause) (young) 5467M->2656M(6144M), 0.0456849 secs]
2018-03-27T18:43:20.103+0200: 25053.377: [GC pause (G1 Evacuation Pause) (young) 5464M->2657M(6144M), 0.0447052 secs]
2018-03-27T18:43:22.681+0200: 25055.955: [GC pause (G1 Evacuation Pause) (young) 5463M->2660M(6144M), 0.0413590 secs]
2018-03-27T18:43:25.570+0200: 25058.844: [GC pause (G1 Evacuation Pause) (young) 5464M->2660M(6144M), 0.0416732 secs]
2018-03-27T18:43:28.550+0200: 25061.824: [GC pause (G1 Evacuation Pause) (young) 5464M->2664M(6144M), 0.0476722 secs]
2018-03-27T18:43:31.304+0200: 25064.578: [GC pause (G1 Evacuation Pause) (young) 5462M->2666M(6144M), 0.0625735 secs]
2018-03-27T18:43:33.614+0200: 25066.888: [GC pause (G1 Evacuation Pause) (young) 5462M->2666M(6144M), 0.0535554 secs]
2018-03-27T18:43:36.314+0200: 25069.588: [GC pause (G1 Evacuation Pause) (young) 5464M->2667M(6144M), 0.0473542 secs]
2018-03-27T18:43:38.814+0200: 25072.088: [GC pause (G1 Evacuation Pause) (young) 5467M->2670M(6144M), 0.0547536 secs]
2018-03-27T18:43:41.425+0200: 25074.698: [GC pause (G1 Evacuation Pause) (young) 5462M->2672M(6144M), 0.0455859 secs]
2018-03-27T18:43:44.383+0200: 25077.657: [GC pause (G1 Evacuation Pause) (young) 5464M->2672M(6144M), 0.0422224 secs]
2018-03-27T18:43:47.158+0200: 25080.431: [GC pause (G1 Evacuation Pause) (young) 5466M->2674M(6144M), 0.0395125 secs]
2018-03-27T18:43:49.888+0200: 25083.162: [GC pause (G1 Evacuation Pause) (young) 5466M->2677M(6144M), 0.0369818 secs]
2018-03-27T18:43:52.168+0200: 25085.441: [GC pause (G1 Evacuation Pause) (young) 5463M->2679M(6144M), 0.0372158 secs]
2018-03-27T18:43:54.867+0200: 25088.140: [GC pause (G1 Evacuation Pause) (young) 5463M->2680M(6144M), 0.0493594 secs]
2018-03-27T18:43:57.401+0200: 25090.675: [GC pause (GCLocker Initiated GC) (young) 5468M->2681M(6144M), 0.0374528 secs]
2018-03-27T18:44:00.090+0200: 25093.364: [GC pause (G1 Evacuation Pause) (young) 5465M->2683M(6144M), 0.0368944 secs]
2018-03-27T18:44:02.384+0200: 25095.657: [GC pause (G1 Evacuation Pause) (young) 5465M->2685M(6144M), 0.0507406 secs]
2018-03-27T18:44:04.930+0200: 25098.203: [GC pause (G1 Evacuation Pause) (young) 5469M->2684M(6144M), 0.0455405 secs]
2018-03-27T18:44:07.395+0200: 25100.668: [GC pause (G1 Evacuation Pause) (young) 5470M->2687M(6144M), 0.0447363 secs]
2018-03-27T18:44:09.466+0200: 25102.739: [GC pause (G1 Evacuation Pause) (young) 5467M->2690M(6144M), 0.0864806 secs]
2018-03-27T18:44:12.032+0200: 25105.305: [GC pause (G1 Evacuation Pause) (young) 5468M->2689M(6144M), 0.0344558 secs]
2018-03-27T18:44:14.970+0200: 25108.243: [GC pause (G1 Evacuation Pause) (young) 5469M->2692M(6144M), 0.0433768 secs]
2018-03-27T18:44:17.605+0200: 25110.878: [GC pause (GCLocker Initiated GC) (young) 5472M->2693M(6144M), 0.0777439 secs]
2018-03-27T18:44:20.274+0200: 25113.548: [GC pause (GCLocker Initiated GC) (young) 5476M->2698M(6144M), 0.0421801 secs]
2018-03-27T18:44:22.331+0200: 25115.605: [GC pause (G1 Evacuation Pause) (young) 5464M->2698M(6144M), 0.0463166 secs]
2018-03-27T18:44:24.588+0200: 25117.862: [GC pause (G1 Evacuation Pause) (young) 5466M->2699M(6144M), 0.0474570 secs]
2018-03-27T18:44:27.109+0200: 25120.383: [GC pause (G1 Evacuation Pause) (young) 5469M->2701M(6144M), 0.0359376 secs]
2018-03-27T18:44:30.370+0200: 25123.644: [GC pause (G1 Evacuation Pause) (young) 5469M->2707M(6144M), 0.0560837 secs]
2018-03-27T18:44:32.614+0200: 25125.887: [GC pause (G1 Evacuation Pause) (young) 5467M->2706M(6144M), 0.0485654 secs]
2018-03-27T18:44:35.173+0200: 25128.447: [GC pause (G1 Evacuation Pause) (young) 5468M->2711M(6144M), 0.0510116 secs]
2018-03-27T18:44:37.927+0200: 25131.201: [GC pause (G1 Evacuation Pause) (young) 5463M->2713M(6144M), 0.0598366 secs]
2018-03-27T18:44:40.335+0200: 25133.609: [GC pause (G1 Evacuation Pause) (young) 5463M->2711M(6144M), 0.0401825 secs]
2018-03-27T18:44:42.598+0200: 25135.872: [GC pause (G1 Evacuation Pause) (young) 5467M->2714M(6144M), 0.0456964 secs]
2018-03-27T18:44:45.712+0200: 25138.985: [GC pause (G1 Evacuation Pause) (young) 5464M->2716M(6144M), 0.0551365 secs]
2018-03-27T18:44:49.098+0200: 25142.371: [GC pause (G1 Evacuation Pause) (young) 5466M->2721M(6144M), 0.0413485 secs]
2018-03-27T18:44:52.475+0200: 25145.749: [GC pause (GCLocker Initiated GC) (young) 5469M->2723M(6144M), 0.0398442 secs]
2018-03-27T18:44:55.105+0200: 25148.379: [GC pause (G1 Evacuation Pause) (young) 5461M->2720M(6144M), 0.0545841 secs]
2018-03-27T18:44:57.358+0200: 25150.632: [GC pause (G1 Evacuation Pause) (young) 5468M->2726M(6144M), 0.0349975 secs]
2018-03-27T18:45:00.051+0200: 25153.324: [GC pause (G1 Evacuation Pause) (young) 5464M->2726M(6144M), 0.0361686 secs]
2018-03-27T18:45:02.322+0200: 25155.596: [GC pause (G1 Evacuation Pause) (young) 5466M->2729M(6144M), 0.0497767 secs]
2018-03-27T18:45:04.707+0200: 25157.981: [GC pause (G1 Evacuation Pause) (young) 5463M->2735M(6144M), 0.0472644 secs]
2018-03-27T18:45:07.213+0200: 25160.487: [GC pause (G1 Evacuation Pause) (young) 5459M->2731M(6144M), 0.0470523 secs]
2018-03-27T18:45:08.872+0200: 25162.145: [GC pause (G1 Evacuation Pause) (young) 5465M->2732M(6144M), 0.0503883 secs]
2018-03-27T18:45:10.767+0200: 25164.041: [GC pause (G1 Evacuation Pause) (young) 5468M->2735M(6144M), 0.0740914 secs]
2018-03-27T18:45:13.468+0200: 25166.742: [GC pause (G1 Evacuation Pause) (young) 5465M->2738M(6144M), 0.0456156 secs]
2018-03-27T18:45:15.249+0200: 25168.523: [GC pause (G1 Evacuation Pause) (young) 5466M->2740M(6144M), 0.0430934 secs]
2018-03-27T18:45:17.669+0200: 25170.943: [GC pause (G1 Evacuation Pause) (young) 5466M->2741M(6144M), 0.0536684 secs]
2018-03-27T18:45:20.075+0200: 25173.349: [GC pause (G1 Evacuation Pause) (young) 5469M->2742M(6144M), 0.0382470 secs]
2018-03-27T18:45:22.778+0200: 25176.052: [GC pause (G1 Evacuation Pause) (young) 5468M->2745M(6144M), 0.0372908 secs]
2018-03-27T18:45:25.250+0200: 25178.524: [GC pause (G1 Evacuation Pause) (young) 5469M->2750M(6144M), 0.0474070 secs]
2018-03-27T18:45:27.723+0200: 25180.997: [GC pause (G1 Evacuation Pause) (young) 5462M->2750M(6144M), 0.0589100 secs]
2018-03-27T18:45:30.227+0200: 25183.501: [GC pause (G1 Evacuation Pause) (young) 5466M->2750M(6144M), 0.0578193 secs]
2018-03-27T18:45:33.361+0200: 25186.634: [GC pause (G1 Evacuation Pause) (young) 5468M->2751M(6144M), 0.0377130 secs]
2018-03-27T18:45:35.659+0200: 25188.933: [GC pause (G1 Evacuation Pause) (young) 5469M->2753M(6144M), 0.0345414 secs]
2018-03-27T18:45:38.257+0200: 25191.530: [GC pause (G1 Evacuation Pause) (young) 5471M->2757M(6144M), 0.0361654 secs]
2018-03-27T18:45:41.061+0200: 25194.335: [GC pause (G1 Evacuation Pause) (young) 5469M->2757M(6144M), 0.0404768 secs]
2018-03-27T18:45:43.674+0200: 25196.948: [GC pause (G1 Evacuation Pause) (young) 5471M->2761M(6144M), 0.0389445 secs]
2018-03-27T18:45:45.738+0200: 25199.011: [GC pause (G1 Evacuation Pause) (young) 5469M->2760M(6144M), 0.0512522 secs]
2018-03-27T18:45:48.187+0200: 25201.461: [GC pause (G1 Evacuation Pause) (young) 5470M->2762M(6144M), 0.0385396 secs]
2018-03-27T18:45:50.734+0200: 25204.008: [GC pause (G1 Evacuation Pause) (young) 5470M->2765M(6144M), 0.0364328 secs]
2018-03-27T18:45:53.130+0200: 25206.403: [GC pause (G1 Evacuation Pause) (young) 5467M->2764M(6144M), 0.0372653 secs]
2018-03-27T18:45:55.513+0200: 25208.787: [GC pause (G1 Evacuation Pause) (young) 5470M->2769M(6144M), 0.0380115 secs]
2018-03-27T18:45:58.369+0200: 25211.642: [GC pause (G1 Evacuation Pause) (young) 5469M->2772M(6144M), 0.0426683 secs]
2018-03-27T18:46:01.157+0200: 25214.430: [GC pause (G1 Evacuation Pause) (young) 5464M->2773M(6144M), 0.0414810 secs]
2018-03-27T18:46:03.616+0200: 25216.890: [GC pause (G1 Evacuation Pause) (young) 5467M->2776M(6144M), 0.0453667 secs]
2018-03-27T18:46:05.858+0200: 25219.132: [GC pause (G1 Evacuation Pause) (young) 5468M->2779M(6144M), 0.0388972 secs]
2018-03-27T18:46:08.212+0200: 25221.485: [GC pause (G1 Evacuation Pause) (young) 5465M->2780M(6144M), 0.0395715 secs]
2018-03-27T18:46:10.871+0200: 25224.145: [GC pause (G1 Evacuation Pause) (young) 5468M->2782M(6144M), 0.0395426 secs]
2018-03-27T18:46:13.182+0200: 25226.456: [GC pause (G1 Evacuation Pause) (young) 5464M->2784M(6144M), 0.0569235 secs]
2018-03-27T18:46:15.454+0200: 25228.728: [GC pause (GCLocker Initiated GC) (young) 5466M->2784M(6144M), 0.0458011 secs]
2018-03-27T18:46:17.828+0200: 25231.102: [GC pause (GCLocker Initiated GC) (young) 5476M->2786M(6144M), 0.0475594 secs]
2018-03-27T18:46:20.154+0200: 25233.428: [GC pause (G1 Evacuation Pause) (young) 5468M->2788M(6144M), 0.0437289 secs]
2018-03-27T18:46:22.482+0200: 25235.755: [GC pause (GCLocker Initiated GC) (young) 5468M->2791M(6144M), 0.0434590 secs]
2018-03-27T18:46:24.358+0200: 25237.631: [GC pause (GCLocker Initiated GC) (young) 5467M->2793M(6144M), 0.0358620 secs]
2018-03-27T18:46:26.734+0200: 25240.007: [GC pause (G1 Evacuation Pause) (young) 5465M->2795M(6144M), 0.0402992 secs]
2018-03-27T18:46:29.172+0200: 25242.445: [GC pause (G1 Evacuation Pause) (young) 5465M->2795M(6144M), 0.0346346 secs]
2018-03-27T18:46:31.662+0200: 25244.936: [GC pause (G1 Evacuation Pause) (young) 5467M->2801M(6144M), 0.0361662 secs]
2018-03-27T18:46:34.297+0200: 25247.570: [GC pause (GCLocker Initiated GC) (young) 5469M->2799M(6144M), 0.0436338 secs]
2018-03-27T18:46:36.495+0200: 25249.769: [GC pause (G1 Evacuation Pause) (young) 5469M->2800M(6144M), 0.0425484 secs]
2018-03-27T18:46:39.420+0200: 25252.694: [GC pause (GCLocker Initiated GC) (young) 5482M->2804M(6144M), 0.0504989 secs]
2018-03-27T18:46:42.186+0200: 25255.459: [GC pause (GCLocker Initiated GC) (young) 5472M->2807M(6144M), 0.0395302 secs]
2018-03-27T18:46:44.960+0200: 25258.234: [GC pause (G1 Evacuation Pause) (young) 5467M->2809M(6144M), 0.0531798 secs]
2018-03-27T18:46:47.480+0200: 25260.754: [GC pause (G1 Evacuation Pause) (young) 5467M->2811M(6144M), 0.0387062 secs]
2018-03-27T18:46:49.872+0200: 25263.145: [GC pause (G1 Evacuation Pause) (young) 5467M->2812M(6144M), 0.0662928 secs]
2018-03-27T18:46:52.027+0200: 25265.301: [GC pause (G1 Evacuation Pause) (young) 5466M->2815M(6144M), 0.0510150 secs]
2018-03-27T18:46:54.537+0200: 25267.810: [GC pause (G1 Evacuation Pause) (young) 5463M->2816M(6144M), 0.0378437 secs]
2018-03-27T18:46:57.053+0200: 25270.327: [GC pause (G1 Evacuation Pause) (young) 5466M->2817M(6144M), 0.0546516 secs]
2018-03-27T18:46:59.304+0200: 25272.577: [GC pause (G1 Evacuation Pause) (young) 5465M->2823M(6144M), 0.0437686 secs]
2018-03-27T18:47:01.398+0200: 25274.671: [GC pause (G1 Evacuation Pause) (young) (initial-mark) 5465M->2821M(6144M), 0.0451151 secs]
2018-03-27T18:47:01.443+0200: 25274.717: [GC concurrent-root-region-scan-start]
2018-03-27T18:47:01.473+0200: 25274.746: [GC concurrent-root-region-scan-end, 0.0295661 secs]
2018-03-27T18:47:01.473+0200: 25274.746: [GC concurrent-mark-start]
2018-03-27T18:47:03.780+0200: 25277.054: [GC pause (G1 Evacuation Pause) (young) 5467M->2823M(6144M), 0.0403256 secs]
2018-03-27T18:47:04.579+0200: 25277.852: [GC concurrent-mark-end, 3.1060330 secs]
2018-03-27T18:47:04.583+0200: 25277.856: [GC remark, 0.3587839 secs]
2018-03-27T18:47:04.960+0200: 25278.233: [GC cleanup 3741M->3741M(6144M), 0.0270882 secs]
2018-03-27T18:47:05.551+0200: 25278.825: [GC pause (G1 Evacuation Pause) (young) 4417M->2826M(6144M), 0.0645921 secs]
2018-03-27T18:47:05.747+0200: 25279.020: [GC pause (G1 Evacuation Pause) (mixed) 3102M->2518M(6144M), 0.1772234 secs]
2018-03-27T18:47:06.041+0200: 25279.315: [GC pause (G1 Evacuation Pause) (young) 2796M->2514M(6144M), 0.0833764 secs]
2018-03-27T18:47:06.228+0200: 25279.502: [GC pause (G1 Evacuation Pause) (young) 2796M->2518M(6144M), 0.0230482 secs]
2018-03-27T18:47:06.359+0200: 25279.633: [GC pause (G1 Evacuation Pause) (young) 2796M->2518M(6144M), 0.0241457 secs]
2018-03-27T18:47:06.515+0200: 25279.788: [GC pause (G1 Evacuation Pause) (young) 2796M->2519M(6144M), 0.0236559 secs]
2018-03-27T18:47:06.683+0200: 25279.957: [GC pause (GCLocker Initiated GC) (young) 2797M->2519M(6144M), 0.0234237 secs]
2018-03-27T18:47:06.870+0200: 25280.144: [GC pause (G1 Evacuation Pause) (young) 2797M->2518M(6144M), 0.0375231 secs]
2018-03-27T18:47:07.153+0200: 25280.427: [GC pause (G1 Evacuation Pause) (young) 2796M->2516M(6144M), 0.0266991 secs]
2018-03-27T18:47:07.381+0200: 25280.655: [GC pause (G1 Evacuation Pause) (young) 2796M->2520M(6144M), 0.0264940 secs]
2018-03-27T18:47:07.603+0200: 25280.876: [GC pause (G1 Evacuation Pause) (young) 2796M->2521M(6144M), 0.0540709 secs]
2018-03-27T18:47:07.882+0200: 25281.156: [GC pause (G1 Evacuation Pause) (young) 2797M->2518M(6144M), 0.0532207 secs]
2018-03-27T18:47:08.311+0200: 25281.584: [GC pause (GCLocker Initiated GC) (young) 2808M->2522M(6144M), 0.0347764 secs]
2018-03-27T18:47:08.650+0200: 25281.924: [GC pause (G1 Evacuation Pause) (young) 2800M->2523M(6144M), 0.0419817 secs]
2018-03-27T18:47:11.417+0200: 25284.690: [GC pause (G1 Evacuation Pause) (young) 5467M->2524M(6144M), 0.0519986 secs]
2018-03-27T18:47:14.076+0200: 25287.350: [GC pause (G1 Evacuation Pause) (young) 5476M->2530M(6144M), 0.0328083 secs]
2018-03-27T18:47:16.173+0200: 25289.447: [GC pause (G1 Evacuation Pause) (young) 5484M->2538M(6144M), 0.0308257 secs]
2018-03-27T18:47:18.395+0200: 25291.669: [GC pause (G1 Evacuation Pause) (young) 5490M->2545M(6144M), 0.0399545 secs]
2018-03-27T18:47:21.340+0200: 25294.614: [GC pause (G1 Evacuation Pause) (young) 5483M->2546M(6144M), 0.0338065 secs]
2018-03-27T18:47:23.506+0200: 25296.780: [GC pause (G1 Evacuation Pause) (young) 5484M->2550M(6144M), 0.0500171 secs]
2018-03-27T18:47:25.715+0200: 25298.989: [GC pause (G1 Evacuation Pause) (young) 5480M->2552M(6144M), 0.0340693 secs]
2018-03-27T18:47:28.444+0200: 25301.717: [GC pause (G1 Evacuation Pause) (young) 5478M->2558M(6144M), 0.0340876 secs]
2018-03-27T18:47:31.358+0200: 25304.632: [GC pause (GCLocker Initiated GC) (young) 5475M->2557M(6144M), 0.0507758 secs]
2018-03-27T18:47:35.352+0200: 25308.626: [GC pause (G1 Evacuation Pause) (young) 5475M->2560M(6144M), 0.0416024 secs]
2018-03-27T18:47:37.539+0200: 25310.813: [GC pause (G1 Evacuation Pause) (young) 5470M->2563M(6144M), 0.0364174 secs]
2018-03-27T18:47:40.086+0200: 25313.359: [GC pause (G1 Evacuation Pause) (young) 5467M->2564M(6144M), 0.0404456 secs]
2018-03-27T18:47:42.489+0200: 25315.763: [GC pause (G1 Evacuation Pause) (young) 5468M->2567M(6144M), 0.0576061 secs]
2018-03-27T18:47:45.200+0200: 25318.474: [GC pause (G1 Evacuation Pause) (young) 5463M->2569M(6144M), 0.0565927 secs]
2018-03-27T18:47:48.241+0200: 25321.515: [GC pause (G1 Evacuation Pause) (young) 5461M->2568M(6144M), 0.0411949 secs]
2018-03-27T18:47:50.924+0200: 25324.198: [GC pause (G1 Evacuation Pause) (young) 5464M->2570M(6144M), 0.0425018 secs]
2018-03-27T18:47:53.293+0200: 25326.567: [GC pause (G1 Evacuation Pause) (young) 5464M->2570M(6144M), 0.0471372 secs]
2018-03-27T18:47:56.026+0200: 25329.300: [GC pause (G1 Evacuation Pause) (young) 5466M->2575M(6144M), 0.0382256 secs]
2018-03-27T18:47:58.634+0200: 25331.908: [GC pause (G1 Evacuation Pause) (young) 5465M->2577M(6144M), 0.0423259 secs]
2018-03-27T18:48:01.067+0200: 25334.341: [GC pause (G1 Evacuation Pause) (young) 5461M->2580M(6144M), 0.0394903 secs]
2018-03-27T18:48:03.115+0200: 25336.388: [GC pause (G1 Evacuation Pause) (young) 5462M->2578M(6144M), 0.0538837 secs]
2018-03-27T18:48:06.315+0200: 25339.589: [GC pause (GCLocker Initiated GC) (young) 5468M->2580M(6144M), 0.0507393 secs]
2018-03-27T18:48:09.037+0200: 25342.311: [GC pause (G1 Evacuation Pause) (young) 5466M->2583M(6144M), 0.0562544 secs]
2018-03-27T18:48:11.686+0200: 25344.959: [GC pause (G1 Evacuation Pause) (young) 5463M->2586M(6144M), 0.0515936 secs]
2018-03-27T18:48:14.234+0200: 25347.507: [GC pause (G1 Evacuation Pause) (young) 5464M->2588M(6144M), 0.0481616 secs]
2018-03-27T18:48:16.770+0200: 25350.044: [GC pause (G1 Evacuation Pause) (young) 5464M->2586M(6144M), 0.0430639 secs]
2018-03-27T18:48:19.470+0200: 25352.744: [GC pause (G1 Evacuation Pause) (young) 5468M->2590M(6144M), 0.0397799 secs]
2018-03-27T18:48:21.909+0200: 25355.182: [GC pause (G1 Evacuation Pause) (young) 5466M->2595M(6144M), 0.0442715 secs]
2018-03-27T18:48:24.090+0200: 25357.364: [GC pause (G1 Evacuation Pause) (young) 5465M->2599M(6144M), 0.0499597 secs]
2018-03-27T18:48:26.150+0200: 25359.424: [GC pause (G1 Evacuation Pause) (young) 5463M->2599M(6144M), 0.0456795 secs]
2018-03-27T18:48:28.599+0200: 25361.873: [GC pause (G1 Evacuation Pause) (young) 5463M->2602M(6144M), 0.0496828 secs]
2018-03-27T18:48:31.212+0200: 25364.486: [GC pause (GCLocker Initiated GC) (young) 5465M->2605M(6144M), 0.0528489 secs]
2018-03-27T18:48:33.241+0200: 25366.514: [GC pause (G1 Evacuation Pause) (young) 5461M->2605M(6144M), 0.0451539 secs]
2018-03-27T18:48:35.643+0200: 25368.917: [GC pause (G1 Evacuation Pause) (young) 5463M->2606M(6144M), 0.0424585 secs]
2018-03-27T18:48:38.132+0200: 25371.406: [GC pause (G1 Evacuation Pause) (young) 5466M->2611M(6144M), 0.0375199 secs]
2018-03-27T18:48:40.966+0200: 25374.240: [GC pause (G1 Evacuation Pause) (young) 5461M->2611M(6144M), 0.0412487 secs]
2018-03-27T18:48:43.798+0200: 25377.072: [GC pause (G1 Evacuation Pause) (young) 5463M->2614M(6144M), 0.0417633 secs]
2018-03-27T18:48:46.450+0200: 25379.724: [GC pause (G1 Evacuation Pause) (young) 5460M->2615M(6144M), 0.0422051 secs]
2018-03-27T18:48:49.455+0200: 25382.729: [GC pause (G1 Evacuation Pause) (young) 5463M->2614M(6144M), 0.0499641 secs]
2018-03-27T18:48:52.171+0200: 25385.445: [GC pause (G1 Evacuation Pause) (young) 5464M->2620M(6144M), 0.0368965 secs]
2018-03-27T18:48:55.431+0200: 25388.705: [GC pause (G1 Evacuation Pause) (young) 5464M->2621M(6144M), 0.0403303 secs]
2018-03-27T18:48:58.179+0200: 25391.453: [GC pause (G1 Evacuation Pause) (young) 5467M->2622M(6144M), 0.0389766 secs]
2018-03-27T18:49:00.963+0200: 25394.237: [GC pause (G1 Evacuation Pause) (young) 5466M->2624M(6144M), 0.0363110 secs]
2018-03-27T18:49:03.281+0200: 25396.554: [GC pause (G1 Evacuation Pause) (young) 5466M->2629M(6144M), 0.0383949 secs]
2018-03-27T18:49:05.354+0200: 25398.628: [GC pause (G1 Evacuation Pause) (young) 5465M->2630M(6144M), 0.0357826 secs]
2018-03-27T18:49:08.306+0200: 25401.580: [GC pause (G1 Evacuation Pause) (young) 5464M->2634M(6144M), 0.0464320 secs]
2018-03-27T18:49:11.212+0200: 25404.486: [GC pause (G1 Evacuation Pause) (young) 5462M->2634M(6144M), 0.0419732 secs]
2018-03-27T18:49:14.000+0200: 25407.274: [GC pause (GCLocker Initiated GC) (young) 5466M->2636M(6144M), 0.0387107 secs]
2018-03-27T18:49:16.487+0200: 25409.761: [GC pause (G1 Evacuation Pause) (young) 5466M->2638M(6144M), 0.0370773 secs]
2018-03-27T18:49:19.189+0200: 25412.463: [GC pause (G1 Evacuation Pause) (young) 5466M->2643M(6144M), 0.0348643 secs]
2018-03-27T18:49:21.695+0200: 25414.968: [GC pause (G1 Evacuation Pause) (young) 5461M->2644M(6144M), 0.0401677 secs]
2018-03-27T18:49:23.994+0200: 25417.268: [GC pause (GCLocker Initiated GC) (young) 5504M->2642M(6144M), 0.0391389 secs]
2018-03-27T18:49:26.501+0200: 25419.775: [GC pause (G1 Evacuation Pause) (young) 5468M->2648M(6144M), 0.0379749 secs]
2018-03-27T18:49:29.134+0200: 25422.408: [GC pause (G1 Evacuation Pause) (young) 5464M->2646M(6144M), 0.0451321 secs]
2018-03-27T18:49:31.818+0200: 25425.091: [GC pause (G1 Evacuation Pause) (young) 5468M->2647M(6144M), 0.0667333 secs]
2018-03-27T18:49:34.612+0200: 25427.886: [GC pause (G1 Evacuation Pause) (young) 5467M->2652M(6144M), 0.0453907 secs]
2018-03-27T18:49:37.246+0200: 25430.520: [GC pause (G1 Evacuation Pause) (young) 5466M->2652M(6144M), 0.0409930 secs]
2018-03-27T18:49:40.238+0200: 25433.512: [GC pause (G1 Evacuation Pause) (young) 5464M->2658M(6144M), 0.0443014 secs]
2018-03-27T18:49:43.061+0200: 25436.335: [GC pause (G1 Evacuation Pause) (young) 5462M->2654M(6144M), 0.0485967 secs]
2018-03-27T18:49:45.582+0200: 25438.855: [GC pause (G1 Evacuation Pause) (young) 5468M->2661M(6144M), 0.0344732 secs]
2018-03-27T18:49:48.363+0200: 25441.637: [GC pause (G1 Evacuation Pause) (young) 5461M->2660M(6144M), 0.0449563 secs]
2018-03-27T18:49:51.343+0200: 25444.617: [GC pause (G1 Evacuation Pause) (young) 5466M->2665M(6144M), 0.0595126 secs]
2018-03-27T18:49:54.092+0200: 25447.366: [GC pause (G1 Evacuation Pause) (young) 5461M->2666M(6144M), 0.0491563 secs]
2018-03-27T18:49:57.222+0200: 25450.495: [GC pause (G1 Evacuation Pause) (young) 5464M->2666M(6144M), 0.0422235 secs]
2018-03-27T18:50:00.046+0200: 25453.320: [GC pause (G1 Evacuation Pause) (young) 5466M->2670M(6144M), 0.0521396 secs]
2018-03-27T18:50:02.282+0200: 25455.556: [GC pause (G1 Evacuation Pause) (young) 5464M->2673M(6144M), 0.0472782 secs]
2018-03-27T18:50:05.440+0200: 25458.714: [GC pause (G1 Evacuation Pause) (young) 5465M->2674M(6144M), 0.0992369 secs]
2018-03-27T18:50:07.882+0200: 25461.156: [GC pause (G1 Evacuation Pause) (young) 5464M->2675M(6144M), 0.0642830 secs]
2018-03-27T18:50:10.954+0200: 25464.228: [GC pause (G1 Evacuation Pause) (young) 5463M->2675M(6144M), 0.0532289 secs]
2018-03-27T18:50:14.073+0200: 25467.347: [GC pause (G1 Evacuation Pause) (young) 5465M->2679M(6144M), 0.0551734 secs]
2018-03-27T18:50:16.802+0200: 25470.075: [GC pause (G1 Evacuation Pause) (young) 5463M->2680M(6144M), 0.0540120 secs]
2018-03-27T18:50:18.906+0200: 25472.179: [GC pause (G1 Evacuation Pause) (young) 5466M->2682M(6144M), 0.0530218 secs]
2018-03-27T18:50:21.712+0200: 25474.986: [GC pause (G1 Evacuation Pause) (young) 5466M->2684M(6144M), 0.0454723 secs]
2018-03-27T18:50:23.887+0200: 25477.161: [GC pause (G1 Evacuation Pause) (young) 5466M->2684M(6144M), 0.0439303 secs]
2018-03-27T18:50:26.844+0200: 25480.118: [GC pause (G1 Evacuation Pause) (young) 5468M->2687M(6144M), 0.0582387 secs]
2018-03-27T18:50:29.641+0200: 25482.915: [GC pause (G1 Evacuation Pause) (young) 5469M->2688M(6144M), 0.0470098 secs]
2018-03-27T18:50:32.174+0200: 25485.448: [GC pause (G1 Evacuation Pause) (young) 5468M->2688M(6144M), 0.0505590 secs]
2018-03-27T18:50:34.857+0200: 25488.131: [GC pause (G1 Evacuation Pause) (young) 5470M->2693M(6144M), 0.0463148 secs]
2018-03-27T18:50:37.192+0200: 25490.466: [GC pause (G1 Evacuation Pause) (young) 5467M->2693M(6144M), 0.0447492 secs]
2018-03-27T18:50:39.645+0200: 25492.918: [GC pause (G1 Evacuation Pause) (young) 5469M->2697M(6144M), 0.0378373 secs]
2018-03-27T18:50:42.726+0200: 25496.000: [GC pause (G1 Evacuation Pause) (young) 5467M->2699M(6144M), 0.0400547 secs]
2018-03-27T18:50:44.987+0200: 25498.261: [GC pause (G1 Evacuation Pause) (young) 5467M->2700M(6144M), 0.0404528 secs]
2018-03-27T18:50:47.516+0200: 25500.790: [GC pause (GCLocker Initiated GC) (young) 5470M->2699M(6144M), 0.0487390 secs]
2018-03-27T18:50:50.595+0200: 25503.868: [GC pause (G1 Evacuation Pause) (young) 5471M->2703M(6144M), 0.0464559 secs]
2018-03-27T18:50:53.637+0200: 25506.911: [GC pause (G1 Evacuation Pause) (young) 5469M->2710M(6144M), 0.0463988 secs]
2018-03-27T18:50:56.346+0200: 25509.620: [GC pause (GCLocker Initiated GC) (young) 5467M->2709M(6144M), 0.0468206 secs]
2018-03-27T18:50:59.117+0200: 25512.391: [GC pause (G1 Evacuation Pause) (young) 5467M->2707M(6144M), 0.0546647 secs]
2018-03-27T18:51:01.530+0200: 25514.803: [GC pause (G1 Evacuation Pause) (young) 5471M->2711M(6144M), 0.0386127 secs]
2018-03-27T18:51:04.518+0200: 25517.792: [GC pause (G1 Evacuation Pause) (young) 5469M->2712M(6144M), 0.0454713 secs]
2018-03-27T18:51:07.472+0200: 25520.746: [GC pause (G1 Evacuation Pause) (young) 5468M->2717M(6144M), 0.0392044 secs]
2018-03-27T18:51:10.378+0200: 25523.652: [GC pause (G1 Evacuation Pause) (young) 5467M->2719M(6144M), 0.0567424 secs]
2018-03-27T18:51:12.840+0200: 25526.114: [GC pause (G1 Evacuation Pause) (young) 5467M->2721M(6144M), 0.0370816 secs]
2018-03-27T18:51:14.802+0200: 25528.076: [GC pause (G1 Evacuation Pause) (young) 5467M->2723M(6144M), 0.0424427 secs]
2018-03-27T18:51:17.415+0200: 25530.689: [GC pause (G1 Evacuation Pause) (young) 5469M->2724M(6144M), 0.0418035 secs]
2018-03-27T18:51:19.969+0200: 25533.243: [GC pause (GCLocker Initiated GC) (young) 5470M->2724M(6144M), 0.0388883 secs]
2018-03-27T18:51:22.840+0200: 25536.114: [GC pause (G1 Evacuation Pause) (young) 5470M->2728M(6144M), 0.0376503 secs]
2018-03-27T18:51:25.599+0200: 25538.872: [GC pause (G1 Evacuation Pause) (young) 5464M->2730M(6144M), 0.0413440 secs]
2018-03-27T18:51:28.265+0200: 25541.539: [GC pause (G1 Evacuation Pause) (young) 5464M->2731M(6144M), 0.0420246 secs]
2018-03-27T18:51:31.191+0200: 25544.465: [GC pause (G1 Evacuation Pause) (young) 5469M->2733M(6144M), 0.0405727 secs]
2018-03-27T18:51:33.510+0200: 25546.784: [GC pause (G1 Evacuation Pause) (young) 5469M->2732M(6144M), 0.0345173 secs]
2018-03-27T18:51:36.389+0200: 25549.663: [GC pause (GCLocker Initiated GC) (young) 5472M->2738M(6144M), 0.0396495 secs]
2018-03-27T18:51:38.228+0200: 25551.502: [GC pause (G1 Evacuation Pause) (young) 5466M->2734M(6144M), 0.0445485 secs]
2018-03-27T18:51:41.526+0200: 25554.800: [GC pause (G1 Evacuation Pause) (young) 5472M->2739M(6144M), 0.0377615 secs]
2018-03-27T18:51:44.111+0200: 25557.384: [GC pause (G1 Evacuation Pause) (young) 5467M->2744M(6144M), 0.0383866 secs]
2018-03-27T18:51:46.666+0200: 25559.939: [GC pause (G1 Evacuation Pause) (young) 5466M->2742M(6144M), 0.0519328 secs]
2018-03-27T18:51:49.117+0200: 25562.390: [GC pause (G1 Evacuation Pause) (young) 5470M->2747M(6144M), 0.0418792 secs]
2018-03-27T18:51:52.288+0200: 25565.562: [GC pause (G1 Evacuation Pause) (young) 5465M->2750M(6144M), 0.0380578 secs]
2018-03-27T18:51:54.954+0200: 25568.228: [GC pause (G1 Evacuation Pause) (young) 5462M->2748M(6144M), 0.0406515 secs]
2018-03-27T18:51:57.526+0200: 25570.799: [GC pause (G1 Evacuation Pause) (young) 5466M->2751M(6144M), 0.0394579 secs]
2018-03-27T18:51:59.371+0200: 25572.645: [GC pause (G1 Evacuation Pause) (young) 5469M->2752M(6144M), 0.0370378 secs]
2018-03-27T18:52:02.214+0200: 25575.488: [GC pause (G1 Evacuation Pause) (young) 5468M->2755M(6144M), 0.0473521 secs]
2018-03-27T18:52:05.659+0200: 25578.932: [GC pause (G1 Evacuation Pause) (young) 5469M->2755M(6144M), 0.0431567 secs]
2018-03-27T18:52:07.586+0200: 25580.860: [GC pause (G1 Evacuation Pause) (young) 5471M->2756M(6144M), 0.0495721 secs]
2018-03-27T18:52:09.798+0200: 25583.072: [GC pause (GCLocker Initiated GC) (young) 5473M->2764M(6144M), 0.0450690 secs]
2018-03-27T18:52:12.447+0200: 25585.720: [GC pause (GCLocker Initiated GC) (young) 5464M->2762M(6144M), 0.0669803 secs]
2018-03-27T18:52:15.866+0200: 25589.140: [GC pause (G1 Evacuation Pause) (young) 5468M->2762M(6144M), 0.0462249 secs]
2018-03-27T18:52:18.554+0200: 25591.827: [GC pause (G1 Evacuation Pause) (young) 5466M->2766M(6144M), 0.0459458 secs]
2018-03-27T18:52:21.487+0200: 25594.761: [GC pause (G1 Evacuation Pause) (young) 5468M->2771M(6144M), 0.0408628 secs]
2018-03-27T18:52:23.690+0200: 25596.964: [GC pause (G1 Evacuation Pause) (young) 5463M->2772M(6144M), 0.0354265 secs]
2018-03-27T18:52:26.087+0200: 25599.361: [GC pause (G1 Evacuation Pause) (young) 5466M->2773M(6144M), 0.0379256 secs]
2018-03-27T18:52:28.489+0200: 25601.763: [GC pause (GCLocker Initiated GC) (young) 5468M->2774M(6144M), 0.0415695 secs]
2018-03-27T18:52:31.397+0200: 25604.670: [GC pause (G1 Evacuation Pause) (young) 5468M->2777M(6144M), 0.0404531 secs]
2018-03-27T18:52:34.692+0200: 25607.966: [GC pause (G1 Evacuation Pause) (young) 5465M->2777M(6144M), 0.0351702 secs]
2018-03-27T18:52:37.001+0200: 25610.275: [GC pause (G1 Evacuation Pause) (young) 5467M->2781M(6144M), 0.0377653 secs]
2018-03-27T18:52:40.276+0200: 25613.550: [GC pause (G1 Evacuation Pause) (young) 5467M->2781M(6144M), 0.0367896 secs]
2018-03-27T18:52:43.834+0200: 25617.108: [GC pause (G1 Evacuation Pause) (young) 5469M->2785M(6144M), 0.0440721 secs]
2018-03-27T18:52:46.926+0200: 25620.200: [GC pause (G1 Evacuation Pause) (young) 5467M->2784M(6144M), 0.0368556 secs]
2018-03-27T18:52:50.164+0200: 25623.438: [GC pause (GCLocker Initiated GC) (young) 5468M->2786M(6144M), 0.0404737 secs]
2018-03-27T18:52:52.991+0200: 25626.265: [GC pause (G1 Evacuation Pause) (young) 5468M->2791M(6144M), 0.0377115 secs]
2018-03-27T18:52:55.979+0200: 25629.253: [GC pause (G1 Evacuation Pause) (young) 5463M->2791M(6144M), 0.0561478 secs]
2018-03-27T18:52:58.586+0200: 25631.859: [GC pause (G1 Evacuation Pause) (young) 5475M->2789M(6144M), 0.0419746 secs]
2018-03-27T18:53:01.467+0200: 25634.741: [GC pause (G1 Evacuation Pause) (young) 5471M->2792M(6144M), 0.0378023 secs]
2018-03-27T18:53:04.561+0200: 25637.834: [GC pause (G1 Evacuation Pause) (young) 5470M->2793M(6144M), 0.0435605 secs]
2018-03-27T18:53:07.712+0200: 25640.986: [GC pause (G1 Evacuation Pause) (young) 5469M->2794M(6144M), 0.0440627 secs]
2018-03-27T18:53:10.264+0200: 25643.538: [GC pause (GCLocker Initiated GC) (young) 5478M->2798M(6144M), 0.0500422 secs]
2018-03-27T18:53:12.317+0200: 25645.590: [GC pause (G1 Evacuation Pause) (young) 5470M->2797M(6144M), 0.0454022 secs]
2018-03-27T18:53:14.647+0200: 25647.921: [GC pause (G1 Evacuation Pause) (young) 5471M->2802M(6144M), 0.0431008 secs]
2018-03-27T18:53:17.036+0200: 25650.310: [GC pause (G1 Evacuation Pause) (young) 5470M->2803M(6144M), 0.0552088 secs]
2018-03-27T18:53:19.198+0200: 25652.471: [GC pause (G1 Evacuation Pause) (young) 5469M->2809M(6144M), 0.0398684 secs]
2018-03-27T18:53:22.109+0200: 25655.382: [GC pause (G1 Evacuation Pause) (young) 5467M->2810M(6144M), 0.0364335 secs]
2018-03-27T18:53:24.295+0200: 25657.569: [GC pause (G1 Evacuation Pause) (young) 5466M->2811M(6144M), 0.0416127 secs]
2018-03-27T18:53:26.458+0200: 25659.732: [GC pause (GCLocker Initiated GC) (young) 5470M->2812M(6144M), 0.0400301 secs]
2018-03-27T18:53:29.415+0200: 25662.689: [GC pause (G1 Evacuation Pause) (young) 5468M->2813M(6144M), 0.0370387 secs]
2018-03-27T18:53:32.159+0200: 25665.433: [GC pause (G1 Evacuation Pause) (young) 5467M->2814M(6144M), 0.0391528 secs]
2018-03-27T18:53:34.467+0200: 25667.741: [GC pause (G1 Evacuation Pause) (young) 5470M->2816M(6144M), 0.0376259 secs]
2018-03-27T18:53:37.243+0200: 25670.516: [GC pause (G1 Evacuation Pause) (young) (initial-mark) 5470M->2820M(6144M), 0.0707598 secs]
2018-03-27T18:53:37.314+0200: 25670.587: [GC concurrent-root-region-scan-start]
2018-03-27T18:53:37.401+0200: 25670.675: [GC concurrent-root-region-scan-end, 0.0875169 secs]
2018-03-27T18:53:37.401+0200: 25670.675: [GC concurrent-mark-start]
2018-03-27T18:53:40.571+0200: 25673.845: [GC pause (G1 Evacuation Pause) (young) 5468M->2821M(6144M), 0.0379553 secs]
2018-03-27T18:53:40.621+0200: 25673.894: [GC concurrent-mark-end, 3.2194028 secs]
2018-03-27T18:53:40.624+0200: 25673.898: [GC remark, 0.3700122 secs]
2018-03-27T18:53:40.997+0200: 25674.271: [GC cleanup 2846M->2846M(6144M), 0.0243398 secs]
2018-03-27T18:53:41.602+0200: 25674.876: [GC pause (G1 Evacuation Pause) (young) 3551M->2824M(6144M), 0.0705951 secs]
2018-03-27T18:53:41.825+0200: 25675.099: [GC pause (G1 Evacuation Pause) (mixed) 3102M->2508M(6144M), 0.1957657 secs]
2018-03-27T18:53:42.202+0200: 25675.476: [GC pause (G1 Evacuation Pause) (young) 2790M->2508M(6144M), 0.0827783 secs]
2018-03-27T18:53:42.447+0200: 25675.721: [GC pause (G1 Evacuation Pause) (young) 2790M->2511M(6144M), 0.0227389 secs]
2018-03-27T18:53:42.770+0200: 25676.044: [GC pause (G1 Evacuation Pause) (young) 2789M->2509M(6144M), 0.0240201 secs]
2018-03-27T18:53:43.025+0200: 25676.299: [GC pause (G1 Evacuation Pause) (young) 2789M->2510M(6144M), 0.0236621 secs]
2018-03-27T18:53:43.460+0200: 25676.734: [GC pause (G1 Evacuation Pause) (young) 2790M->2512M(6144M), 0.0285660 secs]
2018-03-27T18:53:43.843+0200: 25677.117: [GC pause (GCLocker Initiated GC) (young) 2791M->2510M(6144M), 0.0265735 secs]
2018-03-27T18:53:44.031+0200: 25677.305: [GC pause (G1 Evacuation Pause) (young) 2790M->2514M(6144M), 0.0251474 secs]
2018-03-27T18:53:44.233+0200: 25677.507: [GC pause (G1 Evacuation Pause) (young) 2794M->2513M(6144M), 0.0264524 secs]
2018-03-27T18:53:44.595+0200: 25677.869: [GC pause (G1 Evacuation Pause) (young) 2793M->2515M(6144M), 0.0243580 secs]
2018-03-27T18:53:44.912+0200: 25678.186: [GC pause (G1 Evacuation Pause) (young) 2793M->2516M(6144M), 0.0238790 secs]
2018-03-27T18:53:45.225+0200: 25678.498: [GC pause (G1 Evacuation Pause) (young) 2794M->2514M(6144M), 0.0244473 secs]
2018-03-27T18:53:45.602+0200: 25678.876: [GC pause (GCLocker Initiated GC) (young) 2794M->2513M(6144M), 0.0239536 secs]
2018-03-27T18:53:45.941+0200: 25679.215: [GC pause (G1 Evacuation Pause) (young) 2793M->2515M(6144M), 0.0261351 secs]
2018-03-27T18:53:49.072+0200: 25682.345: [GC pause (G1 Evacuation Pause) (young) 5425M->2523M(6144M), 0.0493358 secs]
2018-03-27T18:53:51.707+0200: 25684.981: [GC pause (G1 Evacuation Pause) (young) 5445M->2527M(6144M), 0.0378244 secs]
2018-03-27T18:53:54.891+0200: 25688.165: [GC pause (G1 Evacuation Pause) (young) 5459M->2533M(6144M), 0.0340096 secs]
2018-03-27T18:53:57.916+0200: 25691.190: [GC pause (G1 Evacuation Pause) (young) 5473M->2537M(6144M), 0.0387016 secs]
2018-03-27T18:54:00.346+0200: 25693.619: [GC pause (G1 Evacuation Pause) (young) 5479M->2542M(6144M), 0.0368943 secs]
2018-03-27T18:54:03.497+0200: 25696.771: [GC pause (G1 Evacuation Pause) (young) 5482M->2547M(6144M), 0.0459681 secs]
2018-03-27T18:54:07.001+0200: 25700.275: [GC pause (G1 Evacuation Pause) (young) 5475M->2551M(6144M), 0.0587406 secs]
2018-03-27T18:54:09.471+0200: 25702.745: [GC pause (G1 Evacuation Pause) (young) 5475M->2549M(6144M), 0.0435064 secs]
2018-03-27T18:54:12.408+0200: 25705.681: [GC pause (G1 Evacuation Pause) (young) 5475M->2552M(6144M), 0.0363411 secs]
2018-03-27T18:54:15.304+0200: 25708.578: [GC pause (GCLocker Initiated GC) (young) 5474M->2555M(6144M), 0.0448225 secs]
2018-03-27T18:54:18.417+0200: 25711.691: [GC pause (G1 Evacuation Pause) (young) 5469M->2555M(6144M), 0.0441143 secs]
2018-03-27T18:54:21.354+0200: 25714.628: [GC pause (G1 Evacuation Pause) (young) 5469M->2557M(6144M), 0.0384178 secs]
2018-03-27T18:54:24.100+0200: 25717.374: [GC pause (G1 Evacuation Pause) (young) 5471M->2560M(6144M), 0.0414098 secs]
2018-03-27T18:54:26.852+0200: 25720.125: [GC pause (G1 Evacuation Pause) (young) 5466M->2561M(6144M), 0.0432365 secs]
2018-03-27T18:54:29.695+0200: 25722.969: [GC pause (GCLocker Initiated GC) (young) 5495M->2560M(6144M), 0.0461556 secs]
2018-03-27T18:54:33.050+0200: 25726.324: [GC pause (G1 Evacuation Pause) (young) 5466M->2562M(6144M), 0.0384296 secs]
2018-03-27T18:54:36.142+0200: 25729.415: [GC pause (G1 Evacuation Pause) (young) 5466M->2564M(6144M), 0.0370432 secs]
2018-03-27T18:54:39.060+0200: 25732.334: [GC pause (G1 Evacuation Pause) (young) 5466M->2568M(6144M), 0.0378858 secs]
2018-03-27T18:54:41.438+0200: 25734.712: [GC pause (G1 Evacuation Pause) (young) 5464M->2566M(6144M), 0.0405236 secs]
2018-03-27T18:54:44.372+0200: 25737.646: [GC pause (G1 Evacuation Pause) (young) 5468M->2568M(6144M), 0.0607103 secs]
2018-03-27T18:54:47.762+0200: 25741.036: [GC pause (GCLocker Initiated GC) (young) 5473M->2569M(6144M), 0.0428194 secs]
2018-03-27T18:54:50.302+0200: 25743.576: [GC pause (G1 Evacuation Pause) (young) 5467M->2574M(6144M), 0.0429841 secs]
2018-03-27T18:54:53.507+0200: 25746.781: [GC pause (G1 Evacuation Pause) (young) 5466M->2575M(6144M), 0.0587328 secs]
2018-03-27T18:54:55.813+0200: 25749.087: [GC pause (GCLocker Initiated GC) (young) 5465M->2583M(6144M), 0.0493284 secs]
2018-03-27T18:54:58.520+0200: 25751.794: [GC pause (G1 Evacuation Pause) (young) 5459M->2582M(6144M), 0.0401680 secs]
2018-03-27T18:55:00.694+0200: 25753.968: [GC pause (G1 Evacuation Pause) (young) 5460M->2581M(6144M), 0.0379313 secs]
2018-03-27T18:55:03.099+0200: 25756.373: [GC pause (G1 Evacuation Pause) (young) 5470M->2584M(6144M), 0.0465454 secs]
2018-03-27T18:55:06.073+0200: 25759.347: [GC pause (G1 Evacuation Pause) (young) 5464M->2585M(6144M), 0.0406897 secs]
2018-03-27T18:55:09.013+0200: 25762.287: [GC pause (G1 Evacuation Pause) (young) 5463M->2585M(6144M), 0.0362726 secs]
2018-03-27T18:55:11.755+0200: 25765.029: [GC pause (G1 Evacuation Pause) (young) 5465M->2588M(6144M), 0.0378084 secs]
2018-03-27T18:55:14.418+0200: 25767.691: [GC pause (G1 Evacuation Pause) (young) 5466M->2591M(6144M), 0.0384308 secs]
2018-03-27T18:55:17.357+0200: 25770.631: [GC pause (G1 Evacuation Pause) (young) 5463M->2591M(6144M), 0.0418530 secs]
2018-03-27T18:55:20.571+0200: 25773.844: [GC pause (G1 Evacuation Pause) (young) 5465M->2595M(6144M), 0.0385879 secs]
2018-03-27T18:55:23.071+0200: 25776.345: [GC pause (G1 Evacuation Pause) (young) 5463M->2595M(6144M), 0.0370232 secs]
2018-03-27T18:55:26.078+0200: 25779.351: [GC pause (G1 Evacuation Pause) (young) 5467M->2599M(6144M), 0.0396648 secs]
2018-03-27T18:55:28.869+0200: 25782.143: [GC pause (G1 Evacuation Pause) (young) 5461M->2602M(6144M), 0.0449335 secs]
2018-03-27T18:55:31.028+0200: 25784.302: [GC pause (G1 Evacuation Pause) (young) 5462M->2602M(6144M), 0.0490010 secs]
2018-03-27T18:55:34.186+0200: 25787.460: [GC pause (G1 Evacuation Pause) (young) 5464M->2601M(6144M), 0.0376812 secs]
2018-03-27T18:55:37.314+0200: 25790.588: [GC pause (G1 Evacuation Pause) (young) 5465M->2605M(6144M), 0.0482352 secs]
2018-03-27T18:55:40.030+0200: 25793.303: [GC pause (G1 Evacuation Pause) (young) 5463M->2605M(6144M), 0.0462712 secs]
2018-03-27T18:55:42.198+0200: 25795.472: [GC pause (GCLocker Initiated GC) (young) 5475M->2606M(6144M), 0.0412983 secs]
2018-03-27T18:55:45.338+0200: 25798.611: [GC pause (G1 Evacuation Pause) (young) 5464M->2610M(6144M), 0.0436215 secs]
2018-03-27T18:55:48.466+0200: 25801.740: [GC pause (G1 Evacuation Pause) (young) 5462M->2610M(6144M), 0.0383939 secs]
2018-03-27T18:55:51.114+0200: 25804.388: [GC pause (G1 Evacuation Pause) (young) 5464M->2612M(6144M), 0.0433997 secs]
2018-03-27T18:55:54.005+0200: 25807.279: [GC pause (G1 Evacuation Pause) (young) 5464M->2618M(6144M), 0.0376541 secs]
2018-03-27T18:55:56.621+0200: 25809.895: [GC pause (G1 Evacuation Pause) (young) 5462M->2618M(6144M), 0.0381246 secs]
2018-03-27T18:55:59.317+0200: 25812.591: [GC pause (G1 Evacuation Pause) (young) 5464M->2619M(6144M), 0.0441818 secs]
2018-03-27T18:56:01.794+0200: 25815.067: [GC pause (G1 Evacuation Pause) (young) 5463M->2621M(6144M), 0.0458436 secs]
2018-03-27T18:56:04.361+0200: 25817.634: [GC pause (G1 Evacuation Pause) (young) 5463M->2622M(6144M), 0.0427105 secs]
2018-03-27T18:56:07.649+0200: 25820.922: [GC pause (G1 Evacuation Pause) (young) 5466M->2624M(6144M), 0.0476798 secs]
2018-03-27T18:56:10.625+0200: 25823.899: [GC pause (G1 Evacuation Pause) (young) 5466M->2626M(6144M), 0.0436845 secs]
2018-03-27T18:56:13.547+0200: 25826.820: [GC pause (G1 Evacuation Pause) (young) 5466M->2628M(6144M), 0.0419818 secs]
2018-03-27T18:56:16.434+0200: 25829.708: [GC pause (G1 Evacuation Pause) (young) 5466M->2629M(6144M), 0.0476919 secs]
2018-03-27T18:56:20.055+0200: 25833.329: [GC pause (GCLocker Initiated GC) (young) 5465M->2630M(6144M), 0.0445204 secs]
2018-03-27T18:56:23.003+0200: 25836.277: [GC pause (G1 Evacuation Pause) (young) 5466M->2634M(6144M), 0.0491992 secs]
2018-03-27T18:56:26.023+0200: 25839.296: [GC pause (G1 Evacuation Pause) (young) 5464M->2636M(6144M), 0.0465113 secs]
2018-03-27T18:56:28.823+0200: 25842.097: [GC pause (G1 Evacuation Pause) (young) 5464M->2637M(6144M), 0.0527242 secs]
2018-03-27T18:56:31.249+0200: 25844.523: [GC pause (G1 Evacuation Pause) (young) 5467M->2641M(6144M), 0.0416386 secs]
2018-03-27T18:56:33.880+0200: 25847.154: [GC pause (G1 Evacuation Pause) (young) 5465M->2642M(6144M), 0.0389897 secs]
2018-03-27T18:56:36.338+0200: 25849.612: [GC pause (GCLocker Initiated GC) (young) 5467M->2644M(6144M), 0.0485283 secs]
2018-03-27T18:56:39.847+0200: 25853.121: [GC pause (G1 Evacuation Pause) (young) 5464M->2646M(6144M), 0.0457757 secs]
2018-03-27T18:56:42.940+0200: 25856.213: [GC pause (G1 Evacuation Pause) (young) 5466M->2649M(6144M), 0.0493964 secs]
2018-03-27T18:56:46.195+0200: 25859.468: [GC pause (G1 Evacuation Pause) (young) 5463M->2651M(6144M), 0.0476281 secs]
2018-03-27T18:56:49.277+0200: 25862.550: [GC pause (G1 Evacuation Pause) (young) 5463M->2652M(6144M), 0.0484830 secs]
2018-03-27T18:56:52.278+0200: 25865.552: [GC pause (G1 Evacuation Pause) (young) 5466M->2654M(6144M), 0.0403601 secs]
2018-03-27T18:56:54.797+0200: 25868.070: [GC pause (G1 Evacuation Pause) (young) 5466M->2656M(6144M), 0.0524523 secs]
2018-03-27T18:56:57.104+0200: 25870.378: [GC pause (GCLocker Initiated GC) (young) 5467M->2658M(6144M), 0.0425374 secs]
2018-03-27T18:57:00.419+0200: 25873.693: [GC pause (G1 Evacuation Pause) (young) 5466M->2660M(6144M), 0.0498854 secs]
2018-03-27T18:57:03.460+0200: 25876.734: [GC pause (G1 Evacuation Pause) (young) 5462M->2664M(6144M), 0.0420616 secs]
2018-03-27T18:57:07.212+0200: 25880.485: [GC pause (G1 Evacuation Pause) (young) 5462M->2664M(6144M), 0.0476923 secs]
2018-03-27T18:57:10.008+0200: 25883.281: [GC pause (G1 Evacuation Pause) (young) 5464M->2668M(6144M), 0.0391651 secs]
2018-03-27T18:57:12.345+0200: 25885.619: [GC pause (G1 Evacuation Pause) (young) 5460M->2669M(6144M), 0.0493982 secs]
2018-03-27T18:57:14.205+0200: 25887.479: [GC pause (G1 Evacuation Pause) (young) 5463M->2670M(6144M), 0.0507675 secs]
2018-03-27T18:57:17.301+0200: 25890.574: [GC pause (G1 Evacuation Pause) (young) 5466M->2675M(6144M), 0.0434103 secs]
2018-03-27T18:57:20.482+0200: 25893.756: [GC pause (G1 Evacuation Pause) (young) 5461M->2680M(6144M), 0.0396523 secs]
2018-03-27T18:57:23.807+0200: 25897.081: [GC pause (GCLocker Initiated GC) (young) 5462M->2677M(6144M), 0.0425814 secs]
2018-03-27T18:57:26.737+0200: 25900.011: [GC pause (GCLocker Initiated GC) (young) 5467M->2680M(6144M), 0.0398050 secs]
2018-03-27T18:57:29.046+0200: 25902.320: [GC pause (GCLocker Initiated GC) (young) 5466M->2682M(6144M), 0.0393016 secs]
2018-03-27T18:57:32.457+0200: 25905.731: [GC pause (G1 Evacuation Pause) (young) 5460M->2683M(6144M), 0.0396954 secs]
2018-03-27T18:57:35.375+0200: 25908.649: [GC pause (G1 Evacuation Pause) (young) 5463M->2684M(6144M), 0.0370953 secs]
2018-03-27T18:57:37.928+0200: 25911.202: [GC pause (G1 Evacuation Pause) (young) 5466M->2688M(6144M), 0.0486780 secs]
2018-03-27T18:57:40.801+0200: 25914.075: [GC pause (G1 Evacuation Pause) (young) 5464M->2688M(6144M), 0.0383328 secs]
2018-03-27T18:57:44.642+0200: 25917.916: [GC pause (G1 Evacuation Pause) (young) 5466M->2691M(6144M), 0.0466247 secs]
2018-03-27T18:57:47.022+0200: 25920.295: [GC pause (G1 Evacuation Pause) (young) 5463M->2698M(6144M), 0.0451007 secs]
2018-03-27T18:57:50.179+0200: 25923.453: [GC pause (GCLocker Initiated GC) (young) 5461M->2697M(6144M), 0.0372983 secs]
2018-03-27T18:57:52.750+0200: 25926.024: [GC pause (G1 Evacuation Pause) (young) 5461M->2698M(6144M), 0.0363946 secs]
2018-03-27T18:57:55.783+0200: 25929.057: [GC pause (G1 Evacuation Pause) (young) 5464M->2697M(6144M), 0.0373840 secs]
2018-03-27T18:57:59.114+0200: 25932.388: [GC pause (G1 Evacuation Pause) (young) 5465M->2700M(6144M), 0.0523008 secs]
2018-03-27T18:58:01.317+0200: 25934.591: [GC pause (G1 Evacuation Pause) (young) 5462M->2699M(6144M), 0.0471839 secs]
2018-03-27T18:58:04.244+0200: 25937.518: [GC pause (G1 Evacuation Pause) (young) 5467M->2703M(6144M), 0.0543603 secs]
2018-03-27T18:58:06.769+0200: 25940.043: [GC pause (GCLocker Initiated GC) (young) 5466M->2707M(6144M), 0.0559001 secs]
2018-03-27T18:58:09.366+0200: 25942.640: [GC pause (G1 Evacuation Pause) (young) 5463M->2709M(6144M), 0.0549645 secs]
2018-03-27T18:58:12.213+0200: 25945.487: [GC pause (GCLocker Initiated GC) (young) 5467M->2710M(6144M), 0.0616000 secs]
2018-03-27T18:58:14.531+0200: 25947.805: [GC pause (G1 Evacuation Pause) (young) 5466M->2710M(6144M), 0.0513419 secs]
2018-03-27T18:58:17.327+0200: 25950.600: [GC pause (G1 Evacuation Pause) (young) 5464M->2714M(6144M), 0.0539172 secs]
2018-03-27T18:58:19.458+0200: 25952.732: [GC pause (G1 Evacuation Pause) (young) 5462M->2718M(6144M), 0.0564970 secs]
2018-03-27T18:58:21.759+0200: 25955.033: [GC pause (G1 Evacuation Pause) (young) 5460M->2715M(6144M), 0.0378681 secs]
2018-03-27T18:58:24.282+0200: 25957.556: [GC pause (GCLocker Initiated GC) (young) 5473M->2718M(6144M), 0.0394596 secs]
2018-03-27T18:58:26.905+0200: 25960.178: [GC pause (G1 Evacuation Pause) (young) 5468M->2720M(6144M), 0.0769555 secs]
2018-03-27T18:58:29.576+0200: 25962.850: [GC pause (G1 Evacuation Pause) (young) 5468M->2719M(6144M), 0.0377513 secs]
2018-03-27T18:58:32.056+0200: 25965.330: [GC pause (G1 Evacuation Pause) (young) 5473M->2723M(6144M), 0.0394235 secs]
2018-03-27T18:58:34.780+0200: 25968.054: [GC pause (G1 Evacuation Pause) (young) 5471M->2726M(6144M), 0.0378964 secs]
2018-03-27T18:58:37.270+0200: 25970.544: [GC pause (G1 Evacuation Pause) (young) 5468M->2729M(6144M), 0.0588668 secs]
2018-03-27T18:58:39.772+0200: 25973.046: [GC pause (GCLocker Initiated GC) (young) 5469M->2730M(6144M), 0.0387403 secs]
2018-03-27T18:58:42.254+0200: 25975.528: [GC pause (G1 Evacuation Pause) (young) 5468M->2732M(6144M), 0.0364933 secs]
2018-03-27T18:58:44.903+0200: 25978.177: [GC pause (G1 Evacuation Pause) (young) 5468M->2734M(6144M), 0.0391604 secs]
2018-03-27T18:58:47.236+0200: 25980.509: [GC pause (GCLocker Initiated GC) (young) 5477M->2736M(6144M), 0.0406026 secs]
2018-03-27T18:58:49.662+0200: 25982.935: [GC pause (G1 Evacuation Pause) (young) 5466M->2739M(6144M), 0.0475140 secs]
2018-03-27T18:58:52.661+0200: 25985.935: [GC pause (G1 Evacuation Pause) (young) 5467M->2738M(6144M), 0.0412614 secs]
2018-03-27T18:58:55.345+0200: 25988.618: [GC pause (G1 Evacuation Pause) (young) 5468M->2739M(6144M), 0.0434522 secs]
2018-03-27T18:58:57.986+0200: 25991.260: [GC pause (G1 Evacuation Pause) (young) 5467M->2743M(6144M), 0.0398749 secs]
2018-03-27T18:59:00.423+0200: 25993.697: [GC pause (GCLocker Initiated GC) (young) 5466M->2743M(6144M), 0.0426448 secs]
2018-03-27T18:59:03.781+0200: 25997.055: [GC pause (G1 Evacuation Pause) (young) 5467M->2749M(6144M), 0.0406088 secs]
2018-03-27T18:59:06.599+0200: 25999.872: [GC pause (GCLocker Initiated GC) (young) 5467M->2750M(6144M), 0.0349260 secs]
2018-03-27T18:59:09.612+0200: 26002.885: [GC pause (G1 Evacuation Pause) (young) 5466M->2749M(6144M), 0.0509325 secs]
2018-03-27T18:59:12.400+0200: 26005.674: [GC pause (G1 Evacuation Pause) (young) 5467M->2750M(6144M), 0.0394070 secs]
2018-03-27T18:59:15.080+0200: 26008.354: [GC pause (G1 Evacuation Pause) (young) 5466M->2752M(6144M), 0.0364821 secs]
2018-03-27T18:59:17.516+0200: 26010.790: [GC pause (GCLocker Initiated GC) (young) 5474M->2757M(6144M), 0.0370136 secs]
2018-03-27T18:59:19.882+0200: 26013.156: [GC pause (GCLocker Initiated GC) (young) 5469M->2757M(6144M), 0.0500990 secs]
2018-03-27T18:59:23.283+0200: 26016.557: [GC pause (G1 Evacuation Pause) (young) 5467M->2760M(6144M), 0.0420527 secs]
2018-03-27T18:59:25.457+0200: 26018.731: [GC pause (GCLocker Initiated GC) (young) 5470M->2759M(6144M), 0.0493106 secs]
2018-03-27T18:59:28.201+0200: 26021.474: [GC pause (G1 Evacuation Pause) (young) 5469M->2766M(6144M), 0.0378194 secs]
2018-03-27T18:59:31.242+0200: 26024.515: [GC pause (G1 Evacuation Pause) (young) 5466M->2765M(6144M), 0.0363792 secs]
2018-03-27T18:59:33.942+0200: 26027.216: [GC pause (G1 Evacuation Pause) (young) 5467M->2769M(6144M), 0.0544371 secs]
2018-03-27T18:59:36.424+0200: 26029.698: [GC pause (G1 Evacuation Pause) (young) 5465M->2774M(6144M), 0.0363388 secs]
2018-03-27T18:59:39.393+0200: 26032.667: [GC pause (G1 Evacuation Pause) (young) 5464M->2774M(6144M), 0.0386574 secs]
2018-03-27T18:59:42.150+0200: 26035.423: [GC pause (G1 Evacuation Pause) (young) 5462M->2774M(6144M), 0.0383173 secs]
2018-03-27T18:59:44.325+0200: 26037.598: [GC pause (G1 Evacuation Pause) (young) 5466M->2777M(6144M), 0.0426919 secs]
2018-03-27T18:59:47.673+0200: 26040.947: [GC pause (G1 Evacuation Pause) (young) 5467M->2778M(6144M), 0.0371850 secs]
2018-03-27T18:59:50.490+0200: 26043.764: [GC pause (G1 Evacuation Pause) (young) 5466M->2779M(6144M), 0.0368052 secs]
2018-03-27T18:59:53.422+0200: 26046.696: [GC pause (G1 Evacuation Pause) (young) 5469M->2782M(6144M), 0.0538325 secs]
2018-03-27T18:59:56.324+0200: 26049.597: [GC pause (G1 Evacuation Pause) (young) 5466M->2786M(6144M), 0.0554864 secs]
2018-03-27T18:59:59.109+0200: 26052.383: [GC pause (G1 Evacuation Pause) (young) 5464M->2783M(6144M), 0.0366934 secs]
2018-03-27T19:00:01.979+0200: 26055.253: [GC pause (G1 Evacuation Pause) (young) 5467M->2787M(6144M), 0.0459716 secs]
2018-03-27T19:00:04.758+0200: 26058.032: [GC pause (G1 Evacuation Pause) (young) 5482M->2788M(6144M), 0.0473165 secs]
2018-03-27T19:00:07.512+0200: 26060.786: [GC pause (GCLocker Initiated GC) (young) 5466M->2789M(6144M), 0.1009163 secs]
2018-03-27T19:00:10.030+0200: 26063.304: [GC pause (G1 Evacuation Pause) (young) 5467M->2791M(6144M), 0.0516181 secs]
2018-03-27T19:00:12.345+0200: 26065.619: [GC pause (G1 Evacuation Pause) (young) 5467M->2792M(6144M), 0.0427649 secs]
2018-03-27T19:00:15.185+0200: 26068.458: [GC pause (G1 Evacuation Pause) (young) 5470M->2795M(6144M), 0.0467745 secs]
2018-03-27T19:00:18.059+0200: 26071.333: [GC pause (G1 Evacuation Pause) (young) 5471M->2796M(6144M), 0.0679800 secs]
2018-03-27T19:00:20.324+0200: 26073.598: [GC pause (G1 Evacuation Pause) (young) 5470M->2796M(6144M), 0.0400730 secs]
2018-03-27T19:00:23.579+0200: 26076.853: [GC pause (G1 Evacuation Pause) (young) 5472M->2799M(6144M), 0.0403431 secs]
2018-03-27T19:00:26.278+0200: 26079.552: [GC pause (G1 Evacuation Pause) (young) 5473M->2801M(6144M), 0.0377413 secs]
2018-03-27T19:00:28.560+0200: 26081.834: [GC pause (G1 Humongous Allocation) (young) (initial-mark) 5264M->2808M(6144M), 0.0502958 secs]
2018-03-27T19:00:28.610+0200: 26081.884: [GC concurrent-root-region-scan-start]
2018-03-27T19:00:28.638+0200: 26081.912: [GC concurrent-root-region-scan-end, 0.0277492 secs]
2018-03-27T19:00:28.638+0200: 26081.912: [GC concurrent-mark-start]
2018-03-27T19:00:31.205+0200: 26084.479: [GC pause (G1 Evacuation Pause) (young) 5475M->2806M(6144M), 0.0424180 secs]
2018-03-27T19:00:32.209+0200: 26085.482: [GC concurrent-mark-end, 3.5704161 secs]
2018-03-27T19:00:32.212+0200: 26085.486: [GC remark, 0.4728625 secs]
2018-03-27T19:00:32.696+0200: 26085.970: [GC cleanup 4328M->4318M(6144M), 0.0315536 secs]
2018-03-27T19:00:32.728+0200: 26086.002: [GC concurrent-cleanup-start]
2018-03-27T19:00:32.729+0200: 26086.002: [GC concurrent-cleanup-end, 0.0003561 secs]
2018-03-27T19:00:33.296+0200: 26086.570: [GC pause (G1 Evacuation Pause) (young) 5264M->2799M(6144M), 0.0716377 secs]
2018-03-27T19:00:33.540+0200: 26086.814: [GC pause (G1 Evacuation Pause) (mixed) 3073M->2505M(6144M), 0.1866425 secs]
2018-03-27T19:00:33.855+0200: 26087.128: [GC pause (G1 Evacuation Pause) (young) 2785M->2507M(6144M), 0.0894568 secs]
2018-03-27T19:00:34.065+0200: 26087.338: [GC pause (GCLocker Initiated GC) (young) 2801M->2507M(6144M), 0.0240308 secs]
2018-03-27T19:00:34.211+0200: 26087.485: [GC pause (GCLocker Initiated GC) (young) 2789M->2508M(6144M), 0.0241999 secs]
2018-03-27T19:00:34.350+0200: 26087.624: [GC pause (G1 Evacuation Pause) (young) 2784M->2511M(6144M), 0.0235330 secs]
2018-03-27T19:00:34.494+0200: 26087.768: [GC pause (G1 Evacuation Pause) (young) 2791M->2510M(6144M), 0.0238633 secs]
2018-03-27T19:00:34.617+0200: 26087.891: [GC pause (G1 Evacuation Pause) (young) 2792M->2510M(6144M), 0.0233872 secs]
2018-03-27T19:00:34.764+0200: 26088.038: [GC pause (G1 Evacuation Pause) (young) 2792M->2511M(6144M), 0.0235561 secs]
2018-03-27T19:00:34.958+0200: 26088.232: [GC pause (G1 Evacuation Pause) (young) 2791M->2511M(6144M), 0.0252456 secs]
2018-03-27T19:00:35.191+0200: 26088.464: [GC pause (GCLocker Initiated GC) (young) 2807M->2512M(6144M), 0.0231185 secs]
2018-03-27T19:00:35.406+0200: 26088.679: [GC pause (G1 Evacuation Pause) (young) 2792M->2514M(6144M), 0.0255353 secs]
2018-03-27T19:00:35.619+0200: 26088.892: [GC pause (GCLocker Initiated GC) (young) 2792M->2513M(6144M), 0.0387002 secs]
2018-03-27T19:00:35.841+0200: 26089.115: [GC pause (G1 Evacuation Pause) (young) 2791M->2515M(6144M), 0.0252706 secs]
2018-03-27T19:00:36.546+0200: 26089.820: [GC pause (G1 Evacuation Pause) (young) 3367M->2513M(6144M), 0.0267062 secs]
2018-03-27T19:00:38.844+0200: 26092.118: [GC pause (G1 Evacuation Pause) (young) 5427M->2519M(6144M), 0.0314256 secs]
2018-03-27T19:00:41.718+0200: 26094.992: [GC pause (G1 Evacuation Pause) (young) 5467M->2526M(6144M), 0.0463748 secs]
2018-03-27T19:00:44.199+0200: 26097.473: [GC pause (G1 Evacuation Pause) (young) 5462M->2532M(6144M), 0.0318078 secs]
2018-03-27T19:00:46.856+0200: 26100.130: [GC pause (G1 Evacuation Pause) (young) 5472M->2536M(6144M), 0.0343028 secs]
2018-03-27T19:00:49.431+0200: 26102.705: [GC pause (G1 Evacuation Pause) (young) 5480M->2539M(6144M), 0.0383374 secs]
2018-03-27T19:00:51.918+0200: 26105.192: [GC pause (G1 Evacuation Pause) (young) 5483M->2540M(6144M), 0.0381085 secs]
2018-03-27T19:00:54.810+0200: 26108.084: [GC pause (GCLocker Initiated GC) (young) 5489M->2544M(6144M), 0.0378026 secs]
2018-03-27T19:00:57.725+0200: 26110.999: [GC pause (G1 Evacuation Pause) (young) 5480M->2544M(6144M), 0.0367016 secs]
2018-03-27T19:01:00.571+0200: 26113.845: [GC pause (G1 Evacuation Pause) (young) 5480M->2544M(6144M), 0.0351890 secs]
2018-03-27T19:01:02.751+0200: 26116.025: [GC pause (G1 Evacuation Pause) (young) 5478M->2550M(6144M), 0.0337355 secs]
2018-03-27T19:01:05.548+0200: 26118.821: [GC pause (G1 Evacuation Pause) (young) 5483M->2555M(6144M), 0.0485405 secs]
2018-03-27T19:01:09.394+0200: 26122.667: [GC pause (G1 Evacuation Pause) (young) 5469M->2554M(6144M), 0.0550808 secs]
2018-03-27T19:01:12.682+0200: 26125.955: [GC pause (G1 Evacuation Pause) (young) 5472M->2557M(6144M), 0.0421198 secs]
2018-03-27T19:01:15.517+0200: 26128.791: [GC pause (GCLocker Initiated GC) (young) 5469M->2558M(6144M), 0.0391889 secs]
2018-03-27T19:01:17.833+0200: 26131.107: [GC pause (GCLocker Initiated GC) (young) 5470M->2558M(6144M), 0.0448504 secs]
2018-03-27T19:01:21.100+0200: 26134.373: [GC pause (G1 Evacuation Pause) (young) 5466M->2560M(6144M), 0.0458481 secs]
2018-03-27T19:01:24.198+0200: 26137.472: [GC pause (G1 Evacuation Pause) (young) 5468M->2563M(6144M), 0.0442428 secs]
2018-03-27T19:01:26.994+0200: 26140.268: [GC pause (G1 Evacuation Pause) (young) 5465M->2565M(6144M), 0.0425713 secs]
2018-03-27T19:01:29.206+0200: 26142.480: [GC pause (G1 Evacuation Pause) (young) 5465M->2569M(6144M), 0.0450188 secs]
2018-03-27T19:01:31.718+0200: 26144.991: [GC pause (G1 Evacuation Pause) (young) 5463M->2574M(6144M), 0.0513956 secs]
2018-03-27T19:01:34.559+0200: 26147.832: [GC pause (G1 Evacuation Pause) (young) 5462M->2573M(6144M), 0.0595131 secs]
2018-03-27T19:01:37.293+0200: 26150.567: [GC pause (G1 Evacuation Pause) (young) 5463M->2573M(6144M), 0.0371483 secs]
2018-03-27T19:01:41.313+0200: 26154.587: [GC pause (G1 Evacuation Pause) (young) 5467M->2574M(6144M), 0.0422539 secs]
2018-03-27T19:01:45.106+0200: 26158.380: [GC pause (G1 Evacuation Pause) (young) 5466M->2577M(6144M), 0.0476260 secs]
2018-03-27T19:01:48.150+0200: 26161.423: [GC pause (G1 Evacuation Pause) (young) 5463M->2577M(6144M), 0.0383303 secs]
2018-03-27T19:01:51.555+0200: 26164.829: [GC pause (G1 Evacuation Pause) (young) 5465M->2585M(6144M), 0.0396680 secs]
2018-03-27T19:01:54.455+0200: 26167.729: [GC pause (G1 Evacuation Pause) (young) 5459M->2584M(6144M), 0.0542524 secs]
2018-03-27T19:01:58.376+0200: 26171.650: [GC pause (G1 Evacuation Pause) (young) 5464M->2586M(6144M), 0.0408891 secs]
2018-03-27T19:02:01.006+0200: 26174.280: [GC pause (G1 Evacuation Pause) (young) 5464M->2587M(6144M), 0.0397108 secs]
2018-03-27T19:02:03.868+0200: 26177.142: [GC pause (G1 Evacuation Pause) (young) 5463M->2587M(6144M), 0.0375004 secs]
2018-03-27T19:02:06.662+0200: 26179.935: [GC pause (G1 Evacuation Pause) (young) 5465M->2591M(6144M), 0.0406553 secs]
2018-03-27T19:02:09.382+0200: 26182.656: [GC pause (G1 Evacuation Pause) (young) 5463M->2591M(6144M), 0.0572325 secs]
2018-03-27T19:02:12.220+0200: 26185.493: [GC pause (G1 Evacuation Pause) (young) 5465M->2595M(6144M), 0.0525960 secs]
2018-03-27T19:02:15.099+0200: 26188.373: [GC pause (G1 Evacuation Pause) (young) 5463M->2596M(6144M), 0.0506798 secs]
2018-03-27T19:02:17.992+0200: 26191.266: [GC pause (G1 Evacuation Pause) (young) 5466M->2598M(6144M), 0.0511817 secs]
2018-03-27T19:02:20.964+0200: 26194.238: [GC pause (G1 Evacuation Pause) (young) 5466M->2601M(6144M), 0.0443536 secs]
2018-03-27T19:02:24.626+0200: 26197.900: [GC pause (G1 Evacuation Pause) (young) 5463M->2600M(6144M), 0.0593270 secs]
2018-03-27T19:02:28.190+0200: 26201.464: [GC pause (G1 Evacuation Pause) (young) 5464M->2603M(6144M), 0.0394564 secs]
2018-03-27T19:02:30.923+0200: 26204.197: [GC pause (G1 Evacuation Pause) (young) 5465M->2605M(6144M), 0.0665303 secs]
2018-03-27T19:02:34.071+0200: 26207.345: [GC pause (G1 Evacuation Pause) (young) 5465M->2606M(6144M), 0.0487157 secs]
2018-03-27T19:02:36.758+0200: 26210.032: [GC pause (G1 Evacuation Pause) (young) 5464M->2607M(6144M), 0.0395385 secs]
2018-03-27T19:02:39.911+0200: 26213.184: [GC pause (GCLocker Initiated GC) (young) 5471M->2610M(6144M), 0.0397889 secs]
2018-03-27T19:02:42.482+0200: 26215.756: [GC pause (G1 Evacuation Pause) (young) 5464M->2613M(6144M), 0.0382301 secs]
2018-03-27T19:02:45.321+0200: 26218.595: [GC pause (G1 Evacuation Pause) (young) 5465M->2612M(6144M), 0.0420564 secs]
2018-03-27T19:02:48.558+0200: 26221.832: [GC pause (G1 Evacuation Pause) (young) 5466M->2617M(6144M), 0.0369528 secs]
2018-03-27T19:02:51.594+0200: 26224.868: [GC pause (G1 Evacuation Pause) (young) 5467M->2623M(6144M), 0.0520671 secs]
2018-03-27T19:02:54.246+0200: 26227.519: [GC pause (G1 Evacuation Pause) (young) 5463M->2622M(6144M), 0.0564977 secs]
2018-03-27T19:02:57.451+0200: 26230.724: [GC pause (G1 Evacuation Pause) (young) 5464M->2632M(6144M), 0.0404186 secs]
2018-03-27T19:02:59.507+0200: 26232.780: [GC pause (G1 Evacuation Pause) (young) 5456M->2621M(6144M), 0.0371325 secs]
2018-03-27T19:03:01.941+0200: 26235.214: [GC pause (G1 Evacuation Pause) (young) 5467M->2625M(6144M), 0.0511978 secs]
2018-03-27T19:03:04.867+0200: 26238.141: [GC pause (G1 Evacuation Pause) (young) 5465M->2628M(6144M), 0.0492040 secs]
2018-03-27T19:03:07.560+0200: 26240.834: [GC pause (GCLocker Initiated GC) (young) 5463M->2629M(6144M), 0.0474106 secs]
2018-03-27T19:03:10.417+0200: 26243.691: [GC pause (GCLocker Initiated GC) (young) 5468M->2631M(6144M), 0.0379438 secs]
2018-03-27T19:03:13.090+0200: 26246.364: [GC pause (G1 Evacuation Pause) (young) 5463M->2631M(6144M), 0.0439775 secs]
2018-03-27T19:03:16.283+0200: 26249.557: [GC pause (G1 Evacuation Pause) (young) 5465M->2635M(6144M), 0.0399705 secs]
2018-03-27T19:03:19.102+0200: 26252.376: [GC pause (G1 Evacuation Pause) (young) 5467M->2632M(6144M), 0.0400074 secs]
2018-03-27T19:03:22.486+0200: 26255.759: [GC pause (G1 Evacuation Pause) (young) 5470M->2635M(6144M), 0.0396445 secs]
2018-03-27T19:03:24.716+0200: 26257.990: [GC pause (G1 Evacuation Pause) (young) 5467M->2639M(6144M), 0.0423961 secs]
2018-03-27T19:03:27.383+0200: 26260.657: [GC pause (G1 Evacuation Pause) (young) 5483M->2641M(6144M), 0.0503743 secs]
2018-03-27T19:03:30.173+0200: 26263.447: [GC pause (G1 Evacuation Pause) (young) 5465M->2641M(6144M), 0.0630586 secs]
2018-03-27T19:03:32.956+0200: 26266.230: [GC pause (GCLocker Initiated GC) (young) 5467M->2642M(6144M), 0.0517099 secs]
2018-03-27T19:03:35.262+0200: 26268.536: [GC pause (G1 Evacuation Pause) (young) 5470M->2644M(6144M), 0.0376697 secs]
2018-03-27T19:03:38.648+0200: 26271.922: [GC pause (G1 Evacuation Pause) (young) 5470M->2648M(6144M), 0.0376206 secs]
2018-03-27T19:03:41.214+0200: 26274.488: [GC pause (GCLocker Initiated GC) (young) 5470M->2651M(6144M), 0.0364477 secs]
2018-03-27T19:03:43.798+0200: 26277.072: [GC pause (G1 Evacuation Pause) (young) 5469M->2648M(6144M), 0.0477059 secs]
2018-03-27T19:03:46.886+0200: 26280.160: [GC pause (G1 Evacuation Pause) (young) 5472M->2652M(6144M), 0.0363955 secs]
2018-03-27T19:03:50.430+0200: 26283.704: [GC pause (G1 Evacuation Pause) (young) 5470M->2655M(6144M), 0.0610229 secs]
2018-03-27T19:03:53.752+0200: 26287.025: [GC pause (G1 Evacuation Pause) (young) 5467M->2658M(6144M), 0.0377892 secs]
2018-03-27T19:03:57.113+0200: 26290.387: [GC pause (G1 Evacuation Pause) (young) 5468M->2660M(6144M), 0.0593145 secs]
2018-03-27T19:03:59.655+0200: 26292.929: [GC pause (G1 Evacuation Pause) (young) 5468M->2660M(6144M), 0.0354690 secs]
2018-03-27T19:04:02.928+0200: 26296.202: [GC pause (G1 Evacuation Pause) (young) 5470M->2662M(6144M), 0.0471988 secs]
2018-03-27T19:04:05.347+0200: 26298.621: [GC pause (G1 Evacuation Pause) (young) 5466M->2660M(6144M), 0.0411973 secs]
2018-03-27T19:04:07.691+0200: 26300.964: [GC pause (GCLocker Initiated GC) (young) 5478M->2671M(6144M), 0.0892010 secs]
2018-03-27T19:04:09.489+0200: 26302.763: [GC pause (G1 Evacuation Pause) (young) 5461M->2670M(6144M), 0.0434827 secs]
2018-03-27T19:04:12.430+0200: 26305.704: [GC pause (G1 Evacuation Pause) (young) 5466M->2670M(6144M), 0.0494810 secs]
2018-03-27T19:04:14.983+0200: 26308.257: [GC pause (G1 Evacuation Pause) (young) 5468M->2674M(6144M), 0.0467381 secs]
2018-03-27T19:04:18.428+0200: 26311.702: [GC pause (GCLocker Initiated GC) (young) 5467M->2674M(6144M), 0.0580412 secs]
2018-03-27T19:04:20.862+0200: 26314.136: [GC pause (G1 Evacuation Pause) (young) 5468M->2675M(6144M), 0.0427376 secs]
2018-03-27T19:04:23.887+0200: 26317.160: [GC pause (G1 Evacuation Pause) (young) 5467M->2677M(6144M), 0.0468373 secs]
2018-03-27T19:04:26.622+0200: 26319.896: [GC pause (G1 Evacuation Pause) (young) 5467M->2677M(6144M), 0.0637637 secs]
2018-03-27T19:04:29.378+0200: 26322.652: [GC pause (G1 Evacuation Pause) (young) 5469M->2681M(6144M), 0.0516461 secs]
2018-03-27T19:04:32.315+0200: 26325.588: [GC pause (G1 Evacuation Pause) (young) 5467M->2686M(6144M), 0.0451258 secs]
2018-03-27T19:04:35.136+0200: 26328.410: [GC pause (G1 Evacuation Pause) (young) 5466M->2683M(6144M), 0.0489658 secs]
2018-03-27T19:04:38.015+0200: 26331.289: [GC pause (G1 Evacuation Pause) (young) 5471M->2687M(6144M), 0.0581568 secs]
2018-03-27T19:04:41.030+0200: 26334.304: [GC pause (GCLocker Initiated GC) (young) 5470M->2689M(6144M), 0.0565007 secs]
2018-03-27T19:04:44.314+0200: 26337.588: [GC pause (G1 Evacuation Pause) (young) 5469M->2690M(6144M), 0.0378002 secs]
2018-03-27T19:04:46.896+0200: 26340.170: [GC pause (GCLocker Initiated GC) (young) 5468M->2692M(6144M), 0.0380417 secs]
2018-03-27T19:04:50.278+0200: 26343.552: [GC pause (G1 Evacuation Pause) (young) 5468M->2692M(6144M), 0.0379758 secs]
2018-03-27T19:04:52.289+0200: 26345.563: [GC pause (G1 Evacuation Pause) (young) 5466M->2694M(6144M), 0.0367923 secs]
2018-03-27T19:04:54.930+0200: 26348.204: [GC pause (GCLocker Initiated GC) (young) 5469M->2696M(6144M), 0.0363310 secs]
2018-03-27T19:04:57.406+0200: 26350.680: [GC pause (G1 Evacuation Pause) (young) 5468M->2697M(6144M), 0.0395492 secs]
2018-03-27T19:04:59.999+0200: 26353.273: [GC pause (G1 Evacuation Pause) (young) 5471M->2699M(6144M), 0.0371234 secs]
2018-03-27T19:05:02.597+0200: 26355.871: [GC pause (G1 Evacuation Pause) (young) 5467M->2703M(6144M), 0.0371466 secs]
2018-03-27T19:05:05.138+0200: 26358.412: [GC pause (G1 Evacuation Pause) (young) 5465M->2703M(6144M), 0.0383961 secs]
2018-03-27T19:05:07.443+0200: 26360.717: [GC pause (G1 Evacuation Pause) (young) 5467M->2705M(6144M), 0.0353101 secs]
2018-03-27T19:05:10.183+0200: 26363.456: [GC pause (G1 Evacuation Pause) (young) 5467M->2706M(6144M), 0.0471738 secs]
2018-03-27T19:05:13.183+0200: 26366.457: [GC pause (G1 Evacuation Pause) (young) 5468M->2707M(6144M), 0.0362674 secs]
2018-03-27T19:05:15.829+0200: 26369.103: [GC pause (G1 Evacuation Pause) (young) 5469M->2709M(6144M), 0.0381378 secs]
2018-03-27T19:05:17.829+0200: 26371.103: [GC pause (G1 Evacuation Pause) (young) 5469M->2712M(6144M), 0.0372066 secs]
2018-03-27T19:05:20.206+0200: 26373.480: [GC pause (G1 Evacuation Pause) (young) 5468M->2714M(6144M), 0.0362947 secs]
2018-03-27T19:05:23.043+0200: 26376.317: [GC pause (G1 Evacuation Pause) (young) 5468M->2715M(6144M), 0.0378116 secs]
2018-03-27T19:05:25.535+0200: 26378.809: [GC pause (G1 Evacuation Pause) (young) 5469M->2718M(6144M), 0.0357524 secs]
2018-03-27T19:05:27.820+0200: 26381.094: [GC pause (G1 Evacuation Pause) (young) 5466M->2719M(6144M), 0.0564485 secs]
2018-03-27T19:05:30.600+0200: 26383.874: [GC pause (G1 Evacuation Pause) (young) 5471M->2719M(6144M), 0.0536832 secs]
2018-03-27T19:05:33.773+0200: 26387.046: [GC pause (G1 Evacuation Pause) (young) 5471M->2723M(6144M), 0.0360244 secs]
2018-03-27T19:05:36.664+0200: 26389.938: [GC pause (G1 Evacuation Pause) (young) 5469M->2726M(6144M), 0.0386200 secs]
2018-03-27T19:05:39.277+0200: 26392.550: [GC pause (GCLocker Initiated GC) (young) 5471M->2728M(6144M), 0.0437020 secs]
2018-03-27T19:05:41.727+0200: 26395.000: [GC pause (G1 Evacuation Pause) (young) 5466M->2730M(6144M), 0.0494912 secs]
2018-03-27T19:05:44.435+0200: 26397.709: [GC pause (G1 Evacuation Pause) (young) 5466M->2731M(6144M), 0.0372329 secs]
2018-03-27T19:05:46.793+0200: 26400.067: [GC pause (GCLocker Initiated GC) (young) 5471M->2730M(6144M), 0.0388485 secs]
2018-03-27T19:05:49.018+0200: 26402.292: [GC pause (G1 Evacuation Pause) (young) 5470M->2733M(6144M), 0.0381157 secs]
2018-03-27T19:05:51.283+0200: 26404.557: [GC pause (GCLocker Initiated GC) (young) 5471M->2735M(6144M), 0.0392212 secs]
2018-03-27T19:05:54.635+0200: 26407.909: [GC pause (GCLocker Initiated GC) (young) 5502M->2738M(6144M), 0.0398894 secs]
2018-03-27T19:05:56.902+0200: 26410.176: [GC pause (G1 Evacuation Pause) (young) 5468M->2738M(6144M), 0.0433646 secs]
2018-03-27T19:05:59.539+0200: 26412.813: [GC pause (G1 Evacuation Pause) (young) 5470M->2742M(6144M), 0.0524534 secs]
2018-03-27T19:06:01.813+0200: 26415.087: [GC pause (GCLocker Initiated GC) (young) 5466M->2742M(6144M), 0.0749174 secs]
2018-03-27T19:06:04.673+0200: 26417.947: [GC pause (G1 Evacuation Pause) (young) 5468M->2748M(6144M), 0.0413191 secs]
2018-03-27T19:06:07.456+0200: 26420.730: [GC pause (G1 Evacuation Pause) (young) 5468M->2749M(6144M), 0.0453520 secs]
2018-03-27T19:06:10.206+0200: 26423.480: [GC pause (G1 Evacuation Pause) (young) 5467M->2750M(6144M), 0.0456393 secs]
2018-03-27T19:06:12.987+0200: 26426.260: [GC pause (G1 Evacuation Pause) (young) 5470M->2754M(6144M), 0.0454207 secs]
2018-03-27T19:06:15.739+0200: 26429.012: [GC pause (G1 Evacuation Pause) (young) 5466M->2755M(6144M), 0.0422349 secs]
2018-03-27T19:06:18.474+0200: 26431.748: [GC pause (G1 Evacuation Pause) (young) 5465M->2755M(6144M), 0.0412341 secs]
2018-03-27T19:06:21.044+0200: 26434.317: [GC pause (GCLocker Initiated GC) (young) 5469M->2758M(6144M), 0.0410363 secs]
2018-03-27T19:06:23.513+0200: 26436.787: [GC pause (G1 Evacuation Pause) (young) 5464M->2762M(6144M), 0.0389344 secs]
2018-03-27T19:06:26.343+0200: 26439.616: [GC pause (G1 Evacuation Pause) (young) 5462M->2762M(6144M), 0.0565854 secs]
2018-03-27T19:06:28.547+0200: 26441.820: [GC pause (G1 Evacuation Pause) (young) 5466M->2765M(6144M), 0.0388453 secs]
2018-03-27T19:06:31.038+0200: 26444.312: [GC pause (G1 Evacuation Pause) (young) 5467M->2764M(6144M), 0.0400424 secs]
2018-03-27T19:06:33.732+0200: 26447.006: [GC pause (G1 Evacuation Pause) (young) 5468M->2767M(6144M), 0.0513883 secs]
2018-03-27T19:06:35.806+0200: 26449.080: [GC pause (G1 Evacuation Pause) (young) 5465M->2767M(6144M), 0.0588984 secs]
2018-03-27T19:06:38.207+0200: 26451.481: [GC pause (GCLocker Initiated GC) (young) 5472M->2769M(6144M), 0.0375339 secs]
2018-03-27T19:06:40.901+0200: 26454.175: [GC pause (G1 Evacuation Pause) (young) 5467M->2772M(6144M), 0.0385508 secs]
2018-03-27T19:06:44.253+0200: 26457.527: [GC pause (G1 Evacuation Pause) (young) 5468M->2772M(6144M), 0.0386154 secs]
2018-03-27T19:06:46.994+0200: 26460.268: [GC pause (G1 Evacuation Pause) (young) 5470M->2772M(6144M), 0.0392345 secs]
2018-03-27T19:06:48.942+0200: 26462.216: [GC pause (G1 Evacuation Pause) (young) 5468M->2775M(6144M), 0.0445880 secs]
2018-03-27T19:06:51.921+0200: 26465.195: [GC pause (G1 Evacuation Pause) (young) 5469M->2778M(6144M), 0.0400917 secs]
2018-03-27T19:06:54.724+0200: 26467.998: [GC pause (G1 Evacuation Pause) (young) 5466M->2779M(6144M), 0.0372071 secs]
2018-03-27T19:06:57.778+0200: 26471.052: [GC pause (G1 Evacuation Pause) (young) 5467M->2782M(6144M), 0.0373178 secs]
2018-03-27T19:07:00.268+0200: 26473.542: [GC pause (G1 Evacuation Pause) (young) 5468M->2780M(6144M), 0.0531262 secs]
2018-03-27T19:07:03.047+0200: 26476.321: [GC pause (G1 Evacuation Pause) (young) 5472M->2784M(6144M), 0.0389470 secs]
2018-03-27T19:07:05.299+0200: 26478.573: [GC pause (G1 Evacuation Pause) (young) 5466M->2785M(6144M), 0.0395721 secs]
2018-03-27T19:07:08.152+0200: 26481.425: [GC pause (G1 Evacuation Pause) (young) 5471M->2787M(6144M), 0.0539470 secs]
2018-03-27T19:07:11.133+0200: 26484.407: [GC pause (G1 Evacuation Pause) (young) 5467M->2788M(6144M), 0.0375220 secs]
2018-03-27T19:07:13.930+0200: 26487.203: [GC pause (G1 Evacuation Pause) (young) 5470M->2789M(6144M), 0.0375518 secs]
2018-03-27T19:07:15.035+0200: 26488.309: [GC pause (G1 Humongous Allocation) (young) (initial-mark) 3515M->2795M(6144M), 0.0483752 secs]
2018-03-27T19:07:15.084+0200: 26488.357: [GC concurrent-root-region-scan-start]
2018-03-27T19:07:15.117+0200: 26488.391: [GC concurrent-root-region-scan-end, 0.0335068 secs]
2018-03-27T19:07:15.117+0200: 26488.391: [GC concurrent-mark-start]
2018-03-27T19:07:17.946+0200: 26491.220: [GC pause (GCLocker Initiated GC) (young) 5467M->2795M(6144M), 0.0357625 secs]
2018-03-27T19:07:18.189+0200: 26491.462: [GC concurrent-mark-end, 3.0714003 secs]
2018-03-27T19:07:18.192+0200: 26491.466: [GC remark, 0.3739776 secs]
2018-03-27T19:07:18.569+0200: 26491.843: [GC cleanup 2995M->2995M(6144M), 0.0329660 secs]
2018-03-27T19:07:19.474+0200: 26492.748: [GC pause (G1 Evacuation Pause) (young) 4363M->2793M(6144M), 0.0754048 secs]
2018-03-27T19:07:19.869+0200: 26493.142: [GC pause (G1 Evacuation Pause) (mixed) 3075M->2498M(6144M), 0.1772801 secs]
2018-03-27T19:07:20.302+0200: 26493.575: [GC pause (G1 Evacuation Pause) (young) 2778M->2500M(6144M), 0.0436599 secs]
2018-03-27T19:07:20.581+0200: 26493.855: [GC pause (G1 Evacuation Pause) (young) 2778M->2499M(6144M), 0.0224406 secs]
2018-03-27T19:07:20.870+0200: 26494.143: [GC pause (GCLocker Initiated GC) (young) 2791M->2502M(6144M), 0.0253939 secs]
2018-03-27T19:07:21.165+0200: 26494.438: [GC pause (G1 Evacuation Pause) (young) 2778M->2506M(6144M), 0.0258542 secs]
2018-03-27T19:07:21.499+0200: 26494.773: [GC pause (G1 Evacuation Pause) (young) 2786M->2504M(6144M), 0.0248085 secs]
2018-03-27T19:07:22.022+0200: 26495.296: [GC pause (G1 Evacuation Pause) (young) 2786M->2504M(6144M), 0.0216296 secs]
2018-03-27T19:07:22.232+0200: 26495.506: [GC pause (G1 Evacuation Pause) (young) 2786M->2505M(6144M), 0.0218101 secs]
2018-03-27T19:07:22.480+0200: 26495.753: [GC pause (G1 Evacuation Pause) (young) 2785M->2505M(6144M), 0.0250440 secs]
2018-03-27T19:07:22.803+0200: 26496.077: [GC pause (G1 Evacuation Pause) (young) 2785M->2507M(6144M), 0.0232994 secs]
2018-03-27T19:07:23.150+0200: 26496.423: [GC pause (G1 Evacuation Pause) (young) 2785M->2505M(6144M), 0.0236088 secs]
2018-03-27T19:07:23.349+0200: 26496.623: [GC pause (G1 Evacuation Pause) (young) 2785M->2508M(6144M), 0.0268063 secs]
2018-03-27T19:07:23.579+0200: 26496.852: [GC pause (G1 Evacuation Pause) (young) 2786M->2508M(6144M), 0.0455825 secs]
2018-03-27T19:07:23.959+0200: 26497.232: [GC pause (G1 Evacuation Pause) (young) 2786M->2508M(6144M), 0.0269147 secs]
2018-03-27T19:07:24.250+0200: 26497.524: [GC pause (GCLocker Initiated GC) (young) 2806M->2512M(6144M), 0.0228674 secs]
2018-03-27T19:07:27.574+0200: 26500.848: [GC pause (G1 Evacuation Pause) (young) 5468M->2517M(6144M), 0.0299011 secs]
2018-03-27T19:07:30.630+0200: 26503.904: [GC pause (G1 Evacuation Pause) (young) 5479M->2522M(6144M), 0.0272994 secs]
2018-03-27T19:07:33.941+0200: 26507.214: [GC pause (G1 Evacuation Pause) (young) 5488M->2528M(6144M), 0.0357101 secs]
2018-03-27T19:07:37.006+0200: 26510.279: [GC pause (G1 Evacuation Pause) (young) 5490M->2530M(6144M), 0.0327435 secs]
2018-03-27T19:07:40.154+0200: 26513.428: [GC pause (G1 Evacuation Pause) (young) 5488M->2532M(6144M), 0.0345129 secs]
2018-03-27T19:07:43.334+0200: 26516.608: [GC pause (G1 Evacuation Pause) (young) 5486M->2535M(6144M), 0.0403159 secs]
2018-03-27T19:07:46.263+0200: 26519.536: [GC pause (G1 Evacuation Pause) (young) 5485M->2539M(6144M), 0.0346066 secs]
2018-03-27T19:07:49.045+0200: 26522.319: [GC pause (G1 Evacuation Pause) (young) 5479M->2540M(6144M), 0.0401929 secs]
2018-03-27T19:07:51.769+0200: 26525.043: [GC pause (G1 Evacuation Pause) (young) 5476M->2542M(6144M), 0.0377408 secs]
2018-03-27T19:07:55.206+0200: 26528.480: [GC pause (G1 Evacuation Pause) (young) 5478M->2544M(6144M), 0.0354542 secs]
2018-03-27T19:07:58.018+0200: 26531.292: [GC pause (G1 Evacuation Pause) (young) 5476M->2544M(6144M), 0.0363562 secs]
2018-03-27T19:08:00.716+0200: 26533.990: [GC pause (G1 Evacuation Pause) (young) 5476M->2549M(6144M), 0.0340441 secs]
2018-03-27T19:08:03.818+0200: 26537.092: [GC pause (G1 Evacuation Pause) (young) 5471M->2550M(6144M), 0.0683221 secs]
2018-03-27T19:08:06.977+0200: 26540.250: [GC pause (G1 Evacuation Pause) (young) 5472M->2552M(6144M), 0.0603211 secs]
2018-03-27T19:08:10.736+0200: 26544.010: [GC pause (GCLocker Initiated GC) (young) 5486M->2553M(6144M), 0.0433884 secs]
2018-03-27T19:08:13.751+0200: 26547.024: [GC pause (G1 Evacuation Pause) (young) 5467M->2555M(6144M), 0.0682319 secs]
2018-03-27T19:08:16.768+0200: 26550.042: [GC pause (G1 Evacuation Pause) (young) 5467M->2554M(6144M), 0.0362273 secs]
2018-03-27T19:08:19.319+0200: 26552.593: [GC pause (G1 Evacuation Pause) (young) 5470M->2557M(6144M), 0.0402480 secs]
2018-03-27T19:08:22.549+0200: 26555.823: [GC pause (G1 Evacuation Pause) (young) 5471M->2559M(6144M), 0.0355018 secs]
2018-03-27T19:08:25.022+0200: 26558.296: [GC pause (G1 Evacuation Pause) (young) 5471M->2563M(6144M), 0.0454014 secs]
2018-03-27T19:08:28.042+0200: 26561.316: [GC pause (G1 Evacuation Pause) (young) 5469M->2560M(6144M), 0.0485778 secs]
2018-03-27T19:08:30.902+0200: 26564.176: [GC pause (G1 Evacuation Pause) (young) 5472M->2562M(6144M), 0.0411664 secs]
2018-03-27T19:08:33.501+0200: 26566.775: [GC pause (G1 Evacuation Pause) (young) 5472M->2566M(6144M), 0.0409145 secs]
2018-03-27T19:08:36.899+0200: 26570.173: [GC pause (G1 Evacuation Pause) (young) 5466M->2568M(6144M), 0.0713520 secs]
2018-03-27T19:08:39.801+0200: 26573.075: [GC pause (G1 Evacuation Pause) (young) 5468M->2570M(6144M), 0.0391311 secs]
2018-03-27T19:08:42.738+0200: 26576.012: [GC pause (G1 Evacuation Pause) (young) 5468M->2568M(6144M), 0.0481913 secs]
2018-03-27T19:08:45.808+0200: 26579.082: [GC pause (G1 Evacuation Pause) (young) 5472M->2572M(6144M), 0.0389925 secs]
2018-03-27T19:08:48.450+0200: 26581.724: [GC pause (G1 Evacuation Pause) (young) 5466M->2572M(6144M), 0.0396065 secs]
2018-03-27T19:08:51.929+0200: 26585.203: [GC pause (G1 Evacuation Pause) (young) 5472M->2575M(6144M), 0.0392908 secs]
2018-03-27T19:08:54.324+0200: 26587.598: [GC pause (G1 Evacuation Pause) (young) 5469M->2578M(6144M), 0.0459775 secs]
2018-03-27T19:08:57.858+0200: 26591.132: [GC pause (GCLocker Initiated GC) (young) 5472M->2582M(6144M), 0.0396243 secs]
2018-03-27T19:09:00.364+0200: 26593.638: [GC pause (GCLocker Initiated GC) (young) 5469M->2584M(6144M), 0.0336391 secs]
2018-03-27T19:09:03.052+0200: 26596.325: [GC pause (GCLocker Initiated GC) (young) 5468M->2583M(6144M), 0.0397893 secs]
2018-03-27T19:09:06.392+0200: 26599.666: [GC pause (G1 Evacuation Pause) (young) 5469M->2588M(6144M), 0.0369608 secs]
2018-03-27T19:09:08.695+0200: 26601.968: [GC pause (G1 Evacuation Pause) (young) 5468M->2588M(6144M), 0.0391904 secs]
2018-03-27T19:09:11.897+0200: 26605.171: [GC pause (GCLocker Initiated GC) (young) 5467M->2589M(6144M), 0.0428733 secs]
2018-03-27T19:09:14.378+0200: 26607.652: [GC pause (G1 Evacuation Pause) (young) 5471M->2592M(6144M), 0.0398897 secs]
2018-03-27T19:09:16.509+0200: 26609.783: [GC pause (G1 Evacuation Pause) (young) 5468M->2594M(6144M), 0.0426844 secs]
2018-03-27T19:09:19.073+0200: 26612.347: [GC pause (GCLocker Initiated GC) (young) 5469M->2594M(6144M), 0.0582706 secs]
2018-03-27T19:09:21.702+0200: 26614.975: [GC pause (G1 Evacuation Pause) (young) 5470M->2602M(6144M), 0.0373407 secs]
2018-03-27T19:09:24.541+0200: 26617.815: [GC pause (GCLocker Initiated GC) (young) 5465M->2597M(6144M), 0.0375476 secs]
2018-03-27T19:09:27.326+0200: 26620.600: [GC pause (GCLocker Initiated GC) (young) 5475M->2602M(6144M), 0.0404666 secs]
2018-03-27T19:09:30.583+0200: 26623.857: [GC pause (G1 Evacuation Pause) (young) 5464M->2602M(6144M), 0.0391242 secs]
2018-03-27T19:09:33.769+0200: 26627.043: [GC pause (G1 Evacuation Pause) (young) 5466M->2607M(6144M), 0.0434546 secs]
2018-03-27T19:09:37.039+0200: 26630.313: [GC pause (G1 Evacuation Pause) (young) 5467M->2605M(6144M), 0.0371637 secs]
2018-03-27T19:09:39.714+0200: 26632.988: [GC pause (G1 Evacuation Pause) (young) 5471M->2609M(6144M), 0.0386694 secs]
2018-03-27T19:09:42.446+0200: 26635.720: [GC pause (G1 Evacuation Pause) (young) 5465M->2607M(6144M), 0.0347474 secs]
2018-03-27T19:09:45.202+0200: 26638.476: [GC pause (G1 Evacuation Pause) (young) 5469M->2610M(6144M), 0.0474666 secs]
2018-03-27T19:09:47.885+0200: 26641.159: [GC pause (G1 Evacuation Pause) (young) 5470M->2610M(6144M), 0.0382010 secs]
2018-03-27T19:09:51.114+0200: 26644.388: [GC pause (G1 Evacuation Pause) (young) 5472M->2614M(6144M), 0.0387327 secs]
2018-03-27T19:09:53.849+0200: 26647.123: [GC pause (G1 Evacuation Pause) (young) 5470M->2614M(6144M), 0.0421988 secs]
2018-03-27T19:09:57.167+0200: 26650.440: [GC pause (GCLocker Initiated GC) (young) 5472M->2618M(6144M), 0.0589994 secs]
2018-03-27T19:09:59.658+0200: 26652.932: [GC pause (G1 Evacuation Pause) (young) 5470M->2619M(6144M), 0.0392595 secs]
2018-03-27T19:10:03.034+0200: 26656.308: [GC pause (G1 Evacuation Pause) (young) 5469M->2619M(6144M), 0.0599601 secs]
2018-03-27T19:10:05.274+0200: 26658.548: [GC pause (G1 Evacuation Pause) (young) 5473M->2622M(6144M), 0.0428226 secs]
2018-03-27T19:10:08.035+0200: 26661.308: [GC pause (G1 Evacuation Pause) (young) 5470M->2622M(6144M), 0.0462535 secs]
2018-03-27T19:10:11.122+0200: 26664.396: [GC pause (G1 Evacuation Pause) (young) 5472M->2624M(6144M), 0.0346844 secs]
2018-03-27T19:10:13.175+0200: 26666.449: [GC pause (GCLocker Initiated GC) (young) 5474M->2626M(6144M), 0.0374700 secs]
2018-03-27T19:10:15.884+0200: 26669.158: [GC pause (G1 Evacuation Pause) (young) 5472M->2627M(6144M), 0.0402681 secs]
2018-03-27T19:10:18.350+0200: 26671.624: [GC pause (G1 Evacuation Pause) (young) 5471M->2631M(6144M), 0.0618888 secs]
2018-03-27T19:10:20.788+0200: 26674.061: [GC pause (G1 Evacuation Pause) (young) 5469M->2633M(6144M), 0.0437878 secs]
2018-03-27T19:10:23.953+0200: 26677.227: [GC pause (G1 Evacuation Pause) (young) 5469M->2635M(6144M), 0.0488995 secs]
2018-03-27T19:10:26.418+0200: 26679.691: [GC pause (G1 Evacuation Pause) (young) 5471M->2638M(6144M), 0.0499475 secs]
2018-03-27T19:10:30.542+0200: 26683.816: [GC pause (G1 Evacuation Pause) (young) 5468M->2638M(6144M), 0.0560701 secs]
2018-03-27T19:10:33.763+0200: 26687.037: [GC pause (G1 Evacuation Pause) (young) 5470M->2641M(6144M), 0.0410985 secs]
2018-03-27T19:10:36.927+0200: 26690.201: [GC pause (GCLocker Initiated GC) (young) 5470M->2642M(6144M), 0.0395577 secs]
2018-03-27T19:10:39.508+0200: 26692.782: [GC pause (G1 Evacuation Pause) (young) 5470M->2645M(6144M), 0.0457445 secs]
2018-03-27T19:10:42.598+0200: 26695.871: [GC pause (G1 Evacuation Pause) (young) 5467M->2643M(6144M), 0.0421683 secs]
2018-03-27T19:10:46.148+0200: 26699.422: [GC pause (G1 Evacuation Pause) (young) 5471M->2648M(6144M), 0.0386683 secs]
2018-03-27T19:10:49.562+0200: 26702.836: [GC pause (G1 Evacuation Pause) (young) 5466M->2652M(6144M), 0.0357253 secs]
2018-03-27T19:10:52.478+0200: 26705.752: [GC pause (G1 Evacuation Pause) (young) 5466M->2651M(6144M), 0.0414709 secs]
2018-03-27T19:10:55.728+0200: 26709.002: [GC pause (G1 Evacuation Pause) (young) 5467M->2651M(6144M), 0.0345390 secs]
2018-03-27T19:10:59.159+0200: 26712.432: [GC pause (G1 Evacuation Pause) (young) 5469M->2653M(6144M), 0.0368286 secs]
2018-03-27T19:11:02.216+0200: 26715.490: [GC pause (G1 Evacuation Pause) (young) 5469M->2655M(6144M), 0.0362548 secs]
2018-03-27T19:11:05.145+0200: 26718.419: [GC pause (G1 Evacuation Pause) (young) 5469M->2655M(6144M), 0.0380670 secs]
2018-03-27T19:11:08.224+0200: 26721.498: [GC pause (G1 Evacuation Pause) (young) 5471M->2659M(6144M), 0.0420388 secs]
2018-03-27T19:11:10.986+0200: 26724.260: [GC pause (GCLocker Initiated GC) (young) 5491M->2660M(6144M), 0.0390922 secs]
2018-03-27T19:11:13.570+0200: 26726.844: [GC pause (G1 Evacuation Pause) (young) 5472M->2660M(6144M), 0.0438493 secs]
2018-03-27T19:11:16.159+0200: 26729.433: [GC pause (G1 Evacuation Pause) (young) 5474M->2661M(6144M), 0.0497370 secs]
2018-03-27T19:11:19.152+0200: 26732.425: [GC pause (G1 Evacuation Pause) (young) 5473M->2667M(6144M), 0.0412280 secs]
2018-03-27T19:11:22.057+0200: 26735.331: [GC pause (G1 Evacuation Pause) (young) 5469M->2668M(6144M), 0.0420478 secs]
2018-03-27T19:11:24.723+0200: 26737.997: [GC pause (G1 Evacuation Pause) (young) 5472M->2671M(6144M), 0.0429299 secs]
2018-03-27T19:11:27.577+0200: 26740.850: [GC pause (G1 Evacuation Pause) (young) 5469M->2672M(6144M), 0.0393657 secs]
2018-03-27T19:11:30.120+0200: 26743.394: [GC pause (G1 Evacuation Pause) (young) 5472M->2673M(6144M), 0.0445057 secs]
2018-03-27T19:11:32.750+0200: 26746.024: [GC pause (G1 Evacuation Pause) (young) 5471M->2676M(6144M), 0.0408500 secs]
2018-03-27T19:11:34.670+0200: 26747.944: [GC pause (GCLocker Initiated GC) (young) 5472M->2680M(6144M), 0.0414657 secs]
2018-03-27T19:11:37.030+0200: 26750.303: [GC pause (G1 Evacuation Pause) (young) 5468M->2681M(6144M), 0.0484303 secs]
2018-03-27T19:11:39.490+0200: 26752.764: [GC pause (G1 Evacuation Pause) (young) 5467M->2682M(6144M), 0.0361154 secs]
2018-03-27T19:11:42.109+0200: 26755.383: [GC pause (G1 Evacuation Pause) (young) 5466M->2685M(6144M), 0.0375705 secs]
2018-03-27T19:11:44.722+0200: 26757.995: [GC pause (G1 Evacuation Pause) (young) 5469M->2686M(6144M), 0.0524303 secs]
2018-03-27T19:11:47.248+0200: 26760.522: [GC pause (G1 Evacuation Pause) (young) 5468M->2688M(6144M), 0.0447718 secs]
2018-03-27T19:11:50.578+0200: 26763.852: [GC pause (G1 Evacuation Pause) (young) 5464M->2688M(6144M), 0.0528162 secs]
2018-03-27T19:11:53.260+0200: 26766.534: [GC pause (G1 Evacuation Pause) (young) 5466M->2692M(6144M), 0.0451170 secs]
2018-03-27T19:11:55.510+0200: 26768.783: [GC pause (G1 Evacuation Pause) (young) 5466M->2695M(6144M), 0.0440747 secs]
2018-03-27T19:11:57.926+0200: 26771.200: [GC pause (G1 Evacuation Pause) (young) 5465M->2694M(6144M), 0.0539132 secs]
2018-03-27T19:12:00.614+0200: 26773.888: [GC pause (G1 Evacuation Pause) (young) 5470M->2698M(6144M), 0.0385651 secs]
2018-03-27T19:12:03.780+0200: 26777.054: [GC pause (G1 Evacuation Pause) (young) 5468M->2698M(6144M), 0.0446202 secs]
2018-03-27T19:12:06.405+0200: 26779.678: [GC pause (G1 Evacuation Pause) (young) 5472M->2701M(6144M), 0.0488367 secs]
2018-03-27T19:12:09.210+0200: 26782.484: [GC pause (GCLocker Initiated GC) (young) 5488M->2703M(6144M), 0.0616217 secs]
2018-03-27T19:12:11.376+0200: 26784.649: [GC pause (G1 Evacuation Pause) (young) 5469M->2703M(6144M), 0.0531065 secs]
2018-03-27T19:12:14.592+0200: 26787.866: [GC pause (G1 Evacuation Pause) (young) 5471M->2711M(6144M), 0.0592838 secs]
2018-03-27T19:12:17.914+0200: 26791.187: [GC pause (GCLocker Initiated GC) (young) 5465M->2709M(6144M), 0.0523735 secs]
2018-03-27T19:12:21.026+0200: 26794.300: [GC pause (GCLocker Initiated GC) (young) 5472M->2713M(6144M), 0.0487064 secs]
2018-03-27T19:12:23.040+0200: 26796.314: [GC pause (G1 Evacuation Pause) (young) 5469M->2714M(6144M), 0.0416411 secs]
2018-03-27T19:12:25.179+0200: 26798.452: [GC pause (G1 Evacuation Pause) (young) 5468M->2716M(6144M), 0.0452969 secs]
2018-03-27T19:12:27.980+0200: 26801.254: [GC pause (G1 Evacuation Pause) (young) 5468M->2719M(6144M), 0.0381308 secs]
2018-03-27T19:12:30.614+0200: 26803.888: [GC pause (G1 Evacuation Pause) (young) 5465M->2717M(6144M), 0.0484690 secs]
2018-03-27T19:12:33.410+0200: 26806.684: [GC pause (G1 Evacuation Pause) (young) 5469M->2719M(6144M), 0.0615961 secs]
2018-03-27T19:12:36.363+0200: 26809.636: [GC pause (G1 Evacuation Pause) (young) 5471M->2724M(6144M), 0.0398824 secs]
2018-03-27T19:12:39.278+0200: 26812.552: [GC pause (G1 Evacuation Pause) (young) 5466M->2724M(6144M), 0.0530758 secs]
2018-03-27T19:12:42.467+0200: 26815.741: [GC pause (G1 Evacuation Pause) (young) 5468M->2727M(6144M), 0.0378223 secs]
2018-03-27T19:12:45.435+0200: 26818.708: [GC pause (G1 Evacuation Pause) (young) 5465M->2728M(6144M), 0.0598181 secs]
2018-03-27T19:12:47.669+0200: 26820.942: [GC pause (G1 Evacuation Pause) (young) 5468M->2730M(6144M), 0.0459380 secs]
2018-03-27T19:12:50.968+0200: 26824.242: [GC pause (G1 Evacuation Pause) (young) 5468M->2731M(6144M), 0.0582602 secs]
2018-03-27T19:12:53.728+0200: 26827.001: [GC pause (G1 Evacuation Pause) (young) 5469M->2733M(6144M), 0.0375033 secs]
2018-03-27T19:12:56.880+0200: 26830.154: [GC pause (G1 Evacuation Pause) (young) 5469M->2737M(6144M), 0.0536694 secs]
2018-03-27T19:13:00.008+0200: 26833.281: [GC pause (GCLocker Initiated GC) (young) 5468M->2738M(6144M), 0.0341576 secs]
2018-03-27T19:13:02.154+0200: 26835.428: [GC pause (GCLocker Initiated GC) (young) 5472M->2737M(6144M), 0.0351216 secs]
2018-03-27T19:13:04.505+0200: 26837.778: [GC pause (GCLocker Initiated GC) (young) 5475M->2743M(6144M), 0.0395276 secs]
2018-03-27T19:13:07.243+0200: 26840.517: [GC pause (G1 Evacuation Pause) (young) 5467M->2743M(6144M), 0.0424631 secs]
2018-03-27T19:13:09.329+0200: 26842.603: [GC pause (G1 Evacuation Pause) (young) 5469M->2746M(6144M), 0.0368617 secs]
2018-03-27T19:13:12.011+0200: 26845.285: [GC pause (GCLocker Initiated GC) (young) 5468M->2746M(6144M), 0.0367677 secs]
2018-03-27T19:13:14.605+0200: 26847.879: [GC pause (G1 Evacuation Pause) (young) 5470M->2748M(6144M), 0.0409505 secs]
2018-03-27T19:13:17.363+0200: 26850.637: [GC pause (G1 Evacuation Pause) (young) 5470M->2752M(6144M), 0.0392043 secs]
2018-03-27T19:13:20.071+0200: 26853.345: [GC pause (G1 Evacuation Pause) (young) 5464M->2752M(6144M), 0.0396309 secs]
2018-03-27T19:13:23.063+0200: 26856.337: [GC pause (G1 Evacuation Pause) (young) 5468M->2756M(6144M), 0.0581501 secs]
2018-03-27T19:13:25.803+0200: 26859.076: [GC pause (G1 Evacuation Pause) (young) 5467M->2754M(6144M), 0.0654590 secs]
2018-03-27T19:13:28.931+0200: 26862.204: [GC pause (G1 Evacuation Pause) (young) 5470M->2754M(6144M), 0.0420886 secs]
2018-03-27T19:13:31.998+0200: 26865.272: [GC pause (GCLocker Initiated GC) (young) 5473M->2758M(6144M), 0.0366036 secs]
2018-03-27T19:13:34.321+0200: 26867.595: [GC pause (G1 Evacuation Pause) (young) 5470M->2759M(6144M), 0.0401249 secs]
2018-03-27T19:13:37.250+0200: 26870.523: [GC pause (G1 Evacuation Pause) (young) 5469M->2761M(6144M), 0.0454983 secs]
2018-03-27T19:13:39.580+0200: 26872.854: [GC pause (G1 Evacuation Pause) (young) 5471M->2764M(6144M), 0.0559151 secs]
2018-03-27T19:13:42.012+0200: 26875.286: [GC pause (G1 Evacuation Pause) (young) 5468M->2765M(6144M), 0.0371239 secs]
2018-03-27T19:13:45.016+0200: 26878.289: [GC pause (GCLocker Initiated GC) (young) 5471M->2766M(6144M), 0.0354933 secs]
2018-03-27T19:13:47.392+0200: 26880.666: [GC pause (GCLocker Initiated GC) (young) 5474M->2769M(6144M), 0.0393457 secs]
2018-03-27T19:13:49.956+0200: 26883.230: [GC pause (G1 Evacuation Pause) (young) 5467M->2771M(6144M), 0.0405029 secs]
2018-03-27T19:13:52.783+0200: 26886.057: [GC pause (G1 Evacuation Pause) (young) 5467M->2769M(6144M), 0.0486123 secs]
2018-03-27T19:13:55.303+0200: 26888.577: [GC pause (G1 Evacuation Pause) (young) 5473M->2773M(6144M), 0.0351140 secs]
2018-03-27T19:13:57.814+0200: 26891.087: [GC pause (G1 Evacuation Pause) (young) 5467M->2775M(6144M), 0.0408825 secs]
2018-03-27T19:14:00.499+0200: 26893.773: [GC pause (GCLocker Initiated GC) (young) 5470M->2778M(6144M), 0.0464815 secs]
2018-03-27T19:14:02.567+0200: 26895.840: [GC pause (G1 Evacuation Pause) (young) 5468M->2779M(6144M), 0.0372269 secs]
2018-03-27T19:14:05.150+0200: 26898.424: [GC pause (GCLocker Initiated GC) (young) 5476M->2781M(6144M), 0.0401419 secs]
2018-03-27T19:14:07.676+0200: 26900.949: [GC pause (G1 Evacuation Pause) (young) 5468M->2780M(6144M), 0.0505811 secs]
2018-03-27T19:14:10.501+0200: 26903.775: [GC pause (G1 Evacuation Pause) (young) 5472M->2784M(6144M), 0.0402651 secs]
2018-03-27T19:14:12.995+0200: 26906.269: [GC pause (G1 Evacuation Pause) (young) 5466M->2787M(6144M), 0.0454417 secs]
2018-03-27T19:14:16.424+0200: 26909.698: [GC pause (GCLocker Initiated GC) (young) 5471M->2786M(6144M), 0.0373098 secs]
2018-03-27T19:14:19.149+0200: 26912.422: [GC pause (G1 Evacuation Pause) (young) 5470M->2788M(6144M), 0.0422185 secs]
2018-03-27T19:14:21.662+0200: 26914.936: [GC pause (G1 Evacuation Pause) (young) 5470M->2790M(6144M), 0.0359827 secs]
2018-03-27T19:14:23.843+0200: 26917.116: [GC pause (G1 Evacuation Pause) (young) 5470M->2790M(6144M), 0.0387591 secs]
2018-03-27T19:14:26.351+0200: 26919.624: [GC pause (G1 Evacuation Pause) (young) 5472M->2792M(6144M), 0.0370621 secs]
2018-03-27T19:14:29.087+0200: 26922.360: [GC pause (G1 Evacuation Pause) (young) 5472M->2793M(6144M), 0.0380731 secs]
2018-03-27T19:14:31.592+0200: 26924.866: [GC pause (G1 Evacuation Pause) (young) 5471M->2794M(6144M), 0.0361225 secs]
2018-03-27T19:14:34.704+0200: 26927.978: [GC pause (G1 Evacuation Pause) (young) 5474M->2797M(6144M), 0.0393094 secs]
2018-03-27T19:14:37.177+0200: 26930.451: [GC pause (G1 Evacuation Pause) (young) 5471M->2799M(6144M), 0.0469535 secs]
2018-03-27T19:14:39.795+0200: 26933.069: [GC pause (G1 Evacuation Pause) (young) 5471M->2801M(6144M), 0.0456018 secs]
2018-03-27T19:14:42.314+0200: 26935.588: [GC pause (G1 Evacuation Pause) (young) 5471M->2803M(6144M), 0.0426166 secs]
2018-03-27T19:14:44.972+0200: 26938.246: [GC pause (G1 Evacuation Pause) (young) 5471M->2806M(6144M), 0.0346924 secs]
2018-03-27T19:14:47.314+0200: 26940.587: [GC pause (G1 Evacuation Pause) (young) 5470M->2806M(6144M), 0.0367892 secs]
2018-03-27T19:14:50.165+0200: 26943.439: [GC pause (G1 Evacuation Pause) (young) 5472M->2808M(6144M), 0.0487470 secs]
2018-03-27T19:14:52.546+0200: 26945.820: [GC pause (G1 Evacuation Pause) (young) 5472M->2810M(6144M), 0.0474870 secs]
2018-03-27T19:14:54.870+0200: 26948.144: [GC pause (GCLocker Initiated GC) (young) 5472M->2809M(6144M), 0.0463525 secs]
2018-03-27T19:14:57.378+0200: 26950.651: [GC pause (GCLocker Initiated GC) (young) 5473M->2813M(6144M), 0.0485470 secs]
2018-03-27T19:15:00.378+0200: 26953.652: [GC pause (G1 Evacuation Pause) (young) 5469M->2814M(6144M), 0.0679791 secs]
2018-03-27T19:15:03.222+0200: 26956.495: [GC pause (G1 Evacuation Pause) (young) 5470M->2816M(6144M), 0.0408848 secs]
2018-03-27T19:15:05.925+0200: 26959.199: [GC pause (G1 Evacuation Pause) (young) (initial-mark) 5470M->2816M(6144M), 0.0553065 secs]
2018-03-27T19:15:05.981+0200: 26959.255: [GC concurrent-root-region-scan-start]
2018-03-27T19:15:06.031+0200: 26959.305: [GC concurrent-root-region-scan-end, 0.0500556 secs]
2018-03-27T19:15:06.031+0200: 26959.305: [GC concurrent-mark-start]
2018-03-27T19:15:09.094+0200: 26962.368: [GC pause (G1 Evacuation Pause) (young) 5472M->2818M(6144M), 0.0434841 secs]
2018-03-27T19:15:09.392+0200: 26962.665: [GC concurrent-mark-end, 3.3605638 secs]
2018-03-27T19:15:09.395+0200: 26962.669: [GC remark, 0.4989829 secs]
2018-03-27T19:15:09.896+0200: 26963.170: [GC cleanup 3028M->3026M(6144M), 0.0250035 secs]
2018-03-27T19:15:09.922+0200: 26963.195: [GC concurrent-cleanup-start]
2018-03-27T19:15:09.922+0200: 26963.195: [GC concurrent-cleanup-end, 0.0000334 secs]
2018-03-27T19:15:10.526+0200: 26963.800: [GC pause (G1 Evacuation Pause) (young) 3722M->2818M(6144M), 0.0620016 secs]
2018-03-27T19:15:10.815+0200: 26964.089: [GC pause (G1 Evacuation Pause) (mixed) 3096M->2497M(6144M), 0.2262868 secs]
2018-03-27T19:15:11.248+0200: 26964.521: [GC pause (GCLocker Initiated GC) (young) 2797M->2501M(6144M), 0.0614868 secs]
2018-03-27T19:15:11.431+0200: 26964.705: [GC pause (G1 Evacuation Pause) (young) 2781M->2502M(6144M), 0.0266700 secs]
2018-03-27T19:15:11.574+0200: 26964.847: [GC pause (G1 Evacuation Pause) (young) 2782M->2502M(6144M), 0.0236904 secs]
2018-03-27T19:15:11.777+0200: 26965.051: [GC pause (GCLocker Initiated GC) (young) 2786M->2501M(6144M), 0.0251961 secs]
2018-03-27T19:15:12.008+0200: 26965.282: [GC pause (G1 Evacuation Pause) (young) 2781M->2501M(6144M), 0.0460291 secs]
2018-03-27T19:15:12.303+0200: 26965.576: [GC pause (G1 Evacuation Pause) (young) 2781M->2504M(6144M), 0.0233254 secs]
2018-03-27T19:15:12.532+0200: 26965.806: [GC pause (G1 Evacuation Pause) (young) 2782M->2502M(6144M), 0.0292398 secs]
2018-03-27T19:15:12.833+0200: 26966.106: [GC pause (G1 Evacuation Pause) (young) 2782M->2506M(6144M), 0.0246249 secs]
2018-03-27T19:15:13.149+0200: 26966.423: [GC pause (G1 Evacuation Pause) (young) 2782M->2503M(6144M), 0.0350621 secs]
2018-03-27T19:15:13.475+0200: 26966.749: [GC pause (G1 Evacuation Pause) (young) 2785M->2506M(6144M), 0.0251937 secs]
2018-03-27T19:15:13.672+0200: 26966.945: [GC pause (G1 Evacuation Pause) (young) 2786M->2505M(6144M), 0.0235801 secs]
2018-03-27T19:15:13.893+0200: 26967.166: [GC pause (G1 Evacuation Pause) (young) 2785M->2508M(6144M), 0.0249885 secs]
2018-03-27T19:15:14.216+0200: 26967.489: [GC pause (G1 Evacuation Pause) (young) 2786M->2506M(6144M), 0.0255687 secs]
2018-03-27T19:15:17.286+0200: 26970.559: [GC pause (G1 Evacuation Pause) (young) 5472M->2514M(6144M), 0.0321992 secs]
2018-03-27T19:15:20.314+0200: 26973.587: [GC pause (GCLocker Initiated GC) (young) 5478M->2517M(6144M), 0.0513819 secs]
2018-03-27T19:15:22.510+0200: 26975.784: [GC pause (G1 Evacuation Pause) (young) 5487M->2524M(6144M), 0.0409053 secs]
2018-03-27T19:15:25.877+0200: 26979.150: [GC pause (G1 Evacuation Pause) (young) 5490M->2525M(6144M), 0.0353336 secs]
2018-03-27T19:15:28.551+0200: 26981.825: [GC pause (G1 Evacuation Pause) (young) 5487M->2533M(6144M), 0.0340720 secs]
2018-03-27T19:15:31.080+0200: 26984.354: [GC pause (G1 Evacuation Pause) (young) 5483M->2533M(6144M), 0.0300805 secs]
2018-03-27T19:15:33.514+0200: 26986.788: [GC pause (G1 Evacuation Pause) (young) 5481M->2536M(6144M), 0.0605185 secs]
2018-03-27T19:15:36.007+0200: 26989.281: [GC pause (G1 Evacuation Pause) (young) 5480M->2538M(6144M), 0.0439785 secs]
2018-03-27T19:15:39.022+0200: 26992.296: [GC pause (G1 Evacuation Pause) (young) 5478M->2540M(6144M), 0.0364397 secs]
2018-03-27T19:15:41.900+0200: 26995.174: [GC pause (G1 Evacuation Pause) (young) 5476M->2541M(6144M), 0.0363532 secs]
2018-03-27T19:15:45.147+0200: 26998.420: [GC pause (G1 Evacuation Pause) (young) 5477M->2543M(6144M), 0.0363441 secs]
2018-03-27T19:15:47.752+0200: 27001.026: [GC pause (G1 Evacuation Pause) (young) 5475M->2544M(6144M), 0.0381590 secs]
2018-03-27T19:15:50.304+0200: 27003.578: [GC pause (G1 Evacuation Pause) (young) 5470M->2545M(6144M), 0.0341856 secs]
2018-03-27T19:15:52.895+0200: 27006.169: [GC pause (G1 Evacuation Pause) (young) 5471M->2548M(6144M), 0.0372909 secs]
2018-03-27T19:15:55.393+0200: 27008.666: [GC pause (G1 Evacuation Pause) (young) 5470M->2547M(6144M), 0.0362774 secs]
2018-03-27T19:15:58.534+0200: 27011.808: [GC pause (G1 Evacuation Pause) (young) 5469M->2551M(6144M), 0.0379168 secs]
2018-03-27T19:16:01.182+0200: 27014.455: [GC pause (G1 Evacuation Pause) (young) 5469M->2550M(6144M), 0.0390312 secs]
2018-03-27T19:16:03.349+0200: 27016.622: [GC pause (GCLocker Initiated GC) (young) 5470M->2556M(6144M), 0.0479823 secs]
2018-03-27T19:16:07.381+0200: 27020.654: [GC pause (G1 Evacuation Pause) (young) 5466M->2555M(6144M), 0.0640209 secs]
2018-03-27T19:16:11.064+0200: 27024.338: [GC pause (G1 Evacuation Pause) (young) 5467M->2557M(6144M), 0.0409021 secs]
2018-03-27T19:16:14.095+0200: 27027.369: [GC pause (GCLocker Initiated GC) (young) 5472M->2558M(6144M), 0.0409640 secs]
2018-03-27T19:16:16.974+0200: 27030.248: [GC pause (G1 Evacuation Pause) (young) 5468M->2560M(6144M), 0.0479047 secs]
2018-03-27T19:16:20.446+0200: 27033.720: [GC pause (G1 Evacuation Pause) (young) 5468M->2565M(6144M), 0.0441412 secs]
2018-03-27T19:16:23.353+0200: 27036.627: [GC pause (G1 Evacuation Pause) (young) 5467M->2565M(6144M), 0.0708055 secs]
2018-03-27T19:16:26.623+0200: 27039.897: [GC pause (G1 Evacuation Pause) (young) 5469M->2566M(6144M), 0.0604164 secs]
2018-03-27T19:16:30.286+0200: 27043.559: [GC pause (G1 Evacuation Pause) (young) 5470M->2567M(6144M), 0.0379444 secs]
2018-03-27T19:16:33.681+0200: 27046.955: [GC pause (GCLocker Initiated GC) (young) 5478M->2570M(6144M), 0.0534033 secs]
2018-03-27T19:16:36.734+0200: 27050.008: [GC pause (G1 Evacuation Pause) (young) 5470M->2574M(6144M), 0.0520394 secs]
2018-03-27T19:16:39.451+0200: 27052.725: [GC pause (G1 Evacuation Pause) (young) 5468M->2575M(6144M), 0.0538548 secs]
2018-03-27T19:16:42.072+0200: 27055.345: [GC pause (G1 Evacuation Pause) (young) 5467M->2575M(6144M), 0.0430279 secs]
2018-03-27T19:16:44.719+0200: 27057.993: [GC pause (G1 Evacuation Pause) (young) 5471M->2577M(6144M), 0.0368530 secs]
2018-03-27T19:16:47.196+0200: 27060.470: [GC pause (G1 Evacuation Pause) (young) 5467M->2581M(6144M), 0.0405055 secs]
2018-03-27T19:16:50.481+0200: 27063.755: [GC pause (G1 Evacuation Pause) (young) 5469M->2584M(6144M), 0.0468678 secs]
2018-03-27T19:16:53.747+0200: 27067.020: [GC pause (G1 Evacuation Pause) (young) 5466M->2585M(6144M), 0.0711559 secs]
2018-03-27T19:16:56.544+0200: 27069.818: [GC pause (G1 Evacuation Pause) (young) 5469M->2586M(6144M), 0.0473294 secs]
2018-03-27T19:16:59.112+0200: 27072.386: [GC pause (G1 Evacuation Pause) (young) 5468M->2589M(6144M), 0.0431109 secs]
2018-03-27T19:17:01.441+0200: 27074.714: [GC pause (G1 Evacuation Pause) (young) 5465M->2589M(6144M), 0.0447164 secs]
2018-03-27T19:17:03.811+0200: 27077.084: [GC pause (G1 Evacuation Pause) (young) 5467M->2592M(6144M), 0.0619500 secs]
2018-03-27T19:17:06.922+0200: 27080.196: [GC pause (G1 Evacuation Pause) (young) 5468M->2593M(6144M), 0.0523464 secs]
2018-03-27T19:17:09.397+0200: 27082.671: [GC pause (G1 Evacuation Pause) (young) 5467M->2594M(6144M), 0.0440967 secs]
2018-03-27T19:17:12.171+0200: 27085.445: [GC pause (G1 Evacuation Pause) (young) 5466M->2595M(6144M), 0.0634507 secs]
2018-03-27T19:17:15.260+0200: 27088.534: [GC pause (GCLocker Initiated GC) (young) 5471M->2599M(6144M), 0.0474451 secs]
2018-03-27T19:17:18.450+0200: 27091.723: [GC pause (G1 Evacuation Pause) (young) 5467M->2600M(6144M), 0.0529604 secs]
2018-03-27T19:17:21.402+0200: 27094.675: [GC pause (G1 Evacuation Pause) (young) 5470M->2602M(6144M), 0.0418512 secs]
2018-03-27T19:17:24.842+0200: 27098.116: [GC pause (G1 Evacuation Pause) (young) 5470M->2608M(6144M), 0.0514700 secs]
2018-03-27T19:17:27.976+0200: 27101.249: [GC pause (G1 Evacuation Pause) (young) 5466M->2606M(6144M), 0.0396462 secs]
2018-03-27T19:17:31.395+0200: 27104.669: [GC pause (G1 Evacuation Pause) (young) 5468M->2609M(6144M), 0.0476484 secs]
2018-03-27T19:17:33.960+0200: 27107.234: [GC pause (G1 Evacuation Pause) (young) 5469M->2613M(6144M), 0.0382320 secs]
2018-03-27T19:17:36.326+0200: 27109.600: [GC pause (G1 Evacuation Pause) (young) 5467M->2613M(6144M), 0.0380766 secs]
2018-03-27T19:17:39.728+0200: 27113.002: [GC pause (G1 Evacuation Pause) (young) 5469M->2614M(6144M), 0.0372495 secs]
2018-03-27T19:17:43.050+0200: 27116.324: [GC pause (G1 Evacuation Pause) (young) 5472M->2616M(6144M), 0.0474383 secs]
2018-03-27T19:17:45.886+0200: 27119.159: [GC pause (GCLocker Initiated GC) (young) 5473M->2618M(6144M), 0.0364018 secs]
2018-03-27T19:17:48.782+0200: 27122.056: [GC pause (GCLocker Initiated GC) (young) 5503M->2617M(6144M), 0.0405088 secs]
2018-03-27T19:17:51.202+0200: 27124.476: [GC pause (G1 Evacuation Pause) (young) 5473M->2621M(6144M), 0.0356771 secs]
2018-03-27T19:17:53.766+0200: 27127.039: [GC pause (G1 Evacuation Pause) (young) 5471M->2620M(6144M), 0.0358752 secs]
2018-03-27T19:17:56.727+0200: 27130.001: [GC pause (GCLocker Initiated GC) (young) 5478M->2626M(6144M), 0.0391240 secs]
2018-03-27T19:17:59.874+0200: 27133.147: [GC pause (G1 Evacuation Pause) (young) 5468M->2628M(6144M), 0.0571329 secs]
2018-03-27T19:18:02.814+0200: 27136.087: [GC pause (G1 Evacuation Pause) (young) 5470M->2628M(6144M), 0.0355337 secs]
2018-03-27T19:18:05.877+0200: 27139.151: [GC pause (G1 Evacuation Pause) (young) 5472M->2629M(6144M), 0.0523749 secs]
2018-03-27T19:18:08.499+0200: 27141.772: [GC pause (G1 Evacuation Pause) (young) 5471M->2630M(6144M), 0.0435040 secs]
2018-03-27T19:18:11.069+0200: 27144.343: [GC pause (G1 Evacuation Pause) (young) 5474M->2632M(6144M), 0.0635953 secs]
2018-03-27T19:18:13.478+0200: 27146.752: [GC pause (G1 Evacuation Pause) (young) 5470M->2635M(6144M), 0.0451518 secs]
2018-03-27T19:18:16.559+0200: 27149.833: [GC pause (G1 Evacuation Pause) (young) 5471M->2639M(6144M), 0.0389843 secs]
2018-03-27T19:18:19.449+0200: 27152.723: [GC pause (G1 Evacuation Pause) (young) 5469M->2640M(6144M), 0.0462265 secs]
2018-03-27T19:18:22.835+0200: 27156.108: [GC pause (G1 Evacuation Pause) (young) 5468M->2643M(6144M), 0.0401726 secs]
2018-03-27T19:18:25.481+0200: 27158.755: [GC pause (G1 Evacuation Pause) (young) 5479M->2643M(6144M), 0.0417349 secs]
2018-03-27T19:18:27.645+0200: 27160.919: [GC pause (G1 Evacuation Pause) (young) 5469M->2645M(6144M), 0.0378778 secs]
2018-03-27T19:18:30.882+0200: 27164.156: [GC pause (G1 Evacuation Pause) (young) 5469M->2651M(6144M), 0.0404666 secs]
2018-03-27T19:18:33.581+0200: 27166.854: [GC pause (G1 Evacuation Pause) (young) 5465M->2648M(6144M), 0.0368319 secs]
2018-03-27T19:18:36.665+0200: 27169.939: [GC pause (GCLocker Initiated GC) (young) 5476M->2650M(6144M), 0.0386632 secs]
2018-03-27T19:18:39.831+0200: 27173.105: [GC pause (G1 Evacuation Pause) (young) 5472M->2652M(6144M), 0.0434497 secs]
2018-03-27T19:18:43.356+0200: 27176.630: [GC pause (G1 Evacuation Pause) (young) 5468M->2650M(6144M), 0.0661725 secs]
2018-03-27T19:18:46.691+0200: 27179.964: [GC pause (G1 Evacuation Pause) (young) 5472M->2653M(6144M), 0.0595874 secs]
2018-03-27T19:18:49.885+0200: 27183.158: [GC pause (G1 Evacuation Pause) (young) 5475M->2655M(6144M), 0.0468338 secs]
2018-03-27T19:18:52.707+0200: 27185.981: [GC pause (G1 Evacuation Pause) (young) 5471M->2660M(6144M), 0.0362781 secs]
2018-03-27T19:18:55.074+0200: 27188.347: [GC pause (G1 Evacuation Pause) (young) 5488M->2659M(6144M), 0.0431507 secs]
2018-03-27T19:18:58.172+0200: 27191.446: [GC pause (G1 Evacuation Pause) (young) 5471M->2661M(6144M), 0.0374779 secs]
2018-03-27T19:19:00.959+0200: 27194.232: [GC pause (GCLocker Initiated GC) (young) 5473M->2665M(6144M), 0.0396907 secs]
2018-03-27T19:19:03.710+0200: 27196.984: [GC pause (GCLocker Initiated GC) (young) 5470M->2666M(6144M), 0.0382673 secs]
2018-03-27T19:19:06.703+0200: 27199.976: [GC pause (GCLocker Initiated GC) (young) 5486M->2669M(6144M), 0.0407175 secs]
2018-03-27T19:19:09.261+0200: 27202.535: [GC pause (G1 Evacuation Pause) (young) 5469M->2671M(6144M), 0.0363376 secs]
2018-03-27T19:19:12.190+0200: 27205.464: [GC pause (G1 Evacuation Pause) (young) 5469M->2672M(6144M), 0.0433462 secs]
2018-03-27T19:19:15.150+0200: 27208.423: [GC pause (G1 Evacuation Pause) (young) 5468M->2672M(6144M), 0.0408739 secs]
2018-03-27T19:19:18.174+0200: 27211.448: [GC pause (G1 Evacuation Pause) (young) 5472M->2678M(6144M), 0.0360302 secs]
2018-03-27T19:19:20.599+0200: 27213.872: [GC pause (G1 Evacuation Pause) (young) 5468M->2678M(6144M), 0.0429664 secs]
2018-03-27T19:19:22.816+0200: 27216.089: [GC pause (GCLocker Initiated GC) (young) 5470M->2678M(6144M), 0.0361893 secs]
2018-03-27T19:19:25.651+0200: 27218.925: [GC pause (G1 Evacuation Pause) (young) 5470M->2679M(6144M), 0.0370102 secs]
2018-03-27T19:19:28.078+0200: 27221.352: [GC pause (G1 Evacuation Pause) (young) 5469M->2681M(6144M), 0.0377056 secs]
2018-03-27T19:19:30.275+0200: 27223.549: [GC pause (G1 Evacuation Pause) (young) 5471M->2684M(6144M), 0.0507208 secs]
2018-03-27T19:19:32.952+0200: 27226.226: [GC pause (G1 Evacuation Pause) (young) 5468M->2684M(6144M), 0.0398466 secs]
2018-03-27T19:19:34.987+0200: 27228.261: [GC pause (G1 Evacuation Pause) (young) 5470M->2687M(6144M), 0.0394465 secs]
2018-03-27T19:19:37.390+0200: 27230.664: [GC pause (G1 Evacuation Pause) (young) 5469M->2687M(6144M), 0.0367181 secs]
2018-03-27T19:19:40.526+0200: 27233.800: [GC pause (G1 Evacuation Pause) (young) 5473M->2690M(6144M), 0.0391531 secs]
2018-03-27T19:19:43.328+0200: 27236.602: [GC pause (G1 Evacuation Pause) (young) 5470M->2693M(6144M), 0.0409976 secs]
2018-03-27T19:19:46.580+0200: 27239.854: [GC pause (G1 Evacuation Pause) (young) 5471M->2694M(6144M), 0.0408424 secs]
2018-03-27T19:19:49.083+0200: 27242.357: [GC pause (G1 Evacuation Pause) (young) 5470M->2695M(6144M), 0.0515067 secs]
2018-03-27T19:19:51.471+0200: 27244.745: [GC pause (G1 Evacuation Pause) (young) 5469M->2698M(6144M), 0.0414560 secs]
2018-03-27T19:19:54.126+0200: 27247.400: [GC pause (GCLocker Initiated GC) (young) 5471M->2700M(6144M), 0.0369949 secs]
2018-03-27T19:19:56.621+0200: 27249.895: [GC pause (G1 Evacuation Pause) (young) 5488M->2701M(6144M), 0.0447112 secs]
2018-03-27T19:19:59.559+0200: 27252.833: [GC pause (G1 Evacuation Pause) (young) 5469M->2702M(6144M), 0.0417221 secs]
2018-03-27T19:20:02.531+0200: 27255.805: [GC pause (G1 Evacuation Pause) (young) 5468M->2706M(6144M), 0.0377074 secs]
2018-03-27T19:20:05.195+0200: 27258.469: [GC pause (GCLocker Initiated GC) (young) 5470M->2705M(6144M), 0.0546401 secs]
2018-03-27T19:20:07.175+0200: 27260.449: [GC pause (G1 Evacuation Pause) (young) 5473M->2704M(6144M), 0.0606351 secs]
2018-03-27T19:20:10.364+0200: 27263.637: [GC pause (G1 Evacuation Pause) (young) 5474M->2707M(6144M), 0.0585642 secs]
2018-03-27T19:20:13.710+0200: 27266.984: [GC pause (G1 Evacuation Pause) (young) 5471M->2709M(6144M), 0.0388031 secs]
2018-03-27T19:20:15.818+0200: 27269.092: [GC pause (G1 Evacuation Pause) (young) 5471M->2713M(6144M), 0.0364072 secs]
2018-03-27T19:20:18.799+0200: 27272.073: [GC pause (G1 Evacuation Pause) (young) 5469M->2712M(6144M), 0.0393889 secs]
2018-03-27T19:20:21.643+0200: 27274.917: [GC pause (G1 Evacuation Pause) (young) 5470M->2715M(6144M), 0.0383573 secs]
2018-03-27T19:20:24.140+0200: 27277.414: [GC pause (G1 Evacuation Pause) (young) 5471M->2717M(6144M), 0.0367634 secs]
2018-03-27T19:20:27.108+0200: 27280.382: [GC pause (G1 Evacuation Pause) (young) 5471M->2718M(6144M), 0.0431170 secs]
2018-03-27T19:20:29.606+0200: 27282.879: [GC pause (G1 Evacuation Pause) (young) 5472M->2721M(6144M), 0.0634441 secs]
2018-03-27T19:20:31.938+0200: 27285.211: [GC pause (G1 Evacuation Pause) (young) 5497M->2722M(6144M), 0.0533447 secs]
2018-03-27T19:20:35.321+0200: 27288.595: [GC pause (G1 Evacuation Pause) (young) 5472M->2724M(6144M), 0.0384855 secs]
2018-03-27T19:20:37.485+0200: 27290.759: [GC pause (G1 Evacuation Pause) (young) 5480M->2727M(6144M), 0.0392068 secs]
2018-03-27T19:20:39.868+0200: 27293.142: [GC pause (G1 Evacuation Pause) (young) 5469M->2727M(6144M), 0.0343227 secs]
2018-03-27T19:20:42.219+0200: 27295.493: [GC pause (G1 Evacuation Pause) (young) 5471M->2726M(6144M), 0.0375320 secs]
2018-03-27T19:20:45.160+0200: 27298.433: [GC pause (GCLocker Initiated GC) (young) 5479M->2732M(6144M), 0.0519460 secs]
2018-03-27T19:20:47.482+0200: 27300.755: [GC pause (G1 Evacuation Pause) (young) 5470M->2732M(6144M), 0.0620632 secs]
2018-03-27T19:20:50.171+0200: 27303.444: [GC pause (G1 Evacuation Pause) (young) 5472M->2737M(6144M), 0.0380861 secs]
2018-03-27T19:20:52.580+0200: 27305.853: [GC pause (G1 Evacuation Pause) (young) 5467M->2735M(6144M), 0.0396076 secs]
2018-03-27T19:20:54.837+0200: 27308.110: [GC pause (GCLocker Initiated GC) (young) 5471M->2739M(6144M), 0.0699809 secs]
2018-03-27T19:20:57.770+0200: 27311.044: [GC pause (G1 Evacuation Pause) (young) 5469M->2741M(6144M), 0.0518492 secs]
2018-03-27T19:21:01.055+0200: 27314.329: [GC pause (GCLocker Initiated GC) (young) 5473M->2739M(6144M), 0.0379833 secs]
2018-03-27T19:21:03.273+0200: 27316.547: [GC pause (G1 Evacuation Pause) (young) 5491M->2744M(6144M), 0.0452322 secs]
2018-03-27T19:21:05.811+0200: 27319.085: [GC pause (G1 Evacuation Pause) (young) 5470M->2746M(6144M), 0.0616901 secs]
2018-03-27T19:21:08.803+0200: 27322.077: [GC pause (GCLocker Initiated GC) (young) 5472M->2747M(6144M), 0.0511150 secs]
2018-03-27T19:21:11.157+0200: 27324.431: [GC pause (GCLocker Initiated GC) (young) 5471M->2753M(6144M), 0.0431274 secs]
2018-03-27T19:21:14.235+0200: 27327.509: [GC pause (G1 Evacuation Pause) (young) 5465M->2750M(6144M), 0.0871861 secs]
2018-03-27T19:21:16.385+0200: 27329.659: [GC pause (G1 Evacuation Pause) (young) 5468M->2753M(6144M), 0.0366754 secs]
2018-03-27T19:21:19.752+0200: 27333.026: [GC pause (GCLocker Initiated GC) (young) 5470M->2756M(6144M), 0.0408688 secs]
2018-03-27T19:21:22.387+0200: 27335.661: [GC pause (G1 Evacuation Pause) (young) 5470M->2756M(6144M), 0.0500547 secs]
2018-03-27T19:21:24.971+0200: 27338.245: [GC pause (G1 Evacuation Pause) (young) 5472M->2760M(6144M), 0.0605788 secs]
2018-03-27T19:21:27.857+0200: 27341.130: [GC pause (G1 Evacuation Pause) (young) 5466M->2761M(6144M), 0.0514704 secs]
2018-03-27T19:21:31.056+0200: 27344.329: [GC pause (G1 Evacuation Pause) (young) 5471M->2762M(6144M), 0.0427522 secs]
2018-03-27T19:21:33.487+0200: 27346.761: [GC pause (G1 Evacuation Pause) (young) 5470M->2762M(6144M), 0.0380176 secs]
2018-03-27T19:21:37.162+0200: 27350.436: [GC pause (G1 Evacuation Pause) (young) 5472M->2766M(6144M), 0.0393846 secs]
2018-03-27T19:21:39.386+0200: 27352.660: [GC pause (GCLocker Initiated GC) (young) 5472M->2767M(6144M), 0.0406797 secs]
2018-03-27T19:21:41.364+0200: 27354.637: [GC pause (G1 Evacuation Pause) (young) 5471M->2769M(6144M), 0.0412046 secs]
2018-03-27T19:21:44.090+0200: 27357.364: [GC pause (G1 Evacuation Pause) (young) 5471M->2769M(6144M), 0.0387725 secs]
2018-03-27T19:21:46.570+0200: 27359.843: [GC pause (G1 Evacuation Pause) (young) 5473M->2771M(6144M), 0.0361788 secs]
2018-03-27T19:21:49.161+0200: 27362.435: [GC pause (G1 Evacuation Pause) (young) 5473M->2772M(6144M), 0.0364357 secs]
2018-03-27T19:21:51.320+0200: 27364.594: [GC pause (G1 Evacuation Pause) (young) 5490M->2778M(6144M), 0.0591755 secs]
2018-03-27T19:21:54.013+0200: 27367.287: [GC pause (G1 Evacuation Pause) (young) 5468M->2780M(6144M), 0.0440892 secs]
2018-03-27T19:21:57.208+0200: 27370.482: [GC pause (G1 Evacuation Pause) (young) 5468M->2780M(6144M), 0.0365631 secs]
2018-03-27T19:22:00.174+0200: 27373.448: [GC pause (GCLocker Initiated GC) (young) 5470M->2780M(6144M), 0.0394385 secs]
2018-03-27T19:22:02.870+0200: 27376.144: [GC pause (GCLocker Initiated GC) (young) 5470M->2782M(6144M), 0.0370019 secs]
2018-03-27T19:22:05.452+0200: 27378.726: [GC pause (G1 Evacuation Pause) (young) 5468M->2784M(6144M), 0.0394870 secs]
2018-03-27T19:22:08.400+0200: 27381.674: [GC pause (G1 Evacuation Pause) (young) 5472M->2787M(6144M), 0.0467556 secs]
2018-03-27T19:22:10.726+0200: 27384.000: [GC pause (G1 Evacuation Pause) (young) 5469M->2789M(6144M), 0.0483642 secs]
2018-03-27T19:22:13.647+0200: 27386.920: [GC pause (G1 Evacuation Pause) (young) 5469M->2789M(6144M), 0.0601320 secs]
2018-03-27T19:22:15.999+0200: 27389.272: [GC pause (G1 Evacuation Pause) (young) 5471M->2793M(6144M), 0.0384524 secs]
2018-03-27T19:22:18.161+0200: 27391.435: [GC pause (G1 Evacuation Pause) (young) 5471M->2797M(6144M), 0.0467589 secs]
2018-03-27T19:22:20.997+0200: 27394.270: [GC pause (G1 Evacuation Pause) (young) 5465M->2796M(6144M), 0.0472798 secs]
2018-03-27T19:22:23.889+0200: 27397.163: [GC pause (G1 Evacuation Pause) (young) 5473M->2796M(6144M), 0.0477663 secs]
2018-03-27T19:22:26.046+0200: 27399.320: [GC pause (GCLocker Initiated GC) (young) 5470M->2799M(6144M), 0.0417810 secs]
2018-03-27T19:22:28.425+0200: 27401.699: [GC pause (G1 Evacuation Pause) (young) 5471M->2801M(6144M), 0.0545772 secs]
2018-03-27T19:22:30.816+0200: 27404.090: [GC pause (G1 Evacuation Pause) (young) 5467M->2803M(6144M), 0.0424017 secs]
2018-03-27T19:22:33.276+0200: 27406.549: [GC pause (G1 Evacuation Pause) (young) 5467M->2801M(6144M), 0.0372274 secs]
2018-03-27T19:22:35.191+0200: 27408.464: [GC pause (G1 Evacuation Pause) (young) 5471M->2803M(6144M), 0.0356651 secs]
2018-03-27T19:22:37.898+0200: 27411.172: [GC pause (G1 Evacuation Pause) (young) 5471M->2807M(6144M), 0.0354822 secs]
2018-03-27T19:22:40.269+0200: 27413.543: [GC pause (G1 Evacuation Pause) (young) 5469M->2811M(6144M), 0.0369051 secs]
2018-03-27T19:22:42.247+0200: 27415.520: [GC pause (G1 Humongous Allocation) (young) (initial-mark) 5043M->2813M(6144M), 0.0560730 secs]
2018-03-27T19:22:42.303+0200: 27415.577: [GC concurrent-root-region-scan-start]
2018-03-27T19:22:42.358+0200: 27415.632: [GC concurrent-root-region-scan-end, 0.0551468 secs]
2018-03-27T19:22:42.358+0200: 27415.632: [GC concurrent-mark-start]
2018-03-27T19:22:45.073+0200: 27418.347: [GC pause (GCLocker Initiated GC) (young) 5482M->2812M(6144M), 0.0543965 secs]
2018-03-27T19:22:45.726+0200: 27418.999: [GC concurrent-mark-end, 3.3676105 secs]
2018-03-27T19:22:45.730+0200: 27419.004: [GC remark, 0.3817356 secs]
2018-03-27T19:22:46.115+0200: 27419.389: [GC cleanup 3410M->3410M(6144M), 0.0283773 secs]
2018-03-27T19:22:46.720+0200: 27419.993: [GC pause (G1 Evacuation Pause) (young) 4206M->2813M(6144M), 0.0813719 secs]
2018-03-27T19:22:46.950+0200: 27420.223: [GC pause (G1 Evacuation Pause) (mixed) 3091M->2484M(6144M), 0.2068437 secs]
2018-03-27T19:22:47.282+0200: 27420.556: [GC pause (G1 Evacuation Pause) (young) 2766M->2486M(6144M), 0.1152619 secs]
2018-03-27T19:22:47.585+0200: 27420.858: [GC pause (GCLocker Initiated GC) (young) 2773M->2486M(6144M), 0.0224375 secs]
2018-03-27T19:22:47.736+0200: 27421.009: [GC pause (G1 Evacuation Pause) (young) 2766M->2486M(6144M), 0.0560394 secs]
2018-03-27T19:22:47.973+0200: 27421.246: [GC pause (GCLocker Initiated GC) (young) 2782M->2489M(6144M), 0.0230877 secs]
2018-03-27T19:22:48.224+0200: 27421.498: [GC pause (GCLocker Initiated GC) (young) 2765M->2488M(6144M), 0.0257891 secs]
2018-03-27T19:22:48.426+0200: 27421.700: [GC pause (G1 Evacuation Pause) (young) 2770M->2486M(6144M), 0.0226405 secs]
2018-03-27T19:22:48.762+0200: 27422.035: [GC pause (GCLocker Initiated GC) (young) 2772M->2488M(6144M), 0.0463592 secs]
2018-03-27T19:22:49.118+0200: 27422.392: [GC pause (G1 Evacuation Pause) (young) 2770M->2488M(6144M), 0.0272495 secs]
2018-03-27T19:22:49.541+0200: 27422.815: [GC pause (GCLocker Initiated GC) (young) 2778M->2489M(6144M), 0.0274338 secs]
2018-03-27T19:22:49.826+0200: 27423.100: [GC pause (G1 Evacuation Pause) (young) 2769M->2488M(6144M), 0.0235113 secs]
2018-03-27T19:22:50.119+0200: 27423.393: [GC pause (G1 Evacuation Pause) (young) 2770M->2488M(6144M), 0.0252407 secs]
2018-03-27T19:22:50.369+0200: 27423.642: [GC pause (G1 Evacuation Pause) (young) 2770M->2490M(6144M), 0.0255119 secs]
2018-03-27T19:22:50.647+0200: 27423.920: [GC pause (G1 Evacuation Pause) (young) 2772M->2491M(6144M), 0.0263045 secs]
2018-03-27T19:22:50.982+0200: 27424.256: [GC pause (G1 Evacuation Pause) (young) 2777M->2492M(6144M), 0.0269455 secs]
2018-03-27T19:22:52.726+0200: 27426.000: [GC pause (G1 Evacuation Pause) (young) 3924M->2497M(6144M), 0.0271950 secs]
2018-03-27T19:22:55.386+0200: 27428.659: [GC pause (G1 Evacuation Pause) (young) 5485M->2502M(6144M), 0.0336786 secs]
2018-03-27T19:22:58.273+0200: 27431.547: [GC pause (G1 Evacuation Pause) (young) 5492M->2509M(6144M), 0.0382763 secs]
2018-03-27T19:23:01.728+0200: 27435.002: [GC pause (G1 Evacuation Pause) (young) 5491M->2513M(6144M), 0.0446011 secs]
2018-03-27T19:23:04.658+0200: 27437.931: [GC pause (G1 Evacuation Pause) (young) 5487M->2517M(6144M), 0.0399474 secs]
2018-03-27T19:23:07.490+0200: 27440.763: [GC pause (GCLocker Initiated GC) (young) 5484M->2522M(6144M), 0.0324661 secs]
2018-03-27T19:23:10.144+0200: 27443.418: [GC pause (G1 Evacuation Pause) (young) 5480M->2525M(6144M), 0.0416968 secs]
2018-03-27T19:23:13.238+0200: 27446.512: [GC pause (G1 Evacuation Pause) (young) 5479M->2524M(6144M), 0.0414484 secs]
2018-03-27T19:23:16.122+0200: 27449.395: [GC pause (G1 Evacuation Pause) (young) 5476M->2527M(6144M), 0.0450821 secs]
2018-03-27T19:23:19.565+0200: 27452.839: [GC pause (G1 Evacuation Pause) (young) 5475M->2531M(6144M), 0.0463982 secs]
2018-03-27T19:23:22.669+0200: 27455.943: [GC pause (G1 Evacuation Pause) (young) 5532M->2535M(6144M), 0.0703830 secs]
2018-03-27T19:23:24.991+0200: 27458.265: [GC pause (G1 Evacuation Pause) (young) 5492M->2531M(6144M), 0.0561306 secs]
2018-03-27T19:23:28.119+0200: 27461.393: [GC pause (G1 Evacuation Pause) (young) 5471M->2535M(6144M), 0.0411142 secs]
2018-03-27T19:23:31.578+0200: 27464.852: [GC pause (G1 Evacuation Pause) (young) 5467M->2535M(6144M), 0.0385689 secs]
2018-03-27T19:23:34.127+0200: 27467.401: [GC pause (G1 Evacuation Pause) (young) 5471M->2539M(6144M), 0.0374067 secs]
2018-03-27T19:23:37.314+0200: 27470.588: [GC pause (G1 Evacuation Pause) (young) 5467M->2537M(6144M), 0.0399012 secs]
2018-03-27T19:23:40.499+0200: 27473.772: [GC pause (G1 Evacuation Pause) (young) 5467M->2540M(6144M), 0.0389731 secs]
2018-03-27T19:23:43.474+0200: 27476.747: [GC pause (G1 Evacuation Pause) (young) 5466M->2541M(6144M), 0.0399311 secs]
2018-03-27T19:23:46.027+0200: 27479.301: [GC pause (G1 Evacuation Pause) (young) 5469M->2547M(6144M), 0.0399096 secs]
2018-03-27T19:23:48.634+0200: 27481.908: [GC pause (G1 Evacuation Pause) (young) 5465M->2545M(6144M), 0.0378226 secs]
2018-03-27T19:23:51.525+0200: 27484.799: [GC pause (G1 Evacuation Pause) (young) 5469M->2548M(6144M), 0.0391413 secs]
2018-03-27T19:23:54.833+0200: 27488.107: [GC pause (GCLocker Initiated GC) (young) 5467M->2550M(6144M), 0.0425020 secs]
2018-03-27T19:23:57.489+0200: 27490.762: [GC pause (G1 Evacuation Pause) (young) 5466M->2551M(6144M), 0.0377157 secs]
2018-03-27T19:23:59.844+0200: 27493.118: [GC pause (G1 Evacuation Pause) (young) 5465M->2552M(6144M), 0.0457090 secs]
2018-03-27T19:24:02.670+0200: 27495.944: [GC pause (G1 Evacuation Pause) (young) 5468M->2553M(6144M), 0.0399866 secs]
2018-03-27T19:24:05.606+0200: 27498.880: [GC pause (G1 Evacuation Pause) (young) 5471M->2557M(6144M), 0.0404368 secs]
2018-03-27T19:24:08.672+0200: 27501.946: [GC pause (G1 Evacuation Pause) (young) 5467M->2558M(6144M), 0.0382218 secs]
2018-03-27T19:24:11.367+0200: 27504.640: [GC pause (G1 Evacuation Pause) (young) 5468M->2559M(6144M), 0.0439582 secs]
2018-03-27T19:24:14.090+0200: 27507.363: [GC pause (G1 Evacuation Pause) (young) 5471M->2560M(6144M), 0.0604121 secs]
2018-03-27T19:24:16.970+0200: 27510.243: [GC pause (G1 Evacuation Pause) (young) 5470M->2562M(6144M), 0.0399742 secs]
2018-03-27T19:24:19.861+0200: 27513.134: [GC pause (G1 Evacuation Pause) (young) 5470M->2564M(6144M), 0.0414009 secs]
2018-03-27T19:24:22.603+0200: 27515.876: [GC pause (G1 Evacuation Pause) (young) 5466M->2566M(6144M), 0.0407014 secs]
2018-03-27T19:24:25.222+0200: 27518.495: [GC pause (G1 Evacuation Pause) (young) 5468M->2566M(6144M), 0.0392100 secs]
2018-03-27T19:24:28.786+0200: 27522.059: [GC pause (G1 Evacuation Pause) (young) 5470M->2567M(6144M), 0.0385982 secs]
2018-03-27T19:24:32.277+0200: 27525.550: [GC pause (G1 Evacuation Pause) (young) 5469M->2571M(6144M), 0.0414230 secs]
2018-03-27T19:24:34.993+0200: 27528.267: [GC pause (G1 Evacuation Pause) (young) 5471M->2573M(6144M), 0.0347888 secs]
2018-03-27T19:24:38.453+0200: 27531.727: [GC pause (G1 Evacuation Pause) (young) 5467M->2573M(6144M), 0.0534372 secs]
2018-03-27T19:24:41.498+0200: 27534.772: [GC pause (G1 Evacuation Pause) (young) 5469M->2574M(6144M), 0.0388673 secs]
2018-03-27T19:24:43.890+0200: 27537.164: [GC pause (G1 Evacuation Pause) (young) 5472M->2577M(6144M), 0.0417834 secs]
2018-03-27T19:24:47.366+0200: 27540.640: [GC pause (G1 Evacuation Pause) (young) 5469M->2581M(6144M), 0.0431187 secs]
2018-03-27T19:24:50.522+0200: 27543.796: [GC pause (G1 Evacuation Pause) (young) 5467M->2581M(6144M), 0.0405118 secs]
2018-03-27T19:24:53.469+0200: 27546.743: [GC pause (G1 Evacuation Pause) (young) 5471M->2584M(6144M), 0.0483190 secs]
2018-03-27T19:24:56.118+0200: 27549.392: [GC pause (G1 Evacuation Pause) (young) 5468M->2586M(6144M), 0.0357167 secs]
2018-03-27T19:24:58.665+0200: 27551.939: [GC pause (G1 Evacuation Pause) (young) 5468M->2588M(6144M), 0.0368521 secs]
2018-03-27T19:25:00.712+0200: 27553.985: [GC pause (G1 Evacuation Pause) (young) 5468M->2590M(6144M), 0.0582505 secs]
2018-03-27T19:25:03.320+0200: 27556.594: [GC pause (GCLocker Initiated GC) (young) 5468M->2590M(6144M), 0.0380009 secs]
2018-03-27T19:25:05.926+0200: 27559.200: [GC pause (G1 Evacuation Pause) (young) 5470M->2592M(6144M), 0.0379096 secs]
2018-03-27T19:25:08.230+0200: 27561.504: [GC pause (G1 Evacuation Pause) (young) 5466M->2593M(6144M), 0.0343872 secs]
2018-03-27T19:25:11.140+0200: 27564.414: [GC pause (G1 Evacuation Pause) (young) 5467M->2593M(6144M), 0.0360683 secs]
2018-03-27T19:25:13.813+0200: 27567.087: [GC pause (G1 Evacuation Pause) (young) 5469M->2597M(6144M), 0.0391466 secs]
2018-03-27T19:25:16.857+0200: 27570.131: [GC pause (G1 Evacuation Pause) (young) 5467M->2598M(6144M), 0.0478923 secs]
2018-03-27T19:25:20.025+0200: 27573.299: [GC pause (G1 Evacuation Pause) (young) 5466M->2602M(6144M), 0.0544135 secs]
2018-03-27T19:25:22.558+0200: 27575.832: [GC pause (G1 Evacuation Pause) (young) 5466M->2605M(6144M), 0.0451005 secs]
2018-03-27T19:25:25.662+0200: 27578.935: [GC pause (G1 Evacuation Pause) (young) 5463M->2606M(6144M), 0.0583276 secs]
2018-03-27T19:25:28.386+0200: 27581.659: [GC pause (G1 Evacuation Pause) (young) 5466M->2605M(6144M), 0.0382578 secs]
2018-03-27T19:25:31.510+0200: 27584.784: [GC pause (G1 Evacuation Pause) (young) 5467M->2609M(6144M), 0.0376187 secs]
2018-03-27T19:25:34.025+0200: 27587.298: [GC pause (G1 Evacuation Pause) (young) 5469M->2609M(6144M), 0.0356613 secs]
2018-03-27T19:25:36.139+0200: 27589.413: [GC pause (G1 Evacuation Pause) (young) 5467M->2609M(6144M), 0.0415133 secs]
2018-03-27T19:25:38.738+0200: 27592.011: [GC pause (G1 Evacuation Pause) (young) 5469M->2615M(6144M), 0.0391649 secs]
2018-03-27T19:25:41.118+0200: 27594.391: [GC pause (GCLocker Initiated GC) (young) 5471M->2615M(6144M), 0.0414635 secs]
2018-03-27T19:25:44.023+0200: 27597.297: [GC pause (G1 Evacuation Pause) (young) 5471M->2615M(6144M), 0.0349313 secs]
2018-03-27T19:25:46.621+0200: 27599.895: [GC pause (G1 Evacuation Pause) (young) 5473M->2618M(6144M), 0.0449785 secs]
2018-03-27T19:25:49.150+0200: 27602.423: [GC pause (GCLocker Initiated GC) (young) 5472M->2621M(6144M), 0.0404653 secs]
2018-03-27T19:25:51.702+0200: 27604.975: [GC pause (G1 Evacuation Pause) (young) 5467M->2621M(6144M), 0.0363311 secs]
2018-03-27T19:25:54.381+0200: 27607.655: [GC pause (G1 Evacuation Pause) (young) 5469M->2621M(6144M), 0.0436125 secs]
2018-03-27T19:25:56.973+0200: 27610.247: [GC pause (GCLocker Initiated GC) (young) 5471M->2628M(6144M), 0.0388830 secs]
2018-03-27T19:25:59.547+0200: 27612.820: [GC pause (G1 Evacuation Pause) (young) 5464M->2628M(6144M), 0.0635491 secs]
2018-03-27T19:26:01.687+0200: 27614.960: [GC pause (G1 Evacuation Pause) (young) 5468M->2627M(6144M), 0.0415682 secs]
2018-03-27T19:26:04.439+0200: 27617.713: [GC pause (G1 Evacuation Pause) (young) 5473M->2631M(6144M), 0.0527860 secs]
2018-03-27T19:26:07.362+0200: 27620.636: [GC pause (G1 Evacuation Pause) (young) 5471M->2635M(6144M), 0.0390892 secs]
2018-03-27T19:26:09.792+0200: 27623.066: [GC pause (G1 Evacuation Pause) (young) 5469M->2635M(6144M), 0.0378322 secs]
2018-03-27T19:26:11.942+0200: 27625.216: [GC pause (GCLocker Initiated GC) (young) 5501M->2637M(6144M), 0.0405317 secs]
2018-03-27T19:26:15.115+0200: 27628.388: [GC pause (GCLocker Initiated GC) (young) 5485M->2639M(6144M), 0.0566815 secs]
2018-03-27T19:26:17.614+0200: 27630.888: [GC pause (GCLocker Initiated GC) (young) 5481M->2641M(6144M), 0.0437281 secs]
2018-03-27T19:26:20.220+0200: 27633.494: [GC pause (G1 Evacuation Pause) (young) 5471M->2643M(6144M), 0.0365101 secs]
2018-03-27T19:26:23.428+0200: 27636.701: [GC pause (G1 Evacuation Pause) (young) 5467M->2645M(6144M), 0.0381952 secs]
2018-03-27T19:26:26.270+0200: 27639.544: [GC pause (GCLocker Initiated GC) (young) 5484M->2647M(6144M), 0.0360069 secs]
2018-03-27T19:26:28.626+0200: 27641.899: [GC pause (G1 Evacuation Pause) (young) 5467M->2646M(6144M), 0.0485224 secs]
2018-03-27T19:26:31.440+0200: 27644.714: [GC pause (G1 Evacuation Pause) (young) 5468M->2650M(6144M), 0.0414995 secs]
2018-03-27T19:26:33.568+0200: 27646.841: [GC pause (G1 Evacuation Pause) (young) 5466M->2652M(6144M), 0.0393639 secs]
2018-03-27T19:26:36.583+0200: 27649.857: [GC pause (G1 Evacuation Pause) (young) 5468M->2654M(6144M), 0.0411755 secs]
2018-03-27T19:26:39.037+0200: 27652.311: [GC pause (G1 Evacuation Pause) (young) 5468M->2657M(6144M), 0.0701519 secs]
2018-03-27T19:26:41.902+0200: 27655.176: [GC pause (G1 Evacuation Pause) (young) 5469M->2657M(6144M), 0.0519020 secs]
2018-03-27T19:26:44.053+0200: 27657.326: [GC pause (G1 Evacuation Pause) (young) 5467M->2658M(6144M), 0.0377434 secs]
2018-03-27T19:26:45.905+0200: 27659.179: [GC pause (G1 Evacuation Pause) (young) 5470M->2661M(6144M), 0.0410318 secs]
2018-03-27T19:26:48.178+0200: 27661.452: [GC pause (G1 Evacuation Pause) (young) 5467M->2663M(6144M), 0.0379949 secs]
2018-03-27T19:26:50.497+0200: 27663.770: [GC pause (G1 Evacuation Pause) (young) 5469M->2666M(6144M), 0.0397469 secs]
2018-03-27T19:26:52.730+0200: 27666.004: [GC pause (G1 Evacuation Pause) (young) 5466M->2667M(6144M), 0.0559624 secs]
2018-03-27T19:26:55.111+0200: 27668.384: [GC pause (G1 Evacuation Pause) (young) 5469M->2670M(6144M), 0.0378729 secs]
2018-03-27T19:26:57.531+0200: 27670.805: [GC pause (G1 Evacuation Pause) (young) 5466M->2672M(6144M), 0.0427230 secs]
2018-03-27T19:26:59.570+0200: 27672.844: [GC pause (G1 Evacuation Pause) (young) 5466M->2675M(6144M), 0.0594030 secs]
2018-03-27T19:27:01.948+0200: 27675.222: [GC pause (G1 Evacuation Pause) (young) 5467M->2677M(6144M), 0.0412962 secs]
2018-03-27T19:27:04.286+0200: 27677.559: [GC pause (G1 Evacuation Pause) (young) 5467M->2678M(6144M), 0.0348946 secs]
2018-03-27T19:27:06.518+0200: 27679.792: [GC pause (GCLocker Initiated GC) (young) 5466M->2681M(6144M), 0.0483409 secs]
2018-03-27T19:27:09.256+0200: 27682.530: [GC pause (G1 Evacuation Pause) (young) 5467M->2682M(6144M), 0.0492159 secs]
2018-03-27T19:27:12.395+0200: 27685.669: [GC pause (G1 Evacuation Pause) (young) 5466M->2686M(6144M), 0.0462566 secs]
2018-03-27T19:27:14.936+0200: 27688.210: [GC pause (G1 Evacuation Pause) (young) 5464M->2689M(6144M), 0.0429624 secs]
2018-03-27T19:27:17.885+0200: 27691.159: [GC pause (G1 Evacuation Pause) (young) 5461M->2688M(6144M), 0.0487718 secs]
2018-03-27T19:27:20.362+0200: 27693.636: [GC pause (G1 Evacuation Pause) (young) 5466M->2691M(6144M), 0.0398771 secs]
2018-03-27T19:27:22.827+0200: 27696.101: [GC pause (G1 Evacuation Pause) (young) 5467M->2695M(6144M), 0.0465369 secs]
2018-03-27T19:27:25.633+0200: 27698.907: [GC pause (G1 Evacuation Pause) (young) 5465M->2694M(6144M), 0.0361359 secs]
2018-03-27T19:27:28.503+0200: 27701.777: [GC pause (G1 Evacuation Pause) (young) 5464M->2697M(6144M), 0.0402148 secs]
2018-03-27T19:27:30.896+0200: 27704.170: [GC pause (G1 Evacuation Pause) (young) 5465M->2704M(6144M), 0.0387501 secs]
2018-03-27T19:27:33.786+0200: 27707.060: [GC pause (G1 Evacuation Pause) (young) 5460M->2700M(6144M), 0.0531582 secs]
2018-03-27T19:27:36.641+0200: 27709.915: [GC pause (G1 Evacuation Pause) (young) 5473M->2704M(6144M), 0.0402852 secs]
2018-03-27T19:27:39.149+0200: 27712.423: [GC pause (G1 Evacuation Pause) (young) 5466M->2706M(6144M), 0.0538061 secs]
2018-03-27T19:27:42.128+0200: 27715.402: [GC pause (G1 Evacuation Pause) (young) 5466M->2707M(6144M), 0.0380272 secs]
2018-03-27T19:27:44.542+0200: 27717.816: [GC pause (G1 Evacuation Pause) (young) 5465M->2709M(6144M), 0.0466138 secs]
2018-03-27T19:27:46.525+0200: 27719.799: [GC pause (G1 Evacuation Pause) (young) 5465M->2709M(6144M), 0.0356674 secs]
2018-03-27T19:27:49.091+0200: 27722.365: [GC pause (G1 Evacuation Pause) (young) 5467M->2712M(6144M), 0.0425400 secs]
2018-03-27T19:27:51.292+0200: 27724.566: [GC pause (G1 Evacuation Pause) (young) 5468M->2712M(6144M), 0.0372551 secs]
2018-03-27T19:27:53.121+0200: 27726.395: [GC pause (G1 Evacuation Pause) (young) 5470M->2713M(6144M), 0.0395946 secs]
2018-03-27T19:27:55.678+0200: 27728.952: [GC pause (G1 Evacuation Pause) (young) 5473M->2717M(6144M), 0.0416269 secs]
2018-03-27T19:27:58.234+0200: 27731.508: [GC pause (G1 Evacuation Pause) (young) 5471M->2719M(6144M), 0.0595234 secs]
2018-03-27T19:28:01.042+0200: 27734.316: [GC pause (G1 Evacuation Pause) (young) 5467M->2720M(6144M), 0.0379048 secs]
2018-03-27T19:28:03.420+0200: 27736.694: [GC pause (G1 Evacuation Pause) (young) 5470M->2722M(6144M), 0.0438816 secs]
2018-03-27T19:28:06.013+0200: 27739.286: [GC pause (G1 Evacuation Pause) (young) 5470M->2724M(6144M), 0.0414737 secs]
2018-03-27T19:28:08.575+0200: 27741.849: [GC pause (G1 Evacuation Pause) (young) 5470M->2725M(6144M), 0.0438641 secs]
2018-03-27T19:28:10.734+0200: 27744.008: [GC pause (G1 Evacuation Pause) (young) 5471M->2726M(6144M), 0.0415016 secs]
2018-03-27T19:28:13.276+0200: 27746.550: [GC pause (GCLocker Initiated GC) (young) 5478M->2731M(6144M), 0.0562502 secs]
2018-03-27T19:28:15.845+0200: 27749.119: [GC pause (G1 Evacuation Pause) (young) 5467M->2732M(6144M), 0.0695773 secs]
2018-03-27T19:28:18.147+0200: 27751.421: [GC pause (G1 Evacuation Pause) (young) 5470M->2734M(6144M), 0.0356915 secs]
2018-03-27T19:28:21.196+0200: 27754.470: [GC pause (G1 Evacuation Pause) (young) 5470M->2737M(6144M), 0.0568072 secs]
2018-03-27T19:28:23.234+0200: 27756.508: [GC pause (G1 Evacuation Pause) (young) 5467M->2738M(6144M), 0.0478053 secs]
2018-03-27T19:28:26.095+0200: 27759.369: [GC pause (G1 Evacuation Pause) (young) 5466M->2739M(6144M), 0.0456530 secs]
2018-03-27T19:28:28.925+0200: 27762.198: [GC pause (G1 Evacuation Pause) (young) 5471M->2741M(6144M), 0.0402808 secs]
2018-03-27T19:28:31.306+0200: 27764.580: [GC pause (G1 Evacuation Pause) (young) 5471M->2745M(6144M), 0.0420404 secs]
2018-03-27T19:28:33.884+0200: 27767.157: [GC pause (G1 Evacuation Pause) (young) 5465M->2744M(6144M), 0.0457511 secs]
2018-03-27T19:28:36.634+0200: 27769.907: [GC pause (GCLocker Initiated GC) (young) 5470M->2749M(6144M), 0.0576737 secs]
2018-03-27T19:28:39.466+0200: 27772.740: [GC pause (G1 Evacuation Pause) (young) 5465M->2751M(6144M), 0.0442769 secs]
2018-03-27T19:28:41.461+0200: 27774.734: [GC pause (G1 Evacuation Pause) (young) 5465M->2752M(6144M), 0.0435296 secs]
2018-03-27T19:28:43.993+0200: 27777.266: [GC pause (G1 Evacuation Pause) (young) 5464M->2753M(6144M), 0.0492862 secs]
2018-03-27T19:28:46.133+0200: 27779.407: [GC pause (G1 Evacuation Pause) (young) 5469M->2753M(6144M), 0.0432301 secs]
2018-03-27T19:28:48.775+0200: 27782.048: [GC pause (G1 Evacuation Pause) (young) 5467M->2757M(6144M), 0.0451776 secs]
2018-03-27T19:28:51.582+0200: 27784.856: [GC pause (G1 Evacuation Pause) (young) 5465M->2759M(6144M), 0.0457887 secs]
2018-03-27T19:28:54.245+0200: 27787.519: [GC pause (G1 Evacuation Pause) (young) 5473M->2760M(6144M), 0.0487890 secs]
2018-03-27T19:28:56.946+0200: 27790.220: [GC pause (G1 Evacuation Pause) (young) 5468M->2763M(6144M), 0.0358563 secs]
2018-03-27T19:28:59.569+0200: 27792.843: [GC pause (G1 Evacuation Pause) (young) 5465M->2764M(6144M), 0.0397997 secs]
2018-03-27T19:29:02.030+0200: 27795.304: [GC pause (GCLocker Initiated GC) (young) 5479M->2764M(6144M), 0.0407433 secs]
2018-03-27T19:29:04.534+0200: 27797.808: [GC pause (G1 Evacuation Pause) (young) 5470M->2771M(6144M), 0.0559761 secs]
2018-03-27T19:29:07.560+0200: 27800.834: [GC pause (G1 Evacuation Pause) (young) 5463M->2773M(6144M), 0.0371872 secs]
2018-03-27T19:29:10.047+0200: 27803.321: [GC pause (G1 Evacuation Pause) (young) 5463M->2773M(6144M), 0.0532209 secs]
2018-03-27T19:29:12.235+0200: 27805.509: [GC pause (G1 Evacuation Pause) (young) 5469M->2774M(6144M), 0.0354508 secs]
2018-03-27T19:29:14.515+0200: 27807.789: [GC pause (G1 Evacuation Pause) (young) 5466M->2778M(6144M), 0.0375797 secs]
2018-03-27T19:29:17.136+0200: 27810.410: [GC pause (G1 Evacuation Pause) (young) 5468M->2778M(6144M), 0.0552167 secs]
2018-03-27T19:29:19.900+0200: 27813.174: [GC pause (G1 Evacuation Pause) (young) 5466M->2779M(6144M), 0.0488436 secs]
2018-03-27T19:29:22.508+0200: 27815.782: [GC pause (G1 Evacuation Pause) (young) 5471M->2782M(6144M), 0.0380233 secs]
2018-03-27T19:29:25.273+0200: 27818.547: [GC pause (G1 Evacuation Pause) (young) 5468M->2784M(6144M), 0.0389926 secs]
2018-03-27T19:29:27.351+0200: 27820.624: [GC pause (G1 Evacuation Pause) (young) 5468M->2784M(6144M), 0.0395643 secs]
2018-03-27T19:29:30.088+0200: 27823.362: [GC pause (GCLocker Initiated GC) (young) 5471M->2787M(6144M), 0.0438568 secs]
2018-03-27T19:29:33.317+0200: 27826.591: [GC pause (G1 Evacuation Pause) (young) 5467M->2790M(6144M), 0.0654208 secs]
2018-03-27T19:29:36.221+0200: 27829.494: [GC pause (G1 Evacuation Pause) (young) 5466M->2790M(6144M), 0.0431338 secs]
2018-03-27T19:29:39.050+0200: 27832.324: [GC pause (G1 Evacuation Pause) (young) 5468M->2792M(6144M), 0.0480804 secs]
2018-03-27T19:29:41.557+0200: 27834.831: [GC pause (G1 Evacuation Pause) (young) 5468M->2793M(6144M), 0.0414367 secs]
2018-03-27T19:29:44.586+0200: 27837.859: [GC pause (G1 Evacuation Pause) (young) 5467M->2793M(6144M), 0.0375749 secs]
2018-03-27T19:29:47.270+0200: 27840.543: [GC pause (G1 Evacuation Pause) (young) 5469M->2798M(6144M), 0.0463366 secs]
2018-03-27T19:29:50.661+0200: 27843.935: [GC pause (G1 Evacuation Pause) (young) 5464M->2799M(6144M), 0.0591404 secs]
2018-03-27T19:29:53.336+0200: 27846.610: [GC pause (GCLocker Initiated GC) (young) 5470M->2798M(6144M), 0.0454961 secs]
2018-03-27T19:29:55.558+0200: 27848.831: [GC pause (G1 Evacuation Pause) (young) 5468M->2802M(6144M), 0.0439192 secs]
2018-03-27T19:29:58.427+0200: 27851.701: [GC pause (G1 Evacuation Pause) (young) 5468M->2805M(6144M), 0.0372672 secs]
2018-03-27T19:30:00.409+0200: 27853.682: [GC pause (G1 Evacuation Pause) (young) 5469M->2805M(6144M), 0.0384670 secs]
2018-03-27T19:30:02.800+0200: 27856.073: [GC pause (G1 Evacuation Pause) (young) 5467M->2806M(6144M), 0.0591755 secs]
2018-03-27T19:30:05.363+0200: 27858.637: [GC pause (G1 Evacuation Pause) (young) 5470M->2809M(6144M), 0.0513116 secs]
2018-03-27T19:30:08.606+0200: 27861.880: [GC pause (G1 Evacuation Pause) (young) 5471M->2810M(6144M), 0.0625884 secs]
2018-03-27T19:30:10.845+0200: 27864.118: [GC pause (G1 Evacuation Pause) (young) 5470M->2813M(6144M), 0.0443248 secs]
2018-03-27T19:30:13.290+0200: 27866.564: [GC pause (G1 Evacuation Pause) (young) 5471M->2815M(6144M), 0.0444344 secs]
2018-03-27T19:30:15.484+0200: 27868.757: [GC pause (G1 Evacuation Pause) (young) 5467M->2816M(6144M), 0.0368276 secs]
2018-03-27T19:30:17.540+0200: 27870.814: [GC pause (G1 Evacuation Pause) (young) (initial-mark) 5470M->2819M(6144M), 0.0412413 secs]
2018-03-27T19:30:17.581+0200: 27870.855: [GC concurrent-root-region-scan-start]
2018-03-27T19:30:17.629+0200: 27870.902: [GC concurrent-root-region-scan-end, 0.0473264 secs]
2018-03-27T19:30:17.629+0200: 27870.902: [GC concurrent-mark-start]
2018-03-27T19:30:20.040+0200: 27873.314: [GC pause (G1 Evacuation Pause) (young) 5467M->2821M(6144M), 0.0395693 secs]
2018-03-27T19:30:21.056+0200: 27874.330: [GC concurrent-mark-end, 3.4272203 secs]
2018-03-27T19:30:21.059+0200: 27874.333: [GC remark, 0.4721388 secs]
2018-03-27T19:30:21.534+0200: 27874.808: [GC cleanup 3691M->3691M(6144M), 0.0279318 secs]
2018-03-27T19:30:22.167+0200: 27875.440: [GC pause (G1 Evacuation Pause) (young) 4729M->2823M(6144M), 0.0710787 secs]
2018-03-27T19:30:22.428+0200: 27875.702: [GC pause (G1 Evacuation Pause) (mixed) 3099M->2482M(6144M), 0.2340959 secs]
2018-03-27T19:30:22.810+0200: 27876.084: [GC pause (G1 Evacuation Pause) (young) 2766M->2484M(6144M), 0.1009772 secs]
2018-03-27T19:30:23.060+0200: 27876.334: [GC pause (G1 Evacuation Pause) (young) 2766M->2488M(6144M), 0.0393131 secs]
2018-03-27T19:30:23.266+0200: 27876.539: [GC pause (G1 Evacuation Pause) (young) 2766M->2488M(6144M), 0.0252316 secs]
2018-03-27T19:30:23.413+0200: 27876.686: [GC pause (G1 Evacuation Pause) (young) 2766M->2489M(6144M), 0.0253725 secs]
2018-03-27T19:30:23.659+0200: 27876.932: [GC pause (G1 Evacuation Pause) (young) 2765M->2487M(6144M), 0.0346381 secs]
2018-03-27T19:30:23.873+0200: 27877.146: [GC pause (GCLocker Initiated GC) (young) 2774M->2489M(6144M), 0.0244510 secs]
2018-03-27T19:30:24.044+0200: 27877.318: [GC pause (GCLocker Initiated GC) (young) 2766M->2488M(6144M), 0.0232642 secs]
2018-03-27T19:30:24.222+0200: 27877.496: [GC pause (GCLocker Initiated GC) (young) 2771M->2489M(6144M), 0.0241382 secs]
2018-03-27T19:30:24.374+0200: 27877.647: [GC pause (G1 Evacuation Pause) (young) 2769M->2490M(6144M), 0.0268010 secs]
2018-03-27T19:30:24.687+0200: 27877.961: [GC pause (G1 Evacuation Pause) (young) 2770M->2490M(6144M), 0.0382080 secs]
2018-03-27T19:30:24.921+0200: 27878.195: [GC pause (G1 Evacuation Pause) (young) 2770M->2489M(6144M), 0.0235500 secs]
2018-03-27T19:30:25.160+0200: 27878.434: [GC pause (G1 Evacuation Pause) (young) 2769M->2491M(6144M), 0.0246198 secs]
2018-03-27T19:30:25.375+0200: 27878.649: [GC pause (G1 Evacuation Pause) (young) 2769M->2491M(6144M), 0.0248488 secs]
2018-03-27T19:30:28.432+0200: 27881.706: [GC pause (G1 Evacuation Pause) (young) 5459M->2499M(6144M), 0.0405599 secs]
2018-03-27T19:30:31.595+0200: 27884.869: [GC pause (G1 Evacuation Pause) (young) 5471M->2504M(6144M), 0.0305185 secs]
2018-03-27T19:30:34.895+0200: 27888.169: [GC pause (G1 Evacuation Pause) (young) 5480M->2511M(6144M), 0.0324995 secs]
2018-03-27T19:30:37.774+0200: 27891.048: [GC pause (G1 Evacuation Pause) (young) 5487M->2514M(6144M), 0.0336668 secs]
2018-03-27T19:30:41.274+0200: 27894.548: [GC pause (G1 Evacuation Pause) (young) 5486M->2516M(6144M), 0.0327964 secs]
2018-03-27T19:30:44.793+0200: 27898.067: [GC pause (G1 Evacuation Pause) (young) 5484M->2519M(6144M), 0.0328213 secs]
2018-03-27T19:30:47.910+0200: 27901.183: [GC pause (G1 Evacuation Pause) (young) 5483M->2522M(6144M), 0.0315421 secs]
2018-03-27T19:30:50.771+0200: 27904.045: [GC pause (G1 Evacuation Pause) (young) 5478M->2525M(6144M), 0.0346535 secs]
2018-03-27T19:30:53.709+0200: 27906.983: [GC pause (G1 Evacuation Pause) (young) 5475M->2527M(6144M), 0.0336052 secs]
2018-03-27T19:30:56.861+0200: 27910.135: [GC pause (G1 Evacuation Pause) (young) 5473M->2532M(6144M), 0.0355128 secs]
2018-03-27T19:30:59.413+0200: 27912.686: [GC pause (G1 Evacuation Pause) (young) 5470M->2530M(6144M), 0.0427114 secs]
2018-03-27T19:31:02.366+0200: 27915.640: [GC pause (G1 Evacuation Pause) (young) 5472M->2534M(6144M), 0.0464574 secs]
2018-03-27T19:31:05.288+0200: 27918.562: [GC pause (G1 Evacuation Pause) (young) 5468M->2532M(6144M), 0.0340589 secs]
2018-03-27T19:31:08.940+0200: 27922.214: [GC pause (G1 Evacuation Pause) (young) 5470M->2535M(6144M), 0.0443683 secs]
2018-03-27T19:31:11.744+0200: 27925.018: [GC pause (GCLocker Initiated GC) (young) 5469M->2536M(6144M), 0.0479155 secs]
2018-03-27T19:31:15.395+0200: 27928.669: [GC pause (G1 Evacuation Pause) (young) 5464M->2539M(6144M), 0.0476971 secs]
2018-03-27T19:31:18.326+0200: 27931.600: [GC pause (G1 Evacuation Pause) (young) 5467M->2541M(6144M), 0.0414546 secs]
2018-03-27T19:31:21.015+0200: 27934.289: [GC pause (G1 Evacuation Pause) (young) 5467M->2542M(6144M), 0.0403046 secs]
2018-03-27T19:31:24.424+0200: 27937.698: [GC pause (G1 Evacuation Pause) (young) 5468M->2545M(6144M), 0.0408668 secs]
2018-03-27T19:31:27.224+0200: 27940.498: [GC pause (G1 Evacuation Pause) (young) 5465M->2546M(6144M), 0.0379496 secs]